../Core/Src/driver/st7789/st7789.c:15:20:CS_Select	8	static
../Core/Src/driver/st7789/st7789.c:16:20:CS_Unselect	8	static
../Core/Src/driver/st7789/st7789.c:17:20:DC_Command	8	static
../Core/Src/driver/st7789/st7789.c:18:20:DC_Data	8	static
../Core/Src/driver/st7789/st7789.c:20:13:ST7789_Reset	8	static
../Core/Src/driver/st7789/st7789.c:27:13:WriteCommand	16	static
../Core/Src/driver/st7789/st7789.c:34:13:WriteData	16	static
../Core/Src/driver/st7789/st7789.c:41:13:WriteData16	24	static
../Core/Src/driver/st7789/st7789.c:46:13:SetAddrWindow	32	static
../Core/Src/driver/st7789/st7789.c:62:6:ST7789_SetRotation	24	static
../Core/Src/driver/st7789/st7789.c:75:6:ST7789_Init	16	static
../Core/Src/driver/st7789/st7789.c:108:6:ST7789_DrawPixel	16	static
../Core/Src/driver/st7789/st7789.c:114:6:ST7789_FillRect	296	static
../Core/Src/driver/st7789/st7789.c:136:6:ST7789_DrawRect	32	static
../Core/Src/driver/st7789/st7789.c:146:6:ST7789_FillScreen	24	static
../Core/Src/driver/st7789/st7789.c:150:6:ST7789_DrawImage	296	static
