../Core/Src/driver/st7789/st7789.c:19:20:CS_Select	8	static
../Core/Src/driver/st7789/st7789.c:20:20:CS_Unselect	8	static
../Core/Src/driver/st7789/st7789.c:21:20:DC_Command	8	static
../Core/Src/driver/st7789/st7789.c:22:20:DC_Data	8	static
../Core/Src/driver/st7789/st7789.c:24:13:ST7789_Reset	8	static
../Core/Src/driver/st7789/st7789.c:31:13:WriteCommand	16	static
../Core/Src/driver/st7789/st7789.c:38:13:WriteData	16	static
../Core/Src/driver/st7789/st7789.c:45:13:WriteData16	24	static
../Core/Src/driver/st7789/st7789.c:50:13:SetAddrWindow	32	static
../Core/Src/driver/st7789/st7789.c:66:6:ST7789_SetRotation	24	static
../Core/Src/driver/st7789/st7789.c:79:6:ST7789_Init	16	static
../Core/Src/driver/st7789/st7789.c:112:6:ST7789_DrawPixel	16	static
../Core/Src/driver/st7789/st7789.c:118:6:ST7789_FillRect	296	static
../Core/Src/driver/st7789/st7789.c:140:6:ST7789_DrawRect	32	static
../Core/Src/driver/st7789/st7789.c:150:6:ST7789_FillScreen	24	static
../Core/Src/driver/st7789/st7789.c:154:6:ST7789_DrawImage	296	static
../Core/Src/driver/st7789/st7789.c:179:6:st7789_write_char	48	static
../Core/Src/driver/st7789/st7789.c:220:6:st7789_write_string	48	static
