../Core/driver/ssd1306.c:23:6:ssd1306_write_command	32	static
../Core/driver/ssd1306.c:28:6:ssd1306_write_data	32	static
../Core/driver/ssd1306.c:35:6:charge_bump_setting	16	static
../Core/driver/ssd1306.c:42:6:set_contrast_control	16	static
../Core/driver/ssd1306.c:48:6:entire_display_off	8	static
../Core/driver/ssd1306.c:53:6:entire_display_on	8	static
../Core/driver/ssd1306.c:58:6:set_normal_display	8	static
../Core/driver/ssd1306.c:63:6:set_inverse_display	8	static
../Core/driver/ssd1306.c:68:6:set_display_on	8	static
../Core/driver/ssd1306.c:73:6:set_display_off	8	static
../Core/driver/ssd1306.c:84:6:set_lower_column_start_address_for_page_addressing_mode	16	static
../Core/driver/ssd1306.c:89:6:set_higher_column_start_address_for_page_addressing_mode	16	static
../Core/driver/ssd1306.c:94:6:set_memory_addressing_mode	16	static
../Core/driver/ssd1306.c:100:6:set_column_address	16	static
../Core/driver/ssd1306.c:107:6:set_page_address	16	static
../Core/driver/ssd1306.c:114:6:set_page_start_address_for_page_addressing_mode	16	static
../Core/driver/ssd1306.c:121:6:set_display_start_line	16	static
../Core/driver/ssd1306.c:126:6:set_segment_remap	16	static
../Core/driver/ssd1306.c:131:6:set_multiplex_ratio	16	static
../Core/driver/ssd1306.c:137:6:set_com_output_scan_direction	16	static
../Core/driver/ssd1306.c:142:6:set_display_offset	16	static
../Core/driver/ssd1306.c:148:6:set_com_pins_hardware_config	24	static
../Core/driver/ssd1306.c:158:6:set_display_clock_divide_ratio_and_osc_freq	24	static
../Core/driver/ssd1306.c:166:6:set_pre_charge_period	24	static
../Core/driver/ssd1306.c:174:6:set_v_comh_deselect_level	16	static
../Core/driver/ssd1306.c:182:6:ssd1306_init	8	static
../Core/driver/ssd1306.c:216:6:ssd1306_update_screen	16	static
../Core/driver/ssd1306.c:228:6:ssd1306_black_screen	16	static
../Core/driver/ssd1306.c:238:6:ssd1306_white_screen	16	static
../Core/driver/ssd1306.c:248:6:ssd1306_black_pixel	16	static
../Core/driver/ssd1306.c:255:6:ssd1306_white_pixel	16	static
../Core/driver/ssd1306.c:262:6:ssd1306_write_char	40	static
../Core/driver/ssd1306.c:304:6:ssd1306_write_string	24	static
../Core/driver/ssd1306.c:325:6:ssd1306_set_cursor	16	static
../Core/driver/ssd1306.c:331:6:ssd1306_enter	4	static
../Core/driver/ssd1306.c:337:6:ssd1306_space	4	static
