../Core/driver/ssd1306.c:21:6:ssd1306_write_command	32	static
../Core/driver/ssd1306.c:26:6:ssd1306_write_data	32	static
../Core/driver/ssd1306.c:33:6:charge_bump_setting	16	static
../Core/driver/ssd1306.c:40:6:set_contrast_control	16	static
../Core/driver/ssd1306.c:46:6:entire_display_off	8	static
../Core/driver/ssd1306.c:51:6:entire_display_on	8	static
../Core/driver/ssd1306.c:56:6:set_normal_display	8	static
../Core/driver/ssd1306.c:61:6:set_inverse_display	8	static
../Core/driver/ssd1306.c:66:6:set_display_on	8	static
../Core/driver/ssd1306.c:71:6:set_display_off	8	static
../Core/driver/ssd1306.c:82:6:set_lower_column_start_address_for_page_addressing_mode	16	static
../Core/driver/ssd1306.c:87:6:set_higher_column_start_address_for_page_addressing_mode	16	static
../Core/driver/ssd1306.c:92:6:set_memory_addressing_mode	16	static
../Core/driver/ssd1306.c:98:6:set_column_address	16	static
../Core/driver/ssd1306.c:105:6:set_page_address	16	static
../Core/driver/ssd1306.c:112:6:set_page_start_address_for_page_addressing_mode	16	static
../Core/driver/ssd1306.c:119:6:set_display_start_line	16	static
../Core/driver/ssd1306.c:124:6:set_segment_remap	16	static
../Core/driver/ssd1306.c:129:6:set_multiplex_ratio	16	static
../Core/driver/ssd1306.c:135:6:set_com_output_scan_direction	16	static
../Core/driver/ssd1306.c:140:6:set_display_offset	16	static
../Core/driver/ssd1306.c:146:6:set_com_pins_hardware_config	24	static
../Core/driver/ssd1306.c:156:6:set_display_clock_divide_ratio_and_osc_freq	24	static
../Core/driver/ssd1306.c:164:6:set_pre_charge_period	24	static
../Core/driver/ssd1306.c:172:6:set_v_comh_deselect_level	16	static
../Core/driver/ssd1306.c:180:6:ssd1306_init	8	static
../Core/driver/ssd1306.c:214:6:ssd1306_update_screen	16	static
../Core/driver/ssd1306.c:226:6:ssd1306_black_screen	16	static
../Core/driver/ssd1306.c:236:6:ssd1306_white_screen	16	static
../Core/driver/ssd1306.c:246:6:ssd1306_black_pixel	16	static
../Core/driver/ssd1306.c:253:6:ssd1306_white_pixel	16	static
../Core/driver/ssd1306.c:260:6:ssd1306_write_char	40	static
../Core/driver/ssd1306.c:302:6:ssd1306_write_string	24	static
../Core/driver/ssd1306.c:323:6:ssd1306_set_cursor	16	static
../Core/driver/ssd1306.c:329:6:ssd1306_enter	4	static
../Core/driver/ssd1306.c:335:6:ssd1306_space	4	static
