C:/Users/RND1/STM32CubeIDE/workspace_1.16.1/LwIP_TCP_Echo_Server/Src/ethernetif.c:146:13:low_level_init	24	static
C:/Users/RND1/STM32CubeIDE/workspace_1.16.1/LwIP_TCP_Echo_Server/Src/ethernetif.c:216:14:low_level_output	80	static
C:/Users/RND1/STM32CubeIDE/workspace_1.16.1/LwIP_TCP_Echo_Server/Src/ethernetif.c:264:22:low_level_input	24	static
C:/Users/RND1/STM32CubeIDE/workspace_1.16.1/LwIP_TCP_Echo_Server/Src/ethernetif.c:285:6:ethernetif_input	24	static
C:/Users/RND1/STM32CubeIDE/workspace_1.16.1/LwIP_TCP_Echo_Server/Src/ethernetif.c:316:7:ethernetif_init	16	static
C:/Users/RND1/STM32CubeIDE/workspace_1.16.1/LwIP_TCP_Echo_Server/Src/ethernetif.c:345:6:pbuf_free_custom	24	static
C:/Users/RND1/STM32CubeIDE/workspace_1.16.1/LwIP_TCP_Echo_Server/Src/ethernetif.c:363:7:sys_now	8	static
C:/Users/RND1/STM32CubeIDE/workspace_1.16.1/LwIP_TCP_Echo_Server/Src/ethernetif.c:375:6:HAL_ETH_MspInit	64	static
C:/Users/RND1/STM32CubeIDE/workspace_1.16.1/LwIP_TCP_Echo_Server/Src/ethernetif.c:435:9:ETH_PHY_IO_Init	8	static
C:/Users/RND1/STM32CubeIDE/workspace_1.16.1/LwIP_TCP_Echo_Server/Src/ethernetif.c:452:9:ETH_PHY_IO_DeInit	4	static
C:/Users/RND1/STM32CubeIDE/workspace_1.16.1/LwIP_TCP_Echo_Server/Src/ethernetif.c:464:9:ETH_PHY_IO_ReadReg	24	static
C:/Users/RND1/STM32CubeIDE/workspace_1.16.1/LwIP_TCP_Echo_Server/Src/ethernetif.c:481:9:ETH_PHY_IO_WriteReg	24	static
C:/Users/RND1/STM32CubeIDE/workspace_1.16.1/LwIP_TCP_Echo_Server/Src/ethernetif.c:495:9:ETH_PHY_IO_GetTick	8	static
C:/Users/RND1/STM32CubeIDE/workspace_1.16.1/LwIP_TCP_Echo_Server/Src/ethernetif.c:504:6:ethernet_link_check_state	136	static
C:/Users/RND1/STM32CubeIDE/workspace_1.16.1/LwIP_TCP_Echo_Server/Src/ethernetif.c:559:6:HAL_ETH_RxAllocateCallback	32	static
C:/Users/RND1/STM32CubeIDE/workspace_1.16.1/LwIP_TCP_Echo_Server/Src/ethernetif.c:579:6:HAL_ETH_RxLinkCallback	56	static,ignoring_inline_asm
C:/Users/RND1/STM32CubeIDE/workspace_1.16.1/LwIP_TCP_Echo_Server/Src/ethernetif.c:615:6:HAL_ETH_TxFreeCallback	16	static
