C:/Users/RND1/STM32CubeIDE/workspace_1.16.1/LwIP_TCP_Echo_Server/Src/main.c:55:5:main	8	static
C:/Users/RND1/STM32CubeIDE/workspace_1.16.1/LwIP_TCP_Echo_Server/Src/main.c:105:13:BSP_Config	8	static
C:/Users/RND1/STM32CubeIDE/workspace_1.16.1/LwIP_TCP_Echo_Server/Src/main.c:117:13:Netif_Config	40	static
C:/Users/RND1/STM32CubeIDE/workspace_1.16.1/LwIP_TCP_Echo_Server/Src/main.c:171:13:SystemClock_Config	136	static
C:/Users/RND1/STM32CubeIDE/workspace_1.16.1/LwIP_TCP_Echo_Server/Src/main.c:249:13:MPU_Config	24	static
C:/Users/RND1/STM32CubeIDE/workspace_1.16.1/LwIP_TCP_Echo_Server/Src/main.c:312:13:CPU_CACHE_Enable	24	static,ignoring_inline_asm
