../Core/Src/driver/ili9341/ili9341_STM32_Driver.c:100:6:ILI9341_SPI_Init	8	static
../Core/Src/driver/ili9341/ili9341_STM32_Driver.c:108:6:ILI9341_SPI_Send	16	static
../Core/Src/driver/ili9341/ili9341_STM32_Driver.c:114:6:ILI9341_Write_Command	16	static
../Core/Src/driver/ili9341/ili9341_STM32_Driver.c:123:6:ILI9341_Write_Data	16	static
../Core/Src/driver/ili9341/ili9341_STM32_Driver.c:132:6:ILI9341_Set_Address	24	static
../Core/Src/driver/ili9341/ili9341_STM32_Driver.c:150:6:ILI9341_Reset	8	static
../Core/Src/driver/ili9341/ili9341_STM32_Driver.c:160:6:ILI9341_Set_Rotation	24	static
../Core/Src/driver/ili9341/ili9341_STM32_Driver.c:197:6:ILI9341_Enable	8	static
../Core/Src/driver/ili9341/ili9341_STM32_Driver.c:203:6:ILI9341_Init	8	static
../Core/Src/driver/ili9341/ili9341_STM32_Driver.c:343:6:ILI9341_Draw_Colour	24	static
../Core/Src/driver/ili9341/ili9341_STM32_Driver.c:355:6:ILI9341_Draw_Colour_Burst	80	dynamic
../Core/Src/driver/ili9341/ili9341_STM32_Driver.c:399:6:ILI9341_Fill_Screen	16	static
../Core/Src/driver/ili9341/ili9341_STM32_Driver.c:411:6:ILI9341_Draw_Pixel	32	static
../Core/Src/driver/ili9341/ili9341_STM32_Driver.c:462:6:ILI9341_Draw_Rectangle	24	static
../Core/Src/driver/ili9341/ili9341_STM32_Driver.c:478:6:ILI9341_Draw_Horizontal_Line	24	static
../Core/Src/driver/ili9341/ili9341_STM32_Driver.c:490:6:ILI9341_Draw_Vertical_Line	24	static
