2026-01-22 09:37:08,533 [INFO] Activator:176 - 


2026-01-22 09:37:08,537 [INFO] Activator:177 - !SESSION log4j initialized
2026-01-22 09:37:15,413 [INFO] LogOutputStream:77 - [STDOUT_REDIRECT] 
2026-01-22 09:37:23,601 [INFO] ApplicationProperties:184 - Using Application install path: C:\ST\STM32CubeIDE_1.16.1\STM32CubeIDE\plugins\com.st.stm32cube.common.mx_6.12.1.202409122256
2026-01-22 09:37:23,617 [INFO] DbMcusXml:78 - Set database path to: C:\ST\STM32CubeIDE_1.16.1\STM32CubeIDE\plugins\com.st.stm32cube.common.mx_6.12.1.202409122256\\db\/mcu/
2026-01-22 09:37:23,617 [INFO] ApiDb:274 - Set plugin database path to: C:\ST\STM32CubeIDE_1.16.1\STM32CubeIDE\plugins\com.st.stm32cube.common.mx_6.12.1.202409122256\\db\/plugins/boardmanager/
2026-01-22 09:37:23,618 [WARN] ApiDb:259 - Overriding images path with different value:  => C:\ST\STM32CubeIDE_1.16.1\STM32CubeIDE\plugins\com.st.stm32cube.common.mx_6.12.1.202409122256\\db\/plugins/mcufinder/images/
2026-01-22 09:37:23,635 [INFO] ApiDb:250 - Set database path to: C:\Users\RND1\.stmcufinder\plugins\mcufinder//mcu/
2026-01-22 09:37:23,636 [INFO] DbMcusAds:125 - Set database path to: C:\Users\RND1\.stmcufinder\plugins\mcufinder//mcu/
2026-01-22 09:37:23,639 [INFO] CrossReferenceDbSqlite:203 - Set database path to: C:\Users\RND1\.stmcufinder\plugins\mcufinder//mcu/cs/
2026-01-22 09:37:23,741 [INFO] RulesReader:64 - Compatibility file has been processed (297 Rules)
2026-01-22 09:37:23,842 [INFO] DbMcusXml:78 - Set database path to: C:\ST\STM32CubeIDE_1.16.1\STM32CubeIDE\plugins\com.st.stm32cube.common.mx_6.12.1.202409122256\\db\/mcu/
2026-01-22 09:37:23,842 [INFO] ApiDb:274 - Set plugin database path to: C:\ST\STM32CubeIDE_1.16.1\STM32CubeIDE\plugins\com.st.stm32cube.common.mx_6.12.1.202409122256\\db\/plugins/boardmanager/
2026-01-22 09:37:23,842 [INFO] ApiDb:261 - Set plugin images path to: C:\ST\STM32CubeIDE_1.16.1\STM32CubeIDE\plugins\com.st.stm32cube.common.mx_6.12.1.202409122256\\db\/plugins/mcufinder/images/
2026-01-22 09:37:23,842 [WARN] DbFile:41 - Overriding database path with different value: C:\Users\RND1\.stmcufinder\plugins\mcufinder/ => C:\Users\RND1\.stmcufinder\plugins\mcufinder
2026-01-22 09:37:23,842 [INFO] ApiDb:250 - Set database path to: C:\Users\RND1\.stmcufinder\plugins\mcufinder//mcu/
2026-01-22 09:37:23,842 [WARN] DbFile:41 - Overriding database path with different value: C:\Users\RND1\.stmcufinder\plugins\mcufinder/ => C:\Users\RND1\.stmcufinder\plugins\mcufinder
2026-01-22 09:37:23,843 [INFO] DbMcusAds:125 - Set database path to: C:\Users\RND1\.stmcufinder\plugins\mcufinder//mcu/
2026-01-22 09:37:23,843 [WARN] DbFile:41 - Overriding database path with different value: C:\Users\RND1\.stmcufinder\plugins\mcufinder/ => C:\Users\RND1\.stmcufinder\plugins\mcufinder
2026-01-22 09:37:23,843 [WARN] DbFile:41 - Overriding database path with different value: C:\Users\RND1\.stmcufinder\plugins\mcufinder/ => C:\Users\RND1\.stmcufinder\plugins\mcufinder
2026-01-22 09:37:23,843 [INFO] CrossReferenceDbSqlite:203 - Set database path to: C:\Users\RND1\.stmcufinder\plugins\mcufinder//mcu/cs/
2026-01-22 09:37:23,917 [INFO] MainPanel:268 - HeapMemory: 268435456
2026-01-22 09:37:24,014 [INFO] DbMcusXml:78 - Set database path to: C:\ST\STM32CubeIDE_1.16.1\STM32CubeIDE\plugins\com.st.stm32cube.common.mx_6.12.1.202409122256\\db\/mcu/
2026-01-22 09:37:24,014 [INFO] ApiDb:274 - Set plugin database path to: C:\ST\STM32CubeIDE_1.16.1\STM32CubeIDE\plugins\com.st.stm32cube.common.mx_6.12.1.202409122256\\db\/plugins/boardmanager/
2026-01-22 09:37:24,015 [INFO] ApiDb:261 - Set plugin images path to: C:\ST\STM32CubeIDE_1.16.1\STM32CubeIDE\plugins\com.st.stm32cube.common.mx_6.12.1.202409122256\\db\/plugins/mcufinder/images/
2026-01-22 09:37:24,015 [WARN] DbFile:41 - Overriding database path with different value: C:\Users\RND1\.stmcufinder\plugins\mcufinder/ => C:\Users\RND1\.stmcufinder\plugins\mcufinder
2026-01-22 09:37:24,015 [INFO] ApiDb:250 - Set database path to: C:\Users\RND1\.stmcufinder\plugins\mcufinder//mcu/
2026-01-22 09:37:24,015 [WARN] DbFile:41 - Overriding database path with different value: C:\Users\RND1\.stmcufinder\plugins\mcufinder/ => C:\Users\RND1\.stmcufinder\plugins\mcufinder
2026-01-22 09:37:24,015 [INFO] DbMcusAds:125 - Set database path to: C:\Users\RND1\.stmcufinder\plugins\mcufinder//mcu/
2026-01-22 09:37:24,015 [WARN] DbFile:41 - Overriding database path with different value: C:\Users\RND1\.stmcufinder\plugins\mcufinder/ => C:\Users\RND1\.stmcufinder\plugins\mcufinder
2026-01-22 09:37:24,015 [WARN] DbFile:41 - Overriding database path with different value: C:\Users\RND1\.stmcufinder\plugins\mcufinder/ => C:\Users\RND1\.stmcufinder\plugins\mcufinder
2026-01-22 09:37:24,015 [INFO] CrossReferenceDbSqlite:203 - Set database path to: C:\Users\RND1\.stmcufinder\plugins\mcufinder//mcu/cs/
2026-01-22 09:37:24,033 [INFO] ApplicationProperties:184 - Using Application install path: C:\ST\STM32CubeIDE_1.16.1\STM32CubeIDE\plugins\com.st.stm32cube.common.mx_6.12.1.202409122256
2026-01-22 09:37:24,035 [INFO] PluginManage:196 - Search for loadable plugins [exclusion list=, ]
2026-01-22 09:37:24,037 [INFO] PluginManage:310 - Check plugin analytics
2026-01-22 09:37:24,255 [INFO] AnalyticsPlugin:253 - Accepted Software Licenses: STM32CubeMX.6.10.0
2026-01-22 09:37:24,256 [INFO] AnalyticsPlugin:255 - Accepted CMSIS Pack Licenses: 
2026-01-22 09:37:24,256 [INFO] AnalyticsPlugin:257 - Accepted Firmware Licenses: FW.G4.1.5.0,FW.G4.1.6.0,FW.F4.1.28.0,FW.H7.1.11.0,FW.H7.1.12.0
2026-01-22 09:37:24,259 [INFO] PluginManage:359 - Loaded plugin analytics (category:tool,tabindex:-1)
2026-01-22 09:37:24,260 [INFO] PluginManage:310 - Check plugin cadmodel
2026-01-22 09:37:24,284 [INFO] CADModel:105 - Init CAD model plugin
2026-01-22 09:37:24,284 [INFO] PluginManage:359 - Loaded plugin cadmodel (category:power,tabindex:5)
2026-01-22 09:37:24,284 [INFO] PluginManage:310 - Check plugin clock
2026-01-22 09:37:24,313 [INFO] PluginManage:359 - Loaded plugin clock (category:base,tabindex:2)
2026-01-22 09:37:24,313 [INFO] PluginManage:310 - Check plugin ddr
2026-01-22 09:37:24,318 [INFO] PluginManage:359 - Loaded plugin ddr (category:tool,tabindex:6)
2026-01-22 09:37:24,318 [INFO] PluginManage:310 - Check plugin filemanager
2026-01-22 09:37:24,488 [INFO] PluginManage:359 - Loaded plugin filemanager (category:base,tabindex:10)
2026-01-22 09:37:24,488 [INFO] PluginManage:310 - Check plugin ipmanager
2026-01-22 09:37:24,495 [INFO] PluginManage:359 - Loaded plugin ipmanager (category:base,tabindex:5)
2026-01-22 09:37:24,495 [INFO] PluginManage:310 - Check plugin lpbam
2026-01-22 09:37:24,519 [INFO] PluginManage:359 - Loaded plugin lpbam (category:base,tabindex:0)
2026-01-22 09:37:24,519 [INFO] PluginManage:310 - Check plugin memorymap
2026-01-22 09:37:24,547 [INFO] PluginManage:359 - Loaded plugin memorymap (category:base,tabindex:4)
2026-01-22 09:37:24,547 [INFO] PluginManage:310 - Check plugin pinoutandconfiguration
2026-01-22 09:37:24,568 [INFO] PluginManage:359 - Loaded plugin pinoutandconfiguration (category:base,tabindex:1)
2026-01-22 09:37:24,568 [INFO] PluginManage:310 - Check plugin pinoutconfig
2026-01-22 09:37:24,662 [WARN] SupportedApi:132 - Cannot load RTOS API schema: s4s-elt-must-match.1: The content of 'definitions' must match (annotation?, (simpleType | complexType)?, (unique | key | keyref)*)). A problem was found starting at: attribute.
2026-01-22 09:37:24,791 [INFO] PluginManage:359 - Loaded plugin pinoutconfig (category:base,tabindex:0)
2026-01-22 09:37:24,792 [INFO] PluginManage:310 - Check plugin power
2026-01-22 09:37:24,814 [INFO] PluginManage:359 - Loaded plugin power (category:power,tabindex:4)
2026-01-22 09:37:24,814 [INFO] PluginManage:310 - Check plugin projectmanager
2026-01-22 09:37:24,826 [INFO] PluginManage:359 - Loaded plugin projectmanager (category:projectmanager,tabindex:4)
2026-01-22 09:37:24,826 [INFO] PluginManage:310 - Check plugin rif
2026-01-22 09:37:24,844 [INFO] PluginManage:359 - Loaded plugin rif (category:base,tabindex:3)
2026-01-22 09:37:24,844 [INFO] PluginManage:310 - Check plugin thirdparty
2026-01-22 09:37:25,113 [INFO] PluginManage:359 - Loaded plugin thirdparty (category:base,tabindex:-1)
2026-01-22 09:37:25,113 [WARN] IntegrityCheckThread:84 - waiting for thirdparty lock release [integrity check]
2026-01-22 09:37:25,113 [INFO] PluginManage:310 - Check plugin tools
2026-01-22 09:37:25,113 [INFO] IntegrityCheckThread:86 - entering critical section [integrity check]
2026-01-22 09:37:25,114 [INFO] ThirdPartyUpdaterWithRetryManager:70 - Updater plugin not ready yet. [1/15]
2026-01-22 09:37:25,154 [INFO] PluginManage:359 - Loaded plugin tools (category:base,tabindex:7)
2026-01-22 09:37:25,154 [INFO] PluginManage:310 - Check plugin tutovideos
2026-01-22 09:37:25,327 [INFO] PluginManage:359 - Loaded plugin tutovideos (category:base,tabindex:-1)
2026-01-22 09:37:25,328 [INFO] PluginManage:310 - Check plugin updater
2026-01-22 09:37:25,342 [INFO] PluginManage:359 - Loaded plugin updater (category:base,tabindex:12)
2026-01-22 09:37:25,342 [INFO] PluginManage:310 - Check plugin userauth
2026-01-22 09:37:25,347 [INFO] UserAuth:113 - Init User Auth plugin
2026-01-22 09:37:25,347 [INFO] PluginManage:359 - Loaded plugin userauth (category:base,tabindex:14)
2026-01-22 09:37:25,347 [INFO] PluginManage:283 - PluginManage : Loaded plugins [18]
2026-01-22 09:37:25,512 [INFO] PinOutPanel:1561 - setPackage(No Configuration,No Configuration)
2026-01-22 09:37:25,626 [INFO] CADModel:165 - CPN selected for project level
2026-01-22 09:37:25,627 [INFO] CADModel:114 - Register for checkConnection events
2026-01-22 09:37:25,654 [INFO] IPUIPlugin:80 - create IPUIPlugin
2026-01-22 09:37:25,655 [INFO] PluginManager:220 - loadIPPluginJar : add adc
2026-01-22 09:37:25,697 [INFO] IPUIPlugin:80 - create IPUIPlugin
2026-01-22 09:37:25,697 [INFO] PluginManager:220 - loadIPPluginJar : add aes
2026-01-22 09:37:25,740 [INFO] IPUIPlugin:80 - create IPUIPlugin
2026-01-22 09:37:25,741 [INFO] PluginManager:220 - loadIPPluginJar : add can
2026-01-22 09:37:25,764 [INFO] IPUIPlugin:80 - create IPUIPlugin
2026-01-22 09:37:25,764 [INFO] PluginManager:220 - loadIPPluginJar : add comp
2026-01-22 09:37:25,791 [INFO] IPUIPlugin:80 - create IPUIPlugin
2026-01-22 09:37:25,791 [INFO] PluginManager:220 - loadIPPluginJar : add cryp
2026-01-22 09:37:25,805 [INFO] IPUIPlugin:80 - create IPUIPlugin
2026-01-22 09:37:25,805 [INFO] PluginManager:220 - loadIPPluginJar : add ddr_ctrl_phy
2026-01-22 09:37:25,831 [INFO] IPUIPlugin:80 - create IPUIPlugin
2026-01-22 09:37:25,832 [INFO] PluginManager:220 - loadIPPluginJar : add dfsdm
2026-01-22 09:37:25,845 [INFO] IPUIPlugin:80 - create IPUIPlugin
2026-01-22 09:37:25,846 [INFO] PluginManager:220 - loadIPPluginJar : add dma
2026-01-22 09:37:25,884 [INFO] IPUIPlugin:80 - create IPUIPlugin
2026-01-22 09:37:25,884 [INFO] PluginManager:220 - loadIPPluginJar : add dma3
2026-01-22 09:37:25,923 [INFO] IPUIPlugin:80 - create IPUIPlugin
2026-01-22 09:37:25,923 [INFO] PluginManager:220 - loadIPPluginJar : add extmemmanager
2026-01-22 09:37:25,942 [INFO] IPUIPlugin:80 - create IPUIPlugin
2026-01-22 09:37:25,942 [INFO] PluginManager:220 - loadIPPluginJar : add fatfs
2026-01-22 09:37:25,985 [INFO] IPUIPlugin:80 - create IPUIPlugin
2026-01-22 09:37:25,985 [INFO] PluginManager:220 - loadIPPluginJar : add fmc
2026-01-22 09:37:26,001 [INFO] IPUIPlugin:80 - create IPUIPlugin
2026-01-22 09:37:26,001 [INFO] PluginManager:220 - loadIPPluginJar : add freertos
2026-01-22 09:37:26,022 [INFO] IPUIPlugin:80 - create IPUIPlugin
2026-01-22 09:37:26,022 [INFO] PluginManager:220 - loadIPPluginJar : add genericplugin
2026-01-22 09:37:26,114 [INFO] IPUIPlugin:80 - create IPUIPlugin
2026-01-22 09:37:26,114 [INFO] PluginManager:220 - loadIPPluginJar : add gfxmmu
2026-01-22 09:37:26,254 [INFO] IPUIPlugin:80 - create IPUIPlugin
2026-01-22 09:37:26,254 [INFO] PluginManager:220 - loadIPPluginJar : add gic
2026-01-22 09:37:26,269 [INFO] IPUIPlugin:80 - create IPUIPlugin
2026-01-22 09:37:26,269 [INFO] PluginManager:220 - loadIPPluginJar : add gpio
2026-01-22 09:37:26,361 [INFO] IPUIPlugin:80 - create IPUIPlugin
2026-01-22 09:37:26,361 [INFO] PluginManager:220 - loadIPPluginJar : add gtzc
2026-01-22 09:37:26,394 [INFO] IPUIPlugin:80 - create IPUIPlugin
2026-01-22 09:37:26,394 [INFO] PluginManager:220 - loadIPPluginJar : add hash
2026-01-22 09:37:26,448 [INFO] IPUIPlugin:80 - create IPUIPlugin
2026-01-22 09:37:26,448 [INFO] PluginManager:220 - loadIPPluginJar : add i2c
2026-01-22 09:37:26,486 [INFO] IPUIPlugin:80 - create IPUIPlugin
2026-01-22 09:37:26,487 [INFO] PluginManager:220 - loadIPPluginJar : add i2s
2026-01-22 09:37:26,527 [INFO] IPUIPlugin:80 - create IPUIPlugin
2026-01-22 09:37:26,527 [INFO] PluginManager:220 - loadIPPluginJar : add i3c
2026-01-22 09:37:26,623 [INFO] IPUIPlugin:80 - create IPUIPlugin
2026-01-22 09:37:26,623 [INFO] PluginManager:220 - loadIPPluginJar : add ipddr
2026-01-22 09:37:26,731 [INFO] IPUIPlugin:80 - create IPUIPlugin
2026-01-22 09:37:26,731 [INFO] PluginManager:220 - loadIPPluginJar : add linkedlist
2026-01-22 09:37:26,767 [INFO] IPUIPlugin:80 - create IPUIPlugin
2026-01-22 09:37:26,767 [INFO] PluginManager:220 - loadIPPluginJar : add lorawan
2026-01-22 09:37:26,808 [INFO] IPUIPlugin:80 - create IPUIPlugin
2026-01-22 09:37:26,808 [INFO] PluginManager:220 - loadIPPluginJar : add ltdc
2026-01-22 09:37:26,823 [INFO] IPUIPlugin:80 - create IPUIPlugin
2026-01-22 09:37:26,823 [INFO] PluginManager:220 - loadIPPluginJar : add mdma
2026-01-22 09:37:26,836 [INFO] IPUIPlugin:80 - create IPUIPlugin
2026-01-22 09:37:26,836 [INFO] PluginManager:220 - loadIPPluginJar : add nvic
2026-01-22 09:37:26,875 [INFO] IPUIPlugin:80 - create IPUIPlugin
2026-01-22 09:37:26,876 [INFO] PluginManager:220 - loadIPPluginJar : add opamp
2026-01-22 09:37:26,939 [INFO] IPUIPlugin:80 - create IPUIPlugin
2026-01-22 09:37:26,939 [INFO] PluginManager:220 - loadIPPluginJar : add openamp
2026-01-22 09:37:26,983 [INFO] IPUIPlugin:80 - create IPUIPlugin
2026-01-22 09:37:26,983 [INFO] PluginManager:220 - loadIPPluginJar : add pdm2pcm
2026-01-22 09:37:26,997 [INFO] IPUIPlugin:80 - create IPUIPlugin
2026-01-22 09:37:26,999 [INFO] PluginManager:220 - loadIPPluginJar : add plateformsettings
2026-01-22 09:37:27,024 [INFO] IPUIPlugin:80 - create IPUIPlugin
2026-01-22 09:37:27,025 [INFO] PluginManager:220 - loadIPPluginJar : add quadspi
2026-01-22 09:37:27,054 [INFO] IPUIPlugin:80 - create IPUIPlugin
2026-01-22 09:37:27,054 [INFO] PluginManager:220 - loadIPPluginJar : add radio
2026-01-22 09:37:27,068 [INFO] IPUIPlugin:80 - create IPUIPlugin
2026-01-22 09:37:27,068 [INFO] PluginManager:220 - loadIPPluginJar : add resmgrutility
2026-01-22 09:37:27,113 [INFO] IPUIPlugin:80 - create IPUIPlugin
2026-01-22 09:37:27,113 [INFO] PluginManager:220 - loadIPPluginJar : add sai
2026-01-22 09:37:27,148 [INFO] IPUIPlugin:80 - create IPUIPlugin
2026-01-22 09:37:27,148 [INFO] PluginManager:220 - loadIPPluginJar : add spi
2026-01-22 09:37:27,218 [INFO] IPUIPlugin:80 - create IPUIPlugin
2026-01-22 09:37:27,218 [INFO] PluginManager:220 - loadIPPluginJar : add stm32_wpan
2026-01-22 09:37:27,248 [INFO] IPUIPlugin:80 - create IPUIPlugin
2026-01-22 09:37:27,248 [INFO] PluginManager:220 - loadIPPluginJar : add tim
2026-01-22 09:37:27,316 [INFO] IPUIPlugin:80 - create IPUIPlugin
2026-01-22 09:37:27,316 [INFO] PluginManager:220 - loadIPPluginJar : add touchsensing
2026-01-22 09:37:27,340 [INFO] IPUIPlugin:80 - create IPUIPlugin
2026-01-22 09:37:27,340 [INFO] PluginManager:220 - loadIPPluginJar : add tracer_emb
2026-01-22 09:37:27,366 [INFO] IPUIPlugin:80 - create IPUIPlugin
2026-01-22 09:37:27,366 [INFO] PluginManager:220 - loadIPPluginJar : add ts
2026-01-22 09:37:27,390 [INFO] IPUIPlugin:80 - create IPUIPlugin
2026-01-22 09:37:27,390 [INFO] PluginManager:220 - loadIPPluginJar : add tsc
2026-01-22 09:37:27,412 [INFO] IPUIPlugin:80 - create IPUIPlugin
2026-01-22 09:37:27,412 [INFO] PluginManager:220 - loadIPPluginJar : add ucpd
2026-01-22 09:37:27,454 [INFO] IPUIPlugin:80 - create IPUIPlugin
2026-01-22 09:37:27,454 [INFO] PluginManager:220 - loadIPPluginJar : add usart
2026-01-22 09:37:27,492 [INFO] IPUIPlugin:80 - create IPUIPlugin
2026-01-22 09:37:27,493 [INFO] PluginManager:220 - loadIPPluginJar : add usbx
2026-01-22 09:37:27,613 [INFO] CADModel:165 - CPN selected for project level
2026-01-22 09:37:27,613 [INFO] CADModel:114 - Register for checkConnection events
2026-01-22 09:37:27,613 [FATAL] Updater:334 - Updater called before beeing initialized
2026-01-22 09:37:27,613 [ERROR] CADModel:125 - Updater not yet initialized, retry later 
2026-01-22 09:37:27,706 [INFO] CADModel:165 - CPN selected for project level
2026-01-22 09:37:27,706 [INFO] CADModel:114 - Register for checkConnection events
2026-01-22 09:37:27,707 [FATAL] Updater:334 - Updater called before beeing initialized
2026-01-22 09:37:27,707 [ERROR] CADModel:125 - Updater not yet initialized, retry later 
2026-01-22 09:37:27,709 [FATAL] Updater:334 - Updater called before beeing initialized
2026-01-22 09:37:27,792 [FATAL] Updater:334 - Updater called before beeing initialized
2026-01-22 09:37:27,802 [INFO] DbMcusAds:53 - JSON generation date=Fri Jan 09 00:56:32 KST 2026 (1767887792457)
2026-01-22 09:37:27,802 [FATAL] Updater:334 - Updater called before beeing initialized
2026-01-22 09:37:27,833 [WARN] DetailPanel:346 - Failed to get advertising image, set to default
2026-01-22 09:37:27,900 [FATAL] Updater:334 - Updater called before beeing initialized
2026-01-22 09:37:27,902 [FATAL] Updater:334 - Updater called before beeing initialized
2026-01-22 09:37:27,902 [FATAL] Updater:334 - Updater called before beeing initialized
2026-01-22 09:37:27,902 [WARN] DetailPanel:346 - Failed to get advertising image, set to default
2026-01-22 09:37:27,903 [FATAL] Updater:334 - Updater called before beeing initialized
2026-01-22 09:37:27,957 [ERROR] Updater:1164 - MainUpdater not yet initialized. External WinMGr cannot be set.
2026-01-22 09:37:27,967 [INFO] Updater:1100 - Updater Version found : 6.12.1
2026-01-22 09:37:27,982 [INFO] ApplicationProperties:184 - Using Application install path: C:\ST\STM32CubeIDE_1.16.1\STM32CubeIDE\plugins\com.st.stm32cube.common.mx_6.12.1.202409122256
2026-01-22 09:37:28,116 [INFO] ThirdPartyUpdaterWithRetryManager:70 - Updater plugin not ready yet. [2/15]
2026-01-22 09:37:28,801 [INFO] MainUpdater:2873 - connection check result : 10
2026-01-22 09:37:28,802 [INFO] MainUpdater:290 - Updater Check For Update Now.
2026-01-22 09:37:28,802 [INFO] MicroXplorer:498 - Change Database Version : DB.6.0.121
2026-01-22 09:37:28,816 [INFO] McuFinderGlobals:63 - Set McuFinder mode to 2 (CubeIDE integrated)
2026-01-22 09:37:28,825 [INFO] UserAuth:417 - Internet connection configuration mode: 1
2026-01-22 09:37:28,859 [INFO] JxBrowserEngine:152 - Initiate JxBrowser Engine with user profile folder
2026-01-22 09:37:28,995 [INFO] CheckServerUpdateThread:120 - End of CheckServer Thread
2026-01-22 09:37:31,522 [WARN] PackLoader:240 - Cannot read IP mode file for STMicroelectronics.FP-SNS-MOTENVWB1.1.4.0
2026-01-22 09:37:31,534 [INFO] WebApp:167 - Instantiating new browser for Auth
2026-01-22 09:37:31,537 [WARN] PackLoader:240 - Cannot read IP mode file for STMicroelectronics.FP-ATR-ASTRA1.2.0.2
2026-01-22 09:37:31,551 [WARN] PackLoader:240 - Cannot read IP mode file for STMicroelectronics.FP-ATR-ASTRA1.2.0.1
2026-01-22 09:37:31,571 [WARN] PackLoader:240 - Cannot read IP mode file for STMicroelectronics.X-CUBE-SMBUS.2.1.0
2026-01-22 09:37:31,589 [WARN] PackLoader:240 - Cannot read IP mode file for STMicroelectronics.X-CUBE-WB05N.1.1.0
2026-01-22 09:37:31,603 [ERROR] Engine:466 - C:\Users\RND1\.stm32cubemx\thirdparties\pdsc\STMicroelectronics.X-CUBE-ST60.1.0.0.pdsc: PDSC version is not supported
2026-01-22 09:37:31,618 [WARN] PackLoader:240 - Cannot read IP mode file for STMicroelectronics.X-CUBE-TOUCHGFX.4.23.0
2026-01-22 09:37:31,631 [WARN] PackLoader:240 - Cannot read IP mode file for STMicroelectronics.X-CUBE-TOUCHGFX.4.23.2
2026-01-22 09:37:31,669 [WARN] PackLoader:240 - Cannot read IP mode file for STMicroelectronics.X-CUBE-AZRTOS-F7.1.1.0
2026-01-22 09:37:31,690 [WARN] PackLoader:240 - Cannot read IP mode file for STMicroelectronics.FP-SNS-MOTENV1.4.3.2
2026-01-22 09:37:31,752 [WARN] PackLoader:240 - Cannot read IP mode file for STMicroelectronics.X-CUBE-MEMS1.11.0.0
2026-01-22 09:37:31,873 [ERROR] Engine:466 - C:\Users\RND1\.stm32cubemx\thirdparties\pdsc\STMicroelectronics.FP-SNS-MOTENV1.5.1.0.pdsc: PDSC version is not supported
2026-01-22 09:37:31,889 [WARN] PackLoader:240 - Cannot read IP mode file for STMicroelectronics.FP-SNS-FLIGHT1.5.0.2
2026-01-22 09:37:31,914 [WARN] PackLoader:240 - Cannot read IP mode file for STMicroelectronics.X-CUBE-AZRTOS-H7.3.4.0
2026-01-22 09:37:31,937 [WARN] PackLoader:240 - Cannot read IP mode file for STMicroelectronics.X-CUBE-DISPLAY.3.0.0
2026-01-22 09:37:31,954 [WARN] PackLoader:240 - Cannot read IP mode file for STMicroelectronics.X-CUBE-BLE1.7.0.0
2026-01-22 09:37:31,969 [WARN] PackLoader:240 - Cannot read IP mode file for STMicroelectronics.X-CUBE-NFC10.1.0.0
2026-01-22 09:37:31,990 [WARN] PackLoader:240 - Cannot read IP mode file for STMicroelectronics.X-CUBE-BLEMGR.4.0.0
2026-01-22 09:37:32,006 [ERROR] Engine:466 - C:\Users\RND1\.stm32cubemx\thirdparties\pdsc\STMicroelectronics.X-CUBE-ST60.1.1.0.pdsc: PDSC version is not supported
2026-01-22 09:37:32,021 [WARN] PackLoader:240 - Cannot read IP mode file for emotas.I-CUBE-CANOPEN.1.3.0
2026-01-22 09:37:32,036 [WARN] PackLoader:240 - Cannot read IP mode file for STMicroelectronics.X-CUBE-GNSS1.7.1.0
2026-01-22 09:37:32,057 [WARN] PackLoader:240 - Cannot read IP mode file for STMicroelectronics.X-CUBE-BLEMGR.3.1.0
2026-01-22 09:37:32,077 [WARN] PackLoader:240 - Cannot read IP mode file for STMicroelectronics.X-CUBE-AI.10.0.0
2026-01-22 09:37:32,093 [ERROR] Engine:466 - C:\Users\RND1\.stm32cubemx\thirdparties\pdsc\STMicroelectronics.FP-SNS-STBOX1.2.1.0.pdsc: PDSC version is not supported
2026-01-22 09:37:32,113 [WARN] PackLoader:240 - Cannot read IP mode file for STMicroelectronics.FP-SNS-SMARTAG2.1.2.0
2026-01-22 09:37:32,129 [ERROR] Engine:466 - C:\Users\RND1\.stm32cubemx\thirdparties\pdsc\STMicroelectronics.FP-SNS-FLIGHT1.5.1.0.pdsc: PDSC version is not supported
2026-01-22 09:37:32,169 [WARN] PackLoader:240 - Cannot read IP mode file for STMicroelectronics.X-CUBE-MEMS1.11.1.0
2026-01-22 09:37:32,265 [INFO] LogOutputStream:77 - [STDOUT_REDIRECT] 1 : Invalid condition id : UX_CORESTACK_Condition cause : null
2026-01-22 09:37:32,272 [INFO] LogOutputStream:77 - [STDOUT_REDIRECT] 1 : Invalid condition id : UX_CORESTACK_Condition cause : null
2026-01-22 09:37:32,273 [INFO] LogOutputStream:77 - [STDOUT_REDIRECT] 1 : Invalid condition id : UX_CORESTACK_Condition cause : null
2026-01-22 09:37:32,276 [INFO] LogOutputStream:77 - [STDOUT_REDIRECT] 1 : Invalid condition id : UX_CORESTACK_Condition cause : null
2026-01-22 09:37:32,277 [INFO] LogOutputStream:77 - [STDOUT_REDIRECT] 1 : Invalid condition id : UX_CORESTACK_Condition cause : null
2026-01-22 09:37:32,282 [WARN] PackLoader:240 - Cannot read IP mode file for STMicroelectronics.X-CUBE-AZRTOS-WL.2.0.0
2026-01-22 09:37:32,303 [WARN] PackLoader:240 - Cannot read IP mode file for STMicroelectronics.FP-SNS-MOTENV1.5.0.0
2026-01-22 09:37:32,344 [WARN] PackLoader:240 - Cannot read IP mode file for STMicroelectronics.X-CUBE-AZRTOS-H7RS.1.2.0
2026-01-22 09:37:32,367 [WARN] PackLoader:240 - Cannot read IP mode file for wolfSSL.I-CUBE-wolfMQTT.1.19.0
2026-01-22 09:37:32,393 [WARN] PackLoader:240 - Cannot read IP mode file for WES.I-CUBE-Cesium.1.3.0
2026-01-22 09:37:32,416 [WARN] PackLoader:240 - Cannot read IP mode file for STMicroelectronics.X-CUBE-BLE2.3.3.0
2026-01-22 09:37:32,434 [ERROR] Engine:466 - C:\Users\RND1\.stm32cubemx\thirdparties\pdsc\Avnet-IOTCONNECT.X-CUBE-iotc-st67-sdk.1.0.0.pdsc: PDSC version is not supported
2026-01-22 09:37:32,457 [WARN] PackLoader:240 - Cannot read IP mode file for STMicroelectronics.X-CUBE-NFC9.1.0.0
2026-01-22 09:37:32,480 [WARN] PackLoader:240 - Cannot read IP mode file for STMicroelectronics.X-CUBE-BLE1.7.1.0
2026-01-22 09:37:32,502 [WARN] PackLoader:240 - Cannot read IP mode file for STMicroelectronics.X-CUBE-TCPP.4.1.0
2026-01-22 09:37:32,518 [ERROR] Engine:466 - C:\Users\RND1\.stm32cubemx\thirdparties\pdsc\STMicroelectronics.X-CUBE-FREERTOS.1.4.0.pdsc: PDSC version is not supported
2026-01-22 09:37:32,532 [WARN] PackLoader:240 - Cannot read IP mode file for STMicroelectronics.X-CUBE-EEPRMA1.5.2.0
2026-01-22 09:37:32,544 [ERROR] Engine:466 - C:\Users\RND1\.stm32cubemx\thirdparties\pdsc\STMicroelectronics.X-CUBE-ST67W61.1.1.0.pdsc: PDSC version is not supported
2026-01-22 09:37:32,557 [WARN] PackLoader:240 - Cannot read IP mode file for STMicroelectronics.X-CUBE-AI.10.1.0
2026-01-22 09:37:32,599 [WARN] PackLoader:240 - Cannot read IP mode file for STMicroelectronics.X-CUBE-MEMS1.12.0.0
2026-01-22 09:37:32,682 [WARN] PackLoader:240 - Cannot read IP mode file for STMicroelectronics.X-CUBE-ALGOBUILD.1.3.0
2026-01-22 09:37:32,743 [WARN] PackLoader:240 - Cannot read IP mode file for STMicroelectronics.X-CUBE-MEMS1.11.2.0
2026-01-22 09:37:32,817 [INFO] WebApp:448 - Apply proxy settings
2026-01-22 09:37:32,830 [INFO] WebApp:493 - Chromium authenticates against Manually configured proxy
2026-01-22 09:37:32,833 [WARN] PackLoader:240 - Cannot read IP mode file for STMicroelectronics.X-CUBE-AZRTOS-G0.1.1.0
2026-01-22 09:37:32,838 [INFO] WebApp:501 - Username used for proxy authentication: 
2026-01-22 09:37:32,848 [WARN] PackLoader:240 - Cannot read IP mode file for STMicroelectronics.X-CUBE-SAFEA1.1.2.2
2026-01-22 09:37:32,865 [WARN] PackLoader:240 - Cannot read IP mode file for STMicroelectronics.X-CUBE-NFC4.3.0.0
2026-01-22 09:37:32,878 [INFO] WebApp:869 - Register for checkConnection events
2026-01-22 09:37:32,878 [INFO] WebApp:448 - Apply proxy settings
2026-01-22 09:37:32,881 [WARN] PackLoader:240 - Cannot read IP mode file for wolfSSL.I-CUBE-wolfMQTT.1.18.0
2026-01-22 09:37:32,883 [INFO] WebApp:493 - Chromium authenticates against Manually configured proxy
2026-01-22 09:37:32,884 [INFO] WebApp:501 - Username used for proxy authentication: 
2026-01-22 09:37:32,903 [WARN] PackLoader:240 - Cannot read IP mode file for EmbeddedOffice.I-CUBE-FS-RTOS.1.0.1
2026-01-22 09:37:32,903 [ERROR] ConditionMgr:805 - Attr not supported : Dmpu
2026-01-22 09:37:32,904 [ERROR] ConditionMgr:805 - Attr not supported : Dmpu
2026-01-22 09:37:32,904 [ERROR] ConditionMgr:805 - Attr not supported : Dmpu
2026-01-22 09:37:32,904 [ERROR] ConditionMgr:805 - Attr not supported : Dmpu
2026-01-22 09:37:32,904 [ERROR] ConditionMgr:805 - Attr not supported : Dmpu
2026-01-22 09:37:32,904 [ERROR] ConditionMgr:805 - Attr not supported : Dmpu
2026-01-22 09:37:32,904 [ERROR] ConditionMgr:805 - Attr not supported : Dmpu
2026-01-22 09:37:32,904 [ERROR] ConditionMgr:805 - Attr not supported : Dmpu
2026-01-22 09:37:32,904 [ERROR] ConditionMgr:805 - Attr not supported : Dmpu
2026-01-22 09:37:32,904 [ERROR] ConditionMgr:805 - Attr not supported : Dmpu
2026-01-22 09:37:32,904 [ERROR] ConditionMgr:805 - Attr not supported : Dmpu
2026-01-22 09:37:32,905 [ERROR] ConditionMgr:805 - Attr not supported : Dmpu
2026-01-22 09:37:32,905 [ERROR] ConditionMgr:805 - Attr not supported : Dmpu
2026-01-22 09:37:32,905 [ERROR] ConditionMgr:805 - Attr not supported : Dmpu
2026-01-22 09:37:32,905 [ERROR] ConditionMgr:805 - Attr not supported : Dmpu
2026-01-22 09:37:32,905 [ERROR] ConditionMgr:805 - Attr not supported : Dmpu
2026-01-22 09:37:32,905 [ERROR] ConditionMgr:805 - Attr not supported : Dmpu
2026-01-22 09:37:32,905 [ERROR] ConditionMgr:805 - Attr not supported : Dmpu
2026-01-22 09:37:32,905 [ERROR] ConditionMgr:805 - Attr not supported : Dmpu
2026-01-22 09:37:32,905 [ERROR] ConditionMgr:805 - Attr not supported : Dmpu
2026-01-22 09:37:32,905 [ERROR] ConditionMgr:805 - Attr not supported : Dmpu
2026-01-22 09:37:32,905 [ERROR] ConditionMgr:805 - Attr not supported : Dmpu
2026-01-22 09:37:32,905 [ERROR] ConditionMgr:805 - Attr not supported : Dmpu
2026-01-22 09:37:32,905 [ERROR] ConditionMgr:805 - Attr not supported : Dmpu
2026-01-22 09:37:32,905 [ERROR] ConditionMgr:805 - Attr not supported : Dmpu
2026-01-22 09:37:32,906 [ERROR] ConditionMgr:805 - Attr not supported : Dmpu
2026-01-22 09:37:32,906 [ERROR] ConditionMgr:805 - Attr not supported : Dmpu
2026-01-22 09:37:32,906 [ERROR] ConditionMgr:805 - Attr not supported : Dmpu
2026-01-22 09:37:32,906 [ERROR] ConditionMgr:805 - Attr not supported : Dmpu
2026-01-22 09:37:32,906 [ERROR] ConditionMgr:805 - Attr not supported : Dmpu
2026-01-22 09:37:32,906 [ERROR] ConditionMgr:805 - Attr not supported : Dmpu
2026-01-22 09:37:32,906 [ERROR] ConditionMgr:805 - Attr not supported : Dmpu
2026-01-22 09:37:32,906 [ERROR] ConditionMgr:805 - Attr not supported : Dmpu
2026-01-22 09:37:32,906 [ERROR] ConditionMgr:805 - Attr not supported : Dmpu
2026-01-22 09:37:32,906 [ERROR] ConditionMgr:805 - Attr not supported : Dmpu
2026-01-22 09:37:32,906 [ERROR] ConditionMgr:805 - Attr not supported : Dmpu
2026-01-22 09:37:32,906 [ERROR] ConditionMgr:805 - Attr not supported : Dmpu
2026-01-22 09:37:32,907 [ERROR] ConditionMgr:805 - Attr not supported : Dmpu
2026-01-22 09:37:32,907 [ERROR] ConditionMgr:805 - Attr not supported : Dmpu
2026-01-22 09:37:32,907 [ERROR] ConditionMgr:805 - Attr not supported : Dmpu
2026-01-22 09:37:32,907 [ERROR] ConditionMgr:805 - Attr not supported : Dmpu
2026-01-22 09:37:32,907 [ERROR] ConditionMgr:805 - Attr not supported : Dmpu
2026-01-22 09:37:32,907 [ERROR] ConditionMgr:805 - Attr not supported : Dmpu
2026-01-22 09:37:32,907 [ERROR] ConditionMgr:805 - Attr not supported : Dmpu
2026-01-22 09:37:32,907 [ERROR] ConditionMgr:805 - Attr not supported : Dmpu
2026-01-22 09:37:32,907 [ERROR] ConditionMgr:805 - Attr not supported : Dmpu
2026-01-22 09:37:32,907 [ERROR] ConditionMgr:805 - Attr not supported : Dmpu
2026-01-22 09:37:32,907 [ERROR] ConditionMgr:805 - Attr not supported : Dmpu
2026-01-22 09:37:32,907 [ERROR] ConditionMgr:805 - Attr not supported : Dmpu
2026-01-22 09:37:32,907 [ERROR] ConditionMgr:805 - Attr not supported : Dmpu
2026-01-22 09:37:32,907 [ERROR] ConditionMgr:805 - Attr not supported : Dmpu
2026-01-22 09:37:32,907 [ERROR] ConditionMgr:805 - Attr not supported : Dmpu
2026-01-22 09:37:32,907 [ERROR] ConditionMgr:805 - Attr not supported : Dmpu
2026-01-22 09:37:32,908 [ERROR] ConditionMgr:805 - Attr not supported : Dmpu
2026-01-22 09:37:32,908 [ERROR] ConditionMgr:805 - Attr not supported : Dmpu
2026-01-22 09:37:32,908 [ERROR] ConditionMgr:805 - Attr not supported : Dmpu
2026-01-22 09:37:32,908 [ERROR] ConditionMgr:805 - Attr not supported : Dmpu
2026-01-22 09:37:32,908 [ERROR] ConditionMgr:805 - Attr not supported : Dmpu
2026-01-22 09:37:32,908 [ERROR] ConditionMgr:805 - Attr not supported : Dmpu
2026-01-22 09:37:32,908 [ERROR] ConditionMgr:805 - Attr not supported : Dmpu
2026-01-22 09:37:32,908 [ERROR] ConditionMgr:805 - Attr not supported : Dmpu
2026-01-22 09:37:32,908 [ERROR] ConditionMgr:805 - Attr not supported : Dmpu
2026-01-22 09:37:32,908 [ERROR] ConditionMgr:805 - Attr not supported : Dmpu
2026-01-22 09:37:32,908 [ERROR] ConditionMgr:805 - Attr not supported : Dmpu
2026-01-22 09:37:32,924 [WARN] PackLoader:240 - Cannot read IP mode file for STMicroelectronics.X-CUBE-WB05N.2.0.0
2026-01-22 09:37:32,941 [WARN] PackLoader:240 - Cannot read IP mode file for STMicroelectronics.X-CUBE-BLEMGR.3.0.0
2026-01-22 09:37:32,954 [ERROR] Engine:466 - C:\Users\RND1\.stm32cubemx\thirdparties\pdsc\STMicroelectronics.X-CUBE-TCPP.4.2.0.pdsc: PDSC version is not supported
2026-01-22 09:37:32,973 [WARN] PackLoader:240 - Cannot read IP mode file for RealThread.X-CUBE-RT-Thread_Nano.4.1.1
2026-01-22 09:37:32,986 [WARN] PackLoader:240 - Cannot read IP mode file for STMicroelectronics.FP-ATR-SIGFOX1.3.2.0
2026-01-22 09:37:33,008 [WARN] ConditionMgr:438 - getConditionDescription Invalid condition id : Cortex-A Device cause : null
2026-01-22 09:37:33,029 [WARN] ConditionMgr:1039 - genDependencies : Invalid condition id : Cortex-A Device cause : null
2026-01-22 09:37:33,029 [WARN] ConditionMgr:1039 - genDependencies : Invalid condition id : Cortex-A Device cause : null
2026-01-22 09:37:33,029 [WARN] ConditionMgr:1039 - genDependencies : Invalid condition id : Cortex-A Device cause : null
2026-01-22 09:37:33,043 [WARN] PackLoader:240 - Cannot read IP mode file for STMicroelectronics.X-CUBE-EEPRMA1.5.1.0
2026-01-22 09:37:33,058 [WARN] PackLoader:240 - Cannot read IP mode file for STMicroelectronics.X-CUBE-NFC6.3.2.0
2026-01-22 09:37:33,072 [ERROR] Engine:466 - C:\Users\RND1\.stm32cubemx\thirdparties\pdsc\STMicroelectronics.X-CUBE-ST67W61.1.0.0.pdsc: PDSC version is not supported
2026-01-22 09:37:33,087 [WARN] PackLoader:240 - Cannot read IP mode file for STMicroelectronics.X-CUBE-AI.10.2.0
2026-01-22 09:37:33,087 [INFO] WebApp:186 - Connection restablished
2026-01-22 09:37:33,114 [WARN] PackLoader:240 - Cannot read IP mode file for SEGGER.I-CUBE-embOS.1.3.1
2026-01-22 09:37:33,127 [INFO] WebApp:220 - Starting web application
2026-01-22 09:37:33,127 [INFO] WebApp:578 - Web application path used C:\ST\STM32CubeIDE_1.16.1\STM32CubeIDE\plugins\com.st.stm32cube.common.mx_6.12.1.202409122256\db\plugins\mcufinder\reactClient1\index.html
2026-01-22 09:37:33,149 [WARN] PackLoader:240 - Cannot read IP mode file for STMicroelectronics.X-CUBE-ALGOBUILD.1.4.0
2026-01-22 09:37:33,207 [WARN] PackLoader:240 - Cannot read IP mode file for STMicroelectronics.X-CUBE-MEMS1.11.3.0
2026-01-22 09:37:33,335 [WARN] PackLoader:240 - Cannot read IP mode file for STMicroelectronics.X-CUBE-AI.9.1.0
2026-01-22 09:37:33,338 [INFO] UserAuth:417 - Internet connection configuration mode: 1
2026-01-22 09:37:33,353 [WARN] PackLoader:240 - Cannot read IP mode file for STMicroelectronics.X-CUBE-PM33A1.1.0.0
2026-01-22 09:37:33,374 [WARN] PackLoader:240 - Cannot read IP mode file for STMicroelectronics.X-CUBE-GNSS1.6.0.0
2026-01-22 09:37:33,405 [WARN] PackLoader:240 - Cannot read IP mode file for STMicroelectronics.X-CUBE-AZRTOS-F4.1.1.0
2026-01-22 09:37:33,423 [WARN] PackLoader:240 - Cannot read IP mode file for wolfSSL.I-CUBE-wolfSSL.5.6.4
2026-01-22 09:37:33,436 [ERROR] Engine:466 - C:\Users\RND1\.stm32cubemx\thirdparties\pdsc\Avnet-IotConnect.X-CUBE-IoTC-DA16k-PMOD.1.0.0.pdsc: PDSC version is not supported
2026-01-22 09:37:33,456 [WARN] PackLoader:240 - Cannot read IP mode file for STMicroelectronics.X-CUBE-ISPU.2.1.0
2026-01-22 09:37:33,473 [ERROR] Engine:466 - C:\Users\RND1\.stm32cubemx\thirdparties\pdsc\STMicroelectronics.X-CUBE-IPS.3.2.0.pdsc: PDSC version is not supported
2026-01-22 09:37:33,494 [WARN] PackLoader:240 - Cannot read IP mode file for STMicroelectronics.X-CUBE-FREERTOS.1.2.0
2026-01-22 09:37:33,514 [WARN] PackLoader:240 - Cannot read IP mode file for STMicroelectronics.X-CUBE-NFC12.1.0.0
2026-01-22 09:37:33,544 [WARN] PackLoader:240 - Cannot read IP mode file for STMicroelectronics.X-CUBE-AZRTOS-L5.2.0.0
2026-01-22 09:37:33,565 [WARN] PackLoader:240 - Cannot read IP mode file for STMicroelectronics.X-CUBE-EEPRMA1.4.2.0
2026-01-22 09:37:33,586 [WARN] PackLoader:240 - Cannot read IP mode file for STMicroelectronics.X-CUBE-NFC6.3.1.0
2026-01-22 09:37:33,603 [WARN] PackLoader:240 - Cannot read IP mode file for ITTIA_DB.I-CUBE-ITTIADB.8.8.0
2026-01-22 09:37:33,618 [WARN] PackLoader:240 - Cannot read IP mode file for STMicroelectronics.X-CUBE-DPower.1.2.0
2026-01-22 09:37:33,633 [WARN] PackLoader:240 - Cannot read IP mode file for STMicroelectronics.X-CUBE-AI.9.0.0
2026-01-22 09:37:33,645 [WARN] PackLoader:240 - Cannot read IP mode file for STMicroelectronics.X-CUBE-FREERTOS.1.3.1
2026-01-22 09:37:33,659 [WARN] PackLoader:240 - Cannot read IP mode file for STMicroelectronics.X-CUBE-FREERTOS.1.3.0
2026-01-22 09:37:33,674 [WARN] PackLoader:240 - Cannot read IP mode file for STMicroelectronics.X-CUBE-NFC7.1.0.1
2026-01-22 09:37:33,687 [WARN] PackLoader:240 - Cannot read IP mode file for STMicroelectronics.X-CUBE-TOUCHGFX.4.26.0
2026-01-22 09:37:33,702 [WARN] PackLoader:240 - Cannot read IP mode file for STMicroelectronics.X-CUBE-NFC6.3.0.0
2026-01-22 09:37:33,713 [ERROR] Engine:466 - C:\Users\RND1\.stm32cubemx\thirdparties\pdsc\STMicroelectronics.FP-SNS-STAIOTCFT.1.0.0.pdsc: PDSC version is not supported
2026-01-22 09:37:33,724 [WARN] PackLoader:240 - Cannot read IP mode file for STMicroelectronics.X-CUBE-DPower.1.3.0
2026-01-22 09:37:33,734 [WARN] PackLoader:240 - Cannot read IP mode file for STMicroelectronics.X-CUBE-AI.8.1.0
2026-01-22 09:37:33,756 [WARN] ConditionMgr:438 - getConditionDescription Invalid condition id : LAN8742 Phy interface Condition cause : null
2026-01-22 09:37:33,757 [WARN] PackLoader:240 - Cannot read IP mode file for STMicroelectronics.X-CUBE-AZRTOS-L4.2.0.0
2026-01-22 09:37:33,757 [WARN] ConditionMgr:1039 - genDependencies : Invalid condition id : LAN8742 Phy interface Condition cause : null
2026-01-22 09:37:33,757 [WARN] ConditionMgr:1039 - genDependencies : Invalid condition id : LAN8742 Phy interface Condition cause : null
2026-01-22 09:37:33,757 [WARN] ConditionMgr:1039 - genDependencies : Invalid condition id : LAN8742 Phy interface Condition cause : null
2026-01-22 09:37:33,771 [WARN] PackLoader:240 - Cannot read IP mode file for STMicroelectronics.X-CUBE-SFXS2LP1.4.0.0
2026-01-22 09:37:33,781 [ERROR] Engine:466 - C:\Users\RND1\.stm32cubemx\thirdparties\pdsc\STMicroelectronics.X-CUBE-ST67W61.1.2.0.pdsc: PDSC version is not supported
2026-01-22 09:37:33,802 [WARN] PackLoader:240 - Cannot read IP mode file for STMicroelectronics.X-CUBE-AZRTOS-H7.3.3.0
2026-01-22 09:37:33,814 [ERROR] Engine:466 - C:\Users\RND1\.stm32cubemx\thirdparties\pdsc\STMicroelectronics.X-CUBE-BLEMGR.4.1.0.pdsc: PDSC version is not supported
2026-01-22 09:37:33,830 [WARN] PackLoader:240 - Cannot read IP mode file for STMicroelectronics.X-CUBE-IPS.3.0.0
2026-01-22 09:37:33,847 [WARN] ConditionMgr:438 - getConditionDescription Invalid condition id : UX DEVICE CLASS RTOS Condition cause : null
2026-01-22 09:37:33,847 [WARN] ConditionMgr:438 - getConditionDescription Invalid condition id : UX DEVICE CLASS RTOS Condition cause : null
2026-01-22 09:37:33,848 [WARN] PackLoader:240 - Cannot read IP mode file for STMicroelectronics.X-CUBE-AZRTOS-WB.2.0.0
2026-01-22 09:37:33,848 [WARN] ConditionMgr:1039 - genDependencies : Invalid condition id : UX DEVICE CLASS RTOS Condition cause : null
2026-01-22 09:37:33,848 [WARN] ConditionMgr:1039 - genDependencies : Invalid condition id : UX DEVICE CLASS RTOS Condition cause : null
2026-01-22 09:37:33,848 [WARN] ConditionMgr:1039 - genDependencies : Invalid condition id : UX DEVICE CLASS RTOS Condition cause : null
2026-01-22 09:37:33,849 [WARN] ConditionMgr:1039 - genDependencies : Invalid condition id : UX DEVICE CLASS RTOS Condition cause : null
2026-01-22 09:37:33,849 [WARN] ConditionMgr:1039 - genDependencies : Invalid condition id : UX DEVICE CLASS RTOS Condition cause : null
2026-01-22 09:37:33,860 [WARN] PackLoader:240 - Cannot read IP mode file for STMicroelectronics.X-CUBE-GNSS1.7.0.0
2026-01-22 09:37:33,872 [WARN] PackLoader:240 - Cannot read IP mode file for STMicroelectronics.X-CUBE-GNSS1.7.0.1
2026-01-22 09:37:33,882 [WARN] PackLoader:240 - Cannot read IP mode file for STMicroelectronics.X-CUBE-TOUCHGFX.4.25.0
2026-01-22 09:37:33,895 [WARN] PackLoader:240 - Cannot read IP mode file for STMicroelectronics.FP-SNS-STBOX1.2.0.0
2026-01-22 09:37:33,909 [WARN] PackLoader:240 - Cannot read IP mode file for STMicroelectronics.X-CUBE-STSE01.2.0.0
2026-01-22 09:37:33,926 [WARN] PackLoader:240 - Cannot read IP mode file for STMicroelectronics.X-CUBE-SUBG2.5.0.0
2026-01-22 09:37:33,946 [WARN] PackLoader:240 - Cannot read IP mode file for STMicroelectronics.X-CUBE-AZRTOS-H7RS.1.1.0
2026-01-22 09:37:33,966 [WARN] PackLoader:240 - Cannot read IP mode file for STMicroelectronics.X-CUBE-AZRTOS-G4.2.0.0
2026-01-22 09:37:33,985 [WARN] PackLoader:240 - Cannot read IP mode file for Infineon.AIROC-Wi-Fi-Bluetooth-STM32.1.5.1
2026-01-22 09:37:33,998 [WARN] PackLoader:240 - Cannot read IP mode file for STMicroelectronics.X-CUBE-NFC7.2.0.0
2026-01-22 09:37:34,010 [WARN] PackLoader:240 - Cannot read IP mode file for STMicroelectronics.FP-SNS-MOTENVWB1.1.3.1
2026-01-22 09:37:34,022 [WARN] PackLoader:240 - Cannot read IP mode file for STMicroelectronics.X-CUBE-ISPU.2.0.0
2026-01-22 09:37:34,034 [ERROR] Engine:466 - C:\Users\RND1\.stm32cubemx\thirdparties\pdsc\STMicroelectronics.X-CUBE-IPS.3.1.0.pdsc: PDSC version is not supported
2026-01-22 09:37:34,045 [WARN] PackLoader:240 - Cannot read IP mode file for STMicroelectronics.X-CUBE-ALS.1.0.2
2026-01-22 09:37:34,072 [WARN] PackLoader:240 - Cannot read IP mode file for STMicroelectronics.X-CUBE-MEMS1.10.0.0
2026-01-22 09:37:34,123 [WARN] PackLoader:240 - Cannot read IP mode file for STMicroelectronics.X-CUBE-FREERTOS.1.1.0
2026-01-22 09:37:34,135 [WARN] PackLoader:240 - Cannot read IP mode file for STMicroelectronics.X-CUBE-TOUCHGFX.4.24.0
2026-01-22 09:37:34,147 [WARN] PackLoader:240 - Cannot read IP mode file for STMicroelectronics.X-CUBE-TOUCHGFX.4.24.2
2026-01-22 09:37:34,161 [WARN] PackLoader:240 - Cannot read IP mode file for STMicroelectronics.X-CUBE-TOUCHGFX.4.24.1
2026-01-22 09:37:34,174 [WARN] PackLoader:240 - Cannot read IP mode file for STMicroelectronics.X-CUBE-STSE01.1.0.0
2026-01-22 09:37:34,187 [WARN] PackLoader:240 - Cannot read IP mode file for wolfSSL.I-CUBE-wolfTPM.3.4.0
2026-01-22 09:37:34,200 [WARN] PackLoader:240 - Cannot read IP mode file for portGmbH.I-Cube-SoM-uGOAL.1.1.0
2026-01-22 09:37:34,212 [WARN] PackLoader:240 - Cannot read IP mode file for STMicroelectronics.X-CUBE-ALS.1.0.1
2026-01-22 09:37:34,233 [WARN] PackLoader:240 - Cannot read IP mode file for STMicroelectronics.X-CUBE-AZRTOS-H7RS.1.0.0
2026-01-22 09:37:34,245 [WARN] PackLoader:240 - Cannot read IP mode file for STMicroelectronics.FP-ATR-ASTRA1.2.0.0
2026-01-22 09:37:34,262 [WARN] PackLoader:240 - Cannot read IP mode file for STMicroelectronics.X-CUBE-TOF1.3.4.2
2026-01-22 09:37:34,280 [ERROR] Engine:466 - C:\Users\RND1\.stm32cubemx\thirdparties\pdsc\STMicroelectronics.X-CUBE-TOF1.3.4.3.pdsc: PDSC version is not supported
2026-01-22 09:37:34,295 [WARN] PackLoader:240 - Cannot read IP mode file for STMicroelectronics.X-CUBE-TOF1.3.4.0
2026-01-22 09:37:34,314 [WARN] PackLoader:240 - Cannot read IP mode file for STMicroelectronics.X-CUBE-TOF1.3.4.1
2026-01-22 09:37:34,338 [WARN] PackLoader:240 - Cannot read IP mode file for STMicroelectronics.X-CUBE-AZRTOS-H7.3.2.0
2026-01-22 09:37:34,351 [WARN] PackLoader:240 - Cannot read IP mode file for wolfSSL.I-CUBE-wolfSSH.1.4.17
2026-01-22 09:37:34,351 [INFO] ThirdParty:978 - Integrity check success = true
2026-01-22 09:37:34,351 [INFO] IntegrityCheckThread:100 - exiting critical section [integrity check]
2026-01-22 09:37:34,351 [INFO] IntegrityCheckThread:103 - End integrity checks thread
2026-01-22 17:29:37,861 [ERROR] LogOutputStream:75 - [STDERR_REDIRECT] 
