2026-01-27 09:49:00,249 [INFO] Activator:176 - 


2026-01-27 09:49:00,254 [INFO] Activator:177 - !SESSION log4j initialized
2026-01-27 09:49:06,644 [INFO] LogOutputStream:77 - [STDOUT_REDIRECT] 
2026-01-27 09:49:14,684 [INFO] McuFinderGlobals:63 - Set McuFinder mode to 2 (CubeIDE integrated)
2026-01-27 09:49:14,733 [INFO] ApplicationProperties:184 - Using Application install path: C:\ST\STM32CubeIDE_1.16.1\STM32CubeIDE\plugins\com.st.stm32cube.common.mx_6.12.1.202409122256
2026-01-27 09:49:14,745 [INFO] DbMcusXml:78 - Set database path to: C:\ST\STM32CubeIDE_1.16.1\STM32CubeIDE\plugins\com.st.stm32cube.common.mx_6.12.1.202409122256\\db\/mcu/
2026-01-27 09:49:14,745 [INFO] ApiDb:274 - Set plugin database path to: C:\ST\STM32CubeIDE_1.16.1\STM32CubeIDE\plugins\com.st.stm32cube.common.mx_6.12.1.202409122256\\db\/plugins/boardmanager/
2026-01-27 09:49:14,747 [WARN] ApiDb:259 - Overriding images path with different value:  => C:\ST\STM32CubeIDE_1.16.1\STM32CubeIDE\plugins\com.st.stm32cube.common.mx_6.12.1.202409122256\\db\/plugins/mcufinder/images/
2026-01-27 09:49:14,760 [INFO] ApiDb:250 - Set database path to: C:\Users\RND1\.stmcufinder\plugins\mcufinder//mcu/
2026-01-27 09:49:14,762 [INFO] DbMcusAds:125 - Set database path to: C:\Users\RND1\.stmcufinder\plugins\mcufinder//mcu/
2026-01-27 09:49:14,764 [INFO] CrossReferenceDbSqlite:203 - Set database path to: C:\Users\RND1\.stmcufinder\plugins\mcufinder//mcu/cs/
2026-01-27 09:49:14,857 [INFO] RulesReader:64 - Compatibility file has been processed (297 Rules)
2026-01-27 09:49:14,932 [INFO] DbMcusXml:78 - Set database path to: C:\ST\STM32CubeIDE_1.16.1\STM32CubeIDE\plugins\com.st.stm32cube.common.mx_6.12.1.202409122256\\db\/mcu/
2026-01-27 09:49:14,932 [INFO] ApiDb:274 - Set plugin database path to: C:\ST\STM32CubeIDE_1.16.1\STM32CubeIDE\plugins\com.st.stm32cube.common.mx_6.12.1.202409122256\\db\/plugins/boardmanager/
2026-01-27 09:49:14,932 [INFO] ApiDb:261 - Set plugin images path to: C:\ST\STM32CubeIDE_1.16.1\STM32CubeIDE\plugins\com.st.stm32cube.common.mx_6.12.1.202409122256\\db\/plugins/mcufinder/images/
2026-01-27 09:49:14,932 [WARN] DbFile:41 - Overriding database path with different value: C:\Users\RND1\.stmcufinder\plugins\mcufinder/ => C:\Users\RND1\.stmcufinder\plugins\mcufinder
2026-01-27 09:49:14,932 [INFO] ApiDb:250 - Set database path to: C:\Users\RND1\.stmcufinder\plugins\mcufinder//mcu/
2026-01-27 09:49:14,932 [WARN] DbFile:41 - Overriding database path with different value: C:\Users\RND1\.stmcufinder\plugins\mcufinder/ => C:\Users\RND1\.stmcufinder\plugins\mcufinder
2026-01-27 09:49:14,932 [INFO] DbMcusAds:125 - Set database path to: C:\Users\RND1\.stmcufinder\plugins\mcufinder//mcu/
2026-01-27 09:49:14,932 [WARN] DbFile:41 - Overriding database path with different value: C:\Users\RND1\.stmcufinder\plugins\mcufinder/ => C:\Users\RND1\.stmcufinder\plugins\mcufinder
2026-01-27 09:49:14,932 [WARN] DbFile:41 - Overriding database path with different value: C:\Users\RND1\.stmcufinder\plugins\mcufinder/ => C:\Users\RND1\.stmcufinder\plugins\mcufinder
2026-01-27 09:49:14,933 [INFO] CrossReferenceDbSqlite:203 - Set database path to: C:\Users\RND1\.stmcufinder\plugins\mcufinder//mcu/cs/
2026-01-27 09:49:15,000 [INFO] MainPanel:268 - HeapMemory: 268435456
2026-01-27 09:49:15,084 [INFO] DbMcusXml:78 - Set database path to: C:\ST\STM32CubeIDE_1.16.1\STM32CubeIDE\plugins\com.st.stm32cube.common.mx_6.12.1.202409122256\\db\/mcu/
2026-01-27 09:49:15,084 [INFO] ApiDb:274 - Set plugin database path to: C:\ST\STM32CubeIDE_1.16.1\STM32CubeIDE\plugins\com.st.stm32cube.common.mx_6.12.1.202409122256\\db\/plugins/boardmanager/
2026-01-27 09:49:15,084 [INFO] ApiDb:261 - Set plugin images path to: C:\ST\STM32CubeIDE_1.16.1\STM32CubeIDE\plugins\com.st.stm32cube.common.mx_6.12.1.202409122256\\db\/plugins/mcufinder/images/
2026-01-27 09:49:15,084 [WARN] DbFile:41 - Overriding database path with different value: C:\Users\RND1\.stmcufinder\plugins\mcufinder/ => C:\Users\RND1\.stmcufinder\plugins\mcufinder
2026-01-27 09:49:15,084 [INFO] ApiDb:250 - Set database path to: C:\Users\RND1\.stmcufinder\plugins\mcufinder//mcu/
2026-01-27 09:49:15,085 [WARN] DbFile:41 - Overriding database path with different value: C:\Users\RND1\.stmcufinder\plugins\mcufinder/ => C:\Users\RND1\.stmcufinder\plugins\mcufinder
2026-01-27 09:49:15,085 [INFO] DbMcusAds:125 - Set database path to: C:\Users\RND1\.stmcufinder\plugins\mcufinder//mcu/
2026-01-27 09:49:15,085 [WARN] DbFile:41 - Overriding database path with different value: C:\Users\RND1\.stmcufinder\plugins\mcufinder/ => C:\Users\RND1\.stmcufinder\plugins\mcufinder
2026-01-27 09:49:15,085 [WARN] DbFile:41 - Overriding database path with different value: C:\Users\RND1\.stmcufinder\plugins\mcufinder/ => C:\Users\RND1\.stmcufinder\plugins\mcufinder
2026-01-27 09:49:15,085 [INFO] CrossReferenceDbSqlite:203 - Set database path to: C:\Users\RND1\.stmcufinder\plugins\mcufinder//mcu/cs/
2026-01-27 09:49:15,099 [INFO] ApplicationProperties:184 - Using Application install path: C:\ST\STM32CubeIDE_1.16.1\STM32CubeIDE\plugins\com.st.stm32cube.common.mx_6.12.1.202409122256
2026-01-27 09:49:15,100 [INFO] PluginManage:196 - Search for loadable plugins [exclusion list=, ]
2026-01-27 09:49:15,102 [INFO] PluginManage:310 - Check plugin analytics
2026-01-27 09:49:15,233 [INFO] AnalyticsPlugin:253 - Accepted Software Licenses: STM32CubeMX.6.10.0
2026-01-27 09:49:15,233 [INFO] AnalyticsPlugin:255 - Accepted CMSIS Pack Licenses: 
2026-01-27 09:49:15,233 [INFO] AnalyticsPlugin:257 - Accepted Firmware Licenses: FW.G4.1.5.0,FW.G4.1.6.0,FW.F4.1.28.0,FW.H7.1.11.0,FW.H7.1.12.0
2026-01-27 09:49:15,235 [INFO] PluginManage:359 - Loaded plugin analytics (category:tool,tabindex:-1)
2026-01-27 09:49:15,236 [INFO] PluginManage:310 - Check plugin cadmodel
2026-01-27 09:49:15,253 [INFO] CADModel:105 - Init CAD model plugin
2026-01-27 09:49:15,253 [INFO] PluginManage:359 - Loaded plugin cadmodel (category:power,tabindex:5)
2026-01-27 09:49:15,254 [INFO] PluginManage:310 - Check plugin clock
2026-01-27 09:49:15,274 [INFO] PluginManage:359 - Loaded plugin clock (category:base,tabindex:2)
2026-01-27 09:49:15,274 [INFO] PluginManage:310 - Check plugin ddr
2026-01-27 09:49:15,276 [INFO] PluginManage:359 - Loaded plugin ddr (category:tool,tabindex:6)
2026-01-27 09:49:15,276 [INFO] PluginManage:310 - Check plugin filemanager
2026-01-27 09:49:15,392 [INFO] PluginManage:359 - Loaded plugin filemanager (category:base,tabindex:10)
2026-01-27 09:49:15,393 [INFO] PluginManage:310 - Check plugin ipmanager
2026-01-27 09:49:15,398 [INFO] PluginManage:359 - Loaded plugin ipmanager (category:base,tabindex:5)
2026-01-27 09:49:15,398 [INFO] PluginManage:310 - Check plugin lpbam
2026-01-27 09:49:15,417 [INFO] PluginManage:359 - Loaded plugin lpbam (category:base,tabindex:0)
2026-01-27 09:49:15,417 [INFO] PluginManage:310 - Check plugin memorymap
2026-01-27 09:49:15,439 [INFO] PluginManage:359 - Loaded plugin memorymap (category:base,tabindex:4)
2026-01-27 09:49:15,439 [INFO] PluginManage:310 - Check plugin pinoutandconfiguration
2026-01-27 09:49:15,457 [INFO] PluginManage:359 - Loaded plugin pinoutandconfiguration (category:base,tabindex:1)
2026-01-27 09:49:15,458 [INFO] PluginManage:310 - Check plugin pinoutconfig
2026-01-27 09:49:15,535 [WARN] SupportedApi:132 - Cannot load RTOS API schema: s4s-elt-must-match.1: The content of 'definitions' must match (annotation?, (simpleType | complexType)?, (unique | key | keyref)*)). A problem was found starting at: attribute.
2026-01-27 09:49:15,641 [INFO] PluginManage:359 - Loaded plugin pinoutconfig (category:base,tabindex:0)
2026-01-27 09:49:15,642 [INFO] PluginManage:310 - Check plugin power
2026-01-27 09:49:15,663 [INFO] PluginManage:359 - Loaded plugin power (category:power,tabindex:4)
2026-01-27 09:49:15,663 [INFO] PluginManage:310 - Check plugin projectmanager
2026-01-27 09:49:15,674 [INFO] PluginManage:359 - Loaded plugin projectmanager (category:projectmanager,tabindex:4)
2026-01-27 09:49:15,674 [INFO] PluginManage:310 - Check plugin rif
2026-01-27 09:49:15,691 [INFO] PluginManage:359 - Loaded plugin rif (category:base,tabindex:3)
2026-01-27 09:49:15,691 [INFO] PluginManage:310 - Check plugin thirdparty
2026-01-27 09:49:15,930 [INFO] PluginManage:359 - Loaded plugin thirdparty (category:base,tabindex:-1)
2026-01-27 09:49:15,930 [INFO] PluginManage:310 - Check plugin tools
2026-01-27 09:49:15,930 [WARN] IntegrityCheckThread:84 - waiting for thirdparty lock release [integrity check]
2026-01-27 09:49:15,930 [INFO] IntegrityCheckThread:86 - entering critical section [integrity check]
2026-01-27 09:49:15,930 [INFO] ThirdPartyUpdaterWithRetryManager:70 - Updater plugin not ready yet. [1/15]
2026-01-27 09:49:15,966 [INFO] PluginManage:359 - Loaded plugin tools (category:base,tabindex:7)
2026-01-27 09:49:15,966 [INFO] PluginManage:310 - Check plugin tutovideos
2026-01-27 09:49:16,115 [INFO] PluginManage:359 - Loaded plugin tutovideos (category:base,tabindex:-1)
2026-01-27 09:49:16,115 [INFO] PluginManage:310 - Check plugin updater
2026-01-27 09:49:16,130 [INFO] PluginManage:359 - Loaded plugin updater (category:base,tabindex:12)
2026-01-27 09:49:16,130 [INFO] PluginManage:310 - Check plugin userauth
2026-01-27 09:49:16,135 [INFO] UserAuth:113 - Init User Auth plugin
2026-01-27 09:49:16,135 [INFO] PluginManage:359 - Loaded plugin userauth (category:base,tabindex:14)
2026-01-27 09:49:16,135 [INFO] PluginManage:283 - PluginManage : Loaded plugins [18]
2026-01-27 09:49:16,290 [INFO] PinOutPanel:1561 - setPackage(No Configuration,No Configuration)
2026-01-27 09:49:16,361 [INFO] CADModel:165 - CPN selected for project level
2026-01-27 09:49:16,361 [INFO] CADModel:114 - Register for checkConnection events
2026-01-27 09:49:16,387 [INFO] IPUIPlugin:80 - create IPUIPlugin
2026-01-27 09:49:16,387 [INFO] PluginManager:220 - loadIPPluginJar : add adc
2026-01-27 09:49:16,422 [INFO] IPUIPlugin:80 - create IPUIPlugin
2026-01-27 09:49:16,423 [INFO] PluginManager:220 - loadIPPluginJar : add aes
2026-01-27 09:49:16,461 [INFO] IPUIPlugin:80 - create IPUIPlugin
2026-01-27 09:49:16,461 [INFO] PluginManager:220 - loadIPPluginJar : add can
2026-01-27 09:49:16,484 [INFO] IPUIPlugin:80 - create IPUIPlugin
2026-01-27 09:49:16,484 [INFO] PluginManager:220 - loadIPPluginJar : add comp
2026-01-27 09:49:16,513 [INFO] IPUIPlugin:80 - create IPUIPlugin
2026-01-27 09:49:16,513 [INFO] PluginManager:220 - loadIPPluginJar : add cryp
2026-01-27 09:49:16,526 [INFO] IPUIPlugin:80 - create IPUIPlugin
2026-01-27 09:49:16,526 [INFO] PluginManager:220 - loadIPPluginJar : add ddr_ctrl_phy
2026-01-27 09:49:16,553 [INFO] IPUIPlugin:80 - create IPUIPlugin
2026-01-27 09:49:16,553 [INFO] PluginManager:220 - loadIPPluginJar : add dfsdm
2026-01-27 09:49:16,565 [INFO] IPUIPlugin:80 - create IPUIPlugin
2026-01-27 09:49:16,565 [INFO] PluginManager:220 - loadIPPluginJar : add dma
2026-01-27 09:49:16,607 [INFO] IPUIPlugin:80 - create IPUIPlugin
2026-01-27 09:49:16,607 [INFO] PluginManager:220 - loadIPPluginJar : add dma3
2026-01-27 09:49:16,647 [INFO] IPUIPlugin:80 - create IPUIPlugin
2026-01-27 09:49:16,647 [INFO] PluginManager:220 - loadIPPluginJar : add extmemmanager
2026-01-27 09:49:16,666 [INFO] IPUIPlugin:80 - create IPUIPlugin
2026-01-27 09:49:16,666 [INFO] PluginManager:220 - loadIPPluginJar : add fatfs
2026-01-27 09:49:16,707 [INFO] IPUIPlugin:80 - create IPUIPlugin
2026-01-27 09:49:16,708 [INFO] PluginManager:220 - loadIPPluginJar : add fmc
2026-01-27 09:49:16,722 [INFO] IPUIPlugin:80 - create IPUIPlugin
2026-01-27 09:49:16,722 [INFO] PluginManager:220 - loadIPPluginJar : add freertos
2026-01-27 09:49:16,742 [INFO] IPUIPlugin:80 - create IPUIPlugin
2026-01-27 09:49:16,742 [INFO] PluginManager:220 - loadIPPluginJar : add genericplugin
2026-01-27 09:49:16,819 [INFO] IPUIPlugin:80 - create IPUIPlugin
2026-01-27 09:49:16,819 [INFO] PluginManager:220 - loadIPPluginJar : add gfxmmu
2026-01-27 09:49:16,934 [INFO] IPUIPlugin:80 - create IPUIPlugin
2026-01-27 09:49:16,934 [INFO] PluginManager:220 - loadIPPluginJar : add gic
2026-01-27 09:49:16,946 [INFO] IPUIPlugin:80 - create IPUIPlugin
2026-01-27 09:49:16,947 [INFO] PluginManager:220 - loadIPPluginJar : add gpio
2026-01-27 09:49:17,022 [INFO] IPUIPlugin:80 - create IPUIPlugin
2026-01-27 09:49:17,022 [INFO] PluginManager:220 - loadIPPluginJar : add gtzc
2026-01-27 09:49:17,051 [INFO] IPUIPlugin:80 - create IPUIPlugin
2026-01-27 09:49:17,051 [INFO] PluginManager:220 - loadIPPluginJar : add hash
2026-01-27 09:49:17,094 [INFO] IPUIPlugin:80 - create IPUIPlugin
2026-01-27 09:49:17,095 [INFO] PluginManager:220 - loadIPPluginJar : add i2c
2026-01-27 09:49:17,130 [INFO] IPUIPlugin:80 - create IPUIPlugin
2026-01-27 09:49:17,130 [INFO] PluginManager:220 - loadIPPluginJar : add i2s
2026-01-27 09:49:17,166 [INFO] IPUIPlugin:80 - create IPUIPlugin
2026-01-27 09:49:17,166 [INFO] PluginManager:220 - loadIPPluginJar : add i3c
2026-01-27 09:49:17,246 [INFO] IPUIPlugin:80 - create IPUIPlugin
2026-01-27 09:49:17,246 [INFO] PluginManager:220 - loadIPPluginJar : add ipddr
2026-01-27 09:49:17,322 [INFO] IPUIPlugin:80 - create IPUIPlugin
2026-01-27 09:49:17,322 [INFO] PluginManager:220 - loadIPPluginJar : add linkedlist
2026-01-27 09:49:17,357 [INFO] IPUIPlugin:80 - create IPUIPlugin
2026-01-27 09:49:17,357 [INFO] PluginManager:220 - loadIPPluginJar : add lorawan
2026-01-27 09:49:17,390 [INFO] IPUIPlugin:80 - create IPUIPlugin
2026-01-27 09:49:17,390 [INFO] PluginManager:220 - loadIPPluginJar : add ltdc
2026-01-27 09:49:17,402 [INFO] IPUIPlugin:80 - create IPUIPlugin
2026-01-27 09:49:17,403 [INFO] PluginManager:220 - loadIPPluginJar : add mdma
2026-01-27 09:49:17,414 [INFO] IPUIPlugin:80 - create IPUIPlugin
2026-01-27 09:49:17,414 [INFO] PluginManager:220 - loadIPPluginJar : add nvic
2026-01-27 09:49:17,450 [INFO] IPUIPlugin:80 - create IPUIPlugin
2026-01-27 09:49:17,450 [INFO] PluginManager:220 - loadIPPluginJar : add opamp
2026-01-27 09:49:17,505 [INFO] IPUIPlugin:80 - create IPUIPlugin
2026-01-27 09:49:17,505 [INFO] PluginManager:220 - loadIPPluginJar : add openamp
2026-01-27 09:49:17,543 [INFO] IPUIPlugin:80 - create IPUIPlugin
2026-01-27 09:49:17,543 [INFO] PluginManager:220 - loadIPPluginJar : add pdm2pcm
2026-01-27 09:49:17,557 [INFO] IPUIPlugin:80 - create IPUIPlugin
2026-01-27 09:49:17,559 [INFO] PluginManager:220 - loadIPPluginJar : add plateformsettings
2026-01-27 09:49:17,581 [INFO] IPUIPlugin:80 - create IPUIPlugin
2026-01-27 09:49:17,581 [INFO] PluginManager:220 - loadIPPluginJar : add quadspi
2026-01-27 09:49:17,605 [INFO] IPUIPlugin:80 - create IPUIPlugin
2026-01-27 09:49:17,605 [INFO] PluginManager:220 - loadIPPluginJar : add radio
2026-01-27 09:49:17,618 [INFO] IPUIPlugin:80 - create IPUIPlugin
2026-01-27 09:49:17,618 [INFO] PluginManager:220 - loadIPPluginJar : add resmgrutility
2026-01-27 09:49:17,660 [INFO] IPUIPlugin:80 - create IPUIPlugin
2026-01-27 09:49:17,660 [INFO] PluginManager:220 - loadIPPluginJar : add sai
2026-01-27 09:49:17,694 [INFO] IPUIPlugin:80 - create IPUIPlugin
2026-01-27 09:49:17,694 [INFO] PluginManager:220 - loadIPPluginJar : add spi
2026-01-27 09:49:17,751 [INFO] IPUIPlugin:80 - create IPUIPlugin
2026-01-27 09:49:17,751 [INFO] PluginManager:220 - loadIPPluginJar : add stm32_wpan
2026-01-27 09:49:17,775 [INFO] IPUIPlugin:80 - create IPUIPlugin
2026-01-27 09:49:17,775 [INFO] PluginManager:220 - loadIPPluginJar : add tim
2026-01-27 09:49:17,824 [INFO] IPUIPlugin:80 - create IPUIPlugin
2026-01-27 09:49:17,825 [INFO] PluginManager:220 - loadIPPluginJar : add touchsensing
2026-01-27 09:49:17,846 [INFO] IPUIPlugin:80 - create IPUIPlugin
2026-01-27 09:49:17,847 [INFO] PluginManager:220 - loadIPPluginJar : add tracer_emb
2026-01-27 09:49:17,870 [INFO] IPUIPlugin:80 - create IPUIPlugin
2026-01-27 09:49:17,870 [INFO] PluginManager:220 - loadIPPluginJar : add ts
2026-01-27 09:49:17,892 [INFO] IPUIPlugin:80 - create IPUIPlugin
2026-01-27 09:49:17,892 [INFO] PluginManager:220 - loadIPPluginJar : add tsc
2026-01-27 09:49:17,913 [INFO] IPUIPlugin:80 - create IPUIPlugin
2026-01-27 09:49:17,913 [INFO] PluginManager:220 - loadIPPluginJar : add ucpd
2026-01-27 09:49:17,951 [INFO] IPUIPlugin:80 - create IPUIPlugin
2026-01-27 09:49:17,951 [INFO] PluginManager:220 - loadIPPluginJar : add usart
2026-01-27 09:49:17,988 [INFO] IPUIPlugin:80 - create IPUIPlugin
2026-01-27 09:49:17,988 [INFO] PluginManager:220 - loadIPPluginJar : add usbx
2026-01-27 09:49:18,097 [INFO] CADModel:165 - CPN selected for project level
2026-01-27 09:49:18,097 [INFO] CADModel:114 - Register for checkConnection events
2026-01-27 09:49:18,099 [FATAL] Updater:334 - Updater called before beeing initialized
2026-01-27 09:49:18,099 [ERROR] CADModel:125 - Updater not yet initialized, retry later 
2026-01-27 09:49:18,196 [INFO] CADModel:165 - CPN selected for project level
2026-01-27 09:49:18,197 [INFO] CADModel:114 - Register for checkConnection events
2026-01-27 09:49:18,197 [FATAL] Updater:334 - Updater called before beeing initialized
2026-01-27 09:49:18,197 [ERROR] CADModel:125 - Updater not yet initialized, retry later 
2026-01-27 09:49:18,200 [FATAL] Updater:334 - Updater called before beeing initialized
2026-01-27 09:49:18,273 [FATAL] Updater:334 - Updater called before beeing initialized
2026-01-27 09:49:18,283 [INFO] DbMcusAds:53 - JSON generation date=Fri Jan 09 00:56:32 KST 2026 (1767887792457)
2026-01-27 09:49:18,283 [FATAL] Updater:334 - Updater called before beeing initialized
2026-01-27 09:49:18,316 [WARN] DetailPanel:346 - Failed to get advertising image, set to default
2026-01-27 09:49:18,403 [FATAL] Updater:334 - Updater called before beeing initialized
2026-01-27 09:49:18,404 [FATAL] Updater:334 - Updater called before beeing initialized
2026-01-27 09:49:18,404 [FATAL] Updater:334 - Updater called before beeing initialized
2026-01-27 09:49:18,404 [WARN] DetailPanel:346 - Failed to get advertising image, set to default
2026-01-27 09:49:18,405 [FATAL] Updater:334 - Updater called before beeing initialized
2026-01-27 09:49:18,453 [ERROR] Updater:1164 - MainUpdater not yet initialized. External WinMGr cannot be set.
2026-01-27 09:49:18,462 [INFO] Updater:1100 - Updater Version found : 6.12.1
2026-01-27 09:49:18,476 [INFO] ApplicationProperties:184 - Using Application install path: C:\ST\STM32CubeIDE_1.16.1\STM32CubeIDE\plugins\com.st.stm32cube.common.mx_6.12.1.202409122256
2026-01-27 09:49:18,933 [INFO] ThirdPartyUpdaterWithRetryManager:70 - Updater plugin not ready yet. [2/15]
2026-01-27 09:49:18,969 [INFO] MainUpdater:2873 - connection check result : 10
2026-01-27 09:49:18,969 [INFO] MainUpdater:3567 - Updater definition file requires update
2026-01-27 09:49:18,970 [INFO] MainUpdater:290 - Updater Check For Update Now.
2026-01-27 09:49:18,970 [INFO] MicroXplorer:498 - Change Database Version : DB.6.0.121
2026-01-27 09:49:18,989 [INFO] McuFinderGlobals:63 - Set McuFinder mode to 2 (CubeIDE integrated)
2026-01-27 09:49:18,994 [INFO] UserAuth:417 - Internet connection configuration mode: 1
2026-01-27 09:49:19,017 [INFO] JxBrowserEngine:152 - Initiate JxBrowser Engine with user profile folder
2026-01-27 09:49:19,109 [INFO] ServerAccessManage:473 - Download File updaters.zip
2026-01-27 09:49:19,247 [INFO] FileExtend:240 - Unzip File : updaters.zip
2026-01-27 09:49:19,247 [INFO] FileExtend:255 - Standard Zip Deflate
2026-01-27 09:49:19,989 [INFO] ServerAccessManage:473 - Download File PacksControlFlags.xml
2026-01-27 09:49:20,113 [INFO] ServerAccessManage:473 - Download File cubemx.pidx
2026-01-27 09:49:20,196 [INFO] LoadServerUpdatesThread:375 - End of LoadServerUpdate Thread
2026-01-27 09:49:20,350 [INFO] CheckServerUpdateThread:120 - End of CheckServer Thread
2026-01-27 09:49:20,403 [INFO] MainUpdater:2873 - connection check result : 10
2026-01-27 09:49:20,409 [INFO] MainUpdater:2873 - connection check result : 10
2026-01-27 09:49:20,563 [INFO] RulesReader:64 - Compatibility file has been processed (297 Rules)
2026-01-27 09:49:20,569 [INFO] RulesReader:64 - Compatibility file has been processed (297 Rules)
2026-01-27 09:49:20,573 [INFO] MicroXplorer:468 - Change Database Path : 
2026-01-27 09:49:20,573 [INFO] MicroXplorer:498 - Change Database Version : DB.6.0.121
2026-01-27 09:49:20,591 [WARN] ThirdParty:871 - waiting for thirdparty lock release [close project]
2026-01-27 09:49:21,580 [INFO] WebApp:167 - Instantiating new browser for Auth
2026-01-27 09:49:22,154 [INFO] WebApp:448 - Apply proxy settings
2026-01-27 09:49:22,158 [INFO] WebApp:493 - Chromium authenticates against Manually configured proxy
2026-01-27 09:49:22,164 [INFO] WebApp:501 - Username used for proxy authentication: 
2026-01-27 09:49:22,189 [INFO] WebApp:869 - Register for checkConnection events
2026-01-27 09:49:22,189 [INFO] WebApp:448 - Apply proxy settings
2026-01-27 09:49:22,192 [INFO] WebApp:493 - Chromium authenticates against Manually configured proxy
2026-01-27 09:49:22,193 [INFO] WebApp:501 - Username used for proxy authentication: 
2026-01-27 09:49:22,208 [WARN] PackLoader:240 - Cannot read IP mode file for STMicroelectronics.FP-SNS-MOTENVWB1.1.4.0
2026-01-27 09:49:22,223 [WARN] PackLoader:240 - Cannot read IP mode file for STMicroelectronics.FP-ATR-ASTRA1.2.0.2
2026-01-27 09:49:22,234 [WARN] PackLoader:240 - Cannot read IP mode file for STMicroelectronics.FP-ATR-ASTRA1.2.0.1
2026-01-27 09:49:22,248 [WARN] PackLoader:240 - Cannot read IP mode file for STMicroelectronics.X-CUBE-SMBUS.2.1.0
2026-01-27 09:49:22,262 [WARN] PackLoader:240 - Cannot read IP mode file for STMicroelectronics.X-CUBE-WB05N.1.1.0
2026-01-27 09:49:22,273 [ERROR] Engine:466 - C:\Users\RND1\.stm32cubemx\thirdparties\pdsc\STMicroelectronics.X-CUBE-ST60.1.0.0.pdsc: PDSC version is not supported
2026-01-27 09:49:22,285 [WARN] PackLoader:240 - Cannot read IP mode file for STMicroelectronics.X-CUBE-TOUCHGFX.4.23.0
2026-01-27 09:49:22,296 [WARN] PackLoader:240 - Cannot read IP mode file for STMicroelectronics.X-CUBE-TOUCHGFX.4.23.2
2026-01-27 09:49:22,322 [WARN] PackLoader:240 - Cannot read IP mode file for STMicroelectronics.X-CUBE-AZRTOS-F7.1.1.0
2026-01-27 09:49:22,349 [WARN] PackLoader:240 - Cannot read IP mode file for STMicroelectronics.FP-SNS-MOTENV1.4.3.2
2026-01-27 09:49:22,364 [INFO] WebApp:220 - Starting web application
2026-01-27 09:49:22,364 [INFO] WebApp:578 - Web application path used C:\ST\STM32CubeIDE_1.16.1\STM32CubeIDE\plugins\com.st.stm32cube.common.mx_6.12.1.202409122256\db\plugins\mcufinder\reactClient1\index.html
2026-01-27 09:49:22,376 [INFO] WebApp:186 - Connection restablished
2026-01-27 09:49:22,413 [WARN] PackLoader:240 - Cannot read IP mode file for STMicroelectronics.X-CUBE-MEMS1.11.0.0
2026-01-27 09:49:22,522 [ERROR] Engine:466 - C:\Users\RND1\.stm32cubemx\thirdparties\pdsc\STMicroelectronics.FP-SNS-MOTENV1.5.1.0.pdsc: PDSC version is not supported
2026-01-27 09:49:22,542 [WARN] PackLoader:240 - Cannot read IP mode file for STMicroelectronics.FP-SNS-FLIGHT1.5.0.2
2026-01-27 09:49:22,563 [INFO] UserAuth:417 - Internet connection configuration mode: 1
2026-01-27 09:49:22,580 [WARN] PackLoader:240 - Cannot read IP mode file for STMicroelectronics.X-CUBE-AZRTOS-H7.3.4.0
2026-01-27 09:49:22,605 [WARN] PackLoader:240 - Cannot read IP mode file for STMicroelectronics.X-CUBE-DISPLAY.3.0.0
2026-01-27 09:49:22,627 [WARN] PackLoader:240 - Cannot read IP mode file for STMicroelectronics.X-CUBE-BLE1.7.0.0
2026-01-27 09:49:22,651 [WARN] PackLoader:240 - Cannot read IP mode file for STMicroelectronics.X-CUBE-NFC10.1.0.0
2026-01-27 09:49:22,681 [WARN] PackLoader:240 - Cannot read IP mode file for STMicroelectronics.X-CUBE-BLEMGR.4.0.0
2026-01-27 09:49:22,698 [ERROR] Engine:466 - C:\Users\RND1\.stm32cubemx\thirdparties\pdsc\STMicroelectronics.X-CUBE-ST60.1.1.0.pdsc: PDSC version is not supported
2026-01-27 09:49:22,718 [WARN] PackLoader:240 - Cannot read IP mode file for emotas.I-CUBE-CANOPEN.1.3.0
2026-01-27 09:49:22,743 [WARN] PackLoader:240 - Cannot read IP mode file for STMicroelectronics.X-CUBE-GNSS1.7.1.0
2026-01-27 09:49:22,767 [WARN] PackLoader:240 - Cannot read IP mode file for STMicroelectronics.X-CUBE-BLEMGR.3.1.0
2026-01-27 09:49:22,786 [WARN] PackLoader:240 - Cannot read IP mode file for STMicroelectronics.X-CUBE-AI.10.0.0
2026-01-27 09:49:22,803 [ERROR] Engine:466 - C:\Users\RND1\.stm32cubemx\thirdparties\pdsc\STMicroelectronics.FP-SNS-STBOX1.2.1.0.pdsc: PDSC version is not supported
2026-01-27 09:49:22,819 [WARN] PackLoader:240 - Cannot read IP mode file for STMicroelectronics.FP-SNS-SMARTAG2.1.2.0
2026-01-27 09:49:22,835 [ERROR] Engine:466 - C:\Users\RND1\.stm32cubemx\thirdparties\pdsc\STMicroelectronics.FP-SNS-FLIGHT1.5.1.0.pdsc: PDSC version is not supported
2026-01-27 09:49:22,884 [WARN] PackLoader:240 - Cannot read IP mode file for STMicroelectronics.X-CUBE-MEMS1.11.1.0
2026-01-27 09:49:22,968 [INFO] LogOutputStream:77 - [STDOUT_REDIRECT] 1 : Invalid condition id : UX_CORESTACK_Condition cause : null
2026-01-27 09:49:22,969 [INFO] LogOutputStream:77 - [STDOUT_REDIRECT] 1 : Invalid condition id : UX_CORESTACK_Condition cause : null
2026-01-27 09:49:22,971 [INFO] LogOutputStream:77 - [STDOUT_REDIRECT] 1 : Invalid condition id : UX_CORESTACK_Condition cause : null
2026-01-27 09:49:22,972 [INFO] LogOutputStream:77 - [STDOUT_REDIRECT] 1 : Invalid condition id : UX_CORESTACK_Condition cause : null
2026-01-27 09:49:22,973 [INFO] LogOutputStream:77 - [STDOUT_REDIRECT] 1 : Invalid condition id : UX_CORESTACK_Condition cause : null
2026-01-27 09:49:22,974 [WARN] PackLoader:240 - Cannot read IP mode file for STMicroelectronics.X-CUBE-AZRTOS-WL.2.0.0
2026-01-27 09:49:22,992 [WARN] PackLoader:240 - Cannot read IP mode file for STMicroelectronics.FP-SNS-MOTENV1.5.0.0
2026-01-27 09:49:23,026 [WARN] PackLoader:240 - Cannot read IP mode file for STMicroelectronics.X-CUBE-AZRTOS-H7RS.1.2.0
2026-01-27 09:49:23,043 [WARN] PackLoader:240 - Cannot read IP mode file for wolfSSL.I-CUBE-wolfMQTT.1.19.0
2026-01-27 09:49:23,060 [WARN] PackLoader:240 - Cannot read IP mode file for WES.I-CUBE-Cesium.1.3.0
2026-01-27 09:49:23,072 [WARN] PackLoader:240 - Cannot read IP mode file for STMicroelectronics.X-CUBE-BLE2.3.3.0
2026-01-27 09:49:23,084 [ERROR] Engine:466 - C:\Users\RND1\.stm32cubemx\thirdparties\pdsc\Avnet-IOTCONNECT.X-CUBE-iotc-st67-sdk.1.0.0.pdsc: PDSC version is not supported
2026-01-27 09:49:23,097 [WARN] PackLoader:240 - Cannot read IP mode file for STMicroelectronics.X-CUBE-NFC9.1.0.0
2026-01-27 09:49:23,111 [WARN] PackLoader:240 - Cannot read IP mode file for STMicroelectronics.X-CUBE-BLE1.7.1.0
2026-01-27 09:49:23,129 [WARN] PackLoader:240 - Cannot read IP mode file for STMicroelectronics.X-CUBE-TCPP.4.1.0
2026-01-27 09:49:23,142 [ERROR] Engine:466 - C:\Users\RND1\.stm32cubemx\thirdparties\pdsc\STMicroelectronics.X-CUBE-FREERTOS.1.4.0.pdsc: PDSC version is not supported
2026-01-27 09:49:23,158 [WARN] PackLoader:240 - Cannot read IP mode file for STMicroelectronics.X-CUBE-EEPRMA1.5.2.0
2026-01-27 09:49:23,171 [ERROR] Engine:466 - C:\Users\RND1\.stm32cubemx\thirdparties\pdsc\STMicroelectronics.X-CUBE-ST67W61.1.1.0.pdsc: PDSC version is not supported
2026-01-27 09:49:23,187 [WARN] PackLoader:240 - Cannot read IP mode file for STMicroelectronics.X-CUBE-AI.10.1.0
2026-01-27 09:49:23,225 [WARN] PackLoader:240 - Cannot read IP mode file for STMicroelectronics.X-CUBE-MEMS1.12.0.0
2026-01-27 09:49:23,275 [WARN] PackLoader:240 - Cannot read IP mode file for STMicroelectronics.X-CUBE-ALGOBUILD.1.3.0
2026-01-27 09:49:23,314 [WARN] PackLoader:240 - Cannot read IP mode file for STMicroelectronics.X-CUBE-MEMS1.11.2.0
2026-01-27 09:49:23,383 [WARN] PackLoader:240 - Cannot read IP mode file for STMicroelectronics.X-CUBE-AZRTOS-G0.1.1.0
2026-01-27 09:49:23,399 [WARN] PackLoader:240 - Cannot read IP mode file for STMicroelectronics.X-CUBE-SAFEA1.1.2.2
2026-01-27 09:49:23,413 [WARN] PackLoader:240 - Cannot read IP mode file for STMicroelectronics.X-CUBE-NFC4.3.0.0
2026-01-27 09:49:23,427 [WARN] PackLoader:240 - Cannot read IP mode file for wolfSSL.I-CUBE-wolfMQTT.1.18.0
2026-01-27 09:49:23,447 [WARN] PackLoader:240 - Cannot read IP mode file for EmbeddedOffice.I-CUBE-FS-RTOS.1.0.1
2026-01-27 09:49:23,447 [ERROR] ConditionMgr:805 - Attr not supported : Dmpu
2026-01-27 09:49:23,447 [ERROR] ConditionMgr:805 - Attr not supported : Dmpu
2026-01-27 09:49:23,447 [ERROR] ConditionMgr:805 - Attr not supported : Dmpu
2026-01-27 09:49:23,447 [ERROR] ConditionMgr:805 - Attr not supported : Dmpu
2026-01-27 09:49:23,447 [ERROR] ConditionMgr:805 - Attr not supported : Dmpu
2026-01-27 09:49:23,447 [ERROR] ConditionMgr:805 - Attr not supported : Dmpu
2026-01-27 09:49:23,447 [ERROR] ConditionMgr:805 - Attr not supported : Dmpu
2026-01-27 09:49:23,447 [ERROR] ConditionMgr:805 - Attr not supported : Dmpu
2026-01-27 09:49:23,447 [ERROR] ConditionMgr:805 - Attr not supported : Dmpu
2026-01-27 09:49:23,447 [ERROR] ConditionMgr:805 - Attr not supported : Dmpu
2026-01-27 09:49:23,447 [ERROR] ConditionMgr:805 - Attr not supported : Dmpu
2026-01-27 09:49:23,448 [ERROR] ConditionMgr:805 - Attr not supported : Dmpu
2026-01-27 09:49:23,448 [ERROR] ConditionMgr:805 - Attr not supported : Dmpu
2026-01-27 09:49:23,448 [ERROR] ConditionMgr:805 - Attr not supported : Dmpu
2026-01-27 09:49:23,448 [ERROR] ConditionMgr:805 - Attr not supported : Dmpu
2026-01-27 09:49:23,448 [ERROR] ConditionMgr:805 - Attr not supported : Dmpu
2026-01-27 09:49:23,448 [ERROR] ConditionMgr:805 - Attr not supported : Dmpu
2026-01-27 09:49:23,448 [ERROR] ConditionMgr:805 - Attr not supported : Dmpu
2026-01-27 09:49:23,448 [ERROR] ConditionMgr:805 - Attr not supported : Dmpu
2026-01-27 09:49:23,448 [ERROR] ConditionMgr:805 - Attr not supported : Dmpu
2026-01-27 09:49:23,448 [ERROR] ConditionMgr:805 - Attr not supported : Dmpu
2026-01-27 09:49:23,448 [ERROR] ConditionMgr:805 - Attr not supported : Dmpu
2026-01-27 09:49:23,448 [ERROR] ConditionMgr:805 - Attr not supported : Dmpu
2026-01-27 09:49:23,448 [ERROR] ConditionMgr:805 - Attr not supported : Dmpu
2026-01-27 09:49:23,448 [ERROR] ConditionMgr:805 - Attr not supported : Dmpu
2026-01-27 09:49:23,448 [ERROR] ConditionMgr:805 - Attr not supported : Dmpu
2026-01-27 09:49:23,448 [ERROR] ConditionMgr:805 - Attr not supported : Dmpu
2026-01-27 09:49:23,448 [ERROR] ConditionMgr:805 - Attr not supported : Dmpu
2026-01-27 09:49:23,448 [ERROR] ConditionMgr:805 - Attr not supported : Dmpu
2026-01-27 09:49:23,448 [ERROR] ConditionMgr:805 - Attr not supported : Dmpu
2026-01-27 09:49:23,448 [ERROR] ConditionMgr:805 - Attr not supported : Dmpu
2026-01-27 09:49:23,448 [ERROR] ConditionMgr:805 - Attr not supported : Dmpu
2026-01-27 09:49:23,448 [ERROR] ConditionMgr:805 - Attr not supported : Dmpu
2026-01-27 09:49:23,448 [ERROR] ConditionMgr:805 - Attr not supported : Dmpu
2026-01-27 09:49:23,449 [ERROR] ConditionMgr:805 - Attr not supported : Dmpu
2026-01-27 09:49:23,449 [ERROR] ConditionMgr:805 - Attr not supported : Dmpu
2026-01-27 09:49:23,449 [ERROR] ConditionMgr:805 - Attr not supported : Dmpu
2026-01-27 09:49:23,449 [ERROR] ConditionMgr:805 - Attr not supported : Dmpu
2026-01-27 09:49:23,449 [ERROR] ConditionMgr:805 - Attr not supported : Dmpu
2026-01-27 09:49:23,449 [ERROR] ConditionMgr:805 - Attr not supported : Dmpu
2026-01-27 09:49:23,449 [ERROR] ConditionMgr:805 - Attr not supported : Dmpu
2026-01-27 09:49:23,449 [ERROR] ConditionMgr:805 - Attr not supported : Dmpu
2026-01-27 09:49:23,449 [ERROR] ConditionMgr:805 - Attr not supported : Dmpu
2026-01-27 09:49:23,449 [ERROR] ConditionMgr:805 - Attr not supported : Dmpu
2026-01-27 09:49:23,449 [ERROR] ConditionMgr:805 - Attr not supported : Dmpu
2026-01-27 09:49:23,449 [ERROR] ConditionMgr:805 - Attr not supported : Dmpu
2026-01-27 09:49:23,449 [ERROR] ConditionMgr:805 - Attr not supported : Dmpu
2026-01-27 09:49:23,449 [ERROR] ConditionMgr:805 - Attr not supported : Dmpu
2026-01-27 09:49:23,449 [ERROR] ConditionMgr:805 - Attr not supported : Dmpu
2026-01-27 09:49:23,449 [ERROR] ConditionMgr:805 - Attr not supported : Dmpu
2026-01-27 09:49:23,449 [ERROR] ConditionMgr:805 - Attr not supported : Dmpu
2026-01-27 09:49:23,449 [ERROR] ConditionMgr:805 - Attr not supported : Dmpu
2026-01-27 09:49:23,449 [ERROR] ConditionMgr:805 - Attr not supported : Dmpu
2026-01-27 09:49:23,450 [ERROR] ConditionMgr:805 - Attr not supported : Dmpu
2026-01-27 09:49:23,450 [ERROR] ConditionMgr:805 - Attr not supported : Dmpu
2026-01-27 09:49:23,450 [ERROR] ConditionMgr:805 - Attr not supported : Dmpu
2026-01-27 09:49:23,450 [ERROR] ConditionMgr:805 - Attr not supported : Dmpu
2026-01-27 09:49:23,450 [ERROR] ConditionMgr:805 - Attr not supported : Dmpu
2026-01-27 09:49:23,450 [ERROR] ConditionMgr:805 - Attr not supported : Dmpu
2026-01-27 09:49:23,450 [ERROR] ConditionMgr:805 - Attr not supported : Dmpu
2026-01-27 09:49:23,450 [ERROR] ConditionMgr:805 - Attr not supported : Dmpu
2026-01-27 09:49:23,450 [ERROR] ConditionMgr:805 - Attr not supported : Dmpu
2026-01-27 09:49:23,450 [ERROR] ConditionMgr:805 - Attr not supported : Dmpu
2026-01-27 09:49:23,451 [ERROR] ConditionMgr:805 - Attr not supported : Dmpu
2026-01-27 09:49:23,467 [WARN] PackLoader:240 - Cannot read IP mode file for STMicroelectronics.X-CUBE-WB05N.2.0.0
2026-01-27 09:49:23,484 [WARN] PackLoader:240 - Cannot read IP mode file for STMicroelectronics.X-CUBE-BLEMGR.3.0.0
2026-01-27 09:49:23,499 [ERROR] Engine:466 - C:\Users\RND1\.stm32cubemx\thirdparties\pdsc\STMicroelectronics.X-CUBE-TCPP.4.2.0.pdsc: PDSC version is not supported
2026-01-27 09:49:23,512 [WARN] PackLoader:240 - Cannot read IP mode file for RealThread.X-CUBE-RT-Thread_Nano.4.1.1
2026-01-27 09:49:23,525 [WARN] PackLoader:240 - Cannot read IP mode file for STMicroelectronics.FP-ATR-SIGFOX1.3.2.0
2026-01-27 09:49:23,540 [WARN] ConditionMgr:438 - getConditionDescription Invalid condition id : Cortex-A Device cause : null
2026-01-27 09:49:23,556 [WARN] ConditionMgr:1039 - genDependencies : Invalid condition id : Cortex-A Device cause : null
2026-01-27 09:49:23,556 [WARN] ConditionMgr:1039 - genDependencies : Invalid condition id : Cortex-A Device cause : null
2026-01-27 09:49:23,556 [WARN] ConditionMgr:1039 - genDependencies : Invalid condition id : Cortex-A Device cause : null
2026-01-27 09:49:23,569 [WARN] PackLoader:240 - Cannot read IP mode file for STMicroelectronics.X-CUBE-EEPRMA1.5.1.0
2026-01-27 09:49:23,585 [WARN] PackLoader:240 - Cannot read IP mode file for STMicroelectronics.X-CUBE-NFC6.3.2.0
2026-01-27 09:49:23,596 [ERROR] Engine:466 - C:\Users\RND1\.stm32cubemx\thirdparties\pdsc\STMicroelectronics.X-CUBE-ST67W61.1.0.0.pdsc: PDSC version is not supported
2026-01-27 09:49:23,607 [WARN] PackLoader:240 - Cannot read IP mode file for STMicroelectronics.X-CUBE-AI.10.2.0
2026-01-27 09:49:23,632 [WARN] PackLoader:240 - Cannot read IP mode file for SEGGER.I-CUBE-embOS.1.3.1
2026-01-27 09:49:23,671 [WARN] PackLoader:240 - Cannot read IP mode file for STMicroelectronics.X-CUBE-ALGOBUILD.1.4.0
2026-01-27 09:49:23,710 [WARN] PackLoader:240 - Cannot read IP mode file for STMicroelectronics.X-CUBE-MEMS1.11.3.0
2026-01-27 09:49:23,780 [WARN] PackLoader:240 - Cannot read IP mode file for STMicroelectronics.X-CUBE-AI.9.1.0
2026-01-27 09:49:23,792 [WARN] PackLoader:240 - Cannot read IP mode file for STMicroelectronics.X-CUBE-PM33A1.1.0.0
2026-01-27 09:49:23,805 [WARN] PackLoader:240 - Cannot read IP mode file for STMicroelectronics.X-CUBE-GNSS1.6.0.0
2026-01-27 09:49:23,829 [WARN] PackLoader:240 - Cannot read IP mode file for STMicroelectronics.X-CUBE-AZRTOS-F4.1.1.0
2026-01-27 09:49:23,843 [WARN] PackLoader:240 - Cannot read IP mode file for wolfSSL.I-CUBE-wolfSSL.5.6.4
2026-01-27 09:49:23,855 [ERROR] Engine:466 - C:\Users\RND1\.stm32cubemx\thirdparties\pdsc\Avnet-IotConnect.X-CUBE-IoTC-DA16k-PMOD.1.0.0.pdsc: PDSC version is not supported
2026-01-27 09:49:23,869 [WARN] PackLoader:240 - Cannot read IP mode file for STMicroelectronics.X-CUBE-ISPU.2.1.0
2026-01-27 09:49:23,884 [ERROR] Engine:466 - C:\Users\RND1\.stm32cubemx\thirdparties\pdsc\STMicroelectronics.X-CUBE-IPS.3.2.0.pdsc: PDSC version is not supported
2026-01-27 09:49:23,896 [WARN] PackLoader:240 - Cannot read IP mode file for STMicroelectronics.X-CUBE-FREERTOS.1.2.0
2026-01-27 09:49:23,911 [WARN] PackLoader:240 - Cannot read IP mode file for STMicroelectronics.X-CUBE-NFC12.1.0.0
2026-01-27 09:49:23,935 [WARN] PackLoader:240 - Cannot read IP mode file for STMicroelectronics.X-CUBE-AZRTOS-L5.2.0.0
2026-01-27 09:49:23,950 [WARN] PackLoader:240 - Cannot read IP mode file for STMicroelectronics.X-CUBE-EEPRMA1.4.2.0
2026-01-27 09:49:23,962 [WARN] PackLoader:240 - Cannot read IP mode file for STMicroelectronics.X-CUBE-NFC6.3.1.0
2026-01-27 09:49:23,977 [WARN] PackLoader:240 - Cannot read IP mode file for ITTIA_DB.I-CUBE-ITTIADB.8.8.0
2026-01-27 09:49:23,989 [WARN] PackLoader:240 - Cannot read IP mode file for STMicroelectronics.X-CUBE-DPower.1.2.0
2026-01-27 09:49:24,001 [WARN] PackLoader:240 - Cannot read IP mode file for STMicroelectronics.X-CUBE-AI.9.0.0
2026-01-27 09:49:24,013 [WARN] PackLoader:240 - Cannot read IP mode file for STMicroelectronics.X-CUBE-FREERTOS.1.3.1
2026-01-27 09:49:24,025 [WARN] PackLoader:240 - Cannot read IP mode file for STMicroelectronics.X-CUBE-FREERTOS.1.3.0
2026-01-27 09:49:24,044 [WARN] PackLoader:240 - Cannot read IP mode file for STMicroelectronics.X-CUBE-NFC7.1.0.1
2026-01-27 09:49:24,059 [WARN] PackLoader:240 - Cannot read IP mode file for STMicroelectronics.X-CUBE-TOUCHGFX.4.26.0
2026-01-27 09:49:24,071 [WARN] PackLoader:240 - Cannot read IP mode file for STMicroelectronics.X-CUBE-NFC6.3.0.0
2026-01-27 09:49:24,082 [ERROR] Engine:466 - C:\Users\RND1\.stm32cubemx\thirdparties\pdsc\STMicroelectronics.FP-SNS-STAIOTCFT.1.0.0.pdsc: PDSC version is not supported
2026-01-27 09:49:24,094 [WARN] PackLoader:240 - Cannot read IP mode file for STMicroelectronics.X-CUBE-DPower.1.3.0
2026-01-27 09:49:24,106 [WARN] PackLoader:240 - Cannot read IP mode file for STMicroelectronics.X-CUBE-AI.8.1.0
2026-01-27 09:49:24,128 [WARN] ConditionMgr:438 - getConditionDescription Invalid condition id : LAN8742 Phy interface Condition cause : null
2026-01-27 09:49:24,128 [WARN] PackLoader:240 - Cannot read IP mode file for STMicroelectronics.X-CUBE-AZRTOS-L4.2.0.0
2026-01-27 09:49:24,129 [WARN] ConditionMgr:1039 - genDependencies : Invalid condition id : LAN8742 Phy interface Condition cause : null
2026-01-27 09:49:24,129 [WARN] ConditionMgr:1039 - genDependencies : Invalid condition id : LAN8742 Phy interface Condition cause : null
2026-01-27 09:49:24,129 [WARN] ConditionMgr:1039 - genDependencies : Invalid condition id : LAN8742 Phy interface Condition cause : null
2026-01-27 09:49:24,143 [WARN] PackLoader:240 - Cannot read IP mode file for STMicroelectronics.X-CUBE-SFXS2LP1.4.0.0
2026-01-27 09:49:24,155 [ERROR] Engine:466 - C:\Users\RND1\.stm32cubemx\thirdparties\pdsc\STMicroelectronics.X-CUBE-ST67W61.1.2.0.pdsc: PDSC version is not supported
2026-01-27 09:49:24,178 [WARN] PackLoader:240 - Cannot read IP mode file for STMicroelectronics.X-CUBE-AZRTOS-H7.3.3.0
2026-01-27 09:49:24,192 [ERROR] Engine:466 - C:\Users\RND1\.stm32cubemx\thirdparties\pdsc\STMicroelectronics.X-CUBE-BLEMGR.4.1.0.pdsc: PDSC version is not supported
2026-01-27 09:49:24,206 [WARN] PackLoader:240 - Cannot read IP mode file for STMicroelectronics.X-CUBE-IPS.3.0.0
2026-01-27 09:49:24,228 [WARN] ConditionMgr:438 - getConditionDescription Invalid condition id : UX DEVICE CLASS RTOS Condition cause : null
2026-01-27 09:49:24,228 [WARN] ConditionMgr:438 - getConditionDescription Invalid condition id : UX DEVICE CLASS RTOS Condition cause : null
2026-01-27 09:49:24,228 [WARN] PackLoader:240 - Cannot read IP mode file for STMicroelectronics.X-CUBE-AZRTOS-WB.2.0.0
2026-01-27 09:49:24,229 [WARN] ConditionMgr:1039 - genDependencies : Invalid condition id : UX DEVICE CLASS RTOS Condition cause : null
2026-01-27 09:49:24,229 [WARN] ConditionMgr:1039 - genDependencies : Invalid condition id : UX DEVICE CLASS RTOS Condition cause : null
2026-01-27 09:49:24,229 [WARN] ConditionMgr:1039 - genDependencies : Invalid condition id : UX DEVICE CLASS RTOS Condition cause : null
2026-01-27 09:49:24,229 [WARN] ConditionMgr:1039 - genDependencies : Invalid condition id : UX DEVICE CLASS RTOS Condition cause : null
2026-01-27 09:49:24,229 [WARN] ConditionMgr:1039 - genDependencies : Invalid condition id : UX DEVICE CLASS RTOS Condition cause : null
2026-01-27 09:49:24,242 [WARN] PackLoader:240 - Cannot read IP mode file for STMicroelectronics.X-CUBE-GNSS1.7.0.0
2026-01-27 09:49:24,253 [WARN] PackLoader:240 - Cannot read IP mode file for STMicroelectronics.X-CUBE-GNSS1.7.0.1
2026-01-27 09:49:24,267 [WARN] PackLoader:240 - Cannot read IP mode file for STMicroelectronics.X-CUBE-TOUCHGFX.4.25.0
2026-01-27 09:49:24,280 [WARN] PackLoader:240 - Cannot read IP mode file for STMicroelectronics.FP-SNS-STBOX1.2.0.0
2026-01-27 09:49:24,294 [WARN] PackLoader:240 - Cannot read IP mode file for STMicroelectronics.X-CUBE-STSE01.2.0.0
2026-01-27 09:49:24,310 [WARN] PackLoader:240 - Cannot read IP mode file for STMicroelectronics.X-CUBE-SUBG2.5.0.0
2026-01-27 09:49:24,333 [WARN] PackLoader:240 - Cannot read IP mode file for STMicroelectronics.X-CUBE-AZRTOS-H7RS.1.1.0
2026-01-27 09:49:24,354 [WARN] PackLoader:240 - Cannot read IP mode file for STMicroelectronics.X-CUBE-AZRTOS-G4.2.0.0
2026-01-27 09:49:24,374 [WARN] PackLoader:240 - Cannot read IP mode file for Infineon.AIROC-Wi-Fi-Bluetooth-STM32.1.5.1
2026-01-27 09:49:24,387 [WARN] PackLoader:240 - Cannot read IP mode file for STMicroelectronics.X-CUBE-NFC7.2.0.0
2026-01-27 09:49:24,397 [WARN] PackLoader:240 - Cannot read IP mode file for STMicroelectronics.FP-SNS-MOTENVWB1.1.3.1
2026-01-27 09:49:24,409 [WARN] PackLoader:240 - Cannot read IP mode file for STMicroelectronics.X-CUBE-ISPU.2.0.0
2026-01-27 09:49:24,421 [ERROR] Engine:466 - C:\Users\RND1\.stm32cubemx\thirdparties\pdsc\STMicroelectronics.X-CUBE-IPS.3.1.0.pdsc: PDSC version is not supported
2026-01-27 09:49:24,432 [WARN] PackLoader:240 - Cannot read IP mode file for STMicroelectronics.X-CUBE-ALS.1.0.2
2026-01-27 09:49:24,457 [WARN] PackLoader:240 - Cannot read IP mode file for STMicroelectronics.X-CUBE-MEMS1.10.0.0
2026-01-27 09:49:24,506 [WARN] PackLoader:240 - Cannot read IP mode file for STMicroelectronics.X-CUBE-FREERTOS.1.1.0
2026-01-27 09:49:24,518 [WARN] PackLoader:240 - Cannot read IP mode file for STMicroelectronics.X-CUBE-TOUCHGFX.4.24.0
2026-01-27 09:49:24,529 [WARN] PackLoader:240 - Cannot read IP mode file for STMicroelectronics.X-CUBE-TOUCHGFX.4.24.2
2026-01-27 09:49:24,539 [WARN] PackLoader:240 - Cannot read IP mode file for STMicroelectronics.X-CUBE-TOUCHGFX.4.24.1
2026-01-27 09:49:24,551 [WARN] PackLoader:240 - Cannot read IP mode file for STMicroelectronics.X-CUBE-STSE01.1.0.0
2026-01-27 09:49:24,561 [WARN] PackLoader:240 - Cannot read IP mode file for wolfSSL.I-CUBE-wolfTPM.3.4.0
2026-01-27 09:49:24,573 [WARN] PackLoader:240 - Cannot read IP mode file for portGmbH.I-Cube-SoM-uGOAL.1.1.0
2026-01-27 09:49:24,583 [WARN] PackLoader:240 - Cannot read IP mode file for STMicroelectronics.X-CUBE-ALS.1.0.1
2026-01-27 09:49:24,602 [WARN] PackLoader:240 - Cannot read IP mode file for STMicroelectronics.X-CUBE-AZRTOS-H7RS.1.0.0
2026-01-27 09:49:24,613 [WARN] PackLoader:240 - Cannot read IP mode file for STMicroelectronics.FP-ATR-ASTRA1.2.0.0
2026-01-27 09:49:24,628 [WARN] PackLoader:240 - Cannot read IP mode file for STMicroelectronics.X-CUBE-TOF1.3.4.2
2026-01-27 09:49:24,643 [ERROR] Engine:466 - C:\Users\RND1\.stm32cubemx\thirdparties\pdsc\STMicroelectronics.X-CUBE-TOF1.3.4.3.pdsc: PDSC version is not supported
2026-01-27 09:49:24,657 [WARN] PackLoader:240 - Cannot read IP mode file for STMicroelectronics.X-CUBE-TOF1.3.4.0
2026-01-27 09:49:24,678 [WARN] PackLoader:240 - Cannot read IP mode file for STMicroelectronics.X-CUBE-TOF1.3.4.1
2026-01-27 09:49:24,706 [WARN] PackLoader:240 - Cannot read IP mode file for STMicroelectronics.X-CUBE-AZRTOS-H7.3.2.0
2026-01-27 09:49:24,718 [WARN] PackLoader:240 - Cannot read IP mode file for wolfSSL.I-CUBE-wolfSSH.1.4.17
2026-01-27 09:49:24,719 [INFO] ThirdParty:978 - Integrity check success = true
2026-01-27 09:49:24,719 [INFO] IntegrityCheckThread:100 - exiting critical section [integrity check]
2026-01-27 09:49:24,719 [INFO] IntegrityCheckThread:103 - End integrity checks thread
2026-01-27 09:49:24,719 [INFO] ThirdParty:873 - entering critical section [close project]
2026-01-27 09:49:24,719 [INFO] ThirdParty:883 - exiting critical section [close project]
2026-01-27 09:49:24,721 [INFO] PinOutPanel:1561 - setPackage(No Configuration,No Configuration)
2026-01-27 09:49:24,723 [INFO] UtilMem:75 - Begin LoadConfig() Used Memory: 199072264 Bytes (316669952)
2026-01-27 09:49:24,729 [INFO] MicroXplorer:468 - Change Database Path : C:/Users/RND1/.stm32cubemx/databases/DB.6.0.100/db/
2026-01-27 09:49:24,729 [INFO] MicroXplorer:498 - Change Database Version : DB.6.0.100
2026-01-27 09:49:31,164 [INFO] OpenFileManager:332 - Change cursor
2026-01-27 09:49:31,191 [INFO] Mcu:2032 - Initializing MCU STM32F103C(8-B)Tx STM32F103C8Tx STM32F103C8T6
2026-01-27 09:49:31,785 [INFO] Context:742 - Trying to add GPIOservice into a context  which must be forbidden
2026-01-27 09:49:32,020 [INFO] RtosManager:555 - Registered RTOS mode: class=CMSIS, group=RTOS, mode=CMSIS_V1, owner=FREERTOS
2026-01-27 09:49:32,020 [INFO] RtosManager:555 - Registered RTOS mode: class=CMSIS, group=RTOS2, mode=CMSIS_V2, owner=FREERTOS
2026-01-27 09:49:32,021 [INFO] RtosManager:555 - Registered RTOS mode: class=RTOS, group=Core, mode=CMSIS_V1, owner=FREERTOS
2026-01-27 09:49:32,021 [INFO] RtosManager:555 - Registered RTOS mode: class=RTOS, group=Core, mode=CMSIS_V2, owner=FREERTOS
2026-01-27 09:49:32,021 [WARN] ModelIntegratedComponent:184 - Missing modes for component STMicroelectronics:FreeRTOS:0.0.1:STMicroelectronics:RTOS:FreeRTOS:Core:::10.2.0:
2026-01-27 09:49:32,027 [WARN] ModelIntegratedComponent:63 - No mode defined for component null
2026-01-27 09:49:32,027 [WARN] ModelIntegratedComponent:63 - No mode defined for component null
2026-01-27 09:49:32,027 [WARN] ModelIntegratedComponent:63 - No mode defined for component null
2026-01-27 09:49:32,027 [WARN] ModelIntegratedComponent:63 - No mode defined for component null
2026-01-27 09:49:32,027 [WARN] ModelIntegratedComponent:63 - No mode defined for component null
2026-01-27 09:49:32,027 [WARN] ModelIntegratedComponent:63 - No mode defined for component null
2026-01-27 09:49:32,027 [WARN] ModelIntegratedComponent:63 - No mode defined for component null
2026-01-27 09:49:32,027 [WARN] ModelIntegratedComponent:63 - No mode defined for component null
2026-01-27 09:49:32,028 [WARN] ModelIntegratedComponent:63 - No mode defined for component null
2026-01-27 09:49:32,028 [WARN] ModelIntegratedComponent:63 - No mode defined for component null
2026-01-27 09:49:32,028 [WARN] ModelIntegratedComponent:63 - No mode defined for component null
2026-01-27 09:49:32,028 [WARN] ModelIntegratedComponent:63 - No mode defined for component null
2026-01-27 09:49:32,028 [WARN] ModelIntegratedComponent:63 - No mode defined for component null
2026-01-27 09:49:32,028 [WARN] ModelIntegratedComponent:63 - No mode defined for component null
2026-01-27 09:49:32,028 [WARN] ModelIntegratedComponent:63 - No mode defined for component null
2026-01-27 09:49:32,028 [WARN] ModelIntegratedComponent:63 - No mode defined for component null
2026-01-27 09:49:32,028 [WARN] ModelIntegratedComponent:63 - No mode defined for component null
2026-01-27 09:49:32,028 [WARN] ModelIntegratedComponent:63 - No mode defined for component null
2026-01-27 09:49:32,028 [WARN] ModelIntegratedComponent:63 - No mode defined for component null
2026-01-27 09:49:32,028 [WARN] ModelIntegratedComponent:63 - No mode defined for component null
2026-01-27 09:49:32,028 [WARN] ModelIntegratedComponent:63 - No mode defined for component null
2026-01-27 09:49:32,028 [WARN] ModelIntegratedComponent:63 - No mode defined for component null
2026-01-27 09:49:32,028 [WARN] ModelIntegratedComponent:63 - No mode defined for component null
2026-01-27 09:49:32,028 [WARN] ModelIntegratedComponent:63 - No mode defined for component null
2026-01-27 09:49:32,028 [WARN] ModelIntegratedComponent:63 - No mode defined for component null
2026-01-27 09:49:32,028 [WARN] ModelIntegratedComponent:63 - No mode defined for component null
2026-01-27 09:49:32,028 [WARN] ModelIntegratedComponent:63 - No mode defined for component null
2026-01-27 09:49:32,028 [WARN] ModelIntegratedComponent:63 - No mode defined for component null
2026-01-27 09:49:32,028 [WARN] ModelIntegratedComponent:63 - No mode defined for component null
2026-01-27 09:49:32,028 [WARN] ModelIntegratedComponent:63 - No mode defined for component null
2026-01-27 09:49:32,028 [WARN] ModelIntegratedComponent:63 - No mode defined for component null
2026-01-27 09:49:32,028 [WARN] ModelIntegratedComponent:63 - No mode defined for component null
2026-01-27 09:49:32,028 [WARN] ModelIntegratedComponent:63 - No mode defined for component null
2026-01-27 09:49:32,028 [WARN] ModelIntegratedComponent:63 - No mode defined for component null
2026-01-27 09:49:32,028 [WARN] ModelIntegratedComponent:63 - No mode defined for component null
2026-01-27 09:49:32,028 [WARN] ModelPack:524 - Component already loaded: STMicroelectronics:HAL Drivers:0.0.0:STMicroelectronics:Device:STMicro_Driver:XSPI:HAL::0.0.1:HAL_XSPI
2026-01-27 09:49:32,252 [INFO] ThirdPartyModel:298 - Start build external matchings
2026-01-27 09:49:33,329 [INFO] ThirdPartyModel:316 - End build external matchings
2026-01-27 09:49:33,361 [INFO] ImportTextPane:205 - (OptionalMessage_ERROR) IP (RCC) : Parameter (ADCFreqValue) has invalid value (36000000)
2026-01-27 09:49:33,361 [INFO] ImportTextPane:205 - (OptionalMessage_ERROR) IP (RCC) : Invalid parameter (FamilyName)
2026-01-27 09:49:33,362 [INFO] ImportTextPane:205 - (OptionalMessage_ERROR) IP (RCC) : Parameter (MCOFreq_Value) has invalid value (72000000)
2026-01-27 09:49:33,567 [INFO] ApiDb:581 - Connected to CubeFinder SQLite database (C:\Users\RND1\.stmcufinder\plugins\mcufinder\mcu\cube-finder-db.db)
2026-01-27 09:49:33,623 [INFO] ApiDb:668 - CubeFinder database Data Model version=2.1
2026-01-27 09:49:33,624 [INFO] ApiDb:669 - CubeFinder database Configuration version=3.0.39
2026-01-27 09:49:33,624 [INFO] ApiDb:670 - CubeFinder database generation date=2025-12-22 (1766407740)
2026-01-27 09:49:33,624 [INFO] ApiDb:671 - CubeFinder database FW Pack versions=[FP-ATR-ASTRA1_V2.0.0, FP-SNS-FLIGHT1_V5.1.0, FP-SNS-MOTENV1_V5.1.0, FP-SNS-MOTENVWB1_V1.4.0, FP-SNS-SMARTAG2_V1.2.0, FP-SNS-STBOX1_V2.1.0, STM32Cube_FW_C0_V1.4.0, STM32Cube_FW_F4_V1.28.3, STM32Cube_FW_F7_V1.17.4, STM32Cube_FW_G0_V1.6.2, STM32Cube_FW_G4_V1.6.1, STM32Cube_FW_H5_V1.5.1, STM32Cube_FW_H7RS_V1.3.0, STM32Cube_FW_H7_V1.12.1, STM32Cube_FW_L0_V1.12.2, STM32Cube_FW_L4_V1.18.1, STM32Cube_FW_L5_V1.6.0, STM32Cube_FW_N6_V1.3.0, STM32Cube_FW_U0_V1.3.0, STM32Cube_FW_U3_V1.2.1, STM32Cube_FW_U5_V1.8.0, STM32Cube_FW_WB0_V1.4.0, STM32Cube_FW_WBA_V1.8.0, STM32Cube_FW_WB_V1.24.0, STM32Cube_FW_WL3_V1.3.0, STM32Cube_FW_WL_V1.4.0, X-CUBE-ALGOBUILD_V1.4.0, X-CUBE-ALS_V1.0.2, X-CUBE-AZRTOS-F4_V1.1.0, X-CUBE-AZRTOS-F7_V1.1.0, X-CUBE-AZRTOS-G0_V1.1.0, X-CUBE-AZRTOS-G4_V2.0.0, X-CUBE-AZRTOS-H7RS_V1.1.0, X-CUBE-AZRTOS-H7_V3.4.0, X-CUBE-AZRTOS-L4_V2.0.0, X-CUBE-AZRTOS-L5_V2.0.0, X-CUBE-AZRTOS-WB_V2.0.0, X-CUBE-AZRTOS-WL_V2.0.0, X-CUBE-BLE1_V7.1.0, X-CUBE-BLE2_V3.3.0, X-CUBE-BLEMGR_V4.1.0, X-CUBE-EEPRMA1_V5.2.0, X-CUBE-FREERTOS_V1.3.1, X-CUBE-GNSS1_V6.0.0, X-CUBE-MEMS1_V12.0.0, X-CUBE-NFC4_V3.0.0, X-CUBE-NFC7_V2.0.0, X-CUBE-SFXS2LP1_V4.0.0, X-CUBE-ST67W61_V1.1.0, X-CUBE-SUBG2_V5.0.0, X-CUBE-TOF1_V3.4.3]
2026-01-27 09:49:33,709 [INFO] DbBoardsSqlite:226 - include board P-NUCLEO-WB55-NUCLEO as a kit item of type 'Nucleo-64'
2026-01-27 09:49:33,709 [INFO] DbBoardsSqlite:226 - include board P-NUCLEO-WB55-USBDONGLE as a kit item of type 'Nucleo USB Dongle'
2026-01-27 09:49:33,710 [INFO] DbBoardsSqlite:226 - include board STEVAL-IDP005V1 as a kit item of type 'Evaluation Board'
2026-01-27 09:49:33,710 [INFO] DbBoardsSqlite:226 - include board STEVAL-IDP005V2 as a kit item of type 'Evaluation Board'
2026-01-27 09:49:33,953 [INFO] ApiDb:240 - Found 646 in-development CPN: [B-G473E-ZEST1S, B-WB1M-WPAN1, B-WL5M-SUBG1, NUCLEO-C031C6, NUCLEO-C071RB, NUCLEO-H503RB, NUCLEO-H533RE, NUCLEO-H563ZI, NUCLEO-H7S3L8, NUCLEO-U031R8, NUCLEO-U083RC, NUCLEO-U545RE-Q, NUCLEO-U5A5ZJ-Q, NUCLEO-WB05KZ, NUCLEO-WB07CC, NUCLEO-WB09KE, NUCLEO-WBA52CG, NUCLEO-WBA55CG, STEVAL-PROTEUS1, STEVAL-SMARTAG2, STEVAL-STWINBX1, STM320518-EVAL, STM32C0116-DK, STM32C011D6Y3TR, STM32C011D6Y6TR, STM32C011F4P3, STM32C011F4P6, STM32C011F4U3, STM32C011F4U6TR, STM32C011F6P3, STM32C011F6P6, STM32C011F6U3, STM32C011F6U6TR, STM32C011J4M3, STM32C011J4M6, STM32C011J6M3, STM32C011J6M6, STM32C0316-DK, STM32C031C4T3, STM32C031C4T6, STM32C031C4U3, STM32C031C4U6, STM32C031C6T3, STM32C031C6T6, STM32C031C6U3, STM32C031C6U6, STM32C031F4P3, STM32C031F4P6, STM32C031F6P3, STM32C031F6P6, STM32C031G4U3, STM32C031G4U6, STM32C031G6U3, STM32C031G6U6, STM32C031K4T3, STM32C031K4T6, STM32C031K4U3, STM32C031K4U6, STM32C031K6T3, STM32C031K6T6, STM32C031K6U3, STM32C031K6U6, STM32C071C8T6, STM32C071C8T6N, STM32C071C8U6, STM32C071C8U6N, STM32C071CBT6, STM32C071CBT6N, STM32C071CBU6, STM32C071CBU6N, STM32C071F8P6, STM32C071F8P6N, STM32C071FBP6, STM32C071FBP6N, STM32C071FBY6TR, STM32C071G8U6, STM32C071G8U6N, STM32C071GBU6, STM32C071GBU6N, STM32C071K8T6, STM32C071K8T6N, STM32C071K8U6, STM32C071K8U6N, STM32C071KBT6, STM32C071KBT6N, STM32C071KBU6, STM32C071KBU6N, STM32C071R8T6, STM32C071R8T6N, STM32C071RBI6N, STM32C071RBT6, STM32C071RBT6N, STM32G071K8TXN, STM32G071K8UXN, STM32G081GBU6N, STM32G081KBT6N, STM32G081KBUXN, STM32G0B1CCT6N, STM32G0B1KCT6, STM32G0B1NEY6TR, STM32G0B1RCT6N, STM32G0C1CCT6, STM32G0C1CCT6N, STM32G0C1CCU6N, STM32G0C1CET6N, STM32G0C1CEU6N, STM32G0C1KCT6, STM32G0C1NEY6TR, STM32G0C1RCI6N, STM32G0C1RCT6N, STM32G0C1REI6N, STM32G0C1RET6N, STM32G0C1VCI6, STM32G0C1VEI6, STM32G411C6T3, STM32G411C6T6, STM32G411C6U3, STM32G411C6U6, STM32G411C8T3, STM32G411C8T6, STM32G411C8U3, STM32G411C8U6, STM32G411CBT3, STM32G411CBT6, STM32G411CBU3, STM32G411CBU6, STM32G411K6T3, STM32G411K6T6, STM32G411K6U3, STM32G411K6U6, STM32G411K8T3, STM32G411K8T6, STM32G411K8U3, STM32G411K8U6, STM32G411KBT3, STM32G411KBT6, STM32G411KBU3, STM32G411KBU6, STM32G411M6T3, STM32G411M6T6, STM32G411M8T3, STM32G411M8T6, STM32G411MBT3, STM32G411MBT6, STM32G411R6T3, STM32G411R6T6, STM32G411R8T3, STM32G411R8T6, STM32G411RBT3, STM32G411RBT6, STM32G414CBT3, STM32G414CBT6, STM32G414CBU3, STM32G414CBU6, STM32G414CCT3, STM32G414CCT6, STM32G414CCU3, STM32G414CCU6, STM32G414MBT3, STM32G414MBT6, STM32G414MCT3, STM32G414MCT6, STM32G414RBT3, STM32G414RBT6, STM32G414RCT3, STM32G414RCT6, STM32G414VBT3, STM32G414VBT6, STM32G414VCT3, STM32G414VCT6, STM32G431CBT3Z, STM32G431RBT3Z, STM32G471CCT6, STM32G471CCU6, STM32G471CET3, STM32G471CET6, STM32G471CEU3, STM32G471CEU6, STM32G471MCT6, STM32G471MET3, STM32G471MET6, STM32G471MEY6TR, STM32G471QCT6, STM32G471QET3, STM32G471RCT6, STM32G471RET3, STM32G471RET6, STM32G471VCH6, STM32G471VCI6, STM32G471VCT6, STM32G471VEH3, STM32G471VEH6, STM32G471VEI3, STM32G471VEI6, STM32G471VET3, STM32G471VET6, STM32G473QET3Z, STM32G473RET3Z, STM32G474CCT6, STM32G491RET3Z, STM32H503CBT6, STM32H503CBU6, STM32H503EBY6TR, STM32H503KBU6, STM32H503RBT6, STM32H523CCT6, STM32H523CCU6, STM32H523CET6, STM32H523CEU6, STM32H523HEY6TR, STM32H523RCT6, STM32H523RET6, STM32H523VCI6, STM32H523VCT6, STM32H523VEI6, STM32H523VET6, STM32H523ZCJ6, STM32H523ZCT6, STM32H523ZEJ6, STM32H523ZET6, STM32H533CET6, STM32H533CEU6, STM32H533HEY6TR, STM32H533RET6, STM32H533VEI6, STM32H533VET6, STM32H533ZEJ6, STM32H533ZET6, STM32H562AGI6, STM32H562AII6, STM32H562IGK6, STM32H562IGT6, STM32H562IIK6, STM32H562IIT6, STM32H562RGT6, STM32H562RGV6, STM32H562RIT6, STM32H562RIV6, STM32H562VGT6, STM32H562VIT6, STM32H562ZGT6, STM32H562ZIT6, STM32H563AGI6, STM32H563AII3Q, STM32H563AII6, STM32H563IGK6, STM32H563IGT6, STM32H563IIK3Q, STM32H563IIK6, STM32H563IIT3Q, STM32H563IIT6, STM32H563MIY3QTR, STM32H563RGT6, STM32H563RGV6, STM32H563RIT6, STM32H563RIV6, STM32H563VGT6, STM32H563VIT3Q, STM32H563VIT6, STM32H563ZGT6, STM32H563ZIT3Q, STM32H563ZIT6, STM32H573AII3Q, STM32H573AII6, STM32H573I-DK, STM32H573IIK3Q, STM32H573IIK6, STM32H573IIT3Q, STM32H573IIT6, STM32H573MIY3QTR, STM32H573RIT6, STM32H573RIV6, STM32H573VIT3Q, STM32H573VIT6, STM32H573ZIT3Q, STM32H573ZIT6, STM32H7R3A8I6, STM32H7R3I8K6, STM32H7R3I8T6, STM32H7R3L8H6, STM32H7R3L8H6H, STM32H7R3R8V6, STM32H7R3V8H6, STM32H7R3V8T6, STM32H7R3V8Y6TR, STM32H7R3Z8J6, STM32H7R3Z8T6, STM32H7R7A8I6, STM32H7R7I8K6, STM32H7R7I8T6, STM32H7R7L8H6, STM32H7R7L8H6H, STM32H7R7Z8J6, STM32H7S3A8I6, STM32H7S3I8K6, STM32H7S3I8T6, STM32H7S3L8H6, STM32H7S3L8H6H, STM32H7S3R8V6, STM32H7S3V8H6, STM32H7S3V8T6, STM32H7S3V8Y6TR, STM32H7S3Z8J6, STM32H7S3Z8T6, STM32H7S78-DK, STM32H7S7A8I6, STM32H7S7I8K6, STM32H7S7I8T6, STM32H7S7L8H6, STM32H7S7L8H6H, STM32H7S7Z8J6, STM32L4R5QGI6STR, STM32MP131AAE3, STM32MP131AAF3, STM32MP131AAG3, STM32MP131CAE3, STM32MP131CAF3, STM32MP131CAG3, STM32MP131DAE7, STM32MP131DAF7, STM32MP131DAG7, STM32MP131FAE7, STM32MP131FAF7, STM32MP131FAG7, STM32MP133AAE3, STM32MP133AAF3, STM32MP133AAG3, STM32MP133CAE3, STM32MP133CAF3, STM32MP133CAG3, STM32MP133DAE7, STM32MP133DAF7, STM32MP133DAG7, STM32MP133FAE7, STM32MP133FAF7, STM32MP133FAG7, STM32MP135AAE3, STM32MP135AAF3, STM32MP135AAG3, STM32MP135CAE3, STM32MP135CAF3, STM32MP135CAG3, STM32MP135DAE7, STM32MP135DAF7, STM32MP135DAG7, STM32MP135F-DK, STM32MP135FAE7, STM32MP135FAF7, STM32MP135FAF7T, STM32MP135FAF7U, STM32MP135FAG7, STM32MP251AAI3, STM32MP251AAK3, STM32MP251AAL3, STM32MP251CAI3, STM32MP251CAK3, STM32MP251CAL3, STM32MP251DAI3, STM32MP251DAK3, STM32MP251DAL3, STM32MP251FAI3, STM32MP251FAK3, STM32MP251FAL3, STM32MP253AAI3, STM32MP253AAK3, STM32MP253AAL3, STM32MP253CAI3, STM32MP253CAK3, STM32MP253CAL3, STM32MP253DAI3, STM32MP253DAK3, STM32MP253DAL3, STM32MP253FAI3, STM32MP253FAK3, STM32MP253FAL3, STM32MP255AAI3, STM32MP255AAK3, STM32MP255AAL3, STM32MP255CAI3, STM32MP255CAK3, STM32MP255CAL3, STM32MP255DAI3, STM32MP255DAK3, STM32MP255DAL3, STM32MP255FAI3, STM32MP255FAK3, STM32MP255FAL3, STM32MP257AAI3, STM32MP257AAK3, STM32MP257AAL3, STM32MP257CAI3, STM32MP257CAK3, STM32MP257CAL3, STM32MP257DAI3, STM32MP257DAK3, STM32MP257DAL3, STM32MP257F-DK, STM32MP257F-EV1, STM32MP257FAI3, STM32MP257FAK3, STM32MP257FAL3, STM32U031C6T6, STM32U031C6U6, STM32U031C8T6, STM32U031C8U6, STM32U031F4P6, STM32U031F6P6, STM32U031F8P6, STM32U031G6Y6TR, STM32U031G8Y6TR, STM32U031K4U6, STM32U031K6U6, STM32U031K8U6, STM32U031R6I6, STM32U031R6T6, STM32U031R8I6, STM32U031R8T6, STM32U073C8T6, STM32U073C8U6, STM32U073CBT6, STM32U073CBU6, STM32U073CCT6, STM32U073CCU6, STM32U073H8Y6TR, STM32U073HBY6TR, STM32U073HCY6TR, STM32U073K8U6, STM32U073KBU6, STM32U073KCU6, STM32U073M8I6, STM32U073M8T6, STM32U073MBI6, STM32U073MBT6, STM32U073MCI6, STM32U073MCT6, STM32U073R8I6, STM32U073R8T6, STM32U073RBI6, STM32U073RBT6, STM32U073RCI6, STM32U073RCT6, STM32U083C-DK, STM32U083CCT6, STM32U083CCU6, STM32U083HCY6TR, STM32U083KCU6, STM32U083MCI6, STM32U083MCT6, STM32U083RCI6, STM32U083RCT6, STM32U535CBT6, STM32U535CBT6Q, STM32U535CBU6, STM32U535CBU6Q, STM32U535CCT6, STM32U535CCT6Q, STM32U535CCU6, STM32U535CCU6Q, STM32U535CET6, STM32U535CET6Q, STM32U535CEU6, STM32U535CEU6Q, STM32U535JEY6QTR, STM32U535NCY6QTR, STM32U535NEY6QTR, STM32U535RBI6, STM32U535RBI6Q, STM32U535RBT6, STM32U535RBT6Q, STM32U535RCI6, STM32U535RCI6Q, STM32U535RCT6, STM32U535RCT6Q, STM32U535REI6, STM32U535REI6Q, STM32U535RET6, STM32U535RET6Q, STM32U535VCI6, STM32U535VCI6Q, STM32U535VCT6, STM32U535VCT6Q, STM32U535VEI6, STM32U535VEI6Q, STM32U535VET6, STM32U535VET6Q, STM32U545CET6, STM32U545CET6Q, STM32U545CEU6, STM32U545CEU6Q, STM32U545JEY6QTR, STM32U545NEY6QTR, STM32U545REI6, STM32U545REI6Q, STM32U545RET6, STM32U545RET6Q, STM32U545VEI6, STM32U545VEI6Q, STM32U545VET6, STM32U545VET6Q, STM32U595AIH6, STM32U595AIH6Q, STM32U595AJH6, STM32U595AJH6Q, STM32U595QII6, STM32U595QII6Q, STM32U595QJI6, STM32U595QJI6Q, STM32U595RIT6, STM32U595RIT6Q, STM32U595RJT6, STM32U595RJT6Q, STM32U595VIT6, STM32U595VIT6Q, STM32U595VJT6, STM32U595VJT6Q, STM32U595ZIT6, STM32U595ZIT6Q, STM32U595ZIY6QTR, STM32U595ZJT6, STM32U595ZJT6Q, STM32U595ZJY6QTR, STM32U599BJY6QTR, STM32U599NIH6Q, STM32U599NJH6Q, STM32U599VIT6Q, STM32U599VJT6, STM32U599VJT6Q, STM32U599ZIT6Q, STM32U599ZIY6QTR, STM32U599ZJT6Q, STM32U599ZJY6QTR, STM32U5A5AJH6, STM32U5A5AJH6Q, STM32U5A5QII3Q , STM32U5A5QJI6, STM32U5A5QJI6Q, STM32U5A5RJT6, STM32U5A5RJT6Q, STM32U5A5VJT6, STM32U5A5VJT6Q, STM32U5A5ZJT6, STM32U5A5ZJT6Q, STM32U5A5ZJY6QTR, STM32U5A9BJY6QTR, STM32U5A9J-DK, STM32U5A9NJH6Q, STM32U5A9VJT6Q, STM32U5A9ZJT6Q, STM32U5A9ZJY6QTR, STM32U5F7VIT6, STM32U5F7VIT6Q, STM32U5F7VJT6, STM32U5F7VJT6Q, STM32U5F9BJY6QTR, STM32U5F9NJH6Q, STM32U5F9VIT6Q, STM32U5F9VJT6Q, STM32U5F9ZIJ6QTR, STM32U5F9ZIT6Q, STM32U5F9ZJJ6QTR, STM32U5F9ZJT6Q, STM32U5G7VJT6, STM32U5G7VJT6Q, STM32U5G9BJY6QTR, STM32U5G9J-DK1, STM32U5G9J-DK2, STM32U5G9NJH6Q, STM32U5G9VJT6Q, STM32U5G9ZJJ6QTR, STM32U5G9ZJT6Q, STM32WB05KZV6TR, STM32WB05KZV7TR, STM32WB05TZF6TR, STM32WB05TZF7TR, STM32WB06CCF6TR, STM32WB06CCF7TR, STM32WB06CCV6TR, STM32WB06CCV7TR, STM32WB06KCV6TR, STM32WB06KCV7TR, STM32WB07CCF6TR, STM32WB07CCF7TR, STM32WB07CCV6TR, STM32WB07CCV7TR, STM32WB07KCV6TR, STM32WB07KCV7TR, STM32WB09KEV6TR, STM32WB09KEV7TR, STM32WB09TEF6TR, STM32WB09TEF7TR, STM32WB1MMCH6, STM32WBA50KGU6, STM32WBA50KGU6TR, STM32WBA52CEU6, STM32WBA52CEU6TR, STM32WBA52CEU7, STM32WBA52CEU7TR, STM32WBA52CGU6, STM32WBA52CGU6TR, STM32WBA52CGU6U, STM32WBA52CGU7, STM32WBA52CGU7TR, STM32WBA52KEU6, STM32WBA52KEU6TR, STM32WBA52KGU6, STM32WBA52KGU6TR, STM32WBA54CEU6, STM32WBA54CEU6TR, STM32WBA54CEU7, STM32WBA54CEU7TR, STM32WBA54CGU6, STM32WBA54CGU6TR, STM32WBA54CGU7, STM32WBA54CGU7TR, STM32WBA54KEU6, STM32WBA54KEU6TR, STM32WBA54KEU7, STM32WBA54KEU7TR, STM32WBA54KGU6, STM32WBA54KGU6TR, STM32WBA54KGU7, STM32WBA54KGU7TR, STM32WBA55CEU6, STM32WBA55CEU6TR, STM32WBA55CEU7, STM32WBA55CEU7TR, STM32WBA55CGU6, STM32WBA55CGU6TR, STM32WBA55CGU6U, STM32WBA55CGU7, STM32WBA55CGU7TR, STM32WBA55G-DK1, STM32WBA55HEF6, STM32WBA55HEF7, STM32WBA55HGF6, STM32WBA55HGF7, STM32WBA55UEI6, STM32WBA55UEI6TR, STM32WBA55UEI7, STM32WBA55UEI7TR, STM32WBA55UGI6, STM32WBA55UGI6TR, STM32WBA55UGI7, STM32WBA55UGI7TR, STM32WL5MOCH6, STM32WL5MOCH6TR]
2026-01-27 09:49:33,956 [INFO] ApiDb:668 - CubeFinder database Data Model version=2.1
2026-01-27 09:49:33,956 [INFO] ApiDb:669 - CubeFinder database Configuration version=3.0.39
2026-01-27 09:49:33,956 [INFO] ApiDb:670 - CubeFinder database generation date=2025-12-22 (1766407740)
2026-01-27 09:49:33,956 [INFO] ApiDb:671 - CubeFinder database FW Pack versions=[FP-ATR-ASTRA1_V2.0.0, FP-SNS-FLIGHT1_V5.1.0, FP-SNS-MOTENV1_V5.1.0, FP-SNS-MOTENVWB1_V1.4.0, FP-SNS-SMARTAG2_V1.2.0, FP-SNS-STBOX1_V2.1.0, STM32Cube_FW_C0_V1.4.0, STM32Cube_FW_F4_V1.28.3, STM32Cube_FW_F7_V1.17.4, STM32Cube_FW_G0_V1.6.2, STM32Cube_FW_G4_V1.6.1, STM32Cube_FW_H5_V1.5.1, STM32Cube_FW_H7RS_V1.3.0, STM32Cube_FW_H7_V1.12.1, STM32Cube_FW_L0_V1.12.2, STM32Cube_FW_L4_V1.18.1, STM32Cube_FW_L5_V1.6.0, STM32Cube_FW_N6_V1.3.0, STM32Cube_FW_U0_V1.3.0, STM32Cube_FW_U3_V1.2.1, STM32Cube_FW_U5_V1.8.0, STM32Cube_FW_WB0_V1.4.0, STM32Cube_FW_WBA_V1.8.0, STM32Cube_FW_WB_V1.24.0, STM32Cube_FW_WL3_V1.3.0, STM32Cube_FW_WL_V1.4.0, X-CUBE-ALGOBUILD_V1.4.0, X-CUBE-ALS_V1.0.2, X-CUBE-AZRTOS-F4_V1.1.0, X-CUBE-AZRTOS-F7_V1.1.0, X-CUBE-AZRTOS-G0_V1.1.0, X-CUBE-AZRTOS-G4_V2.0.0, X-CUBE-AZRTOS-H7RS_V1.1.0, X-CUBE-AZRTOS-H7_V3.4.0, X-CUBE-AZRTOS-L4_V2.0.0, X-CUBE-AZRTOS-L5_V2.0.0, X-CUBE-AZRTOS-WB_V2.0.0, X-CUBE-AZRTOS-WL_V2.0.0, X-CUBE-BLE1_V7.1.0, X-CUBE-BLE2_V3.3.0, X-CUBE-BLEMGR_V4.1.0, X-CUBE-EEPRMA1_V5.2.0, X-CUBE-FREERTOS_V1.3.1, X-CUBE-GNSS1_V6.0.0, X-CUBE-MEMS1_V12.0.0, X-CUBE-NFC4_V3.0.0, X-CUBE-NFC7_V2.0.0, X-CUBE-SFXS2LP1_V4.0.0, X-CUBE-ST67W61_V1.1.0, X-CUBE-SUBG2_V5.0.0, X-CUBE-TOF1_V3.4.3]
2026-01-27 09:49:35,293 [INFO] ApiDb:240 - Found 646 in-development CPN: [B-G473E-ZEST1S, B-WB1M-WPAN1, B-WL5M-SUBG1, NUCLEO-C031C6, NUCLEO-C071RB, NUCLEO-H503RB, NUCLEO-H533RE, NUCLEO-H563ZI, NUCLEO-H7S3L8, NUCLEO-U031R8, NUCLEO-U083RC, NUCLEO-U545RE-Q, NUCLEO-U5A5ZJ-Q, NUCLEO-WB05KZ, NUCLEO-WB07CC, NUCLEO-WB09KE, NUCLEO-WBA52CG, NUCLEO-WBA55CG, STEVAL-PROTEUS1, STEVAL-SMARTAG2, STEVAL-STWINBX1, STM320518-EVAL, STM32C0116-DK, STM32C011D6Y3TR, STM32C011D6Y6TR, STM32C011F4P3, STM32C011F4P6, STM32C011F4U3, STM32C011F4U6TR, STM32C011F6P3, STM32C011F6P6, STM32C011F6U3, STM32C011F6U6TR, STM32C011J4M3, STM32C011J4M6, STM32C011J6M3, STM32C011J6M6, STM32C0316-DK, STM32C031C4T3, STM32C031C4T6, STM32C031C4U3, STM32C031C4U6, STM32C031C6T3, STM32C031C6T6, STM32C031C6U3, STM32C031C6U6, STM32C031F4P3, STM32C031F4P6, STM32C031F6P3, STM32C031F6P6, STM32C031G4U3, STM32C031G4U6, STM32C031G6U3, STM32C031G6U6, STM32C031K4T3, STM32C031K4T6, STM32C031K4U3, STM32C031K4U6, STM32C031K6T3, STM32C031K6T6, STM32C031K6U3, STM32C031K6U6, STM32C071C8T6, STM32C071C8T6N, STM32C071C8U6, STM32C071C8U6N, STM32C071CBT6, STM32C071CBT6N, STM32C071CBU6, STM32C071CBU6N, STM32C071F8P6, STM32C071F8P6N, STM32C071FBP6, STM32C071FBP6N, STM32C071FBY6TR, STM32C071G8U6, STM32C071G8U6N, STM32C071GBU6, STM32C071GBU6N, STM32C071K8T6, STM32C071K8T6N, STM32C071K8U6, STM32C071K8U6N, STM32C071KBT6, STM32C071KBT6N, STM32C071KBU6, STM32C071KBU6N, STM32C071R8T6, STM32C071R8T6N, STM32C071RBI6N, STM32C071RBT6, STM32C071RBT6N, STM32G071K8TXN, STM32G071K8UXN, STM32G081GBU6N, STM32G081KBT6N, STM32G081KBUXN, STM32G0B1CCT6N, STM32G0B1KCT6, STM32G0B1NEY6TR, STM32G0B1RCT6N, STM32G0C1CCT6, STM32G0C1CCT6N, STM32G0C1CCU6N, STM32G0C1CET6N, STM32G0C1CEU6N, STM32G0C1KCT6, STM32G0C1NEY6TR, STM32G0C1RCI6N, STM32G0C1RCT6N, STM32G0C1REI6N, STM32G0C1RET6N, STM32G0C1VCI6, STM32G0C1VEI6, STM32G411C6T3, STM32G411C6T6, STM32G411C6U3, STM32G411C6U6, STM32G411C8T3, STM32G411C8T6, STM32G411C8U3, STM32G411C8U6, STM32G411CBT3, STM32G411CBT6, STM32G411CBU3, STM32G411CBU6, STM32G411K6T3, STM32G411K6T6, STM32G411K6U3, STM32G411K6U6, STM32G411K8T3, STM32G411K8T6, STM32G411K8U3, STM32G411K8U6, STM32G411KBT3, STM32G411KBT6, STM32G411KBU3, STM32G411KBU6, STM32G411M6T3, STM32G411M6T6, STM32G411M8T3, STM32G411M8T6, STM32G411MBT3, STM32G411MBT6, STM32G411R6T3, STM32G411R6T6, STM32G411R8T3, STM32G411R8T6, STM32G411RBT3, STM32G411RBT6, STM32G414CBT3, STM32G414CBT6, STM32G414CBU3, STM32G414CBU6, STM32G414CCT3, STM32G414CCT6, STM32G414CCU3, STM32G414CCU6, STM32G414MBT3, STM32G414MBT6, STM32G414MCT3, STM32G414MCT6, STM32G414RBT3, STM32G414RBT6, STM32G414RCT3, STM32G414RCT6, STM32G414VBT3, STM32G414VBT6, STM32G414VCT3, STM32G414VCT6, STM32G431CBT3Z, STM32G431RBT3Z, STM32G471CCT6, STM32G471CCU6, STM32G471CET3, STM32G471CET6, STM32G471CEU3, STM32G471CEU6, STM32G471MCT6, STM32G471MET3, STM32G471MET6, STM32G471MEY6TR, STM32G471QCT6, STM32G471QET3, STM32G471RCT6, STM32G471RET3, STM32G471RET6, STM32G471VCH6, STM32G471VCI6, STM32G471VCT6, STM32G471VEH3, STM32G471VEH6, STM32G471VEI3, STM32G471VEI6, STM32G471VET3, STM32G471VET6, STM32G473QET3Z, STM32G473RET3Z, STM32G474CCT6, STM32G491RET3Z, STM32H503CBT6, STM32H503CBU6, STM32H503EBY6TR, STM32H503KBU6, STM32H503RBT6, STM32H523CCT6, STM32H523CCU6, STM32H523CET6, STM32H523CEU6, STM32H523HEY6TR, STM32H523RCT6, STM32H523RET6, STM32H523VCI6, STM32H523VCT6, STM32H523VEI6, STM32H523VET6, STM32H523ZCJ6, STM32H523ZCT6, STM32H523ZEJ6, STM32H523ZET6, STM32H533CET6, STM32H533CEU6, STM32H533HEY6TR, STM32H533RET6, STM32H533VEI6, STM32H533VET6, STM32H533ZEJ6, STM32H533ZET6, STM32H562AGI6, STM32H562AII6, STM32H562IGK6, STM32H562IGT6, STM32H562IIK6, STM32H562IIT6, STM32H562RGT6, STM32H562RGV6, STM32H562RIT6, STM32H562RIV6, STM32H562VGT6, STM32H562VIT6, STM32H562ZGT6, STM32H562ZIT6, STM32H563AGI6, STM32H563AII3Q, STM32H563AII6, STM32H563IGK6, STM32H563IGT6, STM32H563IIK3Q, STM32H563IIK6, STM32H563IIT3Q, STM32H563IIT6, STM32H563MIY3QTR, STM32H563RGT6, STM32H563RGV6, STM32H563RIT6, STM32H563RIV6, STM32H563VGT6, STM32H563VIT3Q, STM32H563VIT6, STM32H563ZGT6, STM32H563ZIT3Q, STM32H563ZIT6, STM32H573AII3Q, STM32H573AII6, STM32H573I-DK, STM32H573IIK3Q, STM32H573IIK6, STM32H573IIT3Q, STM32H573IIT6, STM32H573MIY3QTR, STM32H573RIT6, STM32H573RIV6, STM32H573VIT3Q, STM32H573VIT6, STM32H573ZIT3Q, STM32H573ZIT6, STM32H7R3A8I6, STM32H7R3I8K6, STM32H7R3I8T6, STM32H7R3L8H6, STM32H7R3L8H6H, STM32H7R3R8V6, STM32H7R3V8H6, STM32H7R3V8T6, STM32H7R3V8Y6TR, STM32H7R3Z8J6, STM32H7R3Z8T6, STM32H7R7A8I6, STM32H7R7I8K6, STM32H7R7I8T6, STM32H7R7L8H6, STM32H7R7L8H6H, STM32H7R7Z8J6, STM32H7S3A8I6, STM32H7S3I8K6, STM32H7S3I8T6, STM32H7S3L8H6, STM32H7S3L8H6H, STM32H7S3R8V6, STM32H7S3V8H6, STM32H7S3V8T6, STM32H7S3V8Y6TR, STM32H7S3Z8J6, STM32H7S3Z8T6, STM32H7S78-DK, STM32H7S7A8I6, STM32H7S7I8K6, STM32H7S7I8T6, STM32H7S7L8H6, STM32H7S7L8H6H, STM32H7S7Z8J6, STM32L4R5QGI6STR, STM32MP131AAE3, STM32MP131AAF3, STM32MP131AAG3, STM32MP131CAE3, STM32MP131CAF3, STM32MP131CAG3, STM32MP131DAE7, STM32MP131DAF7, STM32MP131DAG7, STM32MP131FAE7, STM32MP131FAF7, STM32MP131FAG7, STM32MP133AAE3, STM32MP133AAF3, STM32MP133AAG3, STM32MP133CAE3, STM32MP133CAF3, STM32MP133CAG3, STM32MP133DAE7, STM32MP133DAF7, STM32MP133DAG7, STM32MP133FAE7, STM32MP133FAF7, STM32MP133FAG7, STM32MP135AAE3, STM32MP135AAF3, STM32MP135AAG3, STM32MP135CAE3, STM32MP135CAF3, STM32MP135CAG3, STM32MP135DAE7, STM32MP135DAF7, STM32MP135DAG7, STM32MP135F-DK, STM32MP135FAE7, STM32MP135FAF7, STM32MP135FAF7T, STM32MP135FAF7U, STM32MP135FAG7, STM32MP251AAI3, STM32MP251AAK3, STM32MP251AAL3, STM32MP251CAI3, STM32MP251CAK3, STM32MP251CAL3, STM32MP251DAI3, STM32MP251DAK3, STM32MP251DAL3, STM32MP251FAI3, STM32MP251FAK3, STM32MP251FAL3, STM32MP253AAI3, STM32MP253AAK3, STM32MP253AAL3, STM32MP253CAI3, STM32MP253CAK3, STM32MP253CAL3, STM32MP253DAI3, STM32MP253DAK3, STM32MP253DAL3, STM32MP253FAI3, STM32MP253FAK3, STM32MP253FAL3, STM32MP255AAI3, STM32MP255AAK3, STM32MP255AAL3, STM32MP255CAI3, STM32MP255CAK3, STM32MP255CAL3, STM32MP255DAI3, STM32MP255DAK3, STM32MP255DAL3, STM32MP255FAI3, STM32MP255FAK3, STM32MP255FAL3, STM32MP257AAI3, STM32MP257AAK3, STM32MP257AAL3, STM32MP257CAI3, STM32MP257CAK3, STM32MP257CAL3, STM32MP257DAI3, STM32MP257DAK3, STM32MP257DAL3, STM32MP257F-DK, STM32MP257F-EV1, STM32MP257FAI3, STM32MP257FAK3, STM32MP257FAL3, STM32U031C6T6, STM32U031C6U6, STM32U031C8T6, STM32U031C8U6, STM32U031F4P6, STM32U031F6P6, STM32U031F8P6, STM32U031G6Y6TR, STM32U031G8Y6TR, STM32U031K4U6, STM32U031K6U6, STM32U031K8U6, STM32U031R6I6, STM32U031R6T6, STM32U031R8I6, STM32U031R8T6, STM32U073C8T6, STM32U073C8U6, STM32U073CBT6, STM32U073CBU6, STM32U073CCT6, STM32U073CCU6, STM32U073H8Y6TR, STM32U073HBY6TR, STM32U073HCY6TR, STM32U073K8U6, STM32U073KBU6, STM32U073KCU6, STM32U073M8I6, STM32U073M8T6, STM32U073MBI6, STM32U073MBT6, STM32U073MCI6, STM32U073MCT6, STM32U073R8I6, STM32U073R8T6, STM32U073RBI6, STM32U073RBT6, STM32U073RCI6, STM32U073RCT6, STM32U083C-DK, STM32U083CCT6, STM32U083CCU6, STM32U083HCY6TR, STM32U083KCU6, STM32U083MCI6, STM32U083MCT6, STM32U083RCI6, STM32U083RCT6, STM32U535CBT6, STM32U535CBT6Q, STM32U535CBU6, STM32U535CBU6Q, STM32U535CCT6, STM32U535CCT6Q, STM32U535CCU6, STM32U535CCU6Q, STM32U535CET6, STM32U535CET6Q, STM32U535CEU6, STM32U535CEU6Q, STM32U535JEY6QTR, STM32U535NCY6QTR, STM32U535NEY6QTR, STM32U535RBI6, STM32U535RBI6Q, STM32U535RBT6, STM32U535RBT6Q, STM32U535RCI6, STM32U535RCI6Q, STM32U535RCT6, STM32U535RCT6Q, STM32U535REI6, STM32U535REI6Q, STM32U535RET6, STM32U535RET6Q, STM32U535VCI6, STM32U535VCI6Q, STM32U535VCT6, STM32U535VCT6Q, STM32U535VEI6, STM32U535VEI6Q, STM32U535VET6, STM32U535VET6Q, STM32U545CET6, STM32U545CET6Q, STM32U545CEU6, STM32U545CEU6Q, STM32U545JEY6QTR, STM32U545NEY6QTR, STM32U545REI6, STM32U545REI6Q, STM32U545RET6, STM32U545RET6Q, STM32U545VEI6, STM32U545VEI6Q, STM32U545VET6, STM32U545VET6Q, STM32U595AIH6, STM32U595AIH6Q, STM32U595AJH6, STM32U595AJH6Q, STM32U595QII6, STM32U595QII6Q, STM32U595QJI6, STM32U595QJI6Q, STM32U595RIT6, STM32U595RIT6Q, STM32U595RJT6, STM32U595RJT6Q, STM32U595VIT6, STM32U595VIT6Q, STM32U595VJT6, STM32U595VJT6Q, STM32U595ZIT6, STM32U595ZIT6Q, STM32U595ZIY6QTR, STM32U595ZJT6, STM32U595ZJT6Q, STM32U595ZJY6QTR, STM32U599BJY6QTR, STM32U599NIH6Q, STM32U599NJH6Q, STM32U599VIT6Q, STM32U599VJT6, STM32U599VJT6Q, STM32U599ZIT6Q, STM32U599ZIY6QTR, STM32U599ZJT6Q, STM32U599ZJY6QTR, STM32U5A5AJH6, STM32U5A5AJH6Q, STM32U5A5QII3Q , STM32U5A5QJI6, STM32U5A5QJI6Q, STM32U5A5RJT6, STM32U5A5RJT6Q, STM32U5A5VJT6, STM32U5A5VJT6Q, STM32U5A5ZJT6, STM32U5A5ZJT6Q, STM32U5A5ZJY6QTR, STM32U5A9BJY6QTR, STM32U5A9J-DK, STM32U5A9NJH6Q, STM32U5A9VJT6Q, STM32U5A9ZJT6Q, STM32U5A9ZJY6QTR, STM32U5F7VIT6, STM32U5F7VIT6Q, STM32U5F7VJT6, STM32U5F7VJT6Q, STM32U5F9BJY6QTR, STM32U5F9NJH6Q, STM32U5F9VIT6Q, STM32U5F9VJT6Q, STM32U5F9ZIJ6QTR, STM32U5F9ZIT6Q, STM32U5F9ZJJ6QTR, STM32U5F9ZJT6Q, STM32U5G7VJT6, STM32U5G7VJT6Q, STM32U5G9BJY6QTR, STM32U5G9J-DK1, STM32U5G9J-DK2, STM32U5G9NJH6Q, STM32U5G9VJT6Q, STM32U5G9ZJJ6QTR, STM32U5G9ZJT6Q, STM32WB05KZV6TR, STM32WB05KZV7TR, STM32WB05TZF6TR, STM32WB05TZF7TR, STM32WB06CCF6TR, STM32WB06CCF7TR, STM32WB06CCV6TR, STM32WB06CCV7TR, STM32WB06KCV6TR, STM32WB06KCV7TR, STM32WB07CCF6TR, STM32WB07CCF7TR, STM32WB07CCV6TR, STM32WB07CCV7TR, STM32WB07KCV6TR, STM32WB07KCV7TR, STM32WB09KEV6TR, STM32WB09KEV7TR, STM32WB09TEF6TR, STM32WB09TEF7TR, STM32WB1MMCH6, STM32WBA50KGU6, STM32WBA50KGU6TR, STM32WBA52CEU6, STM32WBA52CEU6TR, STM32WBA52CEU7, STM32WBA52CEU7TR, STM32WBA52CGU6, STM32WBA52CGU6TR, STM32WBA52CGU6U, STM32WBA52CGU7, STM32WBA52CGU7TR, STM32WBA52KEU6, STM32WBA52KEU6TR, STM32WBA52KGU6, STM32WBA52KGU6TR, STM32WBA54CEU6, STM32WBA54CEU6TR, STM32WBA54CEU7, STM32WBA54CEU7TR, STM32WBA54CGU6, STM32WBA54CGU6TR, STM32WBA54CGU7, STM32WBA54CGU7TR, STM32WBA54KEU6, STM32WBA54KEU6TR, STM32WBA54KEU7, STM32WBA54KEU7TR, STM32WBA54KGU6, STM32WBA54KGU6TR, STM32WBA54KGU7, STM32WBA54KGU7TR, STM32WBA55CEU6, STM32WBA55CEU6TR, STM32WBA55CEU7, STM32WBA55CEU7TR, STM32WBA55CGU6, STM32WBA55CGU6TR, STM32WBA55CGU6U, STM32WBA55CGU7, STM32WBA55CGU7TR, STM32WBA55G-DK1, STM32WBA55HEF6, STM32WBA55HEF7, STM32WBA55HGF6, STM32WBA55HGF7, STM32WBA55UEI6, STM32WBA55UEI6TR, STM32WBA55UEI7, STM32WBA55UEI7TR, STM32WBA55UGI6, STM32WBA55UGI6TR, STM32WBA55UGI7, STM32WBA55UGI7TR, STM32WL5MOCH6, STM32WL5MOCH6TR]
2026-01-27 09:49:35,297 [INFO] DbMcus:218 - Found 4816 MCUs, 4816 are supported
2026-01-27 09:49:35,297 [INFO] ApiDb:423 - Load user favorites file C:\Users\RND1/.stm32cubeide/favorites.mcus.txt: 0 item(s)
2026-01-27 09:49:35,297 [INFO] ApiDb:427 - User favorites MCUs=[]
2026-01-27 09:49:35,298 [INFO] DbMcus:224 - Set 0 / 0 favorites MCUs
2026-01-27 09:49:35,574 [INFO] BoardInfo:889 - No configuration file found for board B-WBA5M-WPAN
2026-01-27 09:49:35,574 [INFO] DbBoards:161 - Board is not supported: B-WBA5M-WPAN
2026-01-27 09:49:35,581 [INFO] BoardInfo:889 - No configuration file found for board NUCLEO-C051C8
2026-01-27 09:49:35,581 [INFO] DbBoards:161 - Board is not supported: NUCLEO-C051C8
2026-01-27 09:49:35,584 [INFO] BoardInfo:889 - No configuration file found for board NUCLEO-C092RC
2026-01-27 09:49:35,584 [INFO] DbBoards:161 - Board is not supported: NUCLEO-C092RC
2026-01-27 09:49:35,655 [INFO] BoardInfo:889 - No configuration file found for board NUCLEO-N657X0-Q
2026-01-27 09:49:35,656 [INFO] DbBoards:161 - Board is not supported: NUCLEO-N657X0-Q
2026-01-27 09:49:35,659 [INFO] BoardInfo:889 - No configuration file found for board NUCLEO-U385RG-Q
2026-01-27 09:49:35,660 [INFO] DbBoards:161 - Board is not supported: NUCLEO-U385RG-Q
2026-01-27 09:49:35,672 [INFO] BoardInfo:889 - No configuration file found for board NUCLEO-WBA65RI
2026-01-27 09:49:35,673 [INFO] DbBoards:161 - Board is not supported: NUCLEO-WBA65RI
2026-01-27 09:49:35,673 [INFO] BoardInfo:889 - No configuration file found for board NUCLEO-WL33CC1
2026-01-27 09:49:35,674 [INFO] DbBoards:161 - Board is not supported: NUCLEO-WL33CC1
2026-01-27 09:49:35,675 [INFO] BoardInfo:889 - No configuration file found for board NUCLEO-WL33CC2
2026-01-27 09:49:35,675 [INFO] DbBoards:161 - Board is not supported: NUCLEO-WL33CC2
2026-01-27 09:49:35,681 [INFO] BoardInfo:889 - No configuration file found for board P-NUCLEO-WB55
2026-01-27 09:49:35,681 [INFO] DbBoards:161 - Kit is not supported: P-NUCLEO-WB55
2026-01-27 09:49:35,686 [INFO] BoardInfo:889 - No configuration file found for board STEVAL-BFA001V1B
2026-01-27 09:49:35,686 [INFO] DbBoards:161 - Kit is not supported: STEVAL-BFA001V1B
2026-01-27 09:49:35,687 [INFO] BoardInfo:889 - No configuration file found for board STEVAL-BFA001V2B
2026-01-27 09:49:35,687 [INFO] DbBoards:161 - Kit is not supported: STEVAL-BFA001V2B
2026-01-27 09:49:35,788 [INFO] BoardInfo:889 - No configuration file found for board STM32N6570-DK
2026-01-27 09:49:35,788 [INFO] DbBoards:161 - Board is not supported: STM32N6570-DK
2026-01-27 09:49:35,797 [INFO] BoardInfo:889 - No configuration file found for board STM32WBA65I-DK1
2026-01-27 09:49:35,798 [INFO] DbBoards:161 - Board is not supported: STM32WBA65I-DK1
2026-01-27 09:49:35,798 [INFO] DbBoards:168 - Found 211 boards, 198 are supported
2026-01-27 09:49:35,798 [INFO] DbBoards:169 - Found 211 boards, 25 of them is supported for  Bsp
2026-01-27 09:49:35,800 [INFO] ApiDb:423 - Load user favorites file C:\Users\RND1/.stm32cubeide/favorites.boards.txt: 0 item(s)
2026-01-27 09:49:35,800 [INFO] ApiDb:427 - User favorites Boards=[]
2026-01-27 09:49:35,800 [INFO] DbBoards:198 - Set 0 / 0 favorites Boards
2026-01-27 09:49:35,855 [INFO] UtilMem:75 - End LoadConfig() Used Memory: 283232264 Bytes (393216000)
2026-01-27 09:49:35,953 [WARN] ThirdParty:833 - waiting for thirdparty lock release [change project]
2026-01-27 09:49:35,953 [INFO] ThirdParty:835 - entering critical section [change project]
2026-01-27 09:49:35,953 [INFO] ThirdParty:1030 - CMSIS Pack Vendor :STMicroelectronics X-CUBE-PM33A1 1.0.0
2026-01-27 09:49:35,954 [INFO] ThirdParty:1030 - CMSIS Pack Vendor :STMicroelectronics USBPD 4.1
2026-01-27 09:49:35,954 [INFO] ThirdParty:1030 - CMSIS Pack Vendor :STMicroelectronics X-CUBE-GNSS1 6.0.0
2026-01-27 09:49:35,954 [INFO] ThirdParty:1030 - CMSIS Pack Vendor :STMicroelectronics USB_HOST 2.0.0
2026-01-27 09:49:35,954 [INFO] ThirdParty:1030 - CMSIS Pack Vendor :STMicroelectronics FP-SNS-MOTENVWB1 1.4.0
2026-01-27 09:49:35,954 [INFO] ThirdParty:1030 - CMSIS Pack Vendor :STMicroelectronics X-CUBE-AZRTOS-F4 1.1.0
2026-01-27 09:49:35,954 [INFO] ThirdParty:1030 - CMSIS Pack Vendor :STMicroelectronics LIBJPEG 8.0.0
2026-01-27 09:49:35,954 [INFO] ThirdParty:1030 - CMSIS Pack Vendor :STMicroelectronics FP-ATR-ASTRA1 2.0.2
2026-01-27 09:49:35,954 [INFO] ThirdParty:1030 - CMSIS Pack Vendor :wolfSSL I-CUBE-wolfSSL 5.6.4
2026-01-27 09:49:35,954 [INFO] ThirdParty:1030 - CMSIS Pack Vendor :STMicroelectronics FP-ATR-ASTRA1 2.0.1
2026-01-27 09:49:35,954 [INFO] ThirdParty:1030 - CMSIS Pack Vendor :STMicroelectronics X-CUBE-SMBUS 2.1.0
2026-01-27 09:49:35,954 [INFO] ThirdParty:1030 - CMSIS Pack Vendor :STMicroelectronics X-CUBE-WB05N 1.1.0
2026-01-27 09:49:35,954 [INFO] ThirdParty:1030 - CMSIS Pack Vendor :STMicroelectronics X-CUBE-ISPU 2.1.0
2026-01-27 09:49:35,954 [INFO] ThirdParty:1030 - CMSIS Pack Vendor :STMicroelectronics X-CUBE-FREERTOS 1.2.0
2026-01-27 09:49:35,954 [INFO] ThirdParty:1030 - CMSIS Pack Vendor :STMicroelectronics X-CUBE-TOUCHGFX 4.23.0
2026-01-27 09:49:35,954 [INFO] ThirdParty:1030 - CMSIS Pack Vendor :STMicroelectronics X-CUBE-NFC12 1.0.0
2026-01-27 09:49:35,954 [INFO] ThirdParty:1030 - CMSIS Pack Vendor :STMicroelectronics X-CUBE-TOUCHGFX 4.23.2
2026-01-27 09:49:35,954 [INFO] ThirdParty:1030 - CMSIS Pack Vendor :STMicroelectronics X-CUBE-AZRTOS-F7 1.1.0
2026-01-27 09:49:35,954 [INFO] ThirdParty:1030 - CMSIS Pack Vendor :STMicroelectronics X-CUBE-AZRTOS-L5 2.0.0
2026-01-27 09:49:35,954 [INFO] ThirdParty:1030 - CMSIS Pack Vendor :STMicroelectronics USB_DEVICE 2.0.0
2026-01-27 09:49:35,954 [INFO] ThirdParty:1030 - CMSIS Pack Vendor :STMicroelectronics X-CUBE-EEPRMA1 4.2.0
2026-01-27 09:49:35,954 [INFO] ThirdParty:1030 - CMSIS Pack Vendor :STMicroelectronics X-CUBE-NFC6 3.1.0
2026-01-27 09:49:35,954 [INFO] ThirdParty:1030 - CMSIS Pack Vendor :ITTIA_DB I-CUBE-ITTIADB 8.8.0
2026-01-27 09:49:35,954 [INFO] ThirdParty:1030 - CMSIS Pack Vendor :STMicroelectronics FP-SNS-MOTENV1 4.3.2
2026-01-27 09:49:35,954 [INFO] ThirdParty:1030 - CMSIS Pack Vendor :STMicroelectronics X-CUBE-MEMS1 11.0.0
2026-01-27 09:49:35,954 [INFO] ThirdParty:1030 - CMSIS Pack Vendor :STMicroelectronics FreeRTOS 0.0.1
2026-01-27 09:49:35,954 [INFO] ThirdParty:1030 - CMSIS Pack Vendor :STMicroelectronics X-CUBE-DPower 1.2.0
2026-01-27 09:49:35,954 [INFO] ThirdParty:1030 - CMSIS Pack Vendor :STMicroelectronics FP-SNS-FLIGHT1 5.0.2
2026-01-27 09:49:35,954 [INFO] ThirdParty:1030 - CMSIS Pack Vendor :STMicroelectronics X-CUBE-AI 9.0.0
2026-01-27 09:49:35,954 [INFO] ThirdParty:1030 - CMSIS Pack Vendor :STMicroelectronics PDM2PCM 3.3.0
2026-01-27 09:49:35,954 [INFO] ThirdParty:1030 - CMSIS Pack Vendor :STMicroelectronics X-CUBE-AZRTOS-H7 3.4.0
2026-01-27 09:49:35,954 [INFO] ThirdParty:1030 - CMSIS Pack Vendor :STMicroelectronics X-CUBE-DISPLAY 3.0.0
2026-01-27 09:49:35,954 [INFO] ThirdParty:1030 - CMSIS Pack Vendor :STMicroelectronics X-CUBE-BLE1 7.0.0
2026-01-27 09:49:35,954 [INFO] ThirdParty:1030 - CMSIS Pack Vendor :STMicroelectronics X-CUBE-NFC10 1.0.0
2026-01-27 09:49:35,954 [INFO] ThirdParty:1030 - CMSIS Pack Vendor :STMicroelectronics X-CUBE-BLEMGR 4.0.0
2026-01-27 09:49:35,954 [INFO] ThirdParty:1030 - CMSIS Pack Vendor :STMicroelectronics X-CUBE-FREERTOS 1.3.1
2026-01-27 09:49:35,954 [INFO] ThirdParty:1030 - CMSIS Pack Vendor :STMicroelectronics HAL Drivers 0.0.0
2026-01-27 09:49:35,954 [INFO] ThirdParty:1030 - CMSIS Pack Vendor :emotas I-CUBE-CANOPEN 1.3.0
2026-01-27 09:49:35,954 [INFO] ThirdParty:1030 - CMSIS Pack Vendor :STMicroelectronics X-CUBE-FREERTOS 1.3.0
2026-01-27 09:49:35,954 [INFO] ThirdParty:1030 - CMSIS Pack Vendor :STMicroelectronics X-CUBE-NFC7 1.0.1
2026-01-27 09:49:35,954 [INFO] ThirdParty:1030 - CMSIS Pack Vendor :STMicroelectronics MBEDTLS 2.14.1
2026-01-27 09:49:35,954 [INFO] ThirdParty:1030 - CMSIS Pack Vendor :STMicroelectronics X-CUBE-GNSS1 7.1.0
2026-01-27 09:49:35,954 [INFO] ThirdParty:1030 - CMSIS Pack Vendor :STMicroelectronics X-CUBE-TOUCHGFX 4.26.0
2026-01-27 09:49:35,954 [INFO] ThirdParty:1030 - CMSIS Pack Vendor :STMicroelectronics X-CUBE-NFC6 3.0.0
2026-01-27 09:49:35,954 [INFO] ThirdParty:1030 - CMSIS Pack Vendor :STMicroelectronics X-CUBE-BLEMGR 3.1.0
2026-01-27 09:49:35,954 [INFO] ThirdParty:1030 - CMSIS Pack Vendor :STMicroelectronics X-CUBE-AI 10.0.0
2026-01-27 09:49:35,954 [INFO] ThirdParty:1030 - CMSIS Pack Vendor :STMicroelectronics FP-SNS-SMARTAG2 1.2.0
2026-01-27 09:49:35,954 [INFO] ThirdParty:1030 - CMSIS Pack Vendor :STMicroelectronics X-CUBE-MEMS1 11.1.0
2026-01-27 09:49:35,954 [INFO] ThirdParty:1030 - CMSIS Pack Vendor :STMicroelectronics X-CUBE-AZRTOS-WL 2.0.0
2026-01-27 09:49:35,954 [INFO] ThirdParty:1030 - CMSIS Pack Vendor :STMicroelectronics X-CUBE-DPower 1.3.0
2026-01-27 09:49:35,954 [INFO] ThirdParty:1030 - CMSIS Pack Vendor :STMicroelectronics FP-SNS-MOTENV1 5.0.0
2026-01-27 09:49:35,954 [INFO] ThirdParty:1030 - CMSIS Pack Vendor :STMicroelectronics USB_DEVICE 1.0.0
2026-01-27 09:49:35,954 [INFO] ThirdParty:1030 - CMSIS Pack Vendor :STMicroelectronics X-CUBE-AZRTOS-H7RS 1.2.0
2026-01-27 09:49:35,954 [INFO] ThirdParty:1030 - CMSIS Pack Vendor :STMicroelectronics X-CUBE-AI 8.1.0
2026-01-27 09:49:35,954 [INFO] ThirdParty:1030 - CMSIS Pack Vendor :wolfSSL I-CUBE-wolfMQTT 1.19.0
2026-01-27 09:49:35,954 [INFO] ThirdParty:1030 - CMSIS Pack Vendor :STMicroelectronics X-CUBE-AZRTOS-L4 2.0.0
2026-01-27 09:49:35,954 [INFO] ThirdParty:1030 - CMSIS Pack Vendor :STMicroelectronics ThreadX 0.0.2
2026-01-27 09:49:35,954 [INFO] ThirdParty:1030 - CMSIS Pack Vendor :WES I-CUBE-Cesium 1.3.0
2026-01-27 09:49:35,954 [INFO] ThirdParty:1030 - CMSIS Pack Vendor :STMicroelectronics lwIP 2.1.2
2026-01-27 09:49:35,954 [INFO] ThirdParty:1030 - CMSIS Pack Vendor :STMicroelectronics X-CUBE-SFXS2LP1 4.0.0
2026-01-27 09:49:35,954 [INFO] ThirdParty:1030 - CMSIS Pack Vendor :STMicroelectronics X-CUBE-BLE2 3.3.0
2026-01-27 09:49:35,954 [INFO] ThirdParty:1030 - CMSIS Pack Vendor :STMicroelectronics PDM2PCM 3.2.0
2026-01-27 09:49:35,954 [INFO] ThirdParty:1030 - CMSIS Pack Vendor :STMicroelectronics X-CUBE-AZRTOS-H7 3.3.0
2026-01-27 09:49:35,954 [INFO] ThirdParty:1030 - CMSIS Pack Vendor :STMicroelectronics X-CUBE-NFC9 1.0.0
2026-01-27 09:49:35,954 [INFO] ThirdParty:1030 - CMSIS Pack Vendor :STMicroelectronics X-CUBE-BLE1 7.1.0
2026-01-27 09:49:35,954 [INFO] ThirdParty:1030 - CMSIS Pack Vendor :STMicroelectronics USB_DEVICE 3.0.0
2026-01-27 09:49:35,954 [INFO] ThirdParty:1030 - CMSIS Pack Vendor :STMicroelectronics X-CUBE-TCPP 4.1.0
2026-01-27 09:49:35,954 [INFO] ThirdParty:1030 - CMSIS Pack Vendor :STMicroelectronics X-CUBE-EEPRMA1 5.2.0
2026-01-27 09:49:35,954 [INFO] ThirdParty:1030 - CMSIS Pack Vendor :STMicroelectronics X-CUBE-IPS 3.0.0
2026-01-27 09:49:35,954 [INFO] ThirdParty:1030 - CMSIS Pack Vendor :STMicroelectronics X-CUBE-AZRTOS-WB 2.0.0
2026-01-27 09:49:35,954 [INFO] ThirdParty:1030 - CMSIS Pack Vendor :STMicroelectronics X-CUBE-GNSS1 7.0.0
2026-01-27 09:49:35,954 [INFO] ThirdParty:1030 - CMSIS Pack Vendor :STMicroelectronics X-CUBE-GNSS1 7.0.1
2026-01-27 09:49:35,954 [INFO] ThirdParty:1030 - CMSIS Pack Vendor :STMicroelectronics X-CUBE-TOUCHGFX 4.25.0
2026-01-27 09:49:35,955 [INFO] ThirdParty:1030 - CMSIS Pack Vendor :STMicroelectronics X-CUBE-AI 10.1.0
2026-01-27 09:49:35,955 [INFO] ThirdParty:1030 - CMSIS Pack Vendor :STMicroelectronics FP-SNS-STBOX1 2.0.0
2026-01-27 09:49:35,955 [INFO] ThirdParty:1030 - CMSIS Pack Vendor :STMicroelectronics X-CUBE-MEMS1 12.0.0
2026-01-27 09:49:35,955 [INFO] ThirdParty:1030 - CMSIS Pack Vendor :STMicroelectronics X-CUBE-ALGOBUILD 1.3.0
2026-01-27 09:49:35,955 [INFO] ThirdParty:1030 - CMSIS Pack Vendor :STMicroelectronics X-CUBE-STSE01 2.0.0
2026-01-27 09:49:35,955 [INFO] ThirdParty:1030 - CMSIS Pack Vendor :STMicroelectronics X-CUBE-MEMS1 11.2.0
2026-01-27 09:49:35,955 [INFO] ThirdParty:1030 - CMSIS Pack Vendor :STMicroelectronics X-CUBE-AZRTOS-G0 1.1.0
2026-01-27 09:49:35,955 [INFO] ThirdParty:1030 - CMSIS Pack Vendor :STMicroelectronics X-CUBE-SAFEA1 1.2.2
2026-01-27 09:49:35,955 [INFO] ThirdParty:1030 - CMSIS Pack Vendor :STMicroelectronics X-CUBE-NFC4 3.0.0
2026-01-27 09:49:35,955 [INFO] ThirdParty:1030 - CMSIS Pack Vendor :STMicroelectronics X-CUBE-SUBG2 5.0.0
2026-01-27 09:49:35,955 [INFO] ThirdParty:1030 - CMSIS Pack Vendor :STMicroelectronics X-CUBE-AZRTOS-H7RS 1.1.0
2026-01-27 09:49:35,955 [INFO] ThirdParty:1030 - CMSIS Pack Vendor :STMicroelectronics STM32_WPAN 1.0.0
2026-01-27 09:49:35,955 [INFO] ThirdParty:1030 - CMSIS Pack Vendor :wolfSSL I-CUBE-wolfMQTT 1.18.0
2026-01-27 09:49:35,955 [INFO] ThirdParty:1030 - CMSIS Pack Vendor :EmbeddedOffice I-CUBE-FS-RTOS 1.0.1
2026-01-27 09:49:35,955 [INFO] ThirdParty:1030 - CMSIS Pack Vendor :STMicroelectronics lwIP 2.0.3
2026-01-27 09:49:35,955 [INFO] ThirdParty:1030 - CMSIS Pack Vendor :STMicroelectronics USB_HOST 1.0.0
2026-01-27 09:49:35,955 [INFO] ThirdParty:1030 - CMSIS Pack Vendor :STMicroelectronics X-CUBE-AZRTOS-G4 2.0.0
2026-01-27 09:49:35,955 [INFO] ThirdParty:1030 - CMSIS Pack Vendor :STMicroelectronics X-CUBE-WB05N 2.0.0
2026-01-27 09:49:35,955 [INFO] ThirdParty:1030 - CMSIS Pack Vendor :STMicroelectronics PDM2PCM 3.1.0
2026-01-27 09:49:35,955 [INFO] ThirdParty:1030 - CMSIS Pack Vendor :Infineon AIROC-Wi-Fi-Bluetooth-STM32 1.5.1
2026-01-27 09:49:35,955 [INFO] ThirdParty:1030 - CMSIS Pack Vendor :STMicroelectronics X-CUBE-BLEMGR 3.0.0
2026-01-27 09:49:35,955 [INFO] ThirdParty:1030 - CMSIS Pack Vendor :STMicroelectronics X-CUBE-NFC7 2.0.0
2026-01-27 09:49:35,955 [INFO] ThirdParty:1030 - CMSIS Pack Vendor :RealThread X-CUBE-RT-Thread_Nano 4.1.1
2026-01-27 09:49:35,955 [INFO] ThirdParty:1030 - CMSIS Pack Vendor :STMicroelectronics FP-SNS-MOTENVWB1 1.3.1
2026-01-27 09:49:35,955 [INFO] ThirdParty:1030 - CMSIS Pack Vendor :STMicroelectronics FP-ATR-SIGFOX1 3.2.0
2026-01-27 09:49:35,955 [INFO] ThirdParty:1030 - CMSIS Pack Vendor :quantropi X-CUBE-qispace-sdk-base 1.9.3
2026-01-27 09:49:35,955 [INFO] ThirdParty:1030 - CMSIS Pack Vendor :STMicroelectronics X-CUBE-ISPU 2.0.0
2026-01-27 09:49:35,955 [INFO] ThirdParty:1030 - CMSIS Pack Vendor :STMicroelectronics X-CUBE-EEPRMA1 5.1.0
2026-01-27 09:49:35,955 [INFO] ThirdParty:1030 - CMSIS Pack Vendor :STMicroelectronics MBEDTLS 2.16.2
2026-01-27 09:49:35,955 [INFO] ThirdParty:1030 - CMSIS Pack Vendor :STMicroelectronics X-CUBE-ALS 1.0.2
2026-01-27 09:49:35,955 [INFO] ThirdParty:1030 - CMSIS Pack Vendor :STMicroelectronics X-CUBE-MEMS1 10.0.0
2026-01-27 09:49:35,955 [INFO] ThirdParty:1030 - CMSIS Pack Vendor :STMicroelectronics X-CUBE-FREERTOS 1.1.0
2026-01-27 09:49:35,955 [INFO] ThirdParty:1030 - CMSIS Pack Vendor :STMicroelectronics X-CUBE-TOUCHGFX 4.24.0
2026-01-27 09:49:35,955 [INFO] ThirdParty:1030 - CMSIS Pack Vendor :STMicroelectronics X-CUBE-TOUCHGFX 4.24.2
2026-01-27 09:49:35,955 [INFO] ThirdParty:1030 - CMSIS Pack Vendor :STMicroelectronics X-CUBE-TOUCHGFX 4.24.1
2026-01-27 09:49:35,955 [INFO] ThirdParty:1030 - CMSIS Pack Vendor :STMicroelectronics X-CUBE-STSE01 1.0.0
2026-01-27 09:49:35,955 [INFO] ThirdParty:1030 - CMSIS Pack Vendor :wolfSSL I-CUBE-wolfTPM 3.4.0
2026-01-27 09:49:35,955 [INFO] ThirdParty:1030 - CMSIS Pack Vendor :portGmbH I-Cube-SoM-uGOAL 1.1.0
2026-01-27 09:49:35,955 [INFO] ThirdParty:1030 - CMSIS Pack Vendor :STMicroelectronics X-CUBE-ALS 1.0.1
2026-01-27 09:49:35,955 [INFO] ThirdParty:1030 - CMSIS Pack Vendor :STMicroelectronics X-CUBE-NFC6 3.2.0
2026-01-27 09:49:35,955 [INFO] ThirdParty:1030 - CMSIS Pack Vendor :STMicroelectronics X-CUBE-AI 10.2.0
2026-01-27 09:49:35,955 [INFO] ThirdParty:1030 - CMSIS Pack Vendor :STMicroelectronics ThreadX 1.0.0
2026-01-27 09:49:35,955 [INFO] ThirdParty:1030 - CMSIS Pack Vendor :SEGGER I-CUBE-embOS 1.3.1
2026-01-27 09:49:35,955 [INFO] ThirdParty:1030 - CMSIS Pack Vendor :STMicroelectronics X-CUBE-ALGOBUILD 1.4.0
2026-01-27 09:49:35,955 [INFO] ThirdParty:1030 - CMSIS Pack Vendor :STMicroelectronics X-CUBE-MEMS1 11.3.0
2026-01-27 09:49:35,955 [INFO] ThirdParty:1030 - CMSIS Pack Vendor :STMicroelectronics X-CUBE-AZRTOS-H7RS 1.0.0
2026-01-27 09:49:35,955 [INFO] ThirdParty:1030 - CMSIS Pack Vendor :STMicroelectronics FP-ATR-ASTRA1 2.0.0
2026-01-27 09:49:35,955 [INFO] ThirdParty:1030 - CMSIS Pack Vendor :STMicroelectronics X-CUBE-TOF1 3.4.2
2026-01-27 09:49:35,955 [INFO] ThirdParty:1030 - CMSIS Pack Vendor :STMicroelectronics X-CUBE-AI 9.1.0
2026-01-27 09:49:35,955 [INFO] ThirdParty:1030 - CMSIS Pack Vendor :STMicroelectronics X-CUBE-TOF1 3.4.0
2026-01-27 09:49:35,955 [INFO] ThirdParty:1030 - CMSIS Pack Vendor :STMicroelectronics X-CUBE-TOF1 3.4.1
2026-01-27 09:49:35,955 [INFO] ThirdParty:1030 - CMSIS Pack Vendor :STMicroelectronics X-CUBE-AZRTOS-H7 3.2.0
2026-01-27 09:49:35,955 [INFO] ThirdParty:1030 - CMSIS Pack Vendor :wolfSSL I-CUBE-wolfSSH 1.4.17
2026-01-27 09:49:35,955 [INFO] ThirdParty:841 - exiting critical section [change project]
2026-01-27 09:49:36,160 [INFO] PinOutPanel:1561 - setPackage(No Configuration,No Configuration)
2026-01-27 09:49:36,163 [INFO] PinOutPanel:1561 - setPackage(STM32F103C8Tx,LQFP48)
2026-01-27 09:49:36,484 [INFO] UtilMem:75 - Before build in PCC Used Memory: 222764448 Bytes (413138944)
2026-01-27 09:49:37,222 [INFO] UtilMem:75 - After build in PCC Used Memory: 272705088 Bytes (413138944)
2026-01-27 09:49:37,242 [INFO] IPUIPlugin:80 - create IPUIPlugin
2026-01-27 09:49:37,242 [INFO] IPUIPlugin:80 - create IPUIPlugin
2026-01-27 09:49:37,242 [INFO] IPUIPlugin:80 - create IPUIPlugin
2026-01-27 09:49:37,242 [INFO] IPUIPlugin:80 - create IPUIPlugin
2026-01-27 09:49:37,242 [INFO] IPUIPlugin:80 - create IPUIPlugin
2026-01-27 09:49:37,242 [INFO] IPUIPlugin:80 - create IPUIPlugin
2026-01-27 09:49:37,242 [INFO] IPUIPlugin:80 - create IPUIPlugin
2026-01-27 09:49:37,242 [INFO] IPUIPlugin:80 - create IPUIPlugin
2026-01-27 09:49:37,242 [INFO] IPUIPlugin:80 - create IPUIPlugin
2026-01-27 09:49:37,242 [INFO] IPUIPlugin:80 - create IPUIPlugin
2026-01-27 09:49:37,242 [INFO] IPUIPlugin:80 - create IPUIPlugin
2026-01-27 09:49:37,242 [INFO] IPUIPlugin:80 - create IPUIPlugin
2026-01-27 09:49:37,243 [INFO] IPUIPlugin:80 - create IPUIPlugin
2026-01-27 09:49:37,243 [INFO] IPUIPlugin:80 - create IPUIPlugin
2026-01-27 09:49:37,243 [INFO] IPUIPlugin:80 - create IPUIPlugin
2026-01-27 09:49:37,243 [INFO] IPUIPlugin:80 - create IPUIPlugin
2026-01-27 09:49:37,243 [INFO] IPUIPlugin:80 - create IPUIPlugin
2026-01-27 09:49:37,243 [INFO] IPUIPlugin:80 - create IPUIPlugin
2026-01-27 09:49:37,244 [INFO] IPUIPlugin:80 - create IPUIPlugin
2026-01-27 09:49:37,244 [INFO] IPUIPlugin:80 - create IPUIPlugin
2026-01-27 09:49:37,244 [INFO] IPUIPlugin:80 - create IPUIPlugin
2026-01-27 09:49:37,244 [INFO] IPUIPlugin:80 - create IPUIPlugin
2026-01-27 09:49:37,244 [INFO] IPUIPlugin:80 - create IPUIPlugin
2026-01-27 09:49:37,244 [INFO] IPUIPlugin:80 - create IPUIPlugin
2026-01-27 09:49:37,244 [INFO] IPUIPlugin:80 - create IPUIPlugin
2026-01-27 09:49:37,244 [INFO] IPUIPlugin:80 - create IPUIPlugin
2026-01-27 09:49:37,244 [INFO] IPUIPlugin:80 - create IPUIPlugin
2026-01-27 09:49:37,467 [INFO] CADModel:165 - CPN selected for project levelSTM32F103C8T6
2026-01-27 09:49:37,467 [INFO] CADModel:114 - Register for checkConnection events
2026-01-27 09:49:37,517 [INFO] OpenFileManager:363 - Restore cursor
2026-01-27 09:52:07,859 [INFO] ADCParametersView:116 -                Rank 1 : false
2026-01-27 09:52:07,926 [INFO] ADCParametersView:116 -                Rank 1 : false
2026-01-27 09:52:07,926 [INFO] ADCParametersView:116 -                Rank 1 : false
2026-01-27 09:52:07,926 [INFO] ADCParametersView:116 -                Rank 1 : false
2026-01-27 09:52:07,926 [INFO] ADCParametersView:116 -                Rank 1 : false
2026-01-27 09:52:07,926 [INFO] ADCParametersView:116 -                Rank 1 : false
2026-01-27 09:52:07,926 [INFO] ADCParametersView:116 -                Rank 1 : false
2026-01-27 09:52:07,926 [INFO] ADCParametersView:116 -                Rank 1 : false
2026-01-27 09:52:07,926 [INFO] ADCParametersView:116 -                Rank 1 : false
2026-01-27 09:52:07,926 [INFO] ADCParametersView:116 -                Rank 1 : false
2026-01-27 09:52:07,926 [INFO] ADCParametersView:116 -                Rank 1 : false
2026-01-27 09:52:07,930 [INFO] ADCParametersView:116 -                Rank 1 : false
2026-01-27 17:30:17,194 [ERROR] LogOutputStream:75 - [STDERR_REDIRECT] 
