2025-09-29 10:57:37,198 [INFO] Activator:176 - 


2025-09-29 10:57:37,203 [INFO] Activator:177 - !SESSION log4j initialized
2025-09-29 10:57:42,999 [INFO] LogOutputStream:77 - [STDOUT_REDIRECT] 
2025-09-29 10:57:49,902 [INFO] ApplicationProperties:184 - Using Application install path: C:\ST\STM32CubeIDE_1.16.1\STM32CubeIDE\plugins\com.st.stm32cube.common.mx_6.12.1.202409122256
2025-09-29 10:57:49,918 [INFO] DbMcusXml:78 - Set database path to: C:\ST\STM32CubeIDE_1.16.1\STM32CubeIDE\plugins\com.st.stm32cube.common.mx_6.12.1.202409122256\\db\/mcu/
2025-09-29 10:57:49,919 [INFO] ApiDb:274 - Set plugin database path to: C:\ST\STM32CubeIDE_1.16.1\STM32CubeIDE\plugins\com.st.stm32cube.common.mx_6.12.1.202409122256\\db\/plugins/boardmanager/
2025-09-29 10:57:49,919 [WARN] ApiDb:259 - Overriding images path with different value:  => C:\ST\STM32CubeIDE_1.16.1\STM32CubeIDE\plugins\com.st.stm32cube.common.mx_6.12.1.202409122256\\db\/plugins/mcufinder/images/
2025-09-29 10:57:49,935 [INFO] ApiDb:250 - Set database path to: C:\Users\RND1\.stmcufinder\plugins\mcufinder//mcu/
2025-09-29 10:57:49,937 [INFO] DbMcusAds:125 - Set database path to: C:\Users\RND1\.stmcufinder\plugins\mcufinder//mcu/
2025-09-29 10:57:49,939 [INFO] CrossReferenceDbSqlite:203 - Set database path to: C:\Users\RND1\.stmcufinder\plugins\mcufinder//mcu/cs/
2025-09-29 10:57:50,032 [INFO] RulesReader:64 - Compatibility file has been processed (297 Rules)
2025-09-29 10:57:50,125 [INFO] DbMcusXml:78 - Set database path to: C:\ST\STM32CubeIDE_1.16.1\STM32CubeIDE\plugins\com.st.stm32cube.common.mx_6.12.1.202409122256\\db\/mcu/
2025-09-29 10:57:50,125 [INFO] ApiDb:274 - Set plugin database path to: C:\ST\STM32CubeIDE_1.16.1\STM32CubeIDE\plugins\com.st.stm32cube.common.mx_6.12.1.202409122256\\db\/plugins/boardmanager/
2025-09-29 10:57:50,126 [INFO] ApiDb:261 - Set plugin images path to: C:\ST\STM32CubeIDE_1.16.1\STM32CubeIDE\plugins\com.st.stm32cube.common.mx_6.12.1.202409122256\\db\/plugins/mcufinder/images/
2025-09-29 10:57:50,126 [WARN] DbFile:41 - Overriding database path with different value: C:\Users\RND1\.stmcufinder\plugins\mcufinder/ => C:\Users\RND1\.stmcufinder\plugins\mcufinder
2025-09-29 10:57:50,126 [INFO] ApiDb:250 - Set database path to: C:\Users\RND1\.stmcufinder\plugins\mcufinder//mcu/
2025-09-29 10:57:50,126 [WARN] DbFile:41 - Overriding database path with different value: C:\Users\RND1\.stmcufinder\plugins\mcufinder/ => C:\Users\RND1\.stmcufinder\plugins\mcufinder
2025-09-29 10:57:50,126 [INFO] DbMcusAds:125 - Set database path to: C:\Users\RND1\.stmcufinder\plugins\mcufinder//mcu/
2025-09-29 10:57:50,126 [WARN] DbFile:41 - Overriding database path with different value: C:\Users\RND1\.stmcufinder\plugins\mcufinder/ => C:\Users\RND1\.stmcufinder\plugins\mcufinder
2025-09-29 10:57:50,126 [WARN] DbFile:41 - Overriding database path with different value: C:\Users\RND1\.stmcufinder\plugins\mcufinder/ => C:\Users\RND1\.stmcufinder\plugins\mcufinder
2025-09-29 10:57:50,126 [INFO] CrossReferenceDbSqlite:203 - Set database path to: C:\Users\RND1\.stmcufinder\plugins\mcufinder//mcu/cs/
2025-09-29 10:57:50,214 [INFO] MainPanel:268 - HeapMemory: 268435456
2025-09-29 10:57:50,318 [INFO] DbMcusXml:78 - Set database path to: C:\ST\STM32CubeIDE_1.16.1\STM32CubeIDE\plugins\com.st.stm32cube.common.mx_6.12.1.202409122256\\db\/mcu/
2025-09-29 10:57:50,319 [INFO] ApiDb:274 - Set plugin database path to: C:\ST\STM32CubeIDE_1.16.1\STM32CubeIDE\plugins\com.st.stm32cube.common.mx_6.12.1.202409122256\\db\/plugins/boardmanager/
2025-09-29 10:57:50,319 [INFO] ApiDb:261 - Set plugin images path to: C:\ST\STM32CubeIDE_1.16.1\STM32CubeIDE\plugins\com.st.stm32cube.common.mx_6.12.1.202409122256\\db\/plugins/mcufinder/images/
2025-09-29 10:57:50,319 [WARN] DbFile:41 - Overriding database path with different value: C:\Users\RND1\.stmcufinder\plugins\mcufinder/ => C:\Users\RND1\.stmcufinder\plugins\mcufinder
2025-09-29 10:57:50,319 [INFO] ApiDb:250 - Set database path to: C:\Users\RND1\.stmcufinder\plugins\mcufinder//mcu/
2025-09-29 10:57:50,319 [WARN] DbFile:41 - Overriding database path with different value: C:\Users\RND1\.stmcufinder\plugins\mcufinder/ => C:\Users\RND1\.stmcufinder\plugins\mcufinder
2025-09-29 10:57:50,320 [INFO] DbMcusAds:125 - Set database path to: C:\Users\RND1\.stmcufinder\plugins\mcufinder//mcu/
2025-09-29 10:57:50,320 [WARN] DbFile:41 - Overriding database path with different value: C:\Users\RND1\.stmcufinder\plugins\mcufinder/ => C:\Users\RND1\.stmcufinder\plugins\mcufinder
2025-09-29 10:57:50,320 [WARN] DbFile:41 - Overriding database path with different value: C:\Users\RND1\.stmcufinder\plugins\mcufinder/ => C:\Users\RND1\.stmcufinder\plugins\mcufinder
2025-09-29 10:57:50,320 [INFO] CrossReferenceDbSqlite:203 - Set database path to: C:\Users\RND1\.stmcufinder\plugins\mcufinder//mcu/cs/
2025-09-29 10:57:50,340 [INFO] ApplicationProperties:184 - Using Application install path: C:\ST\STM32CubeIDE_1.16.1\STM32CubeIDE\plugins\com.st.stm32cube.common.mx_6.12.1.202409122256
2025-09-29 10:57:50,343 [INFO] PluginManage:196 - Search for loadable plugins [exclusion list=, ]
2025-09-29 10:57:50,345 [INFO] PluginManage:310 - Check plugin analytics
2025-09-29 10:57:50,531 [INFO] AnalyticsPlugin:253 - Accepted Software Licenses: STM32CubeMX.6.10.0
2025-09-29 10:57:50,531 [INFO] AnalyticsPlugin:255 - Accepted CMSIS Pack Licenses: 
2025-09-29 10:57:50,532 [INFO] AnalyticsPlugin:257 - Accepted Firmware Licenses: FW.G4.1.5.0,FW.G4.1.6.0,FW.F4.1.28.0,FW.H7.1.11.0
2025-09-29 10:57:50,535 [INFO] PluginManage:359 - Loaded plugin analytics (category:tool,tabindex:-1)
2025-09-29 10:57:50,536 [INFO] PluginManage:310 - Check plugin cadmodel
2025-09-29 10:57:50,555 [INFO] CADModel:105 - Init CAD model plugin
2025-09-29 10:57:50,555 [INFO] PluginManage:359 - Loaded plugin cadmodel (category:power,tabindex:5)
2025-09-29 10:57:50,555 [INFO] PluginManage:310 - Check plugin clock
2025-09-29 10:57:50,582 [INFO] PluginManage:359 - Loaded plugin clock (category:base,tabindex:2)
2025-09-29 10:57:50,583 [INFO] PluginManage:310 - Check plugin ddr
2025-09-29 10:57:50,585 [INFO] PluginManage:359 - Loaded plugin ddr (category:tool,tabindex:6)
2025-09-29 10:57:50,586 [INFO] PluginManage:310 - Check plugin filemanager
2025-09-29 10:57:50,826 [INFO] PluginManage:359 - Loaded plugin filemanager (category:base,tabindex:10)
2025-09-29 10:57:50,827 [INFO] PluginManage:310 - Check plugin ipmanager
2025-09-29 10:57:50,837 [INFO] PluginManage:359 - Loaded plugin ipmanager (category:base,tabindex:5)
2025-09-29 10:57:50,837 [INFO] PluginManage:310 - Check plugin lpbam
2025-09-29 10:57:50,861 [INFO] PluginManage:359 - Loaded plugin lpbam (category:base,tabindex:0)
2025-09-29 10:57:50,861 [INFO] PluginManage:310 - Check plugin memorymap
2025-09-29 10:57:50,887 [INFO] PluginManage:359 - Loaded plugin memorymap (category:base,tabindex:4)
2025-09-29 10:57:50,888 [INFO] PluginManage:310 - Check plugin pinoutandconfiguration
2025-09-29 10:57:50,908 [INFO] PluginManage:359 - Loaded plugin pinoutandconfiguration (category:base,tabindex:1)
2025-09-29 10:57:50,909 [INFO] PluginManage:310 - Check plugin pinoutconfig
2025-09-29 10:57:51,036 [WARN] SupportedApi:132 - Cannot load RTOS API schema: s4s-elt-must-match.1: The content of 'definitions' must match (annotation?, (simpleType | complexType)?, (unique | key | keyref)*)). A problem was found starting at: attribute.
2025-09-29 10:57:51,268 [INFO] PluginManage:359 - Loaded plugin pinoutconfig (category:base,tabindex:0)
2025-09-29 10:57:51,268 [INFO] PluginManage:310 - Check plugin power
2025-09-29 10:57:51,292 [INFO] PluginManage:359 - Loaded plugin power (category:power,tabindex:4)
2025-09-29 10:57:51,293 [INFO] PluginManage:310 - Check plugin projectmanager
2025-09-29 10:57:51,319 [INFO] PluginManage:359 - Loaded plugin projectmanager (category:projectmanager,tabindex:4)
2025-09-29 10:57:51,320 [INFO] PluginManage:310 - Check plugin rif
2025-09-29 10:57:51,337 [INFO] PluginManage:359 - Loaded plugin rif (category:base,tabindex:3)
2025-09-29 10:57:51,338 [INFO] PluginManage:310 - Check plugin thirdparty
2025-09-29 10:57:51,745 [INFO] PluginManage:359 - Loaded plugin thirdparty (category:base,tabindex:-1)
2025-09-29 10:57:51,745 [INFO] PluginManage:310 - Check plugin tools
2025-09-29 10:57:51,745 [WARN] IntegrityCheckThread:84 - waiting for thirdparty lock release [integrity check]
2025-09-29 10:57:51,746 [INFO] IntegrityCheckThread:86 - entering critical section [integrity check]
2025-09-29 10:57:51,746 [INFO] ThirdPartyUpdaterWithRetryManager:70 - Updater plugin not ready yet. [1/15]
2025-09-29 10:57:51,799 [INFO] PluginManage:359 - Loaded plugin tools (category:base,tabindex:7)
2025-09-29 10:57:51,800 [INFO] PluginManage:310 - Check plugin tutovideos
2025-09-29 10:57:52,025 [INFO] PluginManage:359 - Loaded plugin tutovideos (category:base,tabindex:-1)
2025-09-29 10:57:52,025 [INFO] PluginManage:310 - Check plugin updater
2025-09-29 10:57:52,064 [INFO] PluginManage:359 - Loaded plugin updater (category:base,tabindex:12)
2025-09-29 10:57:52,064 [INFO] PluginManage:310 - Check plugin userauth
2025-09-29 10:57:52,079 [INFO] UserAuth:113 - Init User Auth plugin
2025-09-29 10:57:52,080 [INFO] PluginManage:359 - Loaded plugin userauth (category:base,tabindex:14)
2025-09-29 10:57:52,080 [INFO] PluginManage:283 - PluginManage : Loaded plugins [18]
2025-09-29 10:57:52,429 [INFO] PinOutPanel:1561 - setPackage(No Configuration,No Configuration)
2025-09-29 10:57:52,692 [INFO] CADModel:165 - CPN selected for project level
2025-09-29 10:57:52,693 [INFO] CADModel:114 - Register for checkConnection events
2025-09-29 10:57:52,731 [INFO] IPUIPlugin:80 - create IPUIPlugin
2025-09-29 10:57:52,732 [INFO] PluginManager:220 - loadIPPluginJar : add adc
2025-09-29 10:57:52,787 [INFO] IPUIPlugin:80 - create IPUIPlugin
2025-09-29 10:57:52,787 [INFO] PluginManager:220 - loadIPPluginJar : add aes
2025-09-29 10:57:52,868 [INFO] IPUIPlugin:80 - create IPUIPlugin
2025-09-29 10:57:52,868 [INFO] PluginManager:220 - loadIPPluginJar : add can
2025-09-29 10:57:52,909 [INFO] IPUIPlugin:80 - create IPUIPlugin
2025-09-29 10:57:52,909 [INFO] PluginManager:220 - loadIPPluginJar : add comp
2025-09-29 10:57:52,975 [INFO] IPUIPlugin:80 - create IPUIPlugin
2025-09-29 10:57:52,975 [INFO] PluginManager:220 - loadIPPluginJar : add cryp
2025-09-29 10:57:52,995 [INFO] IPUIPlugin:80 - create IPUIPlugin
2025-09-29 10:57:52,995 [INFO] PluginManager:220 - loadIPPluginJar : add ddr_ctrl_phy
2025-09-29 10:57:53,057 [INFO] IPUIPlugin:80 - create IPUIPlugin
2025-09-29 10:57:53,057 [INFO] PluginManager:220 - loadIPPluginJar : add dfsdm
2025-09-29 10:57:53,081 [INFO] IPUIPlugin:80 - create IPUIPlugin
2025-09-29 10:57:53,082 [INFO] PluginManager:220 - loadIPPluginJar : add dma
2025-09-29 10:57:53,172 [INFO] IPUIPlugin:80 - create IPUIPlugin
2025-09-29 10:57:53,172 [INFO] PluginManager:220 - loadIPPluginJar : add dma3
2025-09-29 10:57:53,253 [INFO] IPUIPlugin:80 - create IPUIPlugin
2025-09-29 10:57:53,253 [INFO] PluginManager:220 - loadIPPluginJar : add extmemmanager
2025-09-29 10:57:53,294 [INFO] IPUIPlugin:80 - create IPUIPlugin
2025-09-29 10:57:53,295 [INFO] PluginManager:220 - loadIPPluginJar : add fatfs
2025-09-29 10:57:53,385 [INFO] IPUIPlugin:80 - create IPUIPlugin
2025-09-29 10:57:53,386 [INFO] PluginManager:220 - loadIPPluginJar : add fmc
2025-09-29 10:57:53,408 [INFO] IPUIPlugin:80 - create IPUIPlugin
2025-09-29 10:57:53,409 [INFO] PluginManager:220 - loadIPPluginJar : add freertos
2025-09-29 10:57:53,450 [INFO] IPUIPlugin:80 - create IPUIPlugin
2025-09-29 10:57:53,451 [INFO] PluginManager:220 - loadIPPluginJar : add genericplugin
2025-09-29 10:57:53,615 [INFO] IPUIPlugin:80 - create IPUIPlugin
2025-09-29 10:57:53,615 [INFO] PluginManager:220 - loadIPPluginJar : add gfxmmu
2025-09-29 10:57:53,884 [INFO] IPUIPlugin:80 - create IPUIPlugin
2025-09-29 10:57:53,885 [INFO] PluginManager:220 - loadIPPluginJar : add gic
2025-09-29 10:57:53,915 [INFO] IPUIPlugin:80 - create IPUIPlugin
2025-09-29 10:57:53,915 [INFO] PluginManager:220 - loadIPPluginJar : add gpio
2025-09-29 10:57:54,067 [INFO] IPUIPlugin:80 - create IPUIPlugin
2025-09-29 10:57:54,067 [INFO] PluginManager:220 - loadIPPluginJar : add gtzc
2025-09-29 10:57:54,128 [INFO] IPUIPlugin:80 - create IPUIPlugin
2025-09-29 10:57:54,128 [INFO] PluginManager:220 - loadIPPluginJar : add hash
2025-09-29 10:57:54,220 [INFO] IPUIPlugin:80 - create IPUIPlugin
2025-09-29 10:57:54,220 [INFO] PluginManager:220 - loadIPPluginJar : add i2c
2025-09-29 10:57:54,286 [INFO] IPUIPlugin:80 - create IPUIPlugin
2025-09-29 10:57:54,286 [INFO] PluginManager:220 - loadIPPluginJar : add i2s
2025-09-29 10:57:54,354 [INFO] IPUIPlugin:80 - create IPUIPlugin
2025-09-29 10:57:54,354 [INFO] PluginManager:220 - loadIPPluginJar : add i3c
2025-09-29 10:57:54,503 [INFO] IPUIPlugin:80 - create IPUIPlugin
2025-09-29 10:57:54,503 [INFO] PluginManager:220 - loadIPPluginJar : add ipddr
2025-09-29 10:57:54,669 [INFO] IPUIPlugin:80 - create IPUIPlugin
2025-09-29 10:57:54,670 [INFO] PluginManager:220 - loadIPPluginJar : add linkedlist
2025-09-29 10:57:54,727 [INFO] IPUIPlugin:80 - create IPUIPlugin
2025-09-29 10:57:54,727 [INFO] PluginManager:220 - loadIPPluginJar : add lorawan
2025-09-29 10:57:54,758 [INFO] ThirdPartyUpdaterWithRetryManager:70 - Updater plugin not ready yet. [2/15]
2025-09-29 10:57:54,786 [INFO] IPUIPlugin:80 - create IPUIPlugin
2025-09-29 10:57:54,787 [INFO] PluginManager:220 - loadIPPluginJar : add ltdc
2025-09-29 10:57:54,803 [INFO] IPUIPlugin:80 - create IPUIPlugin
2025-09-29 10:57:54,803 [INFO] PluginManager:220 - loadIPPluginJar : add mdma
2025-09-29 10:57:54,816 [INFO] IPUIPlugin:80 - create IPUIPlugin
2025-09-29 10:57:54,817 [INFO] PluginManager:220 - loadIPPluginJar : add nvic
2025-09-29 10:57:54,860 [INFO] IPUIPlugin:80 - create IPUIPlugin
2025-09-29 10:57:54,860 [INFO] PluginManager:220 - loadIPPluginJar : add opamp
2025-09-29 10:57:54,948 [INFO] IPUIPlugin:80 - create IPUIPlugin
2025-09-29 10:57:54,948 [INFO] PluginManager:220 - loadIPPluginJar : add openamp
2025-09-29 10:57:55,020 [INFO] IPUIPlugin:80 - create IPUIPlugin
2025-09-29 10:57:55,020 [INFO] PluginManager:220 - loadIPPluginJar : add pdm2pcm
2025-09-29 10:57:55,041 [INFO] IPUIPlugin:80 - create IPUIPlugin
2025-09-29 10:57:55,044 [INFO] PluginManager:220 - loadIPPluginJar : add plateformsettings
2025-09-29 10:57:55,082 [INFO] IPUIPlugin:80 - create IPUIPlugin
2025-09-29 10:57:55,082 [INFO] PluginManager:220 - loadIPPluginJar : add quadspi
2025-09-29 10:57:55,134 [INFO] IPUIPlugin:80 - create IPUIPlugin
2025-09-29 10:57:55,135 [INFO] PluginManager:220 - loadIPPluginJar : add radio
2025-09-29 10:57:55,148 [INFO] IPUIPlugin:80 - create IPUIPlugin
2025-09-29 10:57:55,148 [INFO] PluginManager:220 - loadIPPluginJar : add resmgrutility
2025-09-29 10:57:55,223 [INFO] IPUIPlugin:80 - create IPUIPlugin
2025-09-29 10:57:55,223 [INFO] PluginManager:220 - loadIPPluginJar : add sai
2025-09-29 10:57:55,287 [INFO] IPUIPlugin:80 - create IPUIPlugin
2025-09-29 10:57:55,287 [INFO] PluginManager:220 - loadIPPluginJar : add spi
2025-09-29 10:57:55,369 [INFO] IPUIPlugin:80 - create IPUIPlugin
2025-09-29 10:57:55,369 [INFO] PluginManager:220 - loadIPPluginJar : add stm32_wpan
2025-09-29 10:57:55,402 [INFO] IPUIPlugin:80 - create IPUIPlugin
2025-09-29 10:57:55,403 [INFO] PluginManager:220 - loadIPPluginJar : add tim
2025-09-29 10:57:55,478 [INFO] IPUIPlugin:80 - create IPUIPlugin
2025-09-29 10:57:55,478 [INFO] PluginManager:220 - loadIPPluginJar : add touchsensing
2025-09-29 10:57:55,505 [INFO] IPUIPlugin:80 - create IPUIPlugin
2025-09-29 10:57:55,506 [INFO] PluginManager:220 - loadIPPluginJar : add tracer_emb
2025-09-29 10:57:55,531 [INFO] IPUIPlugin:80 - create IPUIPlugin
2025-09-29 10:57:55,531 [INFO] PluginManager:220 - loadIPPluginJar : add ts
2025-09-29 10:57:55,560 [INFO] IPUIPlugin:80 - create IPUIPlugin
2025-09-29 10:57:55,561 [INFO] PluginManager:220 - loadIPPluginJar : add tsc
2025-09-29 10:57:55,605 [INFO] IPUIPlugin:80 - create IPUIPlugin
2025-09-29 10:57:55,606 [INFO] PluginManager:220 - loadIPPluginJar : add ucpd
2025-09-29 10:57:55,680 [INFO] IPUIPlugin:80 - create IPUIPlugin
2025-09-29 10:57:55,680 [INFO] PluginManager:220 - loadIPPluginJar : add usart
2025-09-29 10:57:55,735 [INFO] IPUIPlugin:80 - create IPUIPlugin
2025-09-29 10:57:55,735 [INFO] PluginManager:220 - loadIPPluginJar : add usbx
2025-09-29 10:57:55,883 [INFO] CADModel:165 - CPN selected for project level
2025-09-29 10:57:55,883 [INFO] CADModel:114 - Register for checkConnection events
2025-09-29 10:57:55,883 [FATAL] Updater:334 - Updater called before beeing initialized
2025-09-29 10:57:55,883 [ERROR] CADModel:125 - Updater not yet initialized, retry later 
2025-09-29 10:57:56,079 [INFO] CADModel:165 - CPN selected for project level
2025-09-29 10:57:56,079 [INFO] CADModel:114 - Register for checkConnection events
2025-09-29 10:57:56,080 [FATAL] Updater:334 - Updater called before beeing initialized
2025-09-29 10:57:56,080 [ERROR] CADModel:125 - Updater not yet initialized, retry later 
2025-09-29 10:57:56,083 [FATAL] Updater:334 - Updater called before beeing initialized
2025-09-29 10:57:56,290 [FATAL] Updater:334 - Updater called before beeing initialized
2025-09-29 10:57:56,303 [INFO] DbMcusAds:53 - JSON generation date=Tue Jul 08 17:14:27 KST 2025 (1751962467633)
2025-09-29 10:57:56,303 [FATAL] Updater:334 - Updater called before beeing initialized
2025-09-29 10:57:56,336 [WARN] DetailPanel:346 - Failed to get advertising image, set to default
2025-09-29 10:57:56,447 [FATAL] Updater:334 - Updater called before beeing initialized
2025-09-29 10:57:56,448 [FATAL] Updater:334 - Updater called before beeing initialized
2025-09-29 10:57:56,448 [FATAL] Updater:334 - Updater called before beeing initialized
2025-09-29 10:57:56,448 [WARN] DetailPanel:346 - Failed to get advertising image, set to default
2025-09-29 10:57:56,449 [FATAL] Updater:334 - Updater called before beeing initialized
2025-09-29 10:57:56,564 [ERROR] Updater:1164 - MainUpdater not yet initialized. External WinMGr cannot be set.
2025-09-29 10:57:56,579 [INFO] Updater:1100 - Updater Version found : 6.12.1
2025-09-29 10:57:56,599 [INFO] ApplicationProperties:184 - Using Application install path: C:\ST\STM32CubeIDE_1.16.1\STM32CubeIDE\plugins\com.st.stm32cube.common.mx_6.12.1.202409122256
2025-09-29 10:57:57,681 [INFO] MainUpdater:2873 - connection check result : 10
2025-09-29 10:57:57,681 [INFO] MainUpdater:3567 - Updater definition file requires update
2025-09-29 10:57:57,682 [INFO] MainUpdater:290 - Updater Check For Update Now.
2025-09-29 10:57:57,683 [INFO] MicroXplorer:498 - Change Database Version : DB.6.0.121
2025-09-29 10:57:57,699 [INFO] McuFinderGlobals:63 - Set McuFinder mode to 2 (CubeIDE integrated)
2025-09-29 10:57:57,706 [INFO] UserAuth:417 - Internet connection configuration mode: 1
2025-09-29 10:57:57,736 [INFO] JxBrowserEngine:152 - Initiate JxBrowser Engine with user profile folder
2025-09-29 10:57:57,761 [WARN] MainUpdater:1194 - Updater busy. Cannot search thirdparties
2025-09-29 10:57:57,761 [INFO] ThirdPartyUpdaterWithRetryManager:96 - Updater plugin is busy. [1/15]
2025-09-29 10:57:57,937 [INFO] ServerAccessManage:473 - Download File updaters.zip
2025-09-29 10:57:58,212 [INFO] FileExtend:240 - Unzip File : updaters.zip
2025-09-29 10:57:58,212 [INFO] FileExtend:255 - Standard Zip Deflate
2025-09-29 10:57:59,976 [INFO] ServerAccessManage:473 - Download File PacksControlFlags.xml
2025-09-29 10:58:00,146 [INFO] ServerAccessManage:473 - Download File cubemx.pidx
2025-09-29 10:58:00,801 [WARN] MainUpdater:1194 - Updater busy. Cannot search thirdparties
2025-09-29 10:58:00,810 [INFO] ThirdPartyUpdaterWithRetryManager:96 - Updater plugin is busy. [2/15]
2025-09-29 10:58:01,343 [INFO] ServerAccessManage:473 - Download File STMicroelectronics.X-CUBE-FREERTOS.pdsc
2025-09-29 10:58:02,704 [INFO] WebApp:167 - Instantiating new browser for Auth
2025-09-29 10:58:03,826 [WARN] MainUpdater:1194 - Updater busy. Cannot search thirdparties
2025-09-29 10:58:03,826 [INFO] ThirdPartyUpdaterWithRetryManager:96 - Updater plugin is busy. [3/15]
2025-09-29 10:58:03,937 [INFO] WebApp:448 - Apply proxy settings
2025-09-29 10:58:03,946 [INFO] WebApp:493 - Chromium authenticates against Manually configured proxy
2025-09-29 10:58:03,956 [INFO] WebApp:501 - Username used for proxy authentication: 
2025-09-29 10:58:04,016 [INFO] WebApp:869 - Register for checkConnection events
2025-09-29 10:58:04,016 [INFO] WebApp:448 - Apply proxy settings
2025-09-29 10:58:04,025 [INFO] WebApp:493 - Chromium authenticates against Manually configured proxy
2025-09-29 10:58:04,026 [INFO] WebApp:501 - Username used for proxy authentication: 
2025-09-29 10:58:04,213 [WARN] PackLoader:240 - Cannot read IP mode file for STMicroelectronics.X-CUBE-FREERTOS.1.3.1
2025-09-29 10:58:04,215 [INFO] PopulateThirdPartyThread:66 - Ending populate Thread
2025-09-29 10:58:04,216 [INFO] ThirdParty:1030 - CMSIS Pack Vendor :STMicroelectronics X-CUBE-FREERTOS 1.3.1
2025-09-29 10:58:04,216 [INFO] LoadServerUpdatesThread:375 - End of LoadServerUpdate Thread
2025-09-29 10:58:04,265 [INFO] WebApp:186 - Connection restablished
2025-09-29 10:58:04,475 [INFO] CheckServerUpdateThread:120 - End of CheckServer Thread
2025-09-29 10:58:04,483 [INFO] WebApp:220 - Starting web application
2025-09-29 10:58:04,483 [INFO] WebApp:578 - Web application path used C:\ST\STM32CubeIDE_1.16.1\STM32CubeIDE\plugins\com.st.stm32cube.common.mx_6.12.1.202409122256\db\plugins\mcufinder\reactClient1\index.html
2025-09-29 10:58:04,645 [INFO] UserAuth:417 - Internet connection configuration mode: 1
2025-09-29 10:58:07,353 [WARN] PackLoader:240 - Cannot read IP mode file for STMicroelectronics.FP-SNS-MOTENVWB1.1.4.0
2025-09-29 10:58:07,376 [WARN] PackLoader:240 - Cannot read IP mode file for STMicroelectronics.FP-ATR-ASTRA1.2.0.2
2025-09-29 10:58:07,394 [WARN] PackLoader:240 - Cannot read IP mode file for STMicroelectronics.FP-ATR-ASTRA1.2.0.1
2025-09-29 10:58:07,416 [WARN] PackLoader:240 - Cannot read IP mode file for STMicroelectronics.X-CUBE-SMBUS.2.1.0
2025-09-29 10:58:07,437 [WARN] PackLoader:240 - Cannot read IP mode file for STMicroelectronics.X-CUBE-WB05N.1.1.0
2025-09-29 10:58:07,454 [ERROR] Engine:466 - C:\Users\RND1\.stm32cubemx\thirdparties\pdsc\STMicroelectronics.X-CUBE-ST60.1.0.0.pdsc: PDSC version is not supported
2025-09-29 10:58:07,473 [WARN] PackLoader:240 - Cannot read IP mode file for STMicroelectronics.X-CUBE-TOUCHGFX.4.23.0
2025-09-29 10:58:07,493 [WARN] PackLoader:240 - Cannot read IP mode file for STMicroelectronics.X-CUBE-TOUCHGFX.4.23.2
2025-09-29 10:58:07,531 [WARN] PackLoader:240 - Cannot read IP mode file for STMicroelectronics.X-CUBE-AZRTOS-F7.1.1.0
2025-09-29 10:58:07,556 [WARN] PackLoader:240 - Cannot read IP mode file for STMicroelectronics.FP-SNS-MOTENV1.4.3.2
2025-09-29 10:58:07,688 [WARN] PackLoader:240 - Cannot read IP mode file for STMicroelectronics.X-CUBE-MEMS1.11.0.0
2025-09-29 10:58:08,472 [WARN] PackLoader:240 - Cannot read IP mode file for STMicroelectronics.FP-SNS-FLIGHT1.5.0.2
2025-09-29 10:58:08,557 [WARN] PackLoader:240 - Cannot read IP mode file for STMicroelectronics.X-CUBE-AZRTOS-H7.3.4.0
2025-09-29 10:58:08,625 [WARN] PackLoader:240 - Cannot read IP mode file for STMicroelectronics.X-CUBE-DISPLAY.3.0.0
2025-09-29 10:58:08,647 [WARN] PackLoader:240 - Cannot read IP mode file for STMicroelectronics.X-CUBE-BLE1.7.0.0
2025-09-29 10:58:08,672 [WARN] PackLoader:240 - Cannot read IP mode file for STMicroelectronics.X-CUBE-NFC10.1.0.0
2025-09-29 10:58:08,719 [WARN] PackLoader:240 - Cannot read IP mode file for STMicroelectronics.X-CUBE-BLEMGR.4.0.0
2025-09-29 10:58:08,749 [WARN] PackLoader:240 - Cannot read IP mode file for emotas.I-CUBE-CANOPEN.1.3.0
2025-09-29 10:58:08,776 [WARN] PackLoader:240 - Cannot read IP mode file for STMicroelectronics.X-CUBE-BLEMGR.3.1.0
2025-09-29 10:58:08,805 [WARN] PackLoader:240 - Cannot read IP mode file for STMicroelectronics.X-CUBE-AI.10.0.0
2025-09-29 10:58:08,827 [ERROR] Engine:466 - C:\Users\RND1\.stm32cubemx\thirdparties\pdsc\STMicroelectronics.FP-SNS-STBOX1.2.1.0.pdsc: PDSC version is not supported
2025-09-29 10:58:08,846 [WARN] PackLoader:240 - Cannot read IP mode file for STMicroelectronics.FP-SNS-SMARTAG2.1.2.0
2025-09-29 10:58:08,850 [ERROR] Engine:466 - C:\Users\RND1\.stm32cubemx\thirdparties\pdsc\STMicroelectronics.FP-SNS-FLIGHT1.5.1.0.pdsc: PDSC version is not supported
2025-09-29 10:58:08,916 [WARN] PackLoader:240 - Cannot read IP mode file for STMicroelectronics.X-CUBE-MEMS1.11.1.0
2025-09-29 10:58:09,064 [INFO] LogOutputStream:77 - [STDOUT_REDIRECT] 1 : Invalid condition id : UX_CORESTACK_Condition cause : null
2025-09-29 10:58:09,065 [INFO] LogOutputStream:77 - [STDOUT_REDIRECT] 1 : Invalid condition id : UX_CORESTACK_Condition cause : null
2025-09-29 10:58:09,066 [INFO] LogOutputStream:77 - [STDOUT_REDIRECT] 1 : Invalid condition id : UX_CORESTACK_Condition cause : null
2025-09-29 10:58:09,068 [INFO] LogOutputStream:77 - [STDOUT_REDIRECT] 1 : Invalid condition id : UX_CORESTACK_Condition cause : null
2025-09-29 10:58:09,069 [INFO] LogOutputStream:77 - [STDOUT_REDIRECT] 1 : Invalid condition id : UX_CORESTACK_Condition cause : null
2025-09-29 10:58:09,072 [WARN] PackLoader:240 - Cannot read IP mode file for STMicroelectronics.X-CUBE-AZRTOS-WL.2.0.0
2025-09-29 10:58:09,096 [WARN] PackLoader:240 - Cannot read IP mode file for STMicroelectronics.FP-SNS-MOTENV1.5.0.0
2025-09-29 10:58:09,106 [WARN] PackLoader:240 - Cannot read IP mode file for wolfSSL.I-CUBE-wolfMQTT.1.19.0
2025-09-29 10:58:09,123 [WARN] PackLoader:240 - Cannot read IP mode file for WES.I-CUBE-Cesium.1.3.0
2025-09-29 10:58:09,162 [WARN] PackLoader:240 - Cannot read IP mode file for STMicroelectronics.X-CUBE-BLE2.3.3.0
2025-09-29 10:58:09,269 [WARN] PackLoader:240 - Cannot read IP mode file for STMicroelectronics.X-CUBE-NFC9.1.0.0
2025-09-29 10:58:09,290 [WARN] PackLoader:240 - Cannot read IP mode file for STMicroelectronics.X-CUBE-BLE1.7.1.0
2025-09-29 10:58:09,331 [WARN] PackLoader:240 - Cannot read IP mode file for STMicroelectronics.X-CUBE-TCPP.4.1.0
2025-09-29 10:58:09,358 [WARN] PackLoader:240 - Cannot read IP mode file for STMicroelectronics.X-CUBE-EEPRMA1.5.2.0
2025-09-29 10:58:09,376 [WARN] PackLoader:240 - Cannot read IP mode file for STMicroelectronics.X-CUBE-AI.10.1.0
2025-09-29 10:58:09,476 [WARN] PackLoader:240 - Cannot read IP mode file for STMicroelectronics.X-CUBE-ALGOBUILD.1.3.0
2025-09-29 10:58:09,692 [WARN] PackLoader:240 - Cannot read IP mode file for STMicroelectronics.X-CUBE-MEMS1.11.2.0
2025-09-29 10:58:10,062 [WARN] PackLoader:240 - Cannot read IP mode file for STMicroelectronics.X-CUBE-AZRTOS-G0.1.1.0
2025-09-29 10:58:10,084 [WARN] PackLoader:240 - Cannot read IP mode file for STMicroelectronics.X-CUBE-SAFEA1.1.2.2
2025-09-29 10:58:10,105 [WARN] PackLoader:240 - Cannot read IP mode file for STMicroelectronics.X-CUBE-NFC4.3.0.0
2025-09-29 10:58:10,139 [WARN] PackLoader:240 - Cannot read IP mode file for wolfSSL.I-CUBE-wolfMQTT.1.18.0
2025-09-29 10:58:10,178 [WARN] PackLoader:240 - Cannot read IP mode file for EmbeddedOffice.I-CUBE-FS-RTOS.1.0.1
2025-09-29 10:58:10,178 [ERROR] ConditionMgr:805 - Attr not supported : Dmpu
2025-09-29 10:58:10,178 [ERROR] ConditionMgr:805 - Attr not supported : Dmpu
2025-09-29 10:58:10,178 [ERROR] ConditionMgr:805 - Attr not supported : Dmpu
2025-09-29 10:58:10,179 [ERROR] ConditionMgr:805 - Attr not supported : Dmpu
2025-09-29 10:58:10,179 [ERROR] ConditionMgr:805 - Attr not supported : Dmpu
2025-09-29 10:58:10,180 [ERROR] ConditionMgr:805 - Attr not supported : Dmpu
2025-09-29 10:58:10,180 [ERROR] ConditionMgr:805 - Attr not supported : Dmpu
2025-09-29 10:58:10,180 [ERROR] ConditionMgr:805 - Attr not supported : Dmpu
2025-09-29 10:58:10,180 [ERROR] ConditionMgr:805 - Attr not supported : Dmpu
2025-09-29 10:58:10,180 [ERROR] ConditionMgr:805 - Attr not supported : Dmpu
2025-09-29 10:58:10,180 [ERROR] ConditionMgr:805 - Attr not supported : Dmpu
2025-09-29 10:58:10,180 [ERROR] ConditionMgr:805 - Attr not supported : Dmpu
2025-09-29 10:58:10,181 [ERROR] ConditionMgr:805 - Attr not supported : Dmpu
2025-09-29 10:58:10,181 [ERROR] ConditionMgr:805 - Attr not supported : Dmpu
2025-09-29 10:58:10,181 [ERROR] ConditionMgr:805 - Attr not supported : Dmpu
2025-09-29 10:58:10,181 [ERROR] ConditionMgr:805 - Attr not supported : Dmpu
2025-09-29 10:58:10,181 [ERROR] ConditionMgr:805 - Attr not supported : Dmpu
2025-09-29 10:58:10,181 [ERROR] ConditionMgr:805 - Attr not supported : Dmpu
2025-09-29 10:58:10,181 [ERROR] ConditionMgr:805 - Attr not supported : Dmpu
2025-09-29 10:58:10,181 [ERROR] ConditionMgr:805 - Attr not supported : Dmpu
2025-09-29 10:58:10,181 [ERROR] ConditionMgr:805 - Attr not supported : Dmpu
2025-09-29 10:58:10,181 [ERROR] ConditionMgr:805 - Attr not supported : Dmpu
2025-09-29 10:58:10,181 [ERROR] ConditionMgr:805 - Attr not supported : Dmpu
2025-09-29 10:58:10,182 [ERROR] ConditionMgr:805 - Attr not supported : Dmpu
2025-09-29 10:58:10,182 [ERROR] ConditionMgr:805 - Attr not supported : Dmpu
2025-09-29 10:58:10,182 [ERROR] ConditionMgr:805 - Attr not supported : Dmpu
2025-09-29 10:58:10,182 [ERROR] ConditionMgr:805 - Attr not supported : Dmpu
2025-09-29 10:58:10,182 [ERROR] ConditionMgr:805 - Attr not supported : Dmpu
2025-09-29 10:58:10,182 [ERROR] ConditionMgr:805 - Attr not supported : Dmpu
2025-09-29 10:58:10,182 [ERROR] ConditionMgr:805 - Attr not supported : Dmpu
2025-09-29 10:58:10,182 [ERROR] ConditionMgr:805 - Attr not supported : Dmpu
2025-09-29 10:58:10,182 [ERROR] ConditionMgr:805 - Attr not supported : Dmpu
2025-09-29 10:58:10,182 [ERROR] ConditionMgr:805 - Attr not supported : Dmpu
2025-09-29 10:58:10,182 [ERROR] ConditionMgr:805 - Attr not supported : Dmpu
2025-09-29 10:58:10,182 [ERROR] ConditionMgr:805 - Attr not supported : Dmpu
2025-09-29 10:58:10,182 [ERROR] ConditionMgr:805 - Attr not supported : Dmpu
2025-09-29 10:58:10,183 [ERROR] ConditionMgr:805 - Attr not supported : Dmpu
2025-09-29 10:58:10,183 [ERROR] ConditionMgr:805 - Attr not supported : Dmpu
2025-09-29 10:58:10,183 [ERROR] ConditionMgr:805 - Attr not supported : Dmpu
2025-09-29 10:58:10,183 [ERROR] ConditionMgr:805 - Attr not supported : Dmpu
2025-09-29 10:58:10,183 [ERROR] ConditionMgr:805 - Attr not supported : Dmpu
2025-09-29 10:58:10,183 [ERROR] ConditionMgr:805 - Attr not supported : Dmpu
2025-09-29 10:58:10,183 [ERROR] ConditionMgr:805 - Attr not supported : Dmpu
2025-09-29 10:58:10,183 [ERROR] ConditionMgr:805 - Attr not supported : Dmpu
2025-09-29 10:58:10,183 [ERROR] ConditionMgr:805 - Attr not supported : Dmpu
2025-09-29 10:58:10,183 [ERROR] ConditionMgr:805 - Attr not supported : Dmpu
2025-09-29 10:58:10,184 [ERROR] ConditionMgr:805 - Attr not supported : Dmpu
2025-09-29 10:58:10,184 [ERROR] ConditionMgr:805 - Attr not supported : Dmpu
2025-09-29 10:58:10,184 [ERROR] ConditionMgr:805 - Attr not supported : Dmpu
2025-09-29 10:58:10,184 [ERROR] ConditionMgr:805 - Attr not supported : Dmpu
2025-09-29 10:58:10,184 [ERROR] ConditionMgr:805 - Attr not supported : Dmpu
2025-09-29 10:58:10,184 [ERROR] ConditionMgr:805 - Attr not supported : Dmpu
2025-09-29 10:58:10,184 [ERROR] ConditionMgr:805 - Attr not supported : Dmpu
2025-09-29 10:58:10,184 [ERROR] ConditionMgr:805 - Attr not supported : Dmpu
2025-09-29 10:58:10,184 [ERROR] ConditionMgr:805 - Attr not supported : Dmpu
2025-09-29 10:58:10,184 [ERROR] ConditionMgr:805 - Attr not supported : Dmpu
2025-09-29 10:58:10,184 [ERROR] ConditionMgr:805 - Attr not supported : Dmpu
2025-09-29 10:58:10,185 [ERROR] ConditionMgr:805 - Attr not supported : Dmpu
2025-09-29 10:58:10,185 [ERROR] ConditionMgr:805 - Attr not supported : Dmpu
2025-09-29 10:58:10,185 [ERROR] ConditionMgr:805 - Attr not supported : Dmpu
2025-09-29 10:58:10,185 [ERROR] ConditionMgr:805 - Attr not supported : Dmpu
2025-09-29 10:58:10,185 [ERROR] ConditionMgr:805 - Attr not supported : Dmpu
2025-09-29 10:58:10,185 [ERROR] ConditionMgr:805 - Attr not supported : Dmpu
2025-09-29 10:58:10,185 [ERROR] ConditionMgr:805 - Attr not supported : Dmpu
2025-09-29 10:58:10,211 [WARN] PackLoader:240 - Cannot read IP mode file for STMicroelectronics.X-CUBE-WB05N.2.0.0
2025-09-29 10:58:10,236 [WARN] PackLoader:240 - Cannot read IP mode file for STMicroelectronics.X-CUBE-BLEMGR.3.0.0
2025-09-29 10:58:10,255 [ERROR] Engine:466 - C:\Users\RND1\.stm32cubemx\thirdparties\pdsc\STMicroelectronics.X-CUBE-TCPP.4.2.0.pdsc: PDSC version is not supported
2025-09-29 10:58:10,278 [WARN] PackLoader:240 - Cannot read IP mode file for RealThread.X-CUBE-RT-Thread_Nano.4.1.1
2025-09-29 10:58:10,285 [WARN] PackLoader:240 - Cannot read IP mode file for STMicroelectronics.FP-ATR-SIGFOX1.3.2.0
2025-09-29 10:58:10,294 [WARN] ConditionMgr:438 - getConditionDescription Invalid condition id : Cortex-A Device cause : null
2025-09-29 10:58:10,327 [WARN] ConditionMgr:1039 - genDependencies : Invalid condition id : Cortex-A Device cause : null
2025-09-29 10:58:10,327 [WARN] ConditionMgr:1039 - genDependencies : Invalid condition id : Cortex-A Device cause : null
2025-09-29 10:58:10,327 [WARN] ConditionMgr:1039 - genDependencies : Invalid condition id : Cortex-A Device cause : null
2025-09-29 10:58:10,345 [WARN] PackLoader:240 - Cannot read IP mode file for STMicroelectronics.X-CUBE-EEPRMA1.5.1.0
2025-09-29 10:58:10,361 [ERROR] Engine:466 - C:\Users\RND1\.stm32cubemx\thirdparties\pdsc\STMicroelectronics.X-CUBE-ST67W61.1.0.0.pdsc: PDSC version is not supported
2025-09-29 10:58:10,377 [WARN] PackLoader:240 - Cannot read IP mode file for STMicroelectronics.X-CUBE-AI.10.2.0
2025-09-29 10:58:10,418 [WARN] PackLoader:240 - Cannot read IP mode file for SEGGER.I-CUBE-embOS.1.3.1
2025-09-29 10:58:10,588 [WARN] PackLoader:240 - Cannot read IP mode file for STMicroelectronics.X-CUBE-ALGOBUILD.1.4.0
2025-09-29 10:58:10,728 [WARN] PackLoader:240 - Cannot read IP mode file for STMicroelectronics.X-CUBE-MEMS1.11.3.0
2025-09-29 10:58:10,945 [WARN] PackLoader:240 - Cannot read IP mode file for STMicroelectronics.X-CUBE-AI.9.1.0
2025-09-29 10:58:10,959 [WARN] PackLoader:240 - Cannot read IP mode file for STMicroelectronics.X-CUBE-PM33A1.1.0.0
2025-09-29 10:58:10,974 [WARN] PackLoader:240 - Cannot read IP mode file for STMicroelectronics.X-CUBE-GNSS1.6.0.0
2025-09-29 10:58:11,002 [WARN] PackLoader:240 - Cannot read IP mode file for STMicroelectronics.X-CUBE-AZRTOS-F4.1.1.0
2025-09-29 10:58:11,026 [WARN] PackLoader:240 - Cannot read IP mode file for wolfSSL.I-CUBE-wolfSSL.5.6.4
2025-09-29 10:58:11,040 [ERROR] Engine:466 - C:\Users\RND1\.stm32cubemx\thirdparties\pdsc\Avnet-IotConnect.X-CUBE-IoTC-DA16k-PMOD.1.0.0.pdsc: PDSC version is not supported
2025-09-29 10:58:11,059 [WARN] PackLoader:240 - Cannot read IP mode file for STMicroelectronics.X-CUBE-ISPU.2.1.0
2025-09-29 10:58:11,081 [WARN] PackLoader:240 - Cannot read IP mode file for STMicroelectronics.X-CUBE-FREERTOS.1.2.0
2025-09-29 10:58:11,110 [WARN] PackLoader:240 - Cannot read IP mode file for STMicroelectronics.X-CUBE-NFC12.1.0.0
2025-09-29 10:58:11,144 [WARN] PackLoader:240 - Cannot read IP mode file for STMicroelectronics.X-CUBE-AZRTOS-L5.2.0.0
2025-09-29 10:58:11,170 [WARN] PackLoader:240 - Cannot read IP mode file for STMicroelectronics.X-CUBE-EEPRMA1.4.2.0
2025-09-29 10:58:11,194 [WARN] PackLoader:240 - Cannot read IP mode file for STMicroelectronics.X-CUBE-NFC6.3.1.0
2025-09-29 10:58:11,217 [WARN] PackLoader:240 - Cannot read IP mode file for ITTIA_DB.I-CUBE-ITTIADB.8.8.0
2025-09-29 10:58:11,244 [WARN] PackLoader:240 - Cannot read IP mode file for STMicroelectronics.X-CUBE-DPower.1.2.0
2025-09-29 10:58:11,273 [WARN] PackLoader:240 - Cannot read IP mode file for STMicroelectronics.X-CUBE-AI.9.0.0
2025-09-29 10:58:11,280 [WARN] PackLoader:240 - Cannot read IP mode file for STMicroelectronics.X-CUBE-FREERTOS.1.3.1
2025-09-29 10:58:11,299 [WARN] PackLoader:240 - Cannot read IP mode file for STMicroelectronics.X-CUBE-FREERTOS.1.3.0
2025-09-29 10:58:11,320 [WARN] PackLoader:240 - Cannot read IP mode file for STMicroelectronics.X-CUBE-NFC7.1.0.1
2025-09-29 10:58:11,343 [WARN] PackLoader:240 - Cannot read IP mode file for STMicroelectronics.X-CUBE-NFC6.3.0.0
2025-09-29 10:58:11,360 [ERROR] Engine:466 - C:\Users\RND1\.stm32cubemx\thirdparties\pdsc\STMicroelectronics.FP-SNS-STAIOTCFT.1.0.0.pdsc: PDSC version is not supported
2025-09-29 10:58:11,378 [WARN] PackLoader:240 - Cannot read IP mode file for STMicroelectronics.X-CUBE-DPower.1.3.0
2025-09-29 10:58:11,400 [WARN] PackLoader:240 - Cannot read IP mode file for STMicroelectronics.X-CUBE-AI.8.1.0
2025-09-29 10:58:11,433 [WARN] ConditionMgr:438 - getConditionDescription Invalid condition id : LAN8742 Phy interface Condition cause : null
2025-09-29 10:58:11,434 [WARN] PackLoader:240 - Cannot read IP mode file for STMicroelectronics.X-CUBE-AZRTOS-L4.2.0.0
2025-09-29 10:58:11,435 [WARN] ConditionMgr:1039 - genDependencies : Invalid condition id : LAN8742 Phy interface Condition cause : null
2025-09-29 10:58:11,435 [WARN] ConditionMgr:1039 - genDependencies : Invalid condition id : LAN8742 Phy interface Condition cause : null
2025-09-29 10:58:11,436 [WARN] ConditionMgr:1039 - genDependencies : Invalid condition id : LAN8742 Phy interface Condition cause : null
2025-09-29 10:58:11,458 [WARN] PackLoader:240 - Cannot read IP mode file for STMicroelectronics.X-CUBE-SFXS2LP1.4.0.0
2025-09-29 10:58:11,495 [WARN] PackLoader:240 - Cannot read IP mode file for STMicroelectronics.X-CUBE-AZRTOS-H7.3.3.0
2025-09-29 10:58:11,517 [ERROR] Engine:466 - C:\Users\RND1\.stm32cubemx\thirdparties\pdsc\STMicroelectronics.X-CUBE-BLEMGR.4.1.0.pdsc: PDSC version is not supported
2025-09-29 10:58:11,643 [WARN] PackLoader:240 - Cannot read IP mode file for STMicroelectronics.X-CUBE-IPS.3.0.0
2025-09-29 10:58:11,677 [WARN] ConditionMgr:438 - getConditionDescription Invalid condition id : UX DEVICE CLASS RTOS Condition cause : null
2025-09-29 10:58:11,678 [WARN] ConditionMgr:438 - getConditionDescription Invalid condition id : UX DEVICE CLASS RTOS Condition cause : null
2025-09-29 10:58:11,679 [WARN] PackLoader:240 - Cannot read IP mode file for STMicroelectronics.X-CUBE-AZRTOS-WB.2.0.0
2025-09-29 10:58:11,680 [WARN] ConditionMgr:1039 - genDependencies : Invalid condition id : UX DEVICE CLASS RTOS Condition cause : null
2025-09-29 10:58:11,681 [WARN] ConditionMgr:1039 - genDependencies : Invalid condition id : UX DEVICE CLASS RTOS Condition cause : null
2025-09-29 10:58:11,681 [WARN] ConditionMgr:1039 - genDependencies : Invalid condition id : UX DEVICE CLASS RTOS Condition cause : null
2025-09-29 10:58:11,681 [WARN] ConditionMgr:1039 - genDependencies : Invalid condition id : UX DEVICE CLASS RTOS Condition cause : null
2025-09-29 10:58:11,682 [WARN] ConditionMgr:1039 - genDependencies : Invalid condition id : UX DEVICE CLASS RTOS Condition cause : null
2025-09-29 10:58:11,702 [WARN] PackLoader:240 - Cannot read IP mode file for STMicroelectronics.X-CUBE-GNSS1.7.0.0
2025-09-29 10:58:11,721 [WARN] PackLoader:240 - Cannot read IP mode file for STMicroelectronics.X-CUBE-GNSS1.7.0.1
2025-09-29 10:58:11,740 [WARN] PackLoader:240 - Cannot read IP mode file for STMicroelectronics.X-CUBE-TOUCHGFX.4.25.0
2025-09-29 10:58:11,766 [WARN] PackLoader:240 - Cannot read IP mode file for STMicroelectronics.FP-SNS-STBOX1.2.0.0
2025-09-29 10:58:11,795 [WARN] PackLoader:240 - Cannot read IP mode file for STMicroelectronics.X-CUBE-SUBG2.5.0.0
2025-09-29 10:58:11,832 [WARN] PackLoader:240 - Cannot read IP mode file for STMicroelectronics.X-CUBE-AZRTOS-H7RS.1.1.0
2025-09-29 10:58:11,867 [WARN] PackLoader:240 - Cannot read IP mode file for STMicroelectronics.X-CUBE-AZRTOS-G4.2.0.0
2025-09-29 10:58:11,901 [WARN] PackLoader:240 - Cannot read IP mode file for Infineon.AIROC-Wi-Fi-Bluetooth-STM32.1.5.1
2025-09-29 10:58:11,932 [WARN] PackLoader:240 - Cannot read IP mode file for STMicroelectronics.X-CUBE-NFC7.2.0.0
2025-09-29 10:58:11,952 [WARN] PackLoader:240 - Cannot read IP mode file for STMicroelectronics.FP-SNS-MOTENVWB1.1.3.1
2025-09-29 10:58:11,971 [WARN] PackLoader:240 - Cannot read IP mode file for STMicroelectronics.X-CUBE-ISPU.2.0.0
2025-09-29 10:58:11,993 [ERROR] Engine:466 - C:\Users\RND1\.stm32cubemx\thirdparties\pdsc\STMicroelectronics.X-CUBE-IPS.3.1.0.pdsc: PDSC version is not supported
2025-09-29 10:58:12,013 [WARN] PackLoader:240 - Cannot read IP mode file for STMicroelectronics.X-CUBE-ALS.1.0.2
2025-09-29 10:58:12,085 [WARN] PackLoader:240 - Cannot read IP mode file for STMicroelectronics.X-CUBE-MEMS1.10.0.0
2025-09-29 10:58:12,262 [WARN] PackLoader:240 - Cannot read IP mode file for STMicroelectronics.X-CUBE-FREERTOS.1.1.0
2025-09-29 10:58:12,294 [WARN] PackLoader:240 - Cannot read IP mode file for STMicroelectronics.X-CUBE-TOUCHGFX.4.24.0
2025-09-29 10:58:12,312 [WARN] PackLoader:240 - Cannot read IP mode file for STMicroelectronics.X-CUBE-TOUCHGFX.4.24.2
2025-09-29 10:58:12,330 [WARN] PackLoader:240 - Cannot read IP mode file for STMicroelectronics.X-CUBE-TOUCHGFX.4.24.1
2025-09-29 10:58:12,351 [WARN] PackLoader:240 - Cannot read IP mode file for STMicroelectronics.X-CUBE-STSE01.1.0.0
2025-09-29 10:58:12,358 [WARN] PackLoader:240 - Cannot read IP mode file for wolfSSL.I-CUBE-wolfTPM.3.4.0
2025-09-29 10:58:12,383 [WARN] PackLoader:240 - Cannot read IP mode file for portGmbH.I-Cube-SoM-uGOAL.1.1.0
2025-09-29 10:58:12,400 [WARN] PackLoader:240 - Cannot read IP mode file for STMicroelectronics.X-CUBE-ALS.1.0.1
2025-09-29 10:58:12,428 [WARN] PackLoader:240 - Cannot read IP mode file for STMicroelectronics.X-CUBE-AZRTOS-H7RS.1.0.0
2025-09-29 10:58:12,443 [WARN] PackLoader:240 - Cannot read IP mode file for STMicroelectronics.FP-ATR-ASTRA1.2.0.0
2025-09-29 10:58:12,466 [WARN] PackLoader:240 - Cannot read IP mode file for STMicroelectronics.X-CUBE-TOF1.3.4.2
2025-09-29 10:58:12,493 [ERROR] Engine:466 - C:\Users\RND1\.stm32cubemx\thirdparties\pdsc\STMicroelectronics.X-CUBE-TOF1.3.4.3.pdsc: PDSC version is not supported
2025-09-29 10:58:12,516 [WARN] PackLoader:240 - Cannot read IP mode file for STMicroelectronics.X-CUBE-TOF1.3.4.0
2025-09-29 10:58:12,546 [WARN] PackLoader:240 - Cannot read IP mode file for STMicroelectronics.X-CUBE-TOF1.3.4.1
2025-09-29 10:58:12,585 [WARN] PackLoader:240 - Cannot read IP mode file for STMicroelectronics.X-CUBE-AZRTOS-H7.3.2.0
2025-09-29 10:58:12,600 [WARN] PackLoader:240 - Cannot read IP mode file for wolfSSL.I-CUBE-wolfSSH.1.4.17
2025-09-29 10:58:12,601 [INFO] ThirdParty:978 - Integrity check success = true
2025-09-29 10:58:12,601 [INFO] IntegrityCheckThread:100 - exiting critical section [integrity check]
2025-09-29 10:58:12,601 [INFO] IntegrityCheckThread:103 - End integrity checks thread
2025-09-29 17:30:25,707 [ERROR] LogOutputStream:75 - [STDERR_REDIRECT] 
