2026-01-12 13:52:52,459 [INFO] Activator:176 - 


2026-01-12 13:52:52,459 [INFO] Activator:177 - !SESSION log4j initialized
2026-01-12 13:52:58,318 [INFO] LogOutputStream:77 - [STDOUT_REDIRECT] 
2026-01-12 13:53:03,746 [INFO] ApplicationProperties:184 - Using Application install path: C:\ST\STM32CubeIDE_1.16.1\STM32CubeIDE\plugins\com.st.stm32cube.common.mx_6.12.1.202409122256
2026-01-12 13:53:03,761 [INFO] DbMcusXml:78 - Set database path to: C:\ST\STM32CubeIDE_1.16.1\STM32CubeIDE\plugins\com.st.stm32cube.common.mx_6.12.1.202409122256\\db\/mcu/
2026-01-12 13:53:03,761 [INFO] ApiDb:274 - Set plugin database path to: C:\ST\STM32CubeIDE_1.16.1\STM32CubeIDE\plugins\com.st.stm32cube.common.mx_6.12.1.202409122256\\db\/plugins/boardmanager/
2026-01-12 13:53:03,761 [WARN] ApiDb:259 - Overriding images path with different value:  => C:\ST\STM32CubeIDE_1.16.1\STM32CubeIDE\plugins\com.st.stm32cube.common.mx_6.12.1.202409122256\\db\/plugins/mcufinder/images/
2026-01-12 13:53:03,777 [INFO] ApiDb:250 - Set database path to: C:\Users\RND1\.stmcufinder\plugins\mcufinder//mcu/
2026-01-12 13:53:03,778 [INFO] DbMcusAds:125 - Set database path to: C:\Users\RND1\.stmcufinder\plugins\mcufinder//mcu/
2026-01-12 13:53:03,782 [INFO] CrossReferenceDbSqlite:203 - Set database path to: C:\Users\RND1\.stmcufinder\plugins\mcufinder//mcu/cs/
2026-01-12 13:53:03,871 [INFO] RulesReader:64 - Compatibility file has been processed (297 Rules)
2026-01-12 13:53:03,944 [INFO] DbMcusXml:78 - Set database path to: C:\ST\STM32CubeIDE_1.16.1\STM32CubeIDE\plugins\com.st.stm32cube.common.mx_6.12.1.202409122256\\db\/mcu/
2026-01-12 13:53:03,944 [INFO] ApiDb:274 - Set plugin database path to: C:\ST\STM32CubeIDE_1.16.1\STM32CubeIDE\plugins\com.st.stm32cube.common.mx_6.12.1.202409122256\\db\/plugins/boardmanager/
2026-01-12 13:53:03,944 [INFO] ApiDb:261 - Set plugin images path to: C:\ST\STM32CubeIDE_1.16.1\STM32CubeIDE\plugins\com.st.stm32cube.common.mx_6.12.1.202409122256\\db\/plugins/mcufinder/images/
2026-01-12 13:53:03,944 [WARN] DbFile:41 - Overriding database path with different value: C:\Users\RND1\.stmcufinder\plugins\mcufinder/ => C:\Users\RND1\.stmcufinder\plugins\mcufinder
2026-01-12 13:53:03,944 [INFO] ApiDb:250 - Set database path to: C:\Users\RND1\.stmcufinder\plugins\mcufinder//mcu/
2026-01-12 13:53:03,944 [WARN] DbFile:41 - Overriding database path with different value: C:\Users\RND1\.stmcufinder\plugins\mcufinder/ => C:\Users\RND1\.stmcufinder\plugins\mcufinder
2026-01-12 13:53:03,944 [INFO] DbMcusAds:125 - Set database path to: C:\Users\RND1\.stmcufinder\plugins\mcufinder//mcu/
2026-01-12 13:53:03,944 [WARN] DbFile:41 - Overriding database path with different value: C:\Users\RND1\.stmcufinder\plugins\mcufinder/ => C:\Users\RND1\.stmcufinder\plugins\mcufinder
2026-01-12 13:53:03,944 [WARN] DbFile:41 - Overriding database path with different value: C:\Users\RND1\.stmcufinder\plugins\mcufinder/ => C:\Users\RND1\.stmcufinder\plugins\mcufinder
2026-01-12 13:53:03,944 [INFO] CrossReferenceDbSqlite:203 - Set database path to: C:\Users\RND1\.stmcufinder\plugins\mcufinder//mcu/cs/
2026-01-12 13:53:04,008 [INFO] MainPanel:268 - HeapMemory: 268435456
2026-01-12 13:53:04,089 [INFO] DbMcusXml:78 - Set database path to: C:\ST\STM32CubeIDE_1.16.1\STM32CubeIDE\plugins\com.st.stm32cube.common.mx_6.12.1.202409122256\\db\/mcu/
2026-01-12 13:53:04,089 [INFO] ApiDb:274 - Set plugin database path to: C:\ST\STM32CubeIDE_1.16.1\STM32CubeIDE\plugins\com.st.stm32cube.common.mx_6.12.1.202409122256\\db\/plugins/boardmanager/
2026-01-12 13:53:04,089 [INFO] ApiDb:261 - Set plugin images path to: C:\ST\STM32CubeIDE_1.16.1\STM32CubeIDE\plugins\com.st.stm32cube.common.mx_6.12.1.202409122256\\db\/plugins/mcufinder/images/
2026-01-12 13:53:04,089 [WARN] DbFile:41 - Overriding database path with different value: C:\Users\RND1\.stmcufinder\plugins\mcufinder/ => C:\Users\RND1\.stmcufinder\plugins\mcufinder
2026-01-12 13:53:04,089 [INFO] ApiDb:250 - Set database path to: C:\Users\RND1\.stmcufinder\plugins\mcufinder//mcu/
2026-01-12 13:53:04,089 [WARN] DbFile:41 - Overriding database path with different value: C:\Users\RND1\.stmcufinder\plugins\mcufinder/ => C:\Users\RND1\.stmcufinder\plugins\mcufinder
2026-01-12 13:53:04,089 [INFO] DbMcusAds:125 - Set database path to: C:\Users\RND1\.stmcufinder\plugins\mcufinder//mcu/
2026-01-12 13:53:04,089 [WARN] DbFile:41 - Overriding database path with different value: C:\Users\RND1\.stmcufinder\plugins\mcufinder/ => C:\Users\RND1\.stmcufinder\plugins\mcufinder
2026-01-12 13:53:04,089 [WARN] DbFile:41 - Overriding database path with different value: C:\Users\RND1\.stmcufinder\plugins\mcufinder/ => C:\Users\RND1\.stmcufinder\plugins\mcufinder
2026-01-12 13:53:04,089 [INFO] CrossReferenceDbSqlite:203 - Set database path to: C:\Users\RND1\.stmcufinder\plugins\mcufinder//mcu/cs/
2026-01-12 13:53:04,105 [INFO] ApplicationProperties:184 - Using Application install path: C:\ST\STM32CubeIDE_1.16.1\STM32CubeIDE\plugins\com.st.stm32cube.common.mx_6.12.1.202409122256
2026-01-12 13:53:04,106 [INFO] PluginManage:196 - Search for loadable plugins [exclusion list=, ]
2026-01-12 13:53:04,108 [INFO] PluginManage:310 - Check plugin analytics
2026-01-12 13:53:04,267 [INFO] AnalyticsPlugin:253 - Accepted Software Licenses: STM32CubeMX.6.10.0
2026-01-12 13:53:04,267 [INFO] AnalyticsPlugin:255 - Accepted CMSIS Pack Licenses: 
2026-01-12 13:53:04,267 [INFO] AnalyticsPlugin:257 - Accepted Firmware Licenses: FW.G4.1.5.0,FW.G4.1.6.0,FW.F4.1.28.0,FW.H7.1.11.0
2026-01-12 13:53:04,271 [INFO] PluginManage:359 - Loaded plugin analytics (category:tool,tabindex:-1)
2026-01-12 13:53:04,271 [INFO] PluginManage:310 - Check plugin cadmodel
2026-01-12 13:53:04,289 [INFO] CADModel:105 - Init CAD model plugin
2026-01-12 13:53:04,289 [INFO] PluginManage:359 - Loaded plugin cadmodel (category:power,tabindex:5)
2026-01-12 13:53:04,289 [INFO] PluginManage:310 - Check plugin clock
2026-01-12 13:53:04,309 [INFO] PluginManage:359 - Loaded plugin clock (category:base,tabindex:2)
2026-01-12 13:53:04,310 [INFO] PluginManage:310 - Check plugin ddr
2026-01-12 13:53:04,312 [INFO] PluginManage:359 - Loaded plugin ddr (category:tool,tabindex:6)
2026-01-12 13:53:04,312 [INFO] PluginManage:310 - Check plugin filemanager
2026-01-12 13:53:04,447 [INFO] PluginManage:359 - Loaded plugin filemanager (category:base,tabindex:10)
2026-01-12 13:53:04,447 [INFO] PluginManage:310 - Check plugin ipmanager
2026-01-12 13:53:04,454 [INFO] PluginManage:359 - Loaded plugin ipmanager (category:base,tabindex:5)
2026-01-12 13:53:04,454 [INFO] PluginManage:310 - Check plugin lpbam
2026-01-12 13:53:04,472 [INFO] PluginManage:359 - Loaded plugin lpbam (category:base,tabindex:0)
2026-01-12 13:53:04,472 [INFO] PluginManage:310 - Check plugin memorymap
2026-01-12 13:53:04,496 [INFO] PluginManage:359 - Loaded plugin memorymap (category:base,tabindex:4)
2026-01-12 13:53:04,496 [INFO] PluginManage:310 - Check plugin pinoutandconfiguration
2026-01-12 13:53:04,514 [INFO] PluginManage:359 - Loaded plugin pinoutandconfiguration (category:base,tabindex:1)
2026-01-12 13:53:04,514 [INFO] PluginManage:310 - Check plugin pinoutconfig
2026-01-12 13:53:04,592 [WARN] SupportedApi:132 - Cannot load RTOS API schema: s4s-elt-must-match.1: The content of 'definitions' must match (annotation?, (simpleType | complexType)?, (unique | key | keyref)*)). A problem was found starting at: attribute.
2026-01-12 13:53:04,703 [INFO] PluginManage:359 - Loaded plugin pinoutconfig (category:base,tabindex:0)
2026-01-12 13:53:04,703 [INFO] PluginManage:310 - Check plugin power
2026-01-12 13:53:04,724 [INFO] PluginManage:359 - Loaded plugin power (category:power,tabindex:4)
2026-01-12 13:53:04,724 [INFO] PluginManage:310 - Check plugin projectmanager
2026-01-12 13:53:04,738 [INFO] PluginManage:359 - Loaded plugin projectmanager (category:projectmanager,tabindex:4)
2026-01-12 13:53:04,738 [INFO] PluginManage:310 - Check plugin rif
2026-01-12 13:53:04,753 [INFO] PluginManage:359 - Loaded plugin rif (category:base,tabindex:3)
2026-01-12 13:53:04,754 [INFO] PluginManage:310 - Check plugin thirdparty
2026-01-12 13:53:05,004 [INFO] PluginManage:359 - Loaded plugin thirdparty (category:base,tabindex:-1)
2026-01-12 13:53:05,004 [WARN] IntegrityCheckThread:84 - waiting for thirdparty lock release [integrity check]
2026-01-12 13:53:05,005 [INFO] PluginManage:310 - Check plugin tools
2026-01-12 13:53:05,005 [INFO] IntegrityCheckThread:86 - entering critical section [integrity check]
2026-01-12 13:53:05,005 [INFO] ThirdPartyUpdaterWithRetryManager:70 - Updater plugin not ready yet. [1/15]
2026-01-12 13:53:05,037 [INFO] PluginManage:359 - Loaded plugin tools (category:base,tabindex:7)
2026-01-12 13:53:05,038 [INFO] PluginManage:310 - Check plugin tutovideos
2026-01-12 13:53:05,188 [INFO] PluginManage:359 - Loaded plugin tutovideos (category:base,tabindex:-1)
2026-01-12 13:53:05,189 [INFO] PluginManage:310 - Check plugin updater
2026-01-12 13:53:05,205 [INFO] PluginManage:359 - Loaded plugin updater (category:base,tabindex:12)
2026-01-12 13:53:05,205 [INFO] PluginManage:310 - Check plugin userauth
2026-01-12 13:53:05,210 [INFO] UserAuth:113 - Init User Auth plugin
2026-01-12 13:53:05,211 [INFO] PluginManage:359 - Loaded plugin userauth (category:base,tabindex:14)
2026-01-12 13:53:05,211 [INFO] PluginManage:283 - PluginManage : Loaded plugins [18]
2026-01-12 13:53:05,375 [INFO] PinOutPanel:1561 - setPackage(No Configuration,No Configuration)
2026-01-12 13:53:05,451 [INFO] CADModel:165 - CPN selected for project level
2026-01-12 13:53:05,451 [INFO] CADModel:114 - Register for checkConnection events
2026-01-12 13:53:05,475 [INFO] IPUIPlugin:80 - create IPUIPlugin
2026-01-12 13:53:05,475 [INFO] PluginManager:220 - loadIPPluginJar : add adc
2026-01-12 13:53:05,504 [INFO] IPUIPlugin:80 - create IPUIPlugin
2026-01-12 13:53:05,504 [INFO] PluginManager:220 - loadIPPluginJar : add aes
2026-01-12 13:53:05,539 [INFO] IPUIPlugin:80 - create IPUIPlugin
2026-01-12 13:53:05,539 [INFO] PluginManager:220 - loadIPPluginJar : add can
2026-01-12 13:53:05,560 [INFO] IPUIPlugin:80 - create IPUIPlugin
2026-01-12 13:53:05,560 [INFO] PluginManager:220 - loadIPPluginJar : add comp
2026-01-12 13:53:05,591 [INFO] IPUIPlugin:80 - create IPUIPlugin
2026-01-12 13:53:05,591 [INFO] PluginManager:220 - loadIPPluginJar : add cryp
2026-01-12 13:53:05,602 [INFO] IPUIPlugin:80 - create IPUIPlugin
2026-01-12 13:53:05,602 [INFO] PluginManager:220 - loadIPPluginJar : add ddr_ctrl_phy
2026-01-12 13:53:05,628 [INFO] IPUIPlugin:80 - create IPUIPlugin
2026-01-12 13:53:05,628 [INFO] PluginManager:220 - loadIPPluginJar : add dfsdm
2026-01-12 13:53:05,642 [INFO] IPUIPlugin:80 - create IPUIPlugin
2026-01-12 13:53:05,642 [INFO] PluginManager:220 - loadIPPluginJar : add dma
2026-01-12 13:53:05,687 [INFO] IPUIPlugin:80 - create IPUIPlugin
2026-01-12 13:53:05,687 [INFO] PluginManager:220 - loadIPPluginJar : add dma3
2026-01-12 13:53:05,725 [INFO] IPUIPlugin:80 - create IPUIPlugin
2026-01-12 13:53:05,725 [INFO] PluginManager:220 - loadIPPluginJar : add extmemmanager
2026-01-12 13:53:05,745 [INFO] IPUIPlugin:80 - create IPUIPlugin
2026-01-12 13:53:05,745 [INFO] PluginManager:220 - loadIPPluginJar : add fatfs
2026-01-12 13:53:05,786 [INFO] IPUIPlugin:80 - create IPUIPlugin
2026-01-12 13:53:05,786 [INFO] PluginManager:220 - loadIPPluginJar : add fmc
2026-01-12 13:53:05,801 [INFO] IPUIPlugin:80 - create IPUIPlugin
2026-01-12 13:53:05,801 [INFO] PluginManager:220 - loadIPPluginJar : add freertos
2026-01-12 13:53:05,820 [INFO] IPUIPlugin:80 - create IPUIPlugin
2026-01-12 13:53:05,820 [INFO] PluginManager:220 - loadIPPluginJar : add genericplugin
2026-01-12 13:53:05,898 [INFO] IPUIPlugin:80 - create IPUIPlugin
2026-01-12 13:53:05,898 [INFO] PluginManager:220 - loadIPPluginJar : add gfxmmu
2026-01-12 13:53:06,004 [INFO] IPUIPlugin:80 - create IPUIPlugin
2026-01-12 13:53:06,004 [INFO] PluginManager:220 - loadIPPluginJar : add gic
2026-01-12 13:53:06,015 [INFO] IPUIPlugin:80 - create IPUIPlugin
2026-01-12 13:53:06,015 [INFO] PluginManager:220 - loadIPPluginJar : add gpio
2026-01-12 13:53:06,087 [INFO] IPUIPlugin:80 - create IPUIPlugin
2026-01-12 13:53:06,087 [INFO] PluginManager:220 - loadIPPluginJar : add gtzc
2026-01-12 13:53:06,116 [INFO] IPUIPlugin:80 - create IPUIPlugin
2026-01-12 13:53:06,116 [INFO] PluginManager:220 - loadIPPluginJar : add hash
2026-01-12 13:53:06,160 [INFO] IPUIPlugin:80 - create IPUIPlugin
2026-01-12 13:53:06,161 [INFO] PluginManager:220 - loadIPPluginJar : add i2c
2026-01-12 13:53:06,193 [INFO] IPUIPlugin:80 - create IPUIPlugin
2026-01-12 13:53:06,193 [INFO] PluginManager:220 - loadIPPluginJar : add i2s
2026-01-12 13:53:06,229 [INFO] IPUIPlugin:80 - create IPUIPlugin
2026-01-12 13:53:06,229 [INFO] PluginManager:220 - loadIPPluginJar : add i3c
2026-01-12 13:53:06,312 [INFO] IPUIPlugin:80 - create IPUIPlugin
2026-01-12 13:53:06,313 [INFO] PluginManager:220 - loadIPPluginJar : add ipddr
2026-01-12 13:53:06,388 [INFO] IPUIPlugin:80 - create IPUIPlugin
2026-01-12 13:53:06,389 [INFO] PluginManager:220 - loadIPPluginJar : add linkedlist
2026-01-12 13:53:06,420 [INFO] IPUIPlugin:80 - create IPUIPlugin
2026-01-12 13:53:06,421 [INFO] PluginManager:220 - loadIPPluginJar : add lorawan
2026-01-12 13:53:06,453 [INFO] IPUIPlugin:80 - create IPUIPlugin
2026-01-12 13:53:06,453 [INFO] PluginManager:220 - loadIPPluginJar : add ltdc
2026-01-12 13:53:06,465 [INFO] IPUIPlugin:80 - create IPUIPlugin
2026-01-12 13:53:06,466 [INFO] PluginManager:220 - loadIPPluginJar : add mdma
2026-01-12 13:53:06,476 [INFO] IPUIPlugin:80 - create IPUIPlugin
2026-01-12 13:53:06,476 [INFO] PluginManager:220 - loadIPPluginJar : add nvic
2026-01-12 13:53:06,509 [INFO] IPUIPlugin:80 - create IPUIPlugin
2026-01-12 13:53:06,509 [INFO] PluginManager:220 - loadIPPluginJar : add opamp
2026-01-12 13:53:06,558 [INFO] IPUIPlugin:80 - create IPUIPlugin
2026-01-12 13:53:06,558 [INFO] PluginManager:220 - loadIPPluginJar : add openamp
2026-01-12 13:53:06,598 [INFO] IPUIPlugin:80 - create IPUIPlugin
2026-01-12 13:53:06,598 [INFO] PluginManager:220 - loadIPPluginJar : add pdm2pcm
2026-01-12 13:53:06,611 [INFO] IPUIPlugin:80 - create IPUIPlugin
2026-01-12 13:53:06,612 [INFO] PluginManager:220 - loadIPPluginJar : add plateformsettings
2026-01-12 13:53:06,632 [INFO] IPUIPlugin:80 - create IPUIPlugin
2026-01-12 13:53:06,632 [INFO] PluginManager:220 - loadIPPluginJar : add quadspi
2026-01-12 13:53:06,655 [INFO] IPUIPlugin:80 - create IPUIPlugin
2026-01-12 13:53:06,655 [INFO] PluginManager:220 - loadIPPluginJar : add radio
2026-01-12 13:53:06,666 [INFO] IPUIPlugin:80 - create IPUIPlugin
2026-01-12 13:53:06,667 [INFO] PluginManager:220 - loadIPPluginJar : add resmgrutility
2026-01-12 13:53:06,711 [INFO] IPUIPlugin:80 - create IPUIPlugin
2026-01-12 13:53:06,711 [INFO] PluginManager:220 - loadIPPluginJar : add sai
2026-01-12 13:53:06,740 [INFO] IPUIPlugin:80 - create IPUIPlugin
2026-01-12 13:53:06,741 [INFO] PluginManager:220 - loadIPPluginJar : add spi
2026-01-12 13:53:06,797 [INFO] IPUIPlugin:80 - create IPUIPlugin
2026-01-12 13:53:06,797 [INFO] PluginManager:220 - loadIPPluginJar : add stm32_wpan
2026-01-12 13:53:06,819 [INFO] IPUIPlugin:80 - create IPUIPlugin
2026-01-12 13:53:06,819 [INFO] PluginManager:220 - loadIPPluginJar : add tim
2026-01-12 13:53:06,865 [INFO] IPUIPlugin:80 - create IPUIPlugin
2026-01-12 13:53:06,866 [INFO] PluginManager:220 - loadIPPluginJar : add touchsensing
2026-01-12 13:53:06,887 [INFO] IPUIPlugin:80 - create IPUIPlugin
2026-01-12 13:53:06,887 [INFO] PluginManager:220 - loadIPPluginJar : add tracer_emb
2026-01-12 13:53:06,908 [INFO] IPUIPlugin:80 - create IPUIPlugin
2026-01-12 13:53:06,908 [INFO] PluginManager:220 - loadIPPluginJar : add ts
2026-01-12 13:53:06,928 [INFO] IPUIPlugin:80 - create IPUIPlugin
2026-01-12 13:53:06,928 [INFO] PluginManager:220 - loadIPPluginJar : add tsc
2026-01-12 13:53:06,948 [INFO] IPUIPlugin:80 - create IPUIPlugin
2026-01-12 13:53:06,948 [INFO] PluginManager:220 - loadIPPluginJar : add ucpd
2026-01-12 13:53:06,984 [INFO] IPUIPlugin:80 - create IPUIPlugin
2026-01-12 13:53:06,984 [INFO] PluginManager:220 - loadIPPluginJar : add usart
2026-01-12 13:53:07,021 [INFO] IPUIPlugin:80 - create IPUIPlugin
2026-01-12 13:53:07,021 [INFO] PluginManager:220 - loadIPPluginJar : add usbx
2026-01-12 13:53:07,134 [INFO] CADModel:165 - CPN selected for project level
2026-01-12 13:53:07,134 [INFO] CADModel:114 - Register for checkConnection events
2026-01-12 13:53:07,134 [FATAL] Updater:334 - Updater called before beeing initialized
2026-01-12 13:53:07,134 [ERROR] CADModel:125 - Updater not yet initialized, retry later 
2026-01-12 13:53:07,227 [INFO] CADModel:165 - CPN selected for project level
2026-01-12 13:53:07,227 [INFO] CADModel:114 - Register for checkConnection events
2026-01-12 13:53:07,228 [FATAL] Updater:334 - Updater called before beeing initialized
2026-01-12 13:53:07,228 [ERROR] CADModel:125 - Updater not yet initialized, retry later 
2026-01-12 13:53:07,230 [FATAL] Updater:334 - Updater called before beeing initialized
2026-01-12 13:53:07,310 [FATAL] Updater:334 - Updater called before beeing initialized
2026-01-12 13:53:07,320 [INFO] DbMcusAds:53 - JSON generation date=Tue Jul 08 17:14:27 KST 2025 (1751962467633)
2026-01-12 13:53:07,321 [FATAL] Updater:334 - Updater called before beeing initialized
2026-01-12 13:53:07,352 [WARN] DetailPanel:346 - Failed to get advertising image, set to default
2026-01-12 13:53:07,442 [FATAL] Updater:334 - Updater called before beeing initialized
2026-01-12 13:53:07,443 [FATAL] Updater:334 - Updater called before beeing initialized
2026-01-12 13:53:07,443 [FATAL] Updater:334 - Updater called before beeing initialized
2026-01-12 13:53:07,443 [WARN] DetailPanel:346 - Failed to get advertising image, set to default
2026-01-12 13:53:07,444 [FATAL] Updater:334 - Updater called before beeing initialized
2026-01-12 13:53:07,491 [ERROR] Updater:1164 - MainUpdater not yet initialized. External WinMGr cannot be set.
2026-01-12 13:53:07,502 [INFO] Updater:1100 - Updater Version found : 6.12.1
2026-01-12 13:53:07,515 [INFO] ApplicationProperties:184 - Using Application install path: C:\ST\STM32CubeIDE_1.16.1\STM32CubeIDE\plugins\com.st.stm32cube.common.mx_6.12.1.202409122256
2026-01-12 13:53:08,005 [INFO] ThirdPartyUpdaterWithRetryManager:70 - Updater plugin not ready yet. [2/15]
2026-01-12 13:53:08,431 [INFO] MainUpdater:2873 - connection check result : 10
2026-01-12 13:53:08,431 [INFO] MainUpdater:290 - Updater Check For Update Now.
2026-01-12 13:53:08,432 [INFO] MicroXplorer:498 - Change Database Version : DB.6.0.121
2026-01-12 13:53:08,445 [INFO] McuFinderGlobals:63 - Set McuFinder mode to 2 (CubeIDE integrated)
2026-01-12 13:53:08,452 [INFO] UserAuth:417 - Internet connection configuration mode: 1
2026-01-12 13:53:08,479 [INFO] JxBrowserEngine:152 - Initiate JxBrowser Engine with user profile folder
2026-01-12 13:53:08,610 [INFO] CheckServerUpdateThread:120 - End of CheckServer Thread
2026-01-12 13:53:11,216 [INFO] WebApp:167 - Instantiating new browser for Auth
2026-01-12 13:53:11,435 [WARN] PackLoader:240 - Cannot read IP mode file for STMicroelectronics.FP-SNS-MOTENVWB1.1.4.0
2026-01-12 13:53:11,456 [WARN] PackLoader:240 - Cannot read IP mode file for STMicroelectronics.FP-ATR-ASTRA1.2.0.2
2026-01-12 13:53:11,472 [WARN] PackLoader:240 - Cannot read IP mode file for STMicroelectronics.FP-ATR-ASTRA1.2.0.1
2026-01-12 13:53:11,490 [WARN] PackLoader:240 - Cannot read IP mode file for STMicroelectronics.X-CUBE-SMBUS.2.1.0
2026-01-12 13:53:11,513 [WARN] PackLoader:240 - Cannot read IP mode file for STMicroelectronics.X-CUBE-WB05N.1.1.0
2026-01-12 13:53:11,530 [ERROR] Engine:466 - C:\Users\RND1\.stm32cubemx\thirdparties\pdsc\STMicroelectronics.X-CUBE-ST60.1.0.0.pdsc: PDSC version is not supported
2026-01-12 13:53:11,548 [WARN] PackLoader:240 - Cannot read IP mode file for STMicroelectronics.X-CUBE-TOUCHGFX.4.23.0
2026-01-12 13:53:11,563 [WARN] PackLoader:240 - Cannot read IP mode file for STMicroelectronics.X-CUBE-TOUCHGFX.4.23.2
2026-01-12 13:53:11,599 [WARN] PackLoader:240 - Cannot read IP mode file for STMicroelectronics.X-CUBE-AZRTOS-F7.1.1.0
2026-01-12 13:53:11,620 [WARN] PackLoader:240 - Cannot read IP mode file for STMicroelectronics.FP-SNS-MOTENV1.4.3.2
2026-01-12 13:53:11,687 [WARN] PackLoader:240 - Cannot read IP mode file for STMicroelectronics.X-CUBE-MEMS1.11.0.0
2026-01-12 13:53:11,835 [ERROR] Engine:466 - C:\Users\RND1\.stm32cubemx\thirdparties\pdsc\STMicroelectronics.FP-SNS-MOTENV1.5.1.0.pdsc: PDSC version is not supported
2026-01-12 13:53:11,871 [WARN] PackLoader:240 - Cannot read IP mode file for STMicroelectronics.FP-SNS-FLIGHT1.5.0.2
2026-01-12 13:53:11,938 [WARN] PackLoader:240 - Cannot read IP mode file for STMicroelectronics.X-CUBE-AZRTOS-H7.3.4.0
2026-01-12 13:53:11,974 [WARN] PackLoader:240 - Cannot read IP mode file for STMicroelectronics.X-CUBE-DISPLAY.3.0.0
2026-01-12 13:53:12,010 [WARN] PackLoader:240 - Cannot read IP mode file for STMicroelectronics.X-CUBE-BLE1.7.0.0
2026-01-12 13:53:12,040 [WARN] PackLoader:240 - Cannot read IP mode file for STMicroelectronics.X-CUBE-NFC10.1.0.0
2026-01-12 13:53:12,084 [WARN] PackLoader:240 - Cannot read IP mode file for STMicroelectronics.X-CUBE-BLEMGR.4.0.0
2026-01-12 13:53:12,112 [ERROR] Engine:466 - C:\Users\RND1\.stm32cubemx\thirdparties\pdsc\STMicroelectronics.X-CUBE-ST60.1.1.0.pdsc: PDSC version is not supported
2026-01-12 13:53:12,139 [WARN] PackLoader:240 - Cannot read IP mode file for emotas.I-CUBE-CANOPEN.1.3.0
2026-01-12 13:53:12,167 [WARN] PackLoader:240 - Cannot read IP mode file for STMicroelectronics.X-CUBE-GNSS1.7.1.0
2026-01-12 13:53:12,198 [WARN] PackLoader:240 - Cannot read IP mode file for STMicroelectronics.X-CUBE-BLEMGR.3.1.0
2026-01-12 13:53:12,226 [WARN] PackLoader:240 - Cannot read IP mode file for STMicroelectronics.X-CUBE-AI.10.0.0
2026-01-12 13:53:12,252 [ERROR] Engine:466 - C:\Users\RND1\.stm32cubemx\thirdparties\pdsc\STMicroelectronics.FP-SNS-STBOX1.2.1.0.pdsc: PDSC version is not supported
2026-01-12 13:53:12,276 [WARN] PackLoader:240 - Cannot read IP mode file for STMicroelectronics.FP-SNS-SMARTAG2.1.2.0
2026-01-12 13:53:12,297 [ERROR] Engine:466 - C:\Users\RND1\.stm32cubemx\thirdparties\pdsc\STMicroelectronics.FP-SNS-FLIGHT1.5.1.0.pdsc: PDSC version is not supported
2026-01-12 13:53:12,364 [WARN] PackLoader:240 - Cannot read IP mode file for STMicroelectronics.X-CUBE-MEMS1.11.1.0
2026-01-12 13:53:12,488 [INFO] LogOutputStream:77 - [STDOUT_REDIRECT] 1 : Invalid condition id : UX_CORESTACK_Condition cause : null
2026-01-12 13:53:12,489 [INFO] LogOutputStream:77 - [STDOUT_REDIRECT] 1 : Invalid condition id : UX_CORESTACK_Condition cause : null
2026-01-12 13:53:12,491 [INFO] LogOutputStream:77 - [STDOUT_REDIRECT] 1 : Invalid condition id : UX_CORESTACK_Condition cause : null
2026-01-12 13:53:12,492 [INFO] LogOutputStream:77 - [STDOUT_REDIRECT] 1 : Invalid condition id : UX_CORESTACK_Condition cause : null
2026-01-12 13:53:12,493 [INFO] LogOutputStream:77 - [STDOUT_REDIRECT] 1 : Invalid condition id : UX_CORESTACK_Condition cause : null
2026-01-12 13:53:12,495 [WARN] PackLoader:240 - Cannot read IP mode file for STMicroelectronics.X-CUBE-AZRTOS-WL.2.0.0
2026-01-12 13:53:12,515 [WARN] PackLoader:240 - Cannot read IP mode file for STMicroelectronics.FP-SNS-MOTENV1.5.0.0
2026-01-12 13:53:12,558 [INFO] WebApp:448 - Apply proxy settings
2026-01-12 13:53:12,558 [WARN] PackLoader:240 - Cannot read IP mode file for STMicroelectronics.X-CUBE-AZRTOS-H7RS.1.2.0
2026-01-12 13:53:12,581 [INFO] WebApp:493 - Chromium authenticates against Manually configured proxy
2026-01-12 13:53:12,584 [WARN] PackLoader:240 - Cannot read IP mode file for wolfSSL.I-CUBE-wolfMQTT.1.19.0
2026-01-12 13:53:12,609 [INFO] WebApp:501 - Username used for proxy authentication: 
2026-01-12 13:53:12,616 [WARN] PackLoader:240 - Cannot read IP mode file for WES.I-CUBE-Cesium.1.3.0
2026-01-12 13:53:12,639 [WARN] PackLoader:240 - Cannot read IP mode file for STMicroelectronics.X-CUBE-BLE2.3.3.0
2026-01-12 13:53:12,658 [ERROR] Engine:466 - C:\Users\RND1\.stm32cubemx\thirdparties\pdsc\Avnet-IOTCONNECT.X-CUBE-iotc-st67-sdk.1.0.0.pdsc: PDSC version is not supported
2026-01-12 13:53:12,671 [INFO] WebApp:869 - Register for checkConnection events
2026-01-12 13:53:12,671 [INFO] WebApp:448 - Apply proxy settings
2026-01-12 13:53:12,677 [INFO] WebApp:493 - Chromium authenticates against Manually configured proxy
2026-01-12 13:53:12,678 [INFO] WebApp:501 - Username used for proxy authentication: 
2026-01-12 13:53:12,681 [WARN] PackLoader:240 - Cannot read IP mode file for STMicroelectronics.X-CUBE-NFC9.1.0.0
2026-01-12 13:53:12,700 [WARN] PackLoader:240 - Cannot read IP mode file for STMicroelectronics.X-CUBE-BLE1.7.1.0
2026-01-12 13:53:12,720 [WARN] PackLoader:240 - Cannot read IP mode file for STMicroelectronics.X-CUBE-TCPP.4.1.0
2026-01-12 13:53:12,736 [ERROR] Engine:466 - C:\Users\RND1\.stm32cubemx\thirdparties\pdsc\STMicroelectronics.X-CUBE-FREERTOS.1.4.0.pdsc: PDSC version is not supported
2026-01-12 13:53:12,754 [WARN] PackLoader:240 - Cannot read IP mode file for STMicroelectronics.X-CUBE-EEPRMA1.5.2.0
2026-01-12 13:53:12,774 [ERROR] Engine:466 - C:\Users\RND1\.stm32cubemx\thirdparties\pdsc\STMicroelectronics.X-CUBE-ST67W61.1.1.0.pdsc: PDSC version is not supported
2026-01-12 13:53:12,795 [WARN] PackLoader:240 - Cannot read IP mode file for STMicroelectronics.X-CUBE-AI.10.1.0
2026-01-12 13:53:12,850 [WARN] PackLoader:240 - Cannot read IP mode file for STMicroelectronics.X-CUBE-MEMS1.12.0.0
2026-01-12 13:53:12,917 [INFO] WebApp:186 - Connection restablished
2026-01-12 13:53:12,922 [WARN] PackLoader:240 - Cannot read IP mode file for STMicroelectronics.X-CUBE-ALGOBUILD.1.3.0
2026-01-12 13:53:12,990 [WARN] PackLoader:240 - Cannot read IP mode file for STMicroelectronics.X-CUBE-MEMS1.11.2.0
2026-01-12 13:53:13,048 [INFO] WebApp:220 - Starting web application
2026-01-12 13:53:13,049 [INFO] WebApp:578 - Web application path used C:\ST\STM32CubeIDE_1.16.1\STM32CubeIDE\plugins\com.st.stm32cube.common.mx_6.12.1.202409122256\db\plugins\mcufinder\reactClient1\index.html
2026-01-12 13:53:13,094 [WARN] PackLoader:240 - Cannot read IP mode file for STMicroelectronics.X-CUBE-AZRTOS-G0.1.1.0
2026-01-12 13:53:13,117 [WARN] PackLoader:240 - Cannot read IP mode file for STMicroelectronics.X-CUBE-SAFEA1.1.2.2
2026-01-12 13:53:13,140 [WARN] PackLoader:240 - Cannot read IP mode file for STMicroelectronics.X-CUBE-NFC4.3.0.0
2026-01-12 13:53:13,159 [WARN] PackLoader:240 - Cannot read IP mode file for wolfSSL.I-CUBE-wolfMQTT.1.18.0
2026-01-12 13:53:13,187 [WARN] PackLoader:240 - Cannot read IP mode file for EmbeddedOffice.I-CUBE-FS-RTOS.1.0.1
2026-01-12 13:53:13,188 [ERROR] ConditionMgr:805 - Attr not supported : Dmpu
2026-01-12 13:53:13,188 [ERROR] ConditionMgr:805 - Attr not supported : Dmpu
2026-01-12 13:53:13,188 [ERROR] ConditionMgr:805 - Attr not supported : Dmpu
2026-01-12 13:53:13,188 [ERROR] ConditionMgr:805 - Attr not supported : Dmpu
2026-01-12 13:53:13,188 [ERROR] ConditionMgr:805 - Attr not supported : Dmpu
2026-01-12 13:53:13,188 [ERROR] ConditionMgr:805 - Attr not supported : Dmpu
2026-01-12 13:53:13,188 [ERROR] ConditionMgr:805 - Attr not supported : Dmpu
2026-01-12 13:53:13,188 [ERROR] ConditionMgr:805 - Attr not supported : Dmpu
2026-01-12 13:53:13,188 [ERROR] ConditionMgr:805 - Attr not supported : Dmpu
2026-01-12 13:53:13,188 [ERROR] ConditionMgr:805 - Attr not supported : Dmpu
2026-01-12 13:53:13,188 [ERROR] ConditionMgr:805 - Attr not supported : Dmpu
2026-01-12 13:53:13,188 [ERROR] ConditionMgr:805 - Attr not supported : Dmpu
2026-01-12 13:53:13,189 [ERROR] ConditionMgr:805 - Attr not supported : Dmpu
2026-01-12 13:53:13,189 [ERROR] ConditionMgr:805 - Attr not supported : Dmpu
2026-01-12 13:53:13,189 [ERROR] ConditionMgr:805 - Attr not supported : Dmpu
2026-01-12 13:53:13,189 [ERROR] ConditionMgr:805 - Attr not supported : Dmpu
2026-01-12 13:53:13,189 [ERROR] ConditionMgr:805 - Attr not supported : Dmpu
2026-01-12 13:53:13,189 [ERROR] ConditionMgr:805 - Attr not supported : Dmpu
2026-01-12 13:53:13,189 [ERROR] ConditionMgr:805 - Attr not supported : Dmpu
2026-01-12 13:53:13,189 [ERROR] ConditionMgr:805 - Attr not supported : Dmpu
2026-01-12 13:53:13,189 [ERROR] ConditionMgr:805 - Attr not supported : Dmpu
2026-01-12 13:53:13,189 [ERROR] ConditionMgr:805 - Attr not supported : Dmpu
2026-01-12 13:53:13,189 [ERROR] ConditionMgr:805 - Attr not supported : Dmpu
2026-01-12 13:53:13,189 [ERROR] ConditionMgr:805 - Attr not supported : Dmpu
2026-01-12 13:53:13,189 [ERROR] ConditionMgr:805 - Attr not supported : Dmpu
2026-01-12 13:53:13,189 [ERROR] ConditionMgr:805 - Attr not supported : Dmpu
2026-01-12 13:53:13,189 [ERROR] ConditionMgr:805 - Attr not supported : Dmpu
2026-01-12 13:53:13,189 [ERROR] ConditionMgr:805 - Attr not supported : Dmpu
2026-01-12 13:53:13,189 [ERROR] ConditionMgr:805 - Attr not supported : Dmpu
2026-01-12 13:53:13,190 [ERROR] ConditionMgr:805 - Attr not supported : Dmpu
2026-01-12 13:53:13,190 [ERROR] ConditionMgr:805 - Attr not supported : Dmpu
2026-01-12 13:53:13,190 [ERROR] ConditionMgr:805 - Attr not supported : Dmpu
2026-01-12 13:53:13,190 [ERROR] ConditionMgr:805 - Attr not supported : Dmpu
2026-01-12 13:53:13,190 [ERROR] ConditionMgr:805 - Attr not supported : Dmpu
2026-01-12 13:53:13,190 [ERROR] ConditionMgr:805 - Attr not supported : Dmpu
2026-01-12 13:53:13,190 [ERROR] ConditionMgr:805 - Attr not supported : Dmpu
2026-01-12 13:53:13,190 [ERROR] ConditionMgr:805 - Attr not supported : Dmpu
2026-01-12 13:53:13,190 [ERROR] ConditionMgr:805 - Attr not supported : Dmpu
2026-01-12 13:53:13,190 [ERROR] ConditionMgr:805 - Attr not supported : Dmpu
2026-01-12 13:53:13,190 [ERROR] ConditionMgr:805 - Attr not supported : Dmpu
2026-01-12 13:53:13,190 [ERROR] ConditionMgr:805 - Attr not supported : Dmpu
2026-01-12 13:53:13,191 [ERROR] ConditionMgr:805 - Attr not supported : Dmpu
2026-01-12 13:53:13,191 [ERROR] ConditionMgr:805 - Attr not supported : Dmpu
2026-01-12 13:53:13,191 [ERROR] ConditionMgr:805 - Attr not supported : Dmpu
2026-01-12 13:53:13,191 [ERROR] ConditionMgr:805 - Attr not supported : Dmpu
2026-01-12 13:53:13,191 [ERROR] ConditionMgr:805 - Attr not supported : Dmpu
2026-01-12 13:53:13,191 [ERROR] ConditionMgr:805 - Attr not supported : Dmpu
2026-01-12 13:53:13,191 [ERROR] ConditionMgr:805 - Attr not supported : Dmpu
2026-01-12 13:53:13,191 [ERROR] ConditionMgr:805 - Attr not supported : Dmpu
2026-01-12 13:53:13,191 [ERROR] ConditionMgr:805 - Attr not supported : Dmpu
2026-01-12 13:53:13,191 [ERROR] ConditionMgr:805 - Attr not supported : Dmpu
2026-01-12 13:53:13,191 [ERROR] ConditionMgr:805 - Attr not supported : Dmpu
2026-01-12 13:53:13,191 [ERROR] ConditionMgr:805 - Attr not supported : Dmpu
2026-01-12 13:53:13,191 [ERROR] ConditionMgr:805 - Attr not supported : Dmpu
2026-01-12 13:53:13,191 [ERROR] ConditionMgr:805 - Attr not supported : Dmpu
2026-01-12 13:53:13,191 [ERROR] ConditionMgr:805 - Attr not supported : Dmpu
2026-01-12 13:53:13,192 [ERROR] ConditionMgr:805 - Attr not supported : Dmpu
2026-01-12 13:53:13,192 [ERROR] ConditionMgr:805 - Attr not supported : Dmpu
2026-01-12 13:53:13,192 [ERROR] ConditionMgr:805 - Attr not supported : Dmpu
2026-01-12 13:53:13,192 [ERROR] ConditionMgr:805 - Attr not supported : Dmpu
2026-01-12 13:53:13,192 [ERROR] ConditionMgr:805 - Attr not supported : Dmpu
2026-01-12 13:53:13,192 [ERROR] ConditionMgr:805 - Attr not supported : Dmpu
2026-01-12 13:53:13,192 [ERROR] ConditionMgr:805 - Attr not supported : Dmpu
2026-01-12 13:53:13,192 [ERROR] ConditionMgr:805 - Attr not supported : Dmpu
2026-01-12 13:53:13,211 [WARN] PackLoader:240 - Cannot read IP mode file for STMicroelectronics.X-CUBE-WB05N.2.0.0
2026-01-12 13:53:13,233 [WARN] PackLoader:240 - Cannot read IP mode file for STMicroelectronics.X-CUBE-BLEMGR.3.0.0
2026-01-12 13:53:13,252 [ERROR] Engine:466 - C:\Users\RND1\.stm32cubemx\thirdparties\pdsc\STMicroelectronics.X-CUBE-TCPP.4.2.0.pdsc: PDSC version is not supported
2026-01-12 13:53:13,272 [WARN] PackLoader:240 - Cannot read IP mode file for RealThread.X-CUBE-RT-Thread_Nano.4.1.1
2026-01-12 13:53:13,291 [WARN] PackLoader:240 - Cannot read IP mode file for STMicroelectronics.FP-ATR-SIGFOX1.3.2.0
2026-01-12 13:53:13,310 [WARN] ConditionMgr:438 - getConditionDescription Invalid condition id : Cortex-A Device cause : null
2026-01-12 13:53:13,340 [WARN] ConditionMgr:1039 - genDependencies : Invalid condition id : Cortex-A Device cause : null
2026-01-12 13:53:13,340 [WARN] ConditionMgr:1039 - genDependencies : Invalid condition id : Cortex-A Device cause : null
2026-01-12 13:53:13,341 [WARN] ConditionMgr:1039 - genDependencies : Invalid condition id : Cortex-A Device cause : null
2026-01-12 13:53:13,359 [WARN] PackLoader:240 - Cannot read IP mode file for STMicroelectronics.X-CUBE-EEPRMA1.5.1.0
2026-01-12 13:53:13,378 [ERROR] Engine:466 - C:\Users\RND1\.stm32cubemx\thirdparties\pdsc\STMicroelectronics.X-CUBE-ST67W61.1.0.0.pdsc: PDSC version is not supported
2026-01-12 13:53:13,397 [WARN] PackLoader:240 - Cannot read IP mode file for STMicroelectronics.X-CUBE-AI.10.2.0
2026-01-12 13:53:13,437 [WARN] PackLoader:240 - Cannot read IP mode file for SEGGER.I-CUBE-embOS.1.3.1
2026-01-12 13:53:13,481 [WARN] PackLoader:240 - Cannot read IP mode file for STMicroelectronics.X-CUBE-ALGOBUILD.1.4.0
2026-01-12 13:53:13,541 [WARN] PackLoader:240 - Cannot read IP mode file for STMicroelectronics.X-CUBE-MEMS1.11.3.0
2026-01-12 13:53:13,588 [INFO] UserAuth:417 - Internet connection configuration mode: 1
2026-01-12 13:53:13,653 [WARN] PackLoader:240 - Cannot read IP mode file for STMicroelectronics.X-CUBE-AI.9.1.0
2026-01-12 13:53:13,675 [WARN] PackLoader:240 - Cannot read IP mode file for STMicroelectronics.X-CUBE-PM33A1.1.0.0
2026-01-12 13:53:13,695 [WARN] PackLoader:240 - Cannot read IP mode file for STMicroelectronics.X-CUBE-GNSS1.6.0.0
2026-01-12 13:53:13,729 [WARN] PackLoader:240 - Cannot read IP mode file for STMicroelectronics.X-CUBE-AZRTOS-F4.1.1.0
2026-01-12 13:53:13,749 [WARN] PackLoader:240 - Cannot read IP mode file for wolfSSL.I-CUBE-wolfSSL.5.6.4
2026-01-12 13:53:13,766 [ERROR] Engine:466 - C:\Users\RND1\.stm32cubemx\thirdparties\pdsc\Avnet-IotConnect.X-CUBE-IoTC-DA16k-PMOD.1.0.0.pdsc: PDSC version is not supported
2026-01-12 13:53:13,787 [WARN] PackLoader:240 - Cannot read IP mode file for STMicroelectronics.X-CUBE-ISPU.2.1.0
2026-01-12 13:53:13,810 [ERROR] Engine:466 - C:\Users\RND1\.stm32cubemx\thirdparties\pdsc\STMicroelectronics.X-CUBE-IPS.3.2.0.pdsc: PDSC version is not supported
2026-01-12 13:53:13,835 [WARN] PackLoader:240 - Cannot read IP mode file for STMicroelectronics.X-CUBE-FREERTOS.1.2.0
2026-01-12 13:53:13,859 [WARN] PackLoader:240 - Cannot read IP mode file for STMicroelectronics.X-CUBE-NFC12.1.0.0
2026-01-12 13:53:13,896 [WARN] PackLoader:240 - Cannot read IP mode file for STMicroelectronics.X-CUBE-AZRTOS-L5.2.0.0
2026-01-12 13:53:13,917 [WARN] PackLoader:240 - Cannot read IP mode file for STMicroelectronics.X-CUBE-EEPRMA1.4.2.0
2026-01-12 13:53:13,939 [WARN] PackLoader:240 - Cannot read IP mode file for STMicroelectronics.X-CUBE-NFC6.3.1.0
2026-01-12 13:53:13,962 [WARN] PackLoader:240 - Cannot read IP mode file for ITTIA_DB.I-CUBE-ITTIADB.8.8.0
2026-01-12 13:53:13,985 [WARN] PackLoader:240 - Cannot read IP mode file for STMicroelectronics.X-CUBE-DPower.1.2.0
2026-01-12 13:53:14,005 [WARN] PackLoader:240 - Cannot read IP mode file for STMicroelectronics.X-CUBE-AI.9.0.0
2026-01-12 13:53:14,025 [WARN] PackLoader:240 - Cannot read IP mode file for STMicroelectronics.X-CUBE-FREERTOS.1.3.1
2026-01-12 13:53:14,045 [WARN] PackLoader:240 - Cannot read IP mode file for STMicroelectronics.X-CUBE-FREERTOS.1.3.0
2026-01-12 13:53:14,068 [WARN] PackLoader:240 - Cannot read IP mode file for STMicroelectronics.X-CUBE-NFC7.1.0.1
2026-01-12 13:53:14,090 [WARN] PackLoader:240 - Cannot read IP mode file for STMicroelectronics.X-CUBE-TOUCHGFX.4.26.0
2026-01-12 13:53:14,111 [WARN] PackLoader:240 - Cannot read IP mode file for STMicroelectronics.X-CUBE-NFC6.3.0.0
2026-01-12 13:53:14,132 [ERROR] Engine:466 - C:\Users\RND1\.stm32cubemx\thirdparties\pdsc\STMicroelectronics.FP-SNS-STAIOTCFT.1.0.0.pdsc: PDSC version is not supported
2026-01-12 13:53:14,150 [WARN] PackLoader:240 - Cannot read IP mode file for STMicroelectronics.X-CUBE-DPower.1.3.0
2026-01-12 13:53:14,166 [WARN] PackLoader:240 - Cannot read IP mode file for STMicroelectronics.X-CUBE-AI.8.1.0
2026-01-12 13:53:14,199 [WARN] ConditionMgr:438 - getConditionDescription Invalid condition id : LAN8742 Phy interface Condition cause : null
2026-01-12 13:53:14,200 [WARN] PackLoader:240 - Cannot read IP mode file for STMicroelectronics.X-CUBE-AZRTOS-L4.2.0.0
2026-01-12 13:53:14,201 [WARN] ConditionMgr:1039 - genDependencies : Invalid condition id : LAN8742 Phy interface Condition cause : null
2026-01-12 13:53:14,201 [WARN] ConditionMgr:1039 - genDependencies : Invalid condition id : LAN8742 Phy interface Condition cause : null
2026-01-12 13:53:14,201 [WARN] ConditionMgr:1039 - genDependencies : Invalid condition id : LAN8742 Phy interface Condition cause : null
2026-01-12 13:53:14,227 [WARN] PackLoader:240 - Cannot read IP mode file for STMicroelectronics.X-CUBE-SFXS2LP1.4.0.0
2026-01-12 13:53:14,267 [WARN] PackLoader:240 - Cannot read IP mode file for STMicroelectronics.X-CUBE-AZRTOS-H7.3.3.0
2026-01-12 13:53:14,288 [ERROR] Engine:466 - C:\Users\RND1\.stm32cubemx\thirdparties\pdsc\STMicroelectronics.X-CUBE-BLEMGR.4.1.0.pdsc: PDSC version is not supported
2026-01-12 13:53:14,310 [WARN] PackLoader:240 - Cannot read IP mode file for STMicroelectronics.X-CUBE-IPS.3.0.0
2026-01-12 13:53:14,339 [WARN] ConditionMgr:438 - getConditionDescription Invalid condition id : UX DEVICE CLASS RTOS Condition cause : null
2026-01-12 13:53:14,340 [WARN] ConditionMgr:438 - getConditionDescription Invalid condition id : UX DEVICE CLASS RTOS Condition cause : null
2026-01-12 13:53:14,341 [WARN] PackLoader:240 - Cannot read IP mode file for STMicroelectronics.X-CUBE-AZRTOS-WB.2.0.0
2026-01-12 13:53:14,341 [WARN] ConditionMgr:1039 - genDependencies : Invalid condition id : UX DEVICE CLASS RTOS Condition cause : null
2026-01-12 13:53:14,342 [WARN] ConditionMgr:1039 - genDependencies : Invalid condition id : UX DEVICE CLASS RTOS Condition cause : null
2026-01-12 13:53:14,342 [WARN] ConditionMgr:1039 - genDependencies : Invalid condition id : UX DEVICE CLASS RTOS Condition cause : null
2026-01-12 13:53:14,342 [WARN] ConditionMgr:1039 - genDependencies : Invalid condition id : UX DEVICE CLASS RTOS Condition cause : null
2026-01-12 13:53:14,343 [WARN] ConditionMgr:1039 - genDependencies : Invalid condition id : UX DEVICE CLASS RTOS Condition cause : null
2026-01-12 13:53:14,361 [WARN] PackLoader:240 - Cannot read IP mode file for STMicroelectronics.X-CUBE-GNSS1.7.0.0
2026-01-12 13:53:14,379 [WARN] PackLoader:240 - Cannot read IP mode file for STMicroelectronics.X-CUBE-GNSS1.7.0.1
2026-01-12 13:53:14,396 [WARN] PackLoader:240 - Cannot read IP mode file for STMicroelectronics.X-CUBE-TOUCHGFX.4.25.0
2026-01-12 13:53:14,413 [WARN] PackLoader:240 - Cannot read IP mode file for STMicroelectronics.FP-SNS-STBOX1.2.0.0
2026-01-12 13:53:14,439 [WARN] PackLoader:240 - Cannot read IP mode file for STMicroelectronics.X-CUBE-SUBG2.5.0.0
2026-01-12 13:53:14,474 [WARN] PackLoader:240 - Cannot read IP mode file for STMicroelectronics.X-CUBE-AZRTOS-H7RS.1.1.0
2026-01-12 13:53:14,505 [WARN] PackLoader:240 - Cannot read IP mode file for STMicroelectronics.X-CUBE-AZRTOS-G4.2.0.0
2026-01-12 13:53:14,533 [WARN] PackLoader:240 - Cannot read IP mode file for Infineon.AIROC-Wi-Fi-Bluetooth-STM32.1.5.1
2026-01-12 13:53:14,554 [WARN] PackLoader:240 - Cannot read IP mode file for STMicroelectronics.X-CUBE-NFC7.2.0.0
2026-01-12 13:53:14,573 [WARN] PackLoader:240 - Cannot read IP mode file for STMicroelectronics.FP-SNS-MOTENVWB1.1.3.1
2026-01-12 13:53:14,590 [WARN] PackLoader:240 - Cannot read IP mode file for STMicroelectronics.X-CUBE-ISPU.2.0.0
2026-01-12 13:53:14,610 [ERROR] Engine:466 - C:\Users\RND1\.stm32cubemx\thirdparties\pdsc\STMicroelectronics.X-CUBE-IPS.3.1.0.pdsc: PDSC version is not supported
2026-01-12 13:53:14,630 [WARN] PackLoader:240 - Cannot read IP mode file for STMicroelectronics.X-CUBE-ALS.1.0.2
2026-01-12 13:53:14,674 [WARN] PackLoader:240 - Cannot read IP mode file for STMicroelectronics.X-CUBE-MEMS1.10.0.0
2026-01-12 13:53:14,744 [WARN] PackLoader:240 - Cannot read IP mode file for STMicroelectronics.X-CUBE-FREERTOS.1.1.0
2026-01-12 13:53:14,759 [WARN] PackLoader:240 - Cannot read IP mode file for STMicroelectronics.X-CUBE-TOUCHGFX.4.24.0
2026-01-12 13:53:14,775 [WARN] PackLoader:240 - Cannot read IP mode file for STMicroelectronics.X-CUBE-TOUCHGFX.4.24.2
2026-01-12 13:53:14,790 [WARN] PackLoader:240 - Cannot read IP mode file for STMicroelectronics.X-CUBE-TOUCHGFX.4.24.1
2026-01-12 13:53:14,811 [WARN] PackLoader:240 - Cannot read IP mode file for STMicroelectronics.X-CUBE-STSE01.1.0.0
2026-01-12 13:53:14,826 [WARN] PackLoader:240 - Cannot read IP mode file for wolfSSL.I-CUBE-wolfTPM.3.4.0
2026-01-12 13:53:14,846 [WARN] PackLoader:240 - Cannot read IP mode file for portGmbH.I-Cube-SoM-uGOAL.1.1.0
2026-01-12 13:53:14,861 [WARN] PackLoader:240 - Cannot read IP mode file for STMicroelectronics.X-CUBE-ALS.1.0.1
2026-01-12 13:53:14,887 [WARN] PackLoader:240 - Cannot read IP mode file for STMicroelectronics.X-CUBE-AZRTOS-H7RS.1.0.0
2026-01-12 13:53:14,902 [WARN] PackLoader:240 - Cannot read IP mode file for STMicroelectronics.FP-ATR-ASTRA1.2.0.0
2026-01-12 13:53:14,923 [WARN] PackLoader:240 - Cannot read IP mode file for STMicroelectronics.X-CUBE-TOF1.3.4.2
2026-01-12 13:53:14,944 [ERROR] Engine:466 - C:\Users\RND1\.stm32cubemx\thirdparties\pdsc\STMicroelectronics.X-CUBE-TOF1.3.4.3.pdsc: PDSC version is not supported
2026-01-12 13:53:14,966 [WARN] PackLoader:240 - Cannot read IP mode file for STMicroelectronics.X-CUBE-TOF1.3.4.0
2026-01-12 13:53:15,000 [WARN] PackLoader:240 - Cannot read IP mode file for STMicroelectronics.X-CUBE-TOF1.3.4.1
2026-01-12 13:53:15,032 [WARN] PackLoader:240 - Cannot read IP mode file for STMicroelectronics.X-CUBE-AZRTOS-H7.3.2.0
2026-01-12 13:53:15,045 [WARN] PackLoader:240 - Cannot read IP mode file for wolfSSL.I-CUBE-wolfSSH.1.4.17
2026-01-12 13:53:15,045 [INFO] ThirdParty:978 - Integrity check success = true
2026-01-12 13:53:15,045 [INFO] IntegrityCheckThread:100 - exiting critical section [integrity check]
2026-01-12 13:53:15,045 [INFO] IntegrityCheckThread:103 - End integrity checks thread
2026-01-12 14:05:52,018 [ERROR] LogOutputStream:75 - [STDERR_REDIRECT] 
