2025-11-13 10:02:11,717 [INFO] Activator:176 - 


2025-11-13 10:02:11,722 [INFO] Activator:177 - !SESSION log4j initialized
2025-11-13 10:02:17,191 [INFO] LogOutputStream:77 - [STDOUT_REDIRECT] 
2025-11-13 10:02:24,170 [INFO] ApplicationProperties:184 - Using Application install path: C:\ST\STM32CubeIDE_1.16.1\STM32CubeIDE\plugins\com.st.stm32cube.common.mx_6.12.1.202409122256
2025-11-13 10:02:24,183 [INFO] DbMcusXml:78 - Set database path to: C:\ST\STM32CubeIDE_1.16.1\STM32CubeIDE\plugins\com.st.stm32cube.common.mx_6.12.1.202409122256\\db\/mcu/
2025-11-13 10:02:24,183 [INFO] ApiDb:274 - Set plugin database path to: C:\ST\STM32CubeIDE_1.16.1\STM32CubeIDE\plugins\com.st.stm32cube.common.mx_6.12.1.202409122256\\db\/plugins/boardmanager/
2025-11-13 10:02:24,184 [WARN] ApiDb:259 - Overriding images path with different value:  => C:\ST\STM32CubeIDE_1.16.1\STM32CubeIDE\plugins\com.st.stm32cube.common.mx_6.12.1.202409122256\\db\/plugins/mcufinder/images/
2025-11-13 10:02:24,197 [INFO] ApiDb:250 - Set database path to: C:\Users\RND1\.stmcufinder\plugins\mcufinder//mcu/
2025-11-13 10:02:24,198 [INFO] DbMcusAds:125 - Set database path to: C:\Users\RND1\.stmcufinder\plugins\mcufinder//mcu/
2025-11-13 10:02:24,201 [INFO] CrossReferenceDbSqlite:203 - Set database path to: C:\Users\RND1\.stmcufinder\plugins\mcufinder//mcu/cs/
2025-11-13 10:02:24,286 [INFO] RulesReader:64 - Compatibility file has been processed (297 Rules)
2025-11-13 10:02:24,351 [INFO] DbMcusXml:78 - Set database path to: C:\ST\STM32CubeIDE_1.16.1\STM32CubeIDE\plugins\com.st.stm32cube.common.mx_6.12.1.202409122256\\db\/mcu/
2025-11-13 10:02:24,351 [INFO] ApiDb:274 - Set plugin database path to: C:\ST\STM32CubeIDE_1.16.1\STM32CubeIDE\plugins\com.st.stm32cube.common.mx_6.12.1.202409122256\\db\/plugins/boardmanager/
2025-11-13 10:02:24,351 [INFO] ApiDb:261 - Set plugin images path to: C:\ST\STM32CubeIDE_1.16.1\STM32CubeIDE\plugins\com.st.stm32cube.common.mx_6.12.1.202409122256\\db\/plugins/mcufinder/images/
2025-11-13 10:02:24,351 [WARN] DbFile:41 - Overriding database path with different value: C:\Users\RND1\.stmcufinder\plugins\mcufinder/ => C:\Users\RND1\.stmcufinder\plugins\mcufinder
2025-11-13 10:02:24,351 [INFO] ApiDb:250 - Set database path to: C:\Users\RND1\.stmcufinder\plugins\mcufinder//mcu/
2025-11-13 10:02:24,351 [WARN] DbFile:41 - Overriding database path with different value: C:\Users\RND1\.stmcufinder\plugins\mcufinder/ => C:\Users\RND1\.stmcufinder\plugins\mcufinder
2025-11-13 10:02:24,351 [INFO] DbMcusAds:125 - Set database path to: C:\Users\RND1\.stmcufinder\plugins\mcufinder//mcu/
2025-11-13 10:02:24,351 [WARN] DbFile:41 - Overriding database path with different value: C:\Users\RND1\.stmcufinder\plugins\mcufinder/ => C:\Users\RND1\.stmcufinder\plugins\mcufinder
2025-11-13 10:02:24,351 [WARN] DbFile:41 - Overriding database path with different value: C:\Users\RND1\.stmcufinder\plugins\mcufinder/ => C:\Users\RND1\.stmcufinder\plugins\mcufinder
2025-11-13 10:02:24,351 [INFO] CrossReferenceDbSqlite:203 - Set database path to: C:\Users\RND1\.stmcufinder\plugins\mcufinder//mcu/cs/
2025-11-13 10:02:24,411 [INFO] MainPanel:268 - HeapMemory: 268435456
2025-11-13 10:02:24,490 [INFO] DbMcusXml:78 - Set database path to: C:\ST\STM32CubeIDE_1.16.1\STM32CubeIDE\plugins\com.st.stm32cube.common.mx_6.12.1.202409122256\\db\/mcu/
2025-11-13 10:02:24,490 [INFO] ApiDb:274 - Set plugin database path to: C:\ST\STM32CubeIDE_1.16.1\STM32CubeIDE\plugins\com.st.stm32cube.common.mx_6.12.1.202409122256\\db\/plugins/boardmanager/
2025-11-13 10:02:24,490 [INFO] ApiDb:261 - Set plugin images path to: C:\ST\STM32CubeIDE_1.16.1\STM32CubeIDE\plugins\com.st.stm32cube.common.mx_6.12.1.202409122256\\db\/plugins/mcufinder/images/
2025-11-13 10:02:24,490 [WARN] DbFile:41 - Overriding database path with different value: C:\Users\RND1\.stmcufinder\plugins\mcufinder/ => C:\Users\RND1\.stmcufinder\plugins\mcufinder
2025-11-13 10:02:24,490 [INFO] ApiDb:250 - Set database path to: C:\Users\RND1\.stmcufinder\plugins\mcufinder//mcu/
2025-11-13 10:02:24,490 [WARN] DbFile:41 - Overriding database path with different value: C:\Users\RND1\.stmcufinder\plugins\mcufinder/ => C:\Users\RND1\.stmcufinder\plugins\mcufinder
2025-11-13 10:02:24,490 [INFO] DbMcusAds:125 - Set database path to: C:\Users\RND1\.stmcufinder\plugins\mcufinder//mcu/
2025-11-13 10:02:24,490 [WARN] DbFile:41 - Overriding database path with different value: C:\Users\RND1\.stmcufinder\plugins\mcufinder/ => C:\Users\RND1\.stmcufinder\plugins\mcufinder
2025-11-13 10:02:24,490 [WARN] DbFile:41 - Overriding database path with different value: C:\Users\RND1\.stmcufinder\plugins\mcufinder/ => C:\Users\RND1\.stmcufinder\plugins\mcufinder
2025-11-13 10:02:24,491 [INFO] CrossReferenceDbSqlite:203 - Set database path to: C:\Users\RND1\.stmcufinder\plugins\mcufinder//mcu/cs/
2025-11-13 10:02:24,506 [INFO] ApplicationProperties:184 - Using Application install path: C:\ST\STM32CubeIDE_1.16.1\STM32CubeIDE\plugins\com.st.stm32cube.common.mx_6.12.1.202409122256
2025-11-13 10:02:24,507 [INFO] PluginManage:196 - Search for loadable plugins [exclusion list=, ]
2025-11-13 10:02:24,508 [INFO] PluginManage:310 - Check plugin analytics
2025-11-13 10:02:24,641 [INFO] AnalyticsPlugin:253 - Accepted Software Licenses: STM32CubeMX.6.10.0
2025-11-13 10:02:24,641 [INFO] AnalyticsPlugin:255 - Accepted CMSIS Pack Licenses: 
2025-11-13 10:02:24,642 [INFO] AnalyticsPlugin:257 - Accepted Firmware Licenses: FW.G4.1.5.0,FW.G4.1.6.0,FW.F4.1.28.0,FW.H7.1.11.0
2025-11-13 10:02:24,645 [INFO] PluginManage:359 - Loaded plugin analytics (category:tool,tabindex:-1)
2025-11-13 10:02:24,646 [INFO] PluginManage:310 - Check plugin cadmodel
2025-11-13 10:02:24,663 [INFO] CADModel:105 - Init CAD model plugin
2025-11-13 10:02:24,663 [INFO] PluginManage:359 - Loaded plugin cadmodel (category:power,tabindex:5)
2025-11-13 10:02:24,663 [INFO] PluginManage:310 - Check plugin clock
2025-11-13 10:02:24,685 [INFO] PluginManage:359 - Loaded plugin clock (category:base,tabindex:2)
2025-11-13 10:02:24,685 [INFO] PluginManage:310 - Check plugin ddr
2025-11-13 10:02:24,688 [INFO] PluginManage:359 - Loaded plugin ddr (category:tool,tabindex:6)
2025-11-13 10:02:24,688 [INFO] PluginManage:310 - Check plugin filemanager
2025-11-13 10:02:24,818 [INFO] PluginManage:359 - Loaded plugin filemanager (category:base,tabindex:10)
2025-11-13 10:02:24,818 [INFO] PluginManage:310 - Check plugin ipmanager
2025-11-13 10:02:24,825 [INFO] PluginManage:359 - Loaded plugin ipmanager (category:base,tabindex:5)
2025-11-13 10:02:24,825 [INFO] PluginManage:310 - Check plugin lpbam
2025-11-13 10:02:24,844 [INFO] PluginManage:359 - Loaded plugin lpbam (category:base,tabindex:0)
2025-11-13 10:02:24,844 [INFO] PluginManage:310 - Check plugin memorymap
2025-11-13 10:02:24,868 [INFO] PluginManage:359 - Loaded plugin memorymap (category:base,tabindex:4)
2025-11-13 10:02:24,868 [INFO] PluginManage:310 - Check plugin pinoutandconfiguration
2025-11-13 10:02:24,887 [INFO] PluginManage:359 - Loaded plugin pinoutandconfiguration (category:base,tabindex:1)
2025-11-13 10:02:24,887 [INFO] PluginManage:310 - Check plugin pinoutconfig
2025-11-13 10:02:24,966 [WARN] SupportedApi:132 - Cannot load RTOS API schema: s4s-elt-must-match.1: The content of 'definitions' must match (annotation?, (simpleType | complexType)?, (unique | key | keyref)*)). A problem was found starting at: attribute.
2025-11-13 10:02:25,066 [INFO] PluginManage:359 - Loaded plugin pinoutconfig (category:base,tabindex:0)
2025-11-13 10:02:25,066 [INFO] PluginManage:310 - Check plugin power
2025-11-13 10:02:25,086 [INFO] PluginManage:359 - Loaded plugin power (category:power,tabindex:4)
2025-11-13 10:02:25,086 [INFO] PluginManage:310 - Check plugin projectmanager
2025-11-13 10:02:25,102 [INFO] PluginManage:359 - Loaded plugin projectmanager (category:projectmanager,tabindex:4)
2025-11-13 10:02:25,102 [INFO] PluginManage:310 - Check plugin rif
2025-11-13 10:02:25,119 [INFO] PluginManage:359 - Loaded plugin rif (category:base,tabindex:3)
2025-11-13 10:02:25,119 [INFO] PluginManage:310 - Check plugin thirdparty
2025-11-13 10:02:25,364 [INFO] PluginManage:359 - Loaded plugin thirdparty (category:base,tabindex:-1)
2025-11-13 10:02:25,364 [INFO] PluginManage:310 - Check plugin tools
2025-11-13 10:02:25,364 [WARN] IntegrityCheckThread:84 - waiting for thirdparty lock release [integrity check]
2025-11-13 10:02:25,364 [INFO] IntegrityCheckThread:86 - entering critical section [integrity check]
2025-11-13 10:02:25,365 [INFO] ThirdPartyUpdaterWithRetryManager:70 - Updater plugin not ready yet. [1/15]
2025-11-13 10:02:25,400 [INFO] PluginManage:359 - Loaded plugin tools (category:base,tabindex:7)
2025-11-13 10:02:25,400 [INFO] PluginManage:310 - Check plugin tutovideos
2025-11-13 10:02:25,556 [INFO] PluginManage:359 - Loaded plugin tutovideos (category:base,tabindex:-1)
2025-11-13 10:02:25,556 [INFO] PluginManage:310 - Check plugin updater
2025-11-13 10:02:25,570 [INFO] PluginManage:359 - Loaded plugin updater (category:base,tabindex:12)
2025-11-13 10:02:25,571 [INFO] PluginManage:310 - Check plugin userauth
2025-11-13 10:02:25,576 [INFO] UserAuth:113 - Init User Auth plugin
2025-11-13 10:02:25,576 [INFO] PluginManage:359 - Loaded plugin userauth (category:base,tabindex:14)
2025-11-13 10:02:25,576 [INFO] PluginManage:283 - PluginManage : Loaded plugins [18]
2025-11-13 10:02:25,741 [INFO] PinOutPanel:1561 - setPackage(No Configuration,No Configuration)
2025-11-13 10:02:25,816 [INFO] CADModel:165 - CPN selected for project level
2025-11-13 10:02:25,816 [INFO] CADModel:114 - Register for checkConnection events
2025-11-13 10:02:25,841 [INFO] IPUIPlugin:80 - create IPUIPlugin
2025-11-13 10:02:25,841 [INFO] PluginManager:220 - loadIPPluginJar : add adc
2025-11-13 10:02:25,874 [INFO] IPUIPlugin:80 - create IPUIPlugin
2025-11-13 10:02:25,875 [INFO] PluginManager:220 - loadIPPluginJar : add aes
2025-11-13 10:02:25,911 [INFO] IPUIPlugin:80 - create IPUIPlugin
2025-11-13 10:02:25,911 [INFO] PluginManager:220 - loadIPPluginJar : add can
2025-11-13 10:02:25,934 [INFO] IPUIPlugin:80 - create IPUIPlugin
2025-11-13 10:02:25,934 [INFO] PluginManager:220 - loadIPPluginJar : add comp
2025-11-13 10:02:25,962 [INFO] IPUIPlugin:80 - create IPUIPlugin
2025-11-13 10:02:25,963 [INFO] PluginManager:220 - loadIPPluginJar : add cryp
2025-11-13 10:02:25,974 [INFO] IPUIPlugin:80 - create IPUIPlugin
2025-11-13 10:02:25,975 [INFO] PluginManager:220 - loadIPPluginJar : add ddr_ctrl_phy
2025-11-13 10:02:26,004 [INFO] IPUIPlugin:80 - create IPUIPlugin
2025-11-13 10:02:26,004 [INFO] PluginManager:220 - loadIPPluginJar : add dfsdm
2025-11-13 10:02:26,018 [INFO] IPUIPlugin:80 - create IPUIPlugin
2025-11-13 10:02:26,018 [INFO] PluginManager:220 - loadIPPluginJar : add dma
2025-11-13 10:02:26,056 [INFO] IPUIPlugin:80 - create IPUIPlugin
2025-11-13 10:02:26,056 [INFO] PluginManager:220 - loadIPPluginJar : add dma3
2025-11-13 10:02:26,094 [INFO] IPUIPlugin:80 - create IPUIPlugin
2025-11-13 10:02:26,094 [INFO] PluginManager:220 - loadIPPluginJar : add extmemmanager
2025-11-13 10:02:26,114 [INFO] IPUIPlugin:80 - create IPUIPlugin
2025-11-13 10:02:26,114 [INFO] PluginManager:220 - loadIPPluginJar : add fatfs
2025-11-13 10:02:26,154 [INFO] IPUIPlugin:80 - create IPUIPlugin
2025-11-13 10:02:26,155 [INFO] PluginManager:220 - loadIPPluginJar : add fmc
2025-11-13 10:02:26,169 [INFO] IPUIPlugin:80 - create IPUIPlugin
2025-11-13 10:02:26,170 [INFO] PluginManager:220 - loadIPPluginJar : add freertos
2025-11-13 10:02:26,189 [INFO] IPUIPlugin:80 - create IPUIPlugin
2025-11-13 10:02:26,189 [INFO] PluginManager:220 - loadIPPluginJar : add genericplugin
2025-11-13 10:02:26,265 [INFO] IPUIPlugin:80 - create IPUIPlugin
2025-11-13 10:02:26,266 [INFO] PluginManager:220 - loadIPPluginJar : add gfxmmu
2025-11-13 10:02:26,370 [INFO] IPUIPlugin:80 - create IPUIPlugin
2025-11-13 10:02:26,371 [INFO] PluginManager:220 - loadIPPluginJar : add gic
2025-11-13 10:02:26,383 [INFO] IPUIPlugin:80 - create IPUIPlugin
2025-11-13 10:02:26,383 [INFO] PluginManager:220 - loadIPPluginJar : add gpio
2025-11-13 10:02:26,456 [INFO] IPUIPlugin:80 - create IPUIPlugin
2025-11-13 10:02:26,457 [INFO] PluginManager:220 - loadIPPluginJar : add gtzc
2025-11-13 10:02:26,485 [INFO] IPUIPlugin:80 - create IPUIPlugin
2025-11-13 10:02:26,485 [INFO] PluginManager:220 - loadIPPluginJar : add hash
2025-11-13 10:02:26,531 [INFO] IPUIPlugin:80 - create IPUIPlugin
2025-11-13 10:02:26,532 [INFO] PluginManager:220 - loadIPPluginJar : add i2c
2025-11-13 10:02:26,566 [INFO] IPUIPlugin:80 - create IPUIPlugin
2025-11-13 10:02:26,566 [INFO] PluginManager:220 - loadIPPluginJar : add i2s
2025-11-13 10:02:26,601 [INFO] IPUIPlugin:80 - create IPUIPlugin
2025-11-13 10:02:26,602 [INFO] PluginManager:220 - loadIPPluginJar : add i3c
2025-11-13 10:02:26,681 [INFO] IPUIPlugin:80 - create IPUIPlugin
2025-11-13 10:02:26,681 [INFO] PluginManager:220 - loadIPPluginJar : add ipddr
2025-11-13 10:02:26,759 [INFO] IPUIPlugin:80 - create IPUIPlugin
2025-11-13 10:02:26,759 [INFO] PluginManager:220 - loadIPPluginJar : add linkedlist
2025-11-13 10:02:26,792 [INFO] IPUIPlugin:80 - create IPUIPlugin
2025-11-13 10:02:26,793 [INFO] PluginManager:220 - loadIPPluginJar : add lorawan
2025-11-13 10:02:26,823 [INFO] IPUIPlugin:80 - create IPUIPlugin
2025-11-13 10:02:26,824 [INFO] PluginManager:220 - loadIPPluginJar : add ltdc
2025-11-13 10:02:26,837 [INFO] IPUIPlugin:80 - create IPUIPlugin
2025-11-13 10:02:26,837 [INFO] PluginManager:220 - loadIPPluginJar : add mdma
2025-11-13 10:02:26,849 [INFO] IPUIPlugin:80 - create IPUIPlugin
2025-11-13 10:02:26,849 [INFO] PluginManager:220 - loadIPPluginJar : add nvic
2025-11-13 10:02:26,884 [INFO] IPUIPlugin:80 - create IPUIPlugin
2025-11-13 10:02:26,884 [INFO] PluginManager:220 - loadIPPluginJar : add opamp
2025-11-13 10:02:26,936 [INFO] IPUIPlugin:80 - create IPUIPlugin
2025-11-13 10:02:26,937 [INFO] PluginManager:220 - loadIPPluginJar : add openamp
2025-11-13 10:02:26,974 [INFO] IPUIPlugin:80 - create IPUIPlugin
2025-11-13 10:02:26,974 [INFO] PluginManager:220 - loadIPPluginJar : add pdm2pcm
2025-11-13 10:02:26,988 [INFO] IPUIPlugin:80 - create IPUIPlugin
2025-11-13 10:02:26,989 [INFO] PluginManager:220 - loadIPPluginJar : add plateformsettings
2025-11-13 10:02:27,011 [INFO] IPUIPlugin:80 - create IPUIPlugin
2025-11-13 10:02:27,011 [INFO] PluginManager:220 - loadIPPluginJar : add quadspi
2025-11-13 10:02:27,035 [INFO] IPUIPlugin:80 - create IPUIPlugin
2025-11-13 10:02:27,035 [INFO] PluginManager:220 - loadIPPluginJar : add radio
2025-11-13 10:02:27,048 [INFO] IPUIPlugin:80 - create IPUIPlugin
2025-11-13 10:02:27,048 [INFO] PluginManager:220 - loadIPPluginJar : add resmgrutility
2025-11-13 10:02:27,087 [INFO] IPUIPlugin:80 - create IPUIPlugin
2025-11-13 10:02:27,087 [INFO] PluginManager:220 - loadIPPluginJar : add sai
2025-11-13 10:02:27,119 [INFO] IPUIPlugin:80 - create IPUIPlugin
2025-11-13 10:02:27,119 [INFO] PluginManager:220 - loadIPPluginJar : add spi
2025-11-13 10:02:27,175 [INFO] IPUIPlugin:80 - create IPUIPlugin
2025-11-13 10:02:27,175 [INFO] PluginManager:220 - loadIPPluginJar : add stm32_wpan
2025-11-13 10:02:27,198 [INFO] IPUIPlugin:80 - create IPUIPlugin
2025-11-13 10:02:27,199 [INFO] PluginManager:220 - loadIPPluginJar : add tim
2025-11-13 10:02:27,249 [INFO] IPUIPlugin:80 - create IPUIPlugin
2025-11-13 10:02:27,249 [INFO] PluginManager:220 - loadIPPluginJar : add touchsensing
2025-11-13 10:02:27,273 [INFO] IPUIPlugin:80 - create IPUIPlugin
2025-11-13 10:02:27,273 [INFO] PluginManager:220 - loadIPPluginJar : add tracer_emb
2025-11-13 10:02:27,295 [INFO] IPUIPlugin:80 - create IPUIPlugin
2025-11-13 10:02:27,295 [INFO] PluginManager:220 - loadIPPluginJar : add ts
2025-11-13 10:02:27,318 [INFO] IPUIPlugin:80 - create IPUIPlugin
2025-11-13 10:02:27,318 [INFO] PluginManager:220 - loadIPPluginJar : add tsc
2025-11-13 10:02:27,338 [INFO] IPUIPlugin:80 - create IPUIPlugin
2025-11-13 10:02:27,338 [INFO] PluginManager:220 - loadIPPluginJar : add ucpd
2025-11-13 10:02:27,376 [INFO] IPUIPlugin:80 - create IPUIPlugin
2025-11-13 10:02:27,376 [INFO] PluginManager:220 - loadIPPluginJar : add usart
2025-11-13 10:02:27,413 [INFO] IPUIPlugin:80 - create IPUIPlugin
2025-11-13 10:02:27,413 [INFO] PluginManager:220 - loadIPPluginJar : add usbx
2025-11-13 10:02:27,529 [INFO] CADModel:165 - CPN selected for project level
2025-11-13 10:02:27,530 [INFO] CADModel:114 - Register for checkConnection events
2025-11-13 10:02:27,530 [FATAL] Updater:334 - Updater called before beeing initialized
2025-11-13 10:02:27,531 [ERROR] CADModel:125 - Updater not yet initialized, retry later 
2025-11-13 10:02:27,623 [INFO] CADModel:165 - CPN selected for project level
2025-11-13 10:02:27,624 [INFO] CADModel:114 - Register for checkConnection events
2025-11-13 10:02:27,624 [FATAL] Updater:334 - Updater called before beeing initialized
2025-11-13 10:02:27,624 [ERROR] CADModel:125 - Updater not yet initialized, retry later 
2025-11-13 10:02:27,626 [FATAL] Updater:334 - Updater called before beeing initialized
2025-11-13 10:02:27,701 [FATAL] Updater:334 - Updater called before beeing initialized
2025-11-13 10:02:27,711 [INFO] DbMcusAds:53 - JSON generation date=Tue Jul 08 17:14:27 KST 2025 (1751962467633)
2025-11-13 10:02:27,711 [FATAL] Updater:334 - Updater called before beeing initialized
2025-11-13 10:02:27,741 [WARN] DetailPanel:346 - Failed to get advertising image, set to default
2025-11-13 10:02:27,831 [FATAL] Updater:334 - Updater called before beeing initialized
2025-11-13 10:02:27,833 [FATAL] Updater:334 - Updater called before beeing initialized
2025-11-13 10:02:27,833 [FATAL] Updater:334 - Updater called before beeing initialized
2025-11-13 10:02:27,833 [WARN] DetailPanel:346 - Failed to get advertising image, set to default
2025-11-13 10:02:27,833 [FATAL] Updater:334 - Updater called before beeing initialized
2025-11-13 10:02:27,880 [ERROR] Updater:1164 - MainUpdater not yet initialized. External WinMGr cannot be set.
2025-11-13 10:02:27,890 [INFO] Updater:1100 - Updater Version found : 6.12.1
2025-11-13 10:02:27,903 [INFO] ApplicationProperties:184 - Using Application install path: C:\ST\STM32CubeIDE_1.16.1\STM32CubeIDE\plugins\com.st.stm32cube.common.mx_6.12.1.202409122256
2025-11-13 10:02:28,366 [INFO] ThirdPartyUpdaterWithRetryManager:70 - Updater plugin not ready yet. [2/15]
2025-11-13 10:02:28,644 [INFO] MainUpdater:2873 - connection check result : 10
2025-11-13 10:02:28,645 [INFO] MainUpdater:3567 - Updater definition file requires update
2025-11-13 10:02:28,646 [INFO] MainUpdater:290 - Updater Check For Update Now.
2025-11-13 10:02:28,646 [INFO] MicroXplorer:498 - Change Database Version : DB.6.0.121
2025-11-13 10:02:28,662 [INFO] McuFinderGlobals:63 - Set McuFinder mode to 2 (CubeIDE integrated)
2025-11-13 10:02:28,669 [INFO] UserAuth:417 - Internet connection configuration mode: 1
2025-11-13 10:02:28,692 [INFO] JxBrowserEngine:152 - Initiate JxBrowser Engine with user profile folder
2025-11-13 10:02:29,077 [INFO] ServerAccessManage:473 - Download File updaters.zip
2025-11-13 10:02:29,468 [INFO] FileExtend:240 - Unzip File : updaters.zip
2025-11-13 10:02:29,469 [INFO] FileExtend:255 - Standard Zip Deflate
2025-11-13 10:02:30,506 [INFO] ServerAccessManage:473 - Download File PacksControlFlags.xml
2025-11-13 10:02:30,826 [INFO] ServerAccessManage:473 - Download File cubemx.pidx
2025-11-13 10:02:31,370 [WARN] MainUpdater:1194 - Updater busy. Cannot search thirdparties
2025-11-13 10:02:31,370 [INFO] ThirdPartyUpdaterWithRetryManager:96 - Updater plugin is busy. [1/15]
2025-11-13 10:02:31,419 [INFO] WebApp:167 - Instantiating new browser for Auth
2025-11-13 10:02:31,765 [INFO] ServerAccessManage:473 - Download File STMicroelectronics.X-CUBE-FREERTOS.pdsc
2025-11-13 10:02:31,990 [INFO] WebApp:448 - Apply proxy settings
2025-11-13 10:02:31,995 [INFO] WebApp:493 - Chromium authenticates against Manually configured proxy
2025-11-13 10:02:32,001 [INFO] WebApp:501 - Username used for proxy authentication: 
2025-11-13 10:02:32,027 [INFO] WebApp:869 - Register for checkConnection events
2025-11-13 10:02:32,028 [INFO] WebApp:448 - Apply proxy settings
2025-11-13 10:02:32,030 [INFO] WebApp:493 - Chromium authenticates against Manually configured proxy
2025-11-13 10:02:32,031 [INFO] WebApp:501 - Username used for proxy authentication: 
2025-11-13 10:02:32,159 [INFO] WebApp:220 - Starting web application
2025-11-13 10:02:32,160 [INFO] WebApp:578 - Web application path used C:\ST\STM32CubeIDE_1.16.1\STM32CubeIDE\plugins\com.st.stm32cube.common.mx_6.12.1.202409122256\db\plugins\mcufinder\reactClient1\index.html
2025-11-13 10:02:32,277 [INFO] UserAuth:417 - Internet connection configuration mode: 1
2025-11-13 10:02:32,299 [INFO] WebApp:186 - Connection restablished
2025-11-13 10:02:34,344 [INFO] ServerAccessManage:473 - Download File Avnet-IOTCONNECT.X-CUBE-iotc-st67-sdk.pdsc
2025-11-13 10:02:34,370 [WARN] MainUpdater:1194 - Updater busy. Cannot search thirdparties
2025-11-13 10:02:34,370 [INFO] ThirdPartyUpdaterWithRetryManager:96 - Updater plugin is busy. [2/15]
2025-11-13 10:02:34,436 [WARN] PackLoader:240 - Cannot read IP mode file for STMicroelectronics.X-CUBE-FREERTOS.1.3.1
2025-11-13 10:02:34,439 [WARN] PopulateThirdPartyThread:106 - Error when creating pack: C:/Users/RND1/.stm32cubemx/thirdparties/pdsc/Avnet-IOTCONNECT.X-CUBE-iotc-st67-sdk.pdsc
2025-11-13 10:02:34,439 [INFO] PopulateThirdPartyThread:66 - Ending populate Thread
2025-11-13 10:02:34,440 [INFO] ThirdParty:1030 - CMSIS Pack Vendor :STMicroelectronics X-CUBE-FREERTOS 1.3.1
2025-11-13 10:02:34,440 [INFO] LoadServerUpdatesThread:375 - End of LoadServerUpdate Thread
2025-11-13 10:02:34,545 [INFO] CheckServerUpdateThread:120 - End of CheckServer Thread
2025-11-13 10:02:37,583 [WARN] PackLoader:240 - Cannot read IP mode file for STMicroelectronics.FP-SNS-MOTENVWB1.1.4.0
2025-11-13 10:02:37,588 [WARN] PackLoader:240 - Cannot read IP mode file for STMicroelectronics.FP-ATR-ASTRA1.2.0.2
2025-11-13 10:02:37,600 [WARN] PackLoader:240 - Cannot read IP mode file for STMicroelectronics.FP-ATR-ASTRA1.2.0.1
2025-11-13 10:02:37,612 [WARN] PackLoader:240 - Cannot read IP mode file for STMicroelectronics.X-CUBE-SMBUS.2.1.0
2025-11-13 10:02:37,625 [WARN] PackLoader:240 - Cannot read IP mode file for STMicroelectronics.X-CUBE-WB05N.1.1.0
2025-11-13 10:02:37,635 [ERROR] Engine:466 - C:\Users\RND1\.stm32cubemx\thirdparties\pdsc\STMicroelectronics.X-CUBE-ST60.1.0.0.pdsc: PDSC version is not supported
2025-11-13 10:02:37,647 [WARN] PackLoader:240 - Cannot read IP mode file for STMicroelectronics.X-CUBE-TOUCHGFX.4.23.0
2025-11-13 10:02:37,657 [WARN] PackLoader:240 - Cannot read IP mode file for STMicroelectronics.X-CUBE-TOUCHGFX.4.23.2
2025-11-13 10:02:37,679 [WARN] PackLoader:240 - Cannot read IP mode file for STMicroelectronics.X-CUBE-AZRTOS-F7.1.1.0
2025-11-13 10:02:37,694 [WARN] PackLoader:240 - Cannot read IP mode file for STMicroelectronics.FP-SNS-MOTENV1.4.3.2
2025-11-13 10:02:37,732 [WARN] PackLoader:240 - Cannot read IP mode file for STMicroelectronics.X-CUBE-MEMS1.11.0.0
2025-11-13 10:02:37,812 [ERROR] Engine:466 - C:\Users\RND1\.stm32cubemx\thirdparties\pdsc\STMicroelectronics.FP-SNS-MOTENV1.5.1.0.pdsc: PDSC version is not supported
2025-11-13 10:02:37,825 [WARN] PackLoader:240 - Cannot read IP mode file for STMicroelectronics.FP-SNS-FLIGHT1.5.0.2
2025-11-13 10:02:37,850 [WARN] PackLoader:240 - Cannot read IP mode file for STMicroelectronics.X-CUBE-AZRTOS-H7.3.4.0
2025-11-13 10:02:37,866 [WARN] PackLoader:240 - Cannot read IP mode file for STMicroelectronics.X-CUBE-DISPLAY.3.0.0
2025-11-13 10:02:37,882 [WARN] PackLoader:240 - Cannot read IP mode file for STMicroelectronics.X-CUBE-BLE1.7.0.0
2025-11-13 10:02:37,896 [WARN] PackLoader:240 - Cannot read IP mode file for STMicroelectronics.X-CUBE-NFC10.1.0.0
2025-11-13 10:02:37,912 [WARN] PackLoader:240 - Cannot read IP mode file for STMicroelectronics.X-CUBE-BLEMGR.4.0.0
2025-11-13 10:02:37,924 [ERROR] Engine:466 - C:\Users\RND1\.stm32cubemx\thirdparties\pdsc\STMicroelectronics.X-CUBE-ST60.1.1.0.pdsc: PDSC version is not supported
2025-11-13 10:02:37,939 [WARN] PackLoader:240 - Cannot read IP mode file for emotas.I-CUBE-CANOPEN.1.3.0
2025-11-13 10:02:37,954 [WARN] PackLoader:240 - Cannot read IP mode file for STMicroelectronics.X-CUBE-GNSS1.7.1.0
2025-11-13 10:02:37,971 [WARN] PackLoader:240 - Cannot read IP mode file for STMicroelectronics.X-CUBE-BLEMGR.3.1.0
2025-11-13 10:02:37,986 [WARN] PackLoader:240 - Cannot read IP mode file for STMicroelectronics.X-CUBE-AI.10.0.0
2025-11-13 10:02:38,001 [ERROR] Engine:466 - C:\Users\RND1\.stm32cubemx\thirdparties\pdsc\STMicroelectronics.FP-SNS-STBOX1.2.1.0.pdsc: PDSC version is not supported
2025-11-13 10:02:38,014 [WARN] PackLoader:240 - Cannot read IP mode file for STMicroelectronics.FP-SNS-SMARTAG2.1.2.0
2025-11-13 10:02:38,017 [ERROR] Engine:466 - C:\Users\RND1\.stm32cubemx\thirdparties\pdsc\STMicroelectronics.FP-SNS-FLIGHT1.5.1.0.pdsc: PDSC version is not supported
2025-11-13 10:02:38,054 [WARN] PackLoader:240 - Cannot read IP mode file for STMicroelectronics.X-CUBE-MEMS1.11.1.0
2025-11-13 10:02:38,128 [INFO] LogOutputStream:77 - [STDOUT_REDIRECT] 1 : Invalid condition id : UX_CORESTACK_Condition cause : null
2025-11-13 10:02:38,129 [INFO] LogOutputStream:77 - [STDOUT_REDIRECT] 1 : Invalid condition id : UX_CORESTACK_Condition cause : null
2025-11-13 10:02:38,129 [INFO] LogOutputStream:77 - [STDOUT_REDIRECT] 1 : Invalid condition id : UX_CORESTACK_Condition cause : null
2025-11-13 10:02:38,130 [INFO] LogOutputStream:77 - [STDOUT_REDIRECT] 1 : Invalid condition id : UX_CORESTACK_Condition cause : null
2025-11-13 10:02:38,131 [INFO] LogOutputStream:77 - [STDOUT_REDIRECT] 1 : Invalid condition id : UX_CORESTACK_Condition cause : null
2025-11-13 10:02:38,133 [WARN] PackLoader:240 - Cannot read IP mode file for STMicroelectronics.X-CUBE-AZRTOS-WL.2.0.0
2025-11-13 10:02:38,147 [WARN] PackLoader:240 - Cannot read IP mode file for STMicroelectronics.FP-SNS-MOTENV1.5.0.0
2025-11-13 10:02:38,152 [WARN] PackLoader:240 - Cannot read IP mode file for wolfSSL.I-CUBE-wolfMQTT.1.19.0
2025-11-13 10:02:38,167 [WARN] PackLoader:240 - Cannot read IP mode file for WES.I-CUBE-Cesium.1.3.0
2025-11-13 10:02:38,181 [WARN] PackLoader:240 - Cannot read IP mode file for STMicroelectronics.X-CUBE-BLE2.3.3.0
2025-11-13 10:02:38,182 [ERROR] Engine:466 - C:\Users\RND1\.stm32cubemx\thirdparties\pdsc\Avnet-IOTCONNECT.X-CUBE-iotc-st67-sdk.1.0.0.pdsc: PDSC version is not supported
2025-11-13 10:02:38,203 [WARN] PackLoader:240 - Cannot read IP mode file for STMicroelectronics.X-CUBE-NFC9.1.0.0
2025-11-13 10:02:38,216 [WARN] PackLoader:240 - Cannot read IP mode file for STMicroelectronics.X-CUBE-BLE1.7.1.0
2025-11-13 10:02:38,229 [WARN] PackLoader:240 - Cannot read IP mode file for STMicroelectronics.X-CUBE-TCPP.4.1.0
2025-11-13 10:02:38,244 [WARN] PackLoader:240 - Cannot read IP mode file for STMicroelectronics.X-CUBE-EEPRMA1.5.2.0
2025-11-13 10:02:38,256 [ERROR] Engine:466 - C:\Users\RND1\.stm32cubemx\thirdparties\pdsc\STMicroelectronics.X-CUBE-ST67W61.1.1.0.pdsc: PDSC version is not supported
2025-11-13 10:02:38,270 [WARN] PackLoader:240 - Cannot read IP mode file for STMicroelectronics.X-CUBE-AI.10.1.0
2025-11-13 10:02:38,284 [WARN] PackLoader:240 - Cannot read IP mode file for STMicroelectronics.X-CUBE-ALGOBUILD.1.3.0
2025-11-13 10:02:38,332 [WARN] PackLoader:240 - Cannot read IP mode file for STMicroelectronics.X-CUBE-MEMS1.11.2.0
2025-11-13 10:02:38,434 [WARN] PackLoader:240 - Cannot read IP mode file for STMicroelectronics.X-CUBE-AZRTOS-G0.1.1.0
2025-11-13 10:02:38,450 [WARN] PackLoader:240 - Cannot read IP mode file for STMicroelectronics.X-CUBE-SAFEA1.1.2.2
2025-11-13 10:02:38,466 [WARN] PackLoader:240 - Cannot read IP mode file for STMicroelectronics.X-CUBE-NFC4.3.0.0
2025-11-13 10:02:38,480 [WARN] PackLoader:240 - Cannot read IP mode file for wolfSSL.I-CUBE-wolfMQTT.1.18.0
2025-11-13 10:02:38,496 [WARN] PackLoader:240 - Cannot read IP mode file for EmbeddedOffice.I-CUBE-FS-RTOS.1.0.1
2025-11-13 10:02:38,497 [ERROR] ConditionMgr:805 - Attr not supported : Dmpu
2025-11-13 10:02:38,497 [ERROR] ConditionMgr:805 - Attr not supported : Dmpu
2025-11-13 10:02:38,497 [ERROR] ConditionMgr:805 - Attr not supported : Dmpu
2025-11-13 10:02:38,497 [ERROR] ConditionMgr:805 - Attr not supported : Dmpu
2025-11-13 10:02:38,497 [ERROR] ConditionMgr:805 - Attr not supported : Dmpu
2025-11-13 10:02:38,497 [ERROR] ConditionMgr:805 - Attr not supported : Dmpu
2025-11-13 10:02:38,497 [ERROR] ConditionMgr:805 - Attr not supported : Dmpu
2025-11-13 10:02:38,497 [ERROR] ConditionMgr:805 - Attr not supported : Dmpu
2025-11-13 10:02:38,497 [ERROR] ConditionMgr:805 - Attr not supported : Dmpu
2025-11-13 10:02:38,497 [ERROR] ConditionMgr:805 - Attr not supported : Dmpu
2025-11-13 10:02:38,497 [ERROR] ConditionMgr:805 - Attr not supported : Dmpu
2025-11-13 10:02:38,497 [ERROR] ConditionMgr:805 - Attr not supported : Dmpu
2025-11-13 10:02:38,497 [ERROR] ConditionMgr:805 - Attr not supported : Dmpu
2025-11-13 10:02:38,497 [ERROR] ConditionMgr:805 - Attr not supported : Dmpu
2025-11-13 10:02:38,497 [ERROR] ConditionMgr:805 - Attr not supported : Dmpu
2025-11-13 10:02:38,497 [ERROR] ConditionMgr:805 - Attr not supported : Dmpu
2025-11-13 10:02:38,497 [ERROR] ConditionMgr:805 - Attr not supported : Dmpu
2025-11-13 10:02:38,497 [ERROR] ConditionMgr:805 - Attr not supported : Dmpu
2025-11-13 10:02:38,497 [ERROR] ConditionMgr:805 - Attr not supported : Dmpu
2025-11-13 10:02:38,497 [ERROR] ConditionMgr:805 - Attr not supported : Dmpu
2025-11-13 10:02:38,497 [ERROR] ConditionMgr:805 - Attr not supported : Dmpu
2025-11-13 10:02:38,497 [ERROR] ConditionMgr:805 - Attr not supported : Dmpu
2025-11-13 10:02:38,497 [ERROR] ConditionMgr:805 - Attr not supported : Dmpu
2025-11-13 10:02:38,498 [ERROR] ConditionMgr:805 - Attr not supported : Dmpu
2025-11-13 10:02:38,498 [ERROR] ConditionMgr:805 - Attr not supported : Dmpu
2025-11-13 10:02:38,498 [ERROR] ConditionMgr:805 - Attr not supported : Dmpu
2025-11-13 10:02:38,498 [ERROR] ConditionMgr:805 - Attr not supported : Dmpu
2025-11-13 10:02:38,498 [ERROR] ConditionMgr:805 - Attr not supported : Dmpu
2025-11-13 10:02:38,498 [ERROR] ConditionMgr:805 - Attr not supported : Dmpu
2025-11-13 10:02:38,498 [ERROR] ConditionMgr:805 - Attr not supported : Dmpu
2025-11-13 10:02:38,498 [ERROR] ConditionMgr:805 - Attr not supported : Dmpu
2025-11-13 10:02:38,498 [ERROR] ConditionMgr:805 - Attr not supported : Dmpu
2025-11-13 10:02:38,498 [ERROR] ConditionMgr:805 - Attr not supported : Dmpu
2025-11-13 10:02:38,498 [ERROR] ConditionMgr:805 - Attr not supported : Dmpu
2025-11-13 10:02:38,498 [ERROR] ConditionMgr:805 - Attr not supported : Dmpu
2025-11-13 10:02:38,498 [ERROR] ConditionMgr:805 - Attr not supported : Dmpu
2025-11-13 10:02:38,498 [ERROR] ConditionMgr:805 - Attr not supported : Dmpu
2025-11-13 10:02:38,498 [ERROR] ConditionMgr:805 - Attr not supported : Dmpu
2025-11-13 10:02:38,498 [ERROR] ConditionMgr:805 - Attr not supported : Dmpu
2025-11-13 10:02:38,498 [ERROR] ConditionMgr:805 - Attr not supported : Dmpu
2025-11-13 10:02:38,498 [ERROR] ConditionMgr:805 - Attr not supported : Dmpu
2025-11-13 10:02:38,498 [ERROR] ConditionMgr:805 - Attr not supported : Dmpu
2025-11-13 10:02:38,498 [ERROR] ConditionMgr:805 - Attr not supported : Dmpu
2025-11-13 10:02:38,498 [ERROR] ConditionMgr:805 - Attr not supported : Dmpu
2025-11-13 10:02:38,498 [ERROR] ConditionMgr:805 - Attr not supported : Dmpu
2025-11-13 10:02:38,498 [ERROR] ConditionMgr:805 - Attr not supported : Dmpu
2025-11-13 10:02:38,498 [ERROR] ConditionMgr:805 - Attr not supported : Dmpu
2025-11-13 10:02:38,498 [ERROR] ConditionMgr:805 - Attr not supported : Dmpu
2025-11-13 10:02:38,498 [ERROR] ConditionMgr:805 - Attr not supported : Dmpu
2025-11-13 10:02:38,498 [ERROR] ConditionMgr:805 - Attr not supported : Dmpu
2025-11-13 10:02:38,498 [ERROR] ConditionMgr:805 - Attr not supported : Dmpu
2025-11-13 10:02:38,498 [ERROR] ConditionMgr:805 - Attr not supported : Dmpu
2025-11-13 10:02:38,498 [ERROR] ConditionMgr:805 - Attr not supported : Dmpu
2025-11-13 10:02:38,498 [ERROR] ConditionMgr:805 - Attr not supported : Dmpu
2025-11-13 10:02:38,498 [ERROR] ConditionMgr:805 - Attr not supported : Dmpu
2025-11-13 10:02:38,499 [ERROR] ConditionMgr:805 - Attr not supported : Dmpu
2025-11-13 10:02:38,499 [ERROR] ConditionMgr:805 - Attr not supported : Dmpu
2025-11-13 10:02:38,499 [ERROR] ConditionMgr:805 - Attr not supported : Dmpu
2025-11-13 10:02:38,499 [ERROR] ConditionMgr:805 - Attr not supported : Dmpu
2025-11-13 10:02:38,499 [ERROR] ConditionMgr:805 - Attr not supported : Dmpu
2025-11-13 10:02:38,499 [ERROR] ConditionMgr:805 - Attr not supported : Dmpu
2025-11-13 10:02:38,499 [ERROR] ConditionMgr:805 - Attr not supported : Dmpu
2025-11-13 10:02:38,499 [ERROR] ConditionMgr:805 - Attr not supported : Dmpu
2025-11-13 10:02:38,499 [ERROR] ConditionMgr:805 - Attr not supported : Dmpu
2025-11-13 10:02:38,511 [WARN] PackLoader:240 - Cannot read IP mode file for STMicroelectronics.X-CUBE-WB05N.2.0.0
2025-11-13 10:02:38,527 [WARN] PackLoader:240 - Cannot read IP mode file for STMicroelectronics.X-CUBE-BLEMGR.3.0.0
2025-11-13 10:02:38,539 [ERROR] Engine:466 - C:\Users\RND1\.stm32cubemx\thirdparties\pdsc\STMicroelectronics.X-CUBE-TCPP.4.2.0.pdsc: PDSC version is not supported
2025-11-13 10:02:38,554 [WARN] PackLoader:240 - Cannot read IP mode file for RealThread.X-CUBE-RT-Thread_Nano.4.1.1
2025-11-13 10:02:38,559 [WARN] PackLoader:240 - Cannot read IP mode file for STMicroelectronics.FP-ATR-SIGFOX1.3.2.0
2025-11-13 10:02:38,564 [WARN] ConditionMgr:438 - getConditionDescription Invalid condition id : Cortex-A Device cause : null
2025-11-13 10:02:38,588 [WARN] ConditionMgr:1039 - genDependencies : Invalid condition id : Cortex-A Device cause : null
2025-11-13 10:02:38,588 [WARN] ConditionMgr:1039 - genDependencies : Invalid condition id : Cortex-A Device cause : null
2025-11-13 10:02:38,588 [WARN] ConditionMgr:1039 - genDependencies : Invalid condition id : Cortex-A Device cause : null
2025-11-13 10:02:38,603 [WARN] PackLoader:240 - Cannot read IP mode file for STMicroelectronics.X-CUBE-EEPRMA1.5.1.0
2025-11-13 10:02:38,616 [ERROR] Engine:466 - C:\Users\RND1\.stm32cubemx\thirdparties\pdsc\STMicroelectronics.X-CUBE-ST67W61.1.0.0.pdsc: PDSC version is not supported
2025-11-13 10:02:38,628 [WARN] PackLoader:240 - Cannot read IP mode file for STMicroelectronics.X-CUBE-AI.10.2.0
2025-11-13 10:02:38,657 [WARN] PackLoader:240 - Cannot read IP mode file for SEGGER.I-CUBE-embOS.1.3.1
2025-11-13 10:02:38,687 [WARN] PackLoader:240 - Cannot read IP mode file for STMicroelectronics.X-CUBE-ALGOBUILD.1.4.0
2025-11-13 10:02:38,720 [WARN] PackLoader:240 - Cannot read IP mode file for STMicroelectronics.X-CUBE-MEMS1.11.3.0
2025-11-13 10:02:38,787 [WARN] PackLoader:240 - Cannot read IP mode file for STMicroelectronics.X-CUBE-AI.9.1.0
2025-11-13 10:02:38,799 [WARN] PackLoader:240 - Cannot read IP mode file for STMicroelectronics.X-CUBE-PM33A1.1.0.0
2025-11-13 10:02:38,810 [WARN] PackLoader:240 - Cannot read IP mode file for STMicroelectronics.X-CUBE-GNSS1.6.0.0
2025-11-13 10:02:38,830 [WARN] PackLoader:240 - Cannot read IP mode file for STMicroelectronics.X-CUBE-AZRTOS-F4.1.1.0
2025-11-13 10:02:38,842 [WARN] PackLoader:240 - Cannot read IP mode file for wolfSSL.I-CUBE-wolfSSL.5.6.4
2025-11-13 10:02:38,852 [ERROR] Engine:466 - C:\Users\RND1\.stm32cubemx\thirdparties\pdsc\Avnet-IotConnect.X-CUBE-IoTC-DA16k-PMOD.1.0.0.pdsc: PDSC version is not supported
2025-11-13 10:02:38,864 [WARN] PackLoader:240 - Cannot read IP mode file for STMicroelectronics.X-CUBE-ISPU.2.1.0
2025-11-13 10:02:38,875 [ERROR] Engine:466 - C:\Users\RND1\.stm32cubemx\thirdparties\pdsc\STMicroelectronics.X-CUBE-IPS.3.2.0.pdsc: PDSC version is not supported
2025-11-13 10:02:38,887 [WARN] PackLoader:240 - Cannot read IP mode file for STMicroelectronics.X-CUBE-FREERTOS.1.2.0
2025-11-13 10:02:38,899 [WARN] PackLoader:240 - Cannot read IP mode file for STMicroelectronics.X-CUBE-NFC12.1.0.0
2025-11-13 10:02:38,920 [WARN] PackLoader:240 - Cannot read IP mode file for STMicroelectronics.X-CUBE-AZRTOS-L5.2.0.0
2025-11-13 10:02:38,933 [WARN] PackLoader:240 - Cannot read IP mode file for STMicroelectronics.X-CUBE-EEPRMA1.4.2.0
2025-11-13 10:02:38,947 [WARN] PackLoader:240 - Cannot read IP mode file for STMicroelectronics.X-CUBE-NFC6.3.1.0
2025-11-13 10:02:38,962 [WARN] PackLoader:240 - Cannot read IP mode file for ITTIA_DB.I-CUBE-ITTIADB.8.8.0
2025-11-13 10:02:38,975 [WARN] PackLoader:240 - Cannot read IP mode file for STMicroelectronics.X-CUBE-DPower.1.2.0
2025-11-13 10:02:38,986 [WARN] PackLoader:240 - Cannot read IP mode file for STMicroelectronics.X-CUBE-AI.9.0.0
2025-11-13 10:02:38,989 [WARN] PackLoader:240 - Cannot read IP mode file for STMicroelectronics.X-CUBE-FREERTOS.1.3.1
2025-11-13 10:02:38,999 [WARN] PackLoader:240 - Cannot read IP mode file for STMicroelectronics.X-CUBE-FREERTOS.1.3.0
2025-11-13 10:02:39,010 [WARN] PackLoader:240 - Cannot read IP mode file for STMicroelectronics.X-CUBE-NFC7.1.0.1
2025-11-13 10:02:39,021 [WARN] PackLoader:240 - Cannot read IP mode file for STMicroelectronics.X-CUBE-TOUCHGFX.4.26.0
2025-11-13 10:02:39,032 [WARN] PackLoader:240 - Cannot read IP mode file for STMicroelectronics.X-CUBE-NFC6.3.0.0
2025-11-13 10:02:39,044 [ERROR] Engine:466 - C:\Users\RND1\.stm32cubemx\thirdparties\pdsc\STMicroelectronics.FP-SNS-STAIOTCFT.1.0.0.pdsc: PDSC version is not supported
2025-11-13 10:02:39,054 [WARN] PackLoader:240 - Cannot read IP mode file for STMicroelectronics.X-CUBE-DPower.1.3.0
2025-11-13 10:02:39,067 [WARN] PackLoader:240 - Cannot read IP mode file for STMicroelectronics.X-CUBE-AI.8.1.0
2025-11-13 10:02:39,086 [WARN] ConditionMgr:438 - getConditionDescription Invalid condition id : LAN8742 Phy interface Condition cause : null
2025-11-13 10:02:39,086 [WARN] PackLoader:240 - Cannot read IP mode file for STMicroelectronics.X-CUBE-AZRTOS-L4.2.0.0
2025-11-13 10:02:39,087 [WARN] ConditionMgr:1039 - genDependencies : Invalid condition id : LAN8742 Phy interface Condition cause : null
2025-11-13 10:02:39,087 [WARN] ConditionMgr:1039 - genDependencies : Invalid condition id : LAN8742 Phy interface Condition cause : null
2025-11-13 10:02:39,087 [WARN] ConditionMgr:1039 - genDependencies : Invalid condition id : LAN8742 Phy interface Condition cause : null
2025-11-13 10:02:39,099 [WARN] PackLoader:240 - Cannot read IP mode file for STMicroelectronics.X-CUBE-SFXS2LP1.4.0.0
2025-11-13 10:02:39,120 [WARN] PackLoader:240 - Cannot read IP mode file for STMicroelectronics.X-CUBE-AZRTOS-H7.3.3.0
2025-11-13 10:02:39,133 [ERROR] Engine:466 - C:\Users\RND1\.stm32cubemx\thirdparties\pdsc\STMicroelectronics.X-CUBE-BLEMGR.4.1.0.pdsc: PDSC version is not supported
2025-11-13 10:02:39,148 [WARN] PackLoader:240 - Cannot read IP mode file for STMicroelectronics.X-CUBE-IPS.3.0.0
2025-11-13 10:02:39,169 [WARN] ConditionMgr:438 - getConditionDescription Invalid condition id : UX DEVICE CLASS RTOS Condition cause : null
2025-11-13 10:02:39,169 [WARN] ConditionMgr:438 - getConditionDescription Invalid condition id : UX DEVICE CLASS RTOS Condition cause : null
2025-11-13 10:02:39,170 [WARN] PackLoader:240 - Cannot read IP mode file for STMicroelectronics.X-CUBE-AZRTOS-WB.2.0.0
2025-11-13 10:02:39,170 [WARN] ConditionMgr:1039 - genDependencies : Invalid condition id : UX DEVICE CLASS RTOS Condition cause : null
2025-11-13 10:02:39,170 [WARN] ConditionMgr:1039 - genDependencies : Invalid condition id : UX DEVICE CLASS RTOS Condition cause : null
2025-11-13 10:02:39,170 [WARN] ConditionMgr:1039 - genDependencies : Invalid condition id : UX DEVICE CLASS RTOS Condition cause : null
2025-11-13 10:02:39,170 [WARN] ConditionMgr:1039 - genDependencies : Invalid condition id : UX DEVICE CLASS RTOS Condition cause : null
2025-11-13 10:02:39,170 [WARN] ConditionMgr:1039 - genDependencies : Invalid condition id : UX DEVICE CLASS RTOS Condition cause : null
2025-11-13 10:02:39,182 [WARN] PackLoader:240 - Cannot read IP mode file for STMicroelectronics.X-CUBE-GNSS1.7.0.0
2025-11-13 10:02:39,193 [WARN] PackLoader:240 - Cannot read IP mode file for STMicroelectronics.X-CUBE-GNSS1.7.0.1
2025-11-13 10:02:39,204 [WARN] PackLoader:240 - Cannot read IP mode file for STMicroelectronics.X-CUBE-TOUCHGFX.4.25.0
2025-11-13 10:02:39,215 [WARN] PackLoader:240 - Cannot read IP mode file for STMicroelectronics.FP-SNS-STBOX1.2.0.0
2025-11-13 10:02:39,230 [WARN] PackLoader:240 - Cannot read IP mode file for STMicroelectronics.X-CUBE-SUBG2.5.0.0
2025-11-13 10:02:39,251 [WARN] PackLoader:240 - Cannot read IP mode file for STMicroelectronics.X-CUBE-AZRTOS-H7RS.1.1.0
2025-11-13 10:02:39,270 [WARN] PackLoader:240 - Cannot read IP mode file for STMicroelectronics.X-CUBE-AZRTOS-G4.2.0.0
2025-11-13 10:02:39,288 [WARN] PackLoader:240 - Cannot read IP mode file for Infineon.AIROC-Wi-Fi-Bluetooth-STM32.1.5.1
2025-11-13 10:02:39,300 [WARN] PackLoader:240 - Cannot read IP mode file for STMicroelectronics.X-CUBE-NFC7.2.0.0
2025-11-13 10:02:39,311 [WARN] PackLoader:240 - Cannot read IP mode file for STMicroelectronics.FP-SNS-MOTENVWB1.1.3.1
2025-11-13 10:02:39,321 [WARN] PackLoader:240 - Cannot read IP mode file for STMicroelectronics.X-CUBE-ISPU.2.0.0
2025-11-13 10:02:39,333 [ERROR] Engine:466 - C:\Users\RND1\.stm32cubemx\thirdparties\pdsc\STMicroelectronics.X-CUBE-IPS.3.1.0.pdsc: PDSC version is not supported
2025-11-13 10:02:39,345 [WARN] PackLoader:240 - Cannot read IP mode file for STMicroelectronics.X-CUBE-ALS.1.0.2
2025-11-13 10:02:39,370 [WARN] PackLoader:240 - Cannot read IP mode file for STMicroelectronics.X-CUBE-MEMS1.10.0.0
2025-11-13 10:02:39,420 [WARN] PackLoader:240 - Cannot read IP mode file for STMicroelectronics.X-CUBE-FREERTOS.1.1.0
2025-11-13 10:02:39,440 [WARN] PackLoader:240 - Cannot read IP mode file for STMicroelectronics.X-CUBE-TOUCHGFX.4.24.0
2025-11-13 10:02:39,454 [WARN] PackLoader:240 - Cannot read IP mode file for STMicroelectronics.X-CUBE-TOUCHGFX.4.24.2
2025-11-13 10:02:39,466 [WARN] PackLoader:240 - Cannot read IP mode file for STMicroelectronics.X-CUBE-TOUCHGFX.4.24.1
2025-11-13 10:02:39,478 [WARN] PackLoader:240 - Cannot read IP mode file for STMicroelectronics.X-CUBE-STSE01.1.0.0
2025-11-13 10:02:39,482 [WARN] PackLoader:240 - Cannot read IP mode file for wolfSSL.I-CUBE-wolfTPM.3.4.0
2025-11-13 10:02:39,494 [WARN] PackLoader:240 - Cannot read IP mode file for portGmbH.I-Cube-SoM-uGOAL.1.1.0
2025-11-13 10:02:39,504 [WARN] PackLoader:240 - Cannot read IP mode file for STMicroelectronics.X-CUBE-ALS.1.0.1
2025-11-13 10:02:39,526 [WARN] PackLoader:240 - Cannot read IP mode file for STMicroelectronics.X-CUBE-AZRTOS-H7RS.1.0.0
2025-11-13 10:02:39,538 [WARN] PackLoader:240 - Cannot read IP mode file for STMicroelectronics.FP-ATR-ASTRA1.2.0.0
2025-11-13 10:02:39,553 [WARN] PackLoader:240 - Cannot read IP mode file for STMicroelectronics.X-CUBE-TOF1.3.4.2
2025-11-13 10:02:39,568 [ERROR] Engine:466 - C:\Users\RND1\.stm32cubemx\thirdparties\pdsc\STMicroelectronics.X-CUBE-TOF1.3.4.3.pdsc: PDSC version is not supported
2025-11-13 10:02:39,583 [WARN] PackLoader:240 - Cannot read IP mode file for STMicroelectronics.X-CUBE-TOF1.3.4.0
2025-11-13 10:02:39,600 [WARN] PackLoader:240 - Cannot read IP mode file for STMicroelectronics.X-CUBE-TOF1.3.4.1
2025-11-13 10:02:39,623 [WARN] PackLoader:240 - Cannot read IP mode file for STMicroelectronics.X-CUBE-AZRTOS-H7.3.2.0
2025-11-13 10:02:39,628 [WARN] PackLoader:240 - Cannot read IP mode file for wolfSSL.I-CUBE-wolfSSH.1.4.17
2025-11-13 10:02:39,628 [INFO] ThirdParty:978 - Integrity check success = true
2025-11-13 10:02:39,628 [INFO] IntegrityCheckThread:100 - exiting critical section [integrity check]
2025-11-13 10:02:39,628 [INFO] IntegrityCheckThread:103 - End integrity checks thread
2025-11-13 17:29:32,364 [ERROR] LogOutputStream:75 - [STDERR_REDIRECT] 
