2025-11-19 08:48:57,021 [INFO] Activator:176 - 


2025-11-19 08:48:57,028 [INFO] Activator:177 - !SESSION log4j initialized
2025-11-19 08:49:02,991 [INFO] LogOutputStream:77 - [STDOUT_REDIRECT] 
2025-11-19 08:49:11,193 [INFO] ApplicationProperties:184 - Using Application install path: C:\ST\STM32CubeIDE_1.16.1\STM32CubeIDE\plugins\com.st.stm32cube.common.mx_6.12.1.202409122256
2025-11-19 08:49:11,215 [INFO] DbMcusXml:78 - Set database path to: C:\ST\STM32CubeIDE_1.16.1\STM32CubeIDE\plugins\com.st.stm32cube.common.mx_6.12.1.202409122256\\db\/mcu/
2025-11-19 08:49:11,215 [INFO] ApiDb:274 - Set plugin database path to: C:\ST\STM32CubeIDE_1.16.1\STM32CubeIDE\plugins\com.st.stm32cube.common.mx_6.12.1.202409122256\\db\/plugins/boardmanager/
2025-11-19 08:49:11,215 [WARN] ApiDb:259 - Overriding images path with different value:  => C:\ST\STM32CubeIDE_1.16.1\STM32CubeIDE\plugins\com.st.stm32cube.common.mx_6.12.1.202409122256\\db\/plugins/mcufinder/images/
2025-11-19 08:49:11,235 [INFO] ApiDb:250 - Set database path to: C:\Users\RND1\.stmcufinder\plugins\mcufinder//mcu/
2025-11-19 08:49:11,236 [INFO] DbMcusAds:125 - Set database path to: C:\Users\RND1\.stmcufinder\plugins\mcufinder//mcu/
2025-11-19 08:49:11,241 [INFO] CrossReferenceDbSqlite:203 - Set database path to: C:\Users\RND1\.stmcufinder\plugins\mcufinder//mcu/cs/
2025-11-19 08:49:11,362 [INFO] RulesReader:64 - Compatibility file has been processed (297 Rules)
2025-11-19 08:49:11,457 [INFO] DbMcusXml:78 - Set database path to: C:\ST\STM32CubeIDE_1.16.1\STM32CubeIDE\plugins\com.st.stm32cube.common.mx_6.12.1.202409122256\\db\/mcu/
2025-11-19 08:49:11,457 [INFO] ApiDb:274 - Set plugin database path to: C:\ST\STM32CubeIDE_1.16.1\STM32CubeIDE\plugins\com.st.stm32cube.common.mx_6.12.1.202409122256\\db\/plugins/boardmanager/
2025-11-19 08:49:11,457 [INFO] ApiDb:261 - Set plugin images path to: C:\ST\STM32CubeIDE_1.16.1\STM32CubeIDE\plugins\com.st.stm32cube.common.mx_6.12.1.202409122256\\db\/plugins/mcufinder/images/
2025-11-19 08:49:11,457 [WARN] DbFile:41 - Overriding database path with different value: C:\Users\RND1\.stmcufinder\plugins\mcufinder/ => C:\Users\RND1\.stmcufinder\plugins\mcufinder
2025-11-19 08:49:11,457 [INFO] ApiDb:250 - Set database path to: C:\Users\RND1\.stmcufinder\plugins\mcufinder//mcu/
2025-11-19 08:49:11,457 [WARN] DbFile:41 - Overriding database path with different value: C:\Users\RND1\.stmcufinder\plugins\mcufinder/ => C:\Users\RND1\.stmcufinder\plugins\mcufinder
2025-11-19 08:49:11,457 [INFO] DbMcusAds:125 - Set database path to: C:\Users\RND1\.stmcufinder\plugins\mcufinder//mcu/
2025-11-19 08:49:11,458 [WARN] DbFile:41 - Overriding database path with different value: C:\Users\RND1\.stmcufinder\plugins\mcufinder/ => C:\Users\RND1\.stmcufinder\plugins\mcufinder
2025-11-19 08:49:11,458 [WARN] DbFile:41 - Overriding database path with different value: C:\Users\RND1\.stmcufinder\plugins\mcufinder/ => C:\Users\RND1\.stmcufinder\plugins\mcufinder
2025-11-19 08:49:11,458 [INFO] CrossReferenceDbSqlite:203 - Set database path to: C:\Users\RND1\.stmcufinder\plugins\mcufinder//mcu/cs/
2025-11-19 08:49:11,551 [INFO] MainPanel:268 - HeapMemory: 268435456
2025-11-19 08:49:11,654 [INFO] DbMcusXml:78 - Set database path to: C:\ST\STM32CubeIDE_1.16.1\STM32CubeIDE\plugins\com.st.stm32cube.common.mx_6.12.1.202409122256\\db\/mcu/
2025-11-19 08:49:11,654 [INFO] ApiDb:274 - Set plugin database path to: C:\ST\STM32CubeIDE_1.16.1\STM32CubeIDE\plugins\com.st.stm32cube.common.mx_6.12.1.202409122256\\db\/plugins/boardmanager/
2025-11-19 08:49:11,654 [INFO] ApiDb:261 - Set plugin images path to: C:\ST\STM32CubeIDE_1.16.1\STM32CubeIDE\plugins\com.st.stm32cube.common.mx_6.12.1.202409122256\\db\/plugins/mcufinder/images/
2025-11-19 08:49:11,655 [WARN] DbFile:41 - Overriding database path with different value: C:\Users\RND1\.stmcufinder\plugins\mcufinder/ => C:\Users\RND1\.stmcufinder\plugins\mcufinder
2025-11-19 08:49:11,655 [INFO] ApiDb:250 - Set database path to: C:\Users\RND1\.stmcufinder\plugins\mcufinder//mcu/
2025-11-19 08:49:11,655 [WARN] DbFile:41 - Overriding database path with different value: C:\Users\RND1\.stmcufinder\plugins\mcufinder/ => C:\Users\RND1\.stmcufinder\plugins\mcufinder
2025-11-19 08:49:11,655 [INFO] DbMcusAds:125 - Set database path to: C:\Users\RND1\.stmcufinder\plugins\mcufinder//mcu/
2025-11-19 08:49:11,655 [WARN] DbFile:41 - Overriding database path with different value: C:\Users\RND1\.stmcufinder\plugins\mcufinder/ => C:\Users\RND1\.stmcufinder\plugins\mcufinder
2025-11-19 08:49:11,655 [WARN] DbFile:41 - Overriding database path with different value: C:\Users\RND1\.stmcufinder\plugins\mcufinder/ => C:\Users\RND1\.stmcufinder\plugins\mcufinder
2025-11-19 08:49:11,655 [INFO] CrossReferenceDbSqlite:203 - Set database path to: C:\Users\RND1\.stmcufinder\plugins\mcufinder//mcu/cs/
2025-11-19 08:49:11,671 [INFO] ApplicationProperties:184 - Using Application install path: C:\ST\STM32CubeIDE_1.16.1\STM32CubeIDE\plugins\com.st.stm32cube.common.mx_6.12.1.202409122256
2025-11-19 08:49:11,673 [INFO] PluginManage:196 - Search for loadable plugins [exclusion list=, ]
2025-11-19 08:49:11,675 [INFO] PluginManage:310 - Check plugin analytics
2025-11-19 08:49:11,859 [INFO] AnalyticsPlugin:253 - Accepted Software Licenses: STM32CubeMX.6.10.0
2025-11-19 08:49:11,859 [INFO] AnalyticsPlugin:255 - Accepted CMSIS Pack Licenses: 
2025-11-19 08:49:11,860 [INFO] AnalyticsPlugin:257 - Accepted Firmware Licenses: FW.G4.1.5.0,FW.G4.1.6.0,FW.F4.1.28.0,FW.H7.1.11.0
2025-11-19 08:49:11,864 [INFO] PluginManage:359 - Loaded plugin analytics (category:tool,tabindex:-1)
2025-11-19 08:49:11,864 [INFO] PluginManage:310 - Check plugin cadmodel
2025-11-19 08:49:11,887 [INFO] CADModel:105 - Init CAD model plugin
2025-11-19 08:49:11,888 [INFO] PluginManage:359 - Loaded plugin cadmodel (category:power,tabindex:5)
2025-11-19 08:49:11,888 [INFO] PluginManage:310 - Check plugin clock
2025-11-19 08:49:11,917 [INFO] PluginManage:359 - Loaded plugin clock (category:base,tabindex:2)
2025-11-19 08:49:11,917 [INFO] PluginManage:310 - Check plugin ddr
2025-11-19 08:49:11,920 [INFO] PluginManage:359 - Loaded plugin ddr (category:tool,tabindex:6)
2025-11-19 08:49:11,920 [INFO] PluginManage:310 - Check plugin filemanager
2025-11-19 08:49:12,073 [INFO] PluginManage:359 - Loaded plugin filemanager (category:base,tabindex:10)
2025-11-19 08:49:12,073 [INFO] PluginManage:310 - Check plugin ipmanager
2025-11-19 08:49:12,081 [INFO] PluginManage:359 - Loaded plugin ipmanager (category:base,tabindex:5)
2025-11-19 08:49:12,081 [INFO] PluginManage:310 - Check plugin lpbam
2025-11-19 08:49:12,102 [INFO] PluginManage:359 - Loaded plugin lpbam (category:base,tabindex:0)
2025-11-19 08:49:12,102 [INFO] PluginManage:310 - Check plugin memorymap
2025-11-19 08:49:12,132 [INFO] PluginManage:359 - Loaded plugin memorymap (category:base,tabindex:4)
2025-11-19 08:49:12,132 [INFO] PluginManage:310 - Check plugin pinoutandconfiguration
2025-11-19 08:49:12,150 [INFO] PluginManage:359 - Loaded plugin pinoutandconfiguration (category:base,tabindex:1)
2025-11-19 08:49:12,150 [INFO] PluginManage:310 - Check plugin pinoutconfig
2025-11-19 08:49:12,231 [WARN] SupportedApi:132 - Cannot load RTOS API schema: s4s-elt-must-match.1: The content of 'definitions' must match (annotation?, (simpleType | complexType)?, (unique | key | keyref)*)). A problem was found starting at: attribute.
2025-11-19 08:49:12,344 [INFO] PluginManage:359 - Loaded plugin pinoutconfig (category:base,tabindex:0)
2025-11-19 08:49:12,344 [INFO] PluginManage:310 - Check plugin power
2025-11-19 08:49:12,364 [INFO] PluginManage:359 - Loaded plugin power (category:power,tabindex:4)
2025-11-19 08:49:12,365 [INFO] PluginManage:310 - Check plugin projectmanager
2025-11-19 08:49:12,380 [INFO] PluginManage:359 - Loaded plugin projectmanager (category:projectmanager,tabindex:4)
2025-11-19 08:49:12,380 [INFO] PluginManage:310 - Check plugin rif
2025-11-19 08:49:12,396 [INFO] PluginManage:359 - Loaded plugin rif (category:base,tabindex:3)
2025-11-19 08:49:12,396 [INFO] PluginManage:310 - Check plugin thirdparty
2025-11-19 08:49:12,649 [INFO] PluginManage:359 - Loaded plugin thirdparty (category:base,tabindex:-1)
2025-11-19 08:49:12,649 [WARN] IntegrityCheckThread:84 - waiting for thirdparty lock release [integrity check]
2025-11-19 08:49:12,649 [INFO] PluginManage:310 - Check plugin tools
2025-11-19 08:49:12,650 [INFO] IntegrityCheckThread:86 - entering critical section [integrity check]
2025-11-19 08:49:12,650 [INFO] ThirdPartyUpdaterWithRetryManager:70 - Updater plugin not ready yet. [1/15]
2025-11-19 08:49:12,686 [INFO] PluginManage:359 - Loaded plugin tools (category:base,tabindex:7)
2025-11-19 08:49:12,686 [INFO] PluginManage:310 - Check plugin tutovideos
2025-11-19 08:49:12,855 [INFO] PluginManage:359 - Loaded plugin tutovideos (category:base,tabindex:-1)
2025-11-19 08:49:12,855 [INFO] PluginManage:310 - Check plugin updater
2025-11-19 08:49:12,869 [INFO] PluginManage:359 - Loaded plugin updater (category:base,tabindex:12)
2025-11-19 08:49:12,869 [INFO] PluginManage:310 - Check plugin userauth
2025-11-19 08:49:12,875 [INFO] UserAuth:113 - Init User Auth plugin
2025-11-19 08:49:12,875 [INFO] PluginManage:359 - Loaded plugin userauth (category:base,tabindex:14)
2025-11-19 08:49:12,875 [INFO] PluginManage:283 - PluginManage : Loaded plugins [18]
2025-11-19 08:49:13,043 [INFO] PinOutPanel:1561 - setPackage(No Configuration,No Configuration)
2025-11-19 08:49:13,120 [INFO] CADModel:165 - CPN selected for project level
2025-11-19 08:49:13,120 [INFO] CADModel:114 - Register for checkConnection events
2025-11-19 08:49:13,144 [INFO] IPUIPlugin:80 - create IPUIPlugin
2025-11-19 08:49:13,144 [INFO] PluginManager:220 - loadIPPluginJar : add adc
2025-11-19 08:49:13,181 [INFO] IPUIPlugin:80 - create IPUIPlugin
2025-11-19 08:49:13,181 [INFO] PluginManager:220 - loadIPPluginJar : add aes
2025-11-19 08:49:13,227 [INFO] IPUIPlugin:80 - create IPUIPlugin
2025-11-19 08:49:13,227 [INFO] PluginManager:220 - loadIPPluginJar : add can
2025-11-19 08:49:13,253 [INFO] IPUIPlugin:80 - create IPUIPlugin
2025-11-19 08:49:13,253 [INFO] PluginManager:220 - loadIPPluginJar : add comp
2025-11-19 08:49:13,285 [INFO] IPUIPlugin:80 - create IPUIPlugin
2025-11-19 08:49:13,285 [INFO] PluginManager:220 - loadIPPluginJar : add cryp
2025-11-19 08:49:13,299 [INFO] IPUIPlugin:80 - create IPUIPlugin
2025-11-19 08:49:13,299 [INFO] PluginManager:220 - loadIPPluginJar : add ddr_ctrl_phy
2025-11-19 08:49:13,329 [INFO] IPUIPlugin:80 - create IPUIPlugin
2025-11-19 08:49:13,329 [INFO] PluginManager:220 - loadIPPluginJar : add dfsdm
2025-11-19 08:49:13,342 [INFO] IPUIPlugin:80 - create IPUIPlugin
2025-11-19 08:49:13,343 [INFO] PluginManager:220 - loadIPPluginJar : add dma
2025-11-19 08:49:13,386 [INFO] IPUIPlugin:80 - create IPUIPlugin
2025-11-19 08:49:13,386 [INFO] PluginManager:220 - loadIPPluginJar : add dma3
2025-11-19 08:49:13,435 [INFO] IPUIPlugin:80 - create IPUIPlugin
2025-11-19 08:49:13,435 [INFO] PluginManager:220 - loadIPPluginJar : add extmemmanager
2025-11-19 08:49:13,456 [INFO] IPUIPlugin:80 - create IPUIPlugin
2025-11-19 08:49:13,456 [INFO] PluginManager:220 - loadIPPluginJar : add fatfs
2025-11-19 08:49:13,502 [INFO] IPUIPlugin:80 - create IPUIPlugin
2025-11-19 08:49:13,502 [INFO] PluginManager:220 - loadIPPluginJar : add fmc
2025-11-19 08:49:13,517 [INFO] IPUIPlugin:80 - create IPUIPlugin
2025-11-19 08:49:13,517 [INFO] PluginManager:220 - loadIPPluginJar : add freertos
2025-11-19 08:49:13,539 [INFO] IPUIPlugin:80 - create IPUIPlugin
2025-11-19 08:49:13,539 [INFO] PluginManager:220 - loadIPPluginJar : add genericplugin
2025-11-19 08:49:13,634 [INFO] IPUIPlugin:80 - create IPUIPlugin
2025-11-19 08:49:13,635 [INFO] PluginManager:220 - loadIPPluginJar : add gfxmmu
2025-11-19 08:49:13,766 [INFO] IPUIPlugin:80 - create IPUIPlugin
2025-11-19 08:49:13,766 [INFO] PluginManager:220 - loadIPPluginJar : add gic
2025-11-19 08:49:13,780 [INFO] IPUIPlugin:80 - create IPUIPlugin
2025-11-19 08:49:13,780 [INFO] PluginManager:220 - loadIPPluginJar : add gpio
2025-11-19 08:49:13,864 [INFO] IPUIPlugin:80 - create IPUIPlugin
2025-11-19 08:49:13,864 [INFO] PluginManager:220 - loadIPPluginJar : add gtzc
2025-11-19 08:49:13,898 [INFO] IPUIPlugin:80 - create IPUIPlugin
2025-11-19 08:49:13,898 [INFO] PluginManager:220 - loadIPPluginJar : add hash
2025-11-19 08:49:13,947 [INFO] IPUIPlugin:80 - create IPUIPlugin
2025-11-19 08:49:13,947 [INFO] PluginManager:220 - loadIPPluginJar : add i2c
2025-11-19 08:49:13,987 [INFO] IPUIPlugin:80 - create IPUIPlugin
2025-11-19 08:49:13,987 [INFO] PluginManager:220 - loadIPPluginJar : add i2s
2025-11-19 08:49:14,026 [INFO] IPUIPlugin:80 - create IPUIPlugin
2025-11-19 08:49:14,026 [INFO] PluginManager:220 - loadIPPluginJar : add i3c
2025-11-19 08:49:14,118 [INFO] IPUIPlugin:80 - create IPUIPlugin
2025-11-19 08:49:14,118 [INFO] PluginManager:220 - loadIPPluginJar : add ipddr
2025-11-19 08:49:14,215 [INFO] IPUIPlugin:80 - create IPUIPlugin
2025-11-19 08:49:14,215 [INFO] PluginManager:220 - loadIPPluginJar : add linkedlist
2025-11-19 08:49:14,257 [INFO] IPUIPlugin:80 - create IPUIPlugin
2025-11-19 08:49:14,257 [INFO] PluginManager:220 - loadIPPluginJar : add lorawan
2025-11-19 08:49:14,293 [INFO] IPUIPlugin:80 - create IPUIPlugin
2025-11-19 08:49:14,293 [INFO] PluginManager:220 - loadIPPluginJar : add ltdc
2025-11-19 08:49:14,307 [INFO] IPUIPlugin:80 - create IPUIPlugin
2025-11-19 08:49:14,307 [INFO] PluginManager:220 - loadIPPluginJar : add mdma
2025-11-19 08:49:14,320 [INFO] IPUIPlugin:80 - create IPUIPlugin
2025-11-19 08:49:14,320 [INFO] PluginManager:220 - loadIPPluginJar : add nvic
2025-11-19 08:49:14,358 [INFO] IPUIPlugin:80 - create IPUIPlugin
2025-11-19 08:49:14,358 [INFO] PluginManager:220 - loadIPPluginJar : add opamp
2025-11-19 08:49:14,420 [INFO] IPUIPlugin:80 - create IPUIPlugin
2025-11-19 08:49:14,421 [INFO] PluginManager:220 - loadIPPluginJar : add openamp
2025-11-19 08:49:14,463 [INFO] IPUIPlugin:80 - create IPUIPlugin
2025-11-19 08:49:14,463 [INFO] PluginManager:220 - loadIPPluginJar : add pdm2pcm
2025-11-19 08:49:14,478 [INFO] IPUIPlugin:80 - create IPUIPlugin
2025-11-19 08:49:14,479 [INFO] PluginManager:220 - loadIPPluginJar : add plateformsettings
2025-11-19 08:49:14,502 [INFO] IPUIPlugin:80 - create IPUIPlugin
2025-11-19 08:49:14,503 [INFO] PluginManager:220 - loadIPPluginJar : add quadspi
2025-11-19 08:49:14,529 [INFO] IPUIPlugin:80 - create IPUIPlugin
2025-11-19 08:49:14,530 [INFO] PluginManager:220 - loadIPPluginJar : add radio
2025-11-19 08:49:14,543 [INFO] IPUIPlugin:80 - create IPUIPlugin
2025-11-19 08:49:14,543 [INFO] PluginManager:220 - loadIPPluginJar : add resmgrutility
2025-11-19 08:49:14,588 [INFO] IPUIPlugin:80 - create IPUIPlugin
2025-11-19 08:49:14,588 [INFO] PluginManager:220 - loadIPPluginJar : add sai
2025-11-19 08:49:14,630 [INFO] IPUIPlugin:80 - create IPUIPlugin
2025-11-19 08:49:14,630 [INFO] PluginManager:220 - loadIPPluginJar : add spi
2025-11-19 08:49:14,699 [INFO] IPUIPlugin:80 - create IPUIPlugin
2025-11-19 08:49:14,699 [INFO] PluginManager:220 - loadIPPluginJar : add stm32_wpan
2025-11-19 08:49:14,727 [INFO] IPUIPlugin:80 - create IPUIPlugin
2025-11-19 08:49:14,727 [INFO] PluginManager:220 - loadIPPluginJar : add tim
2025-11-19 08:49:14,783 [INFO] IPUIPlugin:80 - create IPUIPlugin
2025-11-19 08:49:14,783 [INFO] PluginManager:220 - loadIPPluginJar : add touchsensing
2025-11-19 08:49:14,806 [INFO] IPUIPlugin:80 - create IPUIPlugin
2025-11-19 08:49:14,807 [INFO] PluginManager:220 - loadIPPluginJar : add tracer_emb
2025-11-19 08:49:14,835 [INFO] IPUIPlugin:80 - create IPUIPlugin
2025-11-19 08:49:14,835 [INFO] PluginManager:220 - loadIPPluginJar : add ts
2025-11-19 08:49:14,859 [INFO] IPUIPlugin:80 - create IPUIPlugin
2025-11-19 08:49:14,859 [INFO] PluginManager:220 - loadIPPluginJar : add tsc
2025-11-19 08:49:14,881 [INFO] IPUIPlugin:80 - create IPUIPlugin
2025-11-19 08:49:14,881 [INFO] PluginManager:220 - loadIPPluginJar : add ucpd
2025-11-19 08:49:14,923 [INFO] IPUIPlugin:80 - create IPUIPlugin
2025-11-19 08:49:14,923 [INFO] PluginManager:220 - loadIPPluginJar : add usart
2025-11-19 08:49:14,963 [INFO] IPUIPlugin:80 - create IPUIPlugin
2025-11-19 08:49:14,963 [INFO] PluginManager:220 - loadIPPluginJar : add usbx
2025-11-19 08:49:15,086 [INFO] CADModel:165 - CPN selected for project level
2025-11-19 08:49:15,087 [INFO] CADModel:114 - Register for checkConnection events
2025-11-19 08:49:15,088 [FATAL] Updater:334 - Updater called before beeing initialized
2025-11-19 08:49:15,088 [ERROR] CADModel:125 - Updater not yet initialized, retry later 
2025-11-19 08:49:15,191 [INFO] CADModel:165 - CPN selected for project level
2025-11-19 08:49:15,191 [INFO] CADModel:114 - Register for checkConnection events
2025-11-19 08:49:15,191 [FATAL] Updater:334 - Updater called before beeing initialized
2025-11-19 08:49:15,191 [ERROR] CADModel:125 - Updater not yet initialized, retry later 
2025-11-19 08:49:15,194 [FATAL] Updater:334 - Updater called before beeing initialized
2025-11-19 08:49:15,277 [FATAL] Updater:334 - Updater called before beeing initialized
2025-11-19 08:49:15,286 [INFO] DbMcusAds:53 - JSON generation date=Tue Jul 08 17:14:27 KST 2025 (1751962467633)
2025-11-19 08:49:15,286 [FATAL] Updater:334 - Updater called before beeing initialized
2025-11-19 08:49:15,320 [WARN] DetailPanel:346 - Failed to get advertising image, set to default
2025-11-19 08:49:15,410 [FATAL] Updater:334 - Updater called before beeing initialized
2025-11-19 08:49:15,411 [FATAL] Updater:334 - Updater called before beeing initialized
2025-11-19 08:49:15,411 [FATAL] Updater:334 - Updater called before beeing initialized
2025-11-19 08:49:15,411 [WARN] DetailPanel:346 - Failed to get advertising image, set to default
2025-11-19 08:49:15,412 [FATAL] Updater:334 - Updater called before beeing initialized
2025-11-19 08:49:15,469 [ERROR] Updater:1164 - MainUpdater not yet initialized. External WinMGr cannot be set.
2025-11-19 08:49:15,481 [INFO] Updater:1100 - Updater Version found : 6.12.1
2025-11-19 08:49:15,501 [INFO] ApplicationProperties:184 - Using Application install path: C:\ST\STM32CubeIDE_1.16.1\STM32CubeIDE\plugins\com.st.stm32cube.common.mx_6.12.1.202409122256
2025-11-19 08:49:15,650 [INFO] ThirdPartyUpdaterWithRetryManager:70 - Updater plugin not ready yet. [2/15]
2025-11-19 08:49:16,337 [INFO] MainUpdater:2873 - connection check result : 10
2025-11-19 08:49:16,338 [INFO] MainUpdater:290 - Updater Check For Update Now.
2025-11-19 08:49:16,338 [INFO] MicroXplorer:498 - Change Database Version : DB.6.0.121
2025-11-19 08:49:16,357 [INFO] McuFinderGlobals:63 - Set McuFinder mode to 2 (CubeIDE integrated)
2025-11-19 08:49:16,365 [INFO] UserAuth:417 - Internet connection configuration mode: 1
2025-11-19 08:49:16,403 [INFO] JxBrowserEngine:152 - Initiate JxBrowser Engine with user profile folder
2025-11-19 08:49:16,539 [INFO] CheckServerUpdateThread:120 - End of CheckServer Thread
2025-11-19 08:49:18,900 [INFO] WebApp:167 - Instantiating new browser for Auth
2025-11-19 08:49:19,034 [WARN] PackLoader:240 - Cannot read IP mode file for STMicroelectronics.FP-SNS-MOTENVWB1.1.4.0
2025-11-19 08:49:19,048 [WARN] PackLoader:240 - Cannot read IP mode file for STMicroelectronics.FP-ATR-ASTRA1.2.0.2
2025-11-19 08:49:19,061 [WARN] PackLoader:240 - Cannot read IP mode file for STMicroelectronics.FP-ATR-ASTRA1.2.0.1
2025-11-19 08:49:19,075 [WARN] PackLoader:240 - Cannot read IP mode file for STMicroelectronics.X-CUBE-SMBUS.2.1.0
2025-11-19 08:49:19,093 [WARN] PackLoader:240 - Cannot read IP mode file for STMicroelectronics.X-CUBE-WB05N.1.1.0
2025-11-19 08:49:19,106 [ERROR] Engine:466 - C:\Users\RND1\.stm32cubemx\thirdparties\pdsc\STMicroelectronics.X-CUBE-ST60.1.0.0.pdsc: PDSC version is not supported
2025-11-19 08:49:19,120 [WARN] PackLoader:240 - Cannot read IP mode file for STMicroelectronics.X-CUBE-TOUCHGFX.4.23.0
2025-11-19 08:49:19,131 [WARN] PackLoader:240 - Cannot read IP mode file for STMicroelectronics.X-CUBE-TOUCHGFX.4.23.2
2025-11-19 08:49:19,167 [WARN] PackLoader:240 - Cannot read IP mode file for STMicroelectronics.X-CUBE-AZRTOS-F7.1.1.0
2025-11-19 08:49:19,192 [WARN] PackLoader:240 - Cannot read IP mode file for STMicroelectronics.FP-SNS-MOTENV1.4.3.2
2025-11-19 08:49:19,250 [WARN] PackLoader:240 - Cannot read IP mode file for STMicroelectronics.X-CUBE-MEMS1.11.0.0
2025-11-19 08:49:19,352 [ERROR] Engine:466 - C:\Users\RND1\.stm32cubemx\thirdparties\pdsc\STMicroelectronics.FP-SNS-MOTENV1.5.1.0.pdsc: PDSC version is not supported
2025-11-19 08:49:19,373 [WARN] PackLoader:240 - Cannot read IP mode file for STMicroelectronics.FP-SNS-FLIGHT1.5.0.2
2025-11-19 08:49:19,433 [WARN] PackLoader:240 - Cannot read IP mode file for STMicroelectronics.X-CUBE-AZRTOS-H7.3.4.0
2025-11-19 08:49:19,463 [WARN] PackLoader:240 - Cannot read IP mode file for STMicroelectronics.X-CUBE-DISPLAY.3.0.0
2025-11-19 08:49:19,490 [WARN] PackLoader:240 - Cannot read IP mode file for STMicroelectronics.X-CUBE-BLE1.7.0.0
2025-11-19 08:49:19,514 [WARN] PackLoader:240 - Cannot read IP mode file for STMicroelectronics.X-CUBE-NFC10.1.0.0
2025-11-19 08:49:19,543 [WARN] PackLoader:240 - Cannot read IP mode file for STMicroelectronics.X-CUBE-BLEMGR.4.0.0
2025-11-19 08:49:19,564 [ERROR] Engine:466 - C:\Users\RND1\.stm32cubemx\thirdparties\pdsc\STMicroelectronics.X-CUBE-ST60.1.1.0.pdsc: PDSC version is not supported
2025-11-19 08:49:19,589 [WARN] PackLoader:240 - Cannot read IP mode file for emotas.I-CUBE-CANOPEN.1.3.0
2025-11-19 08:49:19,612 [WARN] PackLoader:240 - Cannot read IP mode file for STMicroelectronics.X-CUBE-GNSS1.7.1.0
2025-11-19 08:49:19,639 [WARN] PackLoader:240 - Cannot read IP mode file for STMicroelectronics.X-CUBE-BLEMGR.3.1.0
2025-11-19 08:49:19,665 [WARN] PackLoader:240 - Cannot read IP mode file for STMicroelectronics.X-CUBE-AI.10.0.0
2025-11-19 08:49:19,686 [ERROR] Engine:466 - C:\Users\RND1\.stm32cubemx\thirdparties\pdsc\STMicroelectronics.FP-SNS-STBOX1.2.1.0.pdsc: PDSC version is not supported
2025-11-19 08:49:19,707 [WARN] PackLoader:240 - Cannot read IP mode file for STMicroelectronics.FP-SNS-SMARTAG2.1.2.0
2025-11-19 08:49:19,728 [ERROR] Engine:466 - C:\Users\RND1\.stm32cubemx\thirdparties\pdsc\STMicroelectronics.FP-SNS-FLIGHT1.5.1.0.pdsc: PDSC version is not supported
2025-11-19 08:49:19,794 [WARN] PackLoader:240 - Cannot read IP mode file for STMicroelectronics.X-CUBE-MEMS1.11.1.0
2025-11-19 08:49:19,929 [INFO] LogOutputStream:77 - [STDOUT_REDIRECT] 1 : Invalid condition id : UX_CORESTACK_Condition cause : null
2025-11-19 08:49:19,930 [INFO] LogOutputStream:77 - [STDOUT_REDIRECT] 1 : Invalid condition id : UX_CORESTACK_Condition cause : null
2025-11-19 08:49:19,931 [INFO] LogOutputStream:77 - [STDOUT_REDIRECT] 1 : Invalid condition id : UX_CORESTACK_Condition cause : null
2025-11-19 08:49:19,933 [INFO] LogOutputStream:77 - [STDOUT_REDIRECT] 1 : Invalid condition id : UX_CORESTACK_Condition cause : null
2025-11-19 08:49:19,934 [INFO] LogOutputStream:77 - [STDOUT_REDIRECT] 1 : Invalid condition id : UX_CORESTACK_Condition cause : null
2025-11-19 08:49:19,938 [WARN] PackLoader:240 - Cannot read IP mode file for STMicroelectronics.X-CUBE-AZRTOS-WL.2.0.0
2025-11-19 08:49:19,967 [WARN] PackLoader:240 - Cannot read IP mode file for STMicroelectronics.FP-SNS-MOTENV1.5.0.0
2025-11-19 08:49:19,993 [WARN] PackLoader:240 - Cannot read IP mode file for wolfSSL.I-CUBE-wolfMQTT.1.19.0
2025-11-19 08:49:20,021 [WARN] PackLoader:240 - Cannot read IP mode file for WES.I-CUBE-Cesium.1.3.0
2025-11-19 08:49:20,043 [WARN] PackLoader:240 - Cannot read IP mode file for STMicroelectronics.X-CUBE-BLE2.3.3.0
2025-11-19 08:49:20,059 [ERROR] Engine:466 - C:\Users\RND1\.stm32cubemx\thirdparties\pdsc\Avnet-IOTCONNECT.X-CUBE-iotc-st67-sdk.1.0.0.pdsc: PDSC version is not supported
2025-11-19 08:49:20,080 [WARN] PackLoader:240 - Cannot read IP mode file for STMicroelectronics.X-CUBE-NFC9.1.0.0
2025-11-19 08:49:20,098 [WARN] PackLoader:240 - Cannot read IP mode file for STMicroelectronics.X-CUBE-BLE1.7.1.0
2025-11-19 08:49:20,120 [WARN] PackLoader:240 - Cannot read IP mode file for STMicroelectronics.X-CUBE-TCPP.4.1.0
2025-11-19 08:49:20,144 [WARN] PackLoader:240 - Cannot read IP mode file for STMicroelectronics.X-CUBE-EEPRMA1.5.2.0
2025-11-19 08:49:20,151 [INFO] WebApp:448 - Apply proxy settings
2025-11-19 08:49:20,161 [INFO] WebApp:493 - Chromium authenticates against Manually configured proxy
2025-11-19 08:49:20,164 [ERROR] Engine:466 - C:\Users\RND1\.stm32cubemx\thirdparties\pdsc\STMicroelectronics.X-CUBE-ST67W61.1.1.0.pdsc: PDSC version is not supported
2025-11-19 08:49:20,171 [INFO] WebApp:501 - Username used for proxy authentication: 
2025-11-19 08:49:20,180 [WARN] PackLoader:240 - Cannot read IP mode file for STMicroelectronics.X-CUBE-AI.10.1.0
2025-11-19 08:49:20,199 [WARN] PackLoader:240 - Cannot read IP mode file for STMicroelectronics.X-CUBE-ALGOBUILD.1.3.0
2025-11-19 08:49:20,222 [INFO] WebApp:869 - Register for checkConnection events
2025-11-19 08:49:20,223 [INFO] WebApp:448 - Apply proxy settings
2025-11-19 08:49:20,231 [INFO] WebApp:493 - Chromium authenticates against Manually configured proxy
2025-11-19 08:49:20,232 [INFO] WebApp:501 - Username used for proxy authentication: 
2025-11-19 08:49:20,293 [WARN] PackLoader:240 - Cannot read IP mode file for STMicroelectronics.X-CUBE-MEMS1.11.2.0
2025-11-19 08:49:20,457 [WARN] PackLoader:240 - Cannot read IP mode file for STMicroelectronics.X-CUBE-AZRTOS-G0.1.1.0
2025-11-19 08:49:20,459 [INFO] WebApp:186 - Connection restablished
2025-11-19 08:49:20,480 [WARN] PackLoader:240 - Cannot read IP mode file for STMicroelectronics.X-CUBE-SAFEA1.1.2.2
2025-11-19 08:49:20,502 [WARN] PackLoader:240 - Cannot read IP mode file for STMicroelectronics.X-CUBE-NFC4.3.0.0
2025-11-19 08:49:20,519 [WARN] PackLoader:240 - Cannot read IP mode file for wolfSSL.I-CUBE-wolfMQTT.1.18.0
2025-11-19 08:49:20,542 [WARN] PackLoader:240 - Cannot read IP mode file for EmbeddedOffice.I-CUBE-FS-RTOS.1.0.1
2025-11-19 08:49:20,543 [ERROR] ConditionMgr:805 - Attr not supported : Dmpu
2025-11-19 08:49:20,544 [ERROR] ConditionMgr:805 - Attr not supported : Dmpu
2025-11-19 08:49:20,544 [ERROR] ConditionMgr:805 - Attr not supported : Dmpu
2025-11-19 08:49:20,544 [ERROR] ConditionMgr:805 - Attr not supported : Dmpu
2025-11-19 08:49:20,544 [ERROR] ConditionMgr:805 - Attr not supported : Dmpu
2025-11-19 08:49:20,544 [ERROR] ConditionMgr:805 - Attr not supported : Dmpu
2025-11-19 08:49:20,544 [ERROR] ConditionMgr:805 - Attr not supported : Dmpu
2025-11-19 08:49:20,544 [ERROR] ConditionMgr:805 - Attr not supported : Dmpu
2025-11-19 08:49:20,544 [ERROR] ConditionMgr:805 - Attr not supported : Dmpu
2025-11-19 08:49:20,544 [ERROR] ConditionMgr:805 - Attr not supported : Dmpu
2025-11-19 08:49:20,544 [ERROR] ConditionMgr:805 - Attr not supported : Dmpu
2025-11-19 08:49:20,544 [ERROR] ConditionMgr:805 - Attr not supported : Dmpu
2025-11-19 08:49:20,544 [ERROR] ConditionMgr:805 - Attr not supported : Dmpu
2025-11-19 08:49:20,544 [ERROR] ConditionMgr:805 - Attr not supported : Dmpu
2025-11-19 08:49:20,544 [ERROR] ConditionMgr:805 - Attr not supported : Dmpu
2025-11-19 08:49:20,544 [ERROR] ConditionMgr:805 - Attr not supported : Dmpu
2025-11-19 08:49:20,544 [ERROR] ConditionMgr:805 - Attr not supported : Dmpu
2025-11-19 08:49:20,545 [ERROR] ConditionMgr:805 - Attr not supported : Dmpu
2025-11-19 08:49:20,545 [ERROR] ConditionMgr:805 - Attr not supported : Dmpu
2025-11-19 08:49:20,545 [ERROR] ConditionMgr:805 - Attr not supported : Dmpu
2025-11-19 08:49:20,545 [ERROR] ConditionMgr:805 - Attr not supported : Dmpu
2025-11-19 08:49:20,545 [ERROR] ConditionMgr:805 - Attr not supported : Dmpu
2025-11-19 08:49:20,545 [ERROR] ConditionMgr:805 - Attr not supported : Dmpu
2025-11-19 08:49:20,545 [ERROR] ConditionMgr:805 - Attr not supported : Dmpu
2025-11-19 08:49:20,545 [ERROR] ConditionMgr:805 - Attr not supported : Dmpu
2025-11-19 08:49:20,545 [ERROR] ConditionMgr:805 - Attr not supported : Dmpu
2025-11-19 08:49:20,545 [ERROR] ConditionMgr:805 - Attr not supported : Dmpu
2025-11-19 08:49:20,545 [ERROR] ConditionMgr:805 - Attr not supported : Dmpu
2025-11-19 08:49:20,545 [ERROR] ConditionMgr:805 - Attr not supported : Dmpu
2025-11-19 08:49:20,545 [ERROR] ConditionMgr:805 - Attr not supported : Dmpu
2025-11-19 08:49:20,545 [ERROR] ConditionMgr:805 - Attr not supported : Dmpu
2025-11-19 08:49:20,545 [ERROR] ConditionMgr:805 - Attr not supported : Dmpu
2025-11-19 08:49:20,545 [ERROR] ConditionMgr:805 - Attr not supported : Dmpu
2025-11-19 08:49:20,545 [ERROR] ConditionMgr:805 - Attr not supported : Dmpu
2025-11-19 08:49:20,545 [ERROR] ConditionMgr:805 - Attr not supported : Dmpu
2025-11-19 08:49:20,545 [ERROR] ConditionMgr:805 - Attr not supported : Dmpu
2025-11-19 08:49:20,545 [ERROR] ConditionMgr:805 - Attr not supported : Dmpu
2025-11-19 08:49:20,546 [ERROR] ConditionMgr:805 - Attr not supported : Dmpu
2025-11-19 08:49:20,546 [ERROR] ConditionMgr:805 - Attr not supported : Dmpu
2025-11-19 08:49:20,546 [ERROR] ConditionMgr:805 - Attr not supported : Dmpu
2025-11-19 08:49:20,546 [ERROR] ConditionMgr:805 - Attr not supported : Dmpu
2025-11-19 08:49:20,546 [ERROR] ConditionMgr:805 - Attr not supported : Dmpu
2025-11-19 08:49:20,546 [ERROR] ConditionMgr:805 - Attr not supported : Dmpu
2025-11-19 08:49:20,546 [ERROR] ConditionMgr:805 - Attr not supported : Dmpu
2025-11-19 08:49:20,546 [ERROR] ConditionMgr:805 - Attr not supported : Dmpu
2025-11-19 08:49:20,546 [ERROR] ConditionMgr:805 - Attr not supported : Dmpu
2025-11-19 08:49:20,546 [ERROR] ConditionMgr:805 - Attr not supported : Dmpu
2025-11-19 08:49:20,546 [ERROR] ConditionMgr:805 - Attr not supported : Dmpu
2025-11-19 08:49:20,546 [ERROR] ConditionMgr:805 - Attr not supported : Dmpu
2025-11-19 08:49:20,547 [ERROR] ConditionMgr:805 - Attr not supported : Dmpu
2025-11-19 08:49:20,547 [ERROR] ConditionMgr:805 - Attr not supported : Dmpu
2025-11-19 08:49:20,547 [ERROR] ConditionMgr:805 - Attr not supported : Dmpu
2025-11-19 08:49:20,547 [ERROR] ConditionMgr:805 - Attr not supported : Dmpu
2025-11-19 08:49:20,547 [ERROR] ConditionMgr:805 - Attr not supported : Dmpu
2025-11-19 08:49:20,547 [ERROR] ConditionMgr:805 - Attr not supported : Dmpu
2025-11-19 08:49:20,547 [ERROR] ConditionMgr:805 - Attr not supported : Dmpu
2025-11-19 08:49:20,547 [ERROR] ConditionMgr:805 - Attr not supported : Dmpu
2025-11-19 08:49:20,547 [ERROR] ConditionMgr:805 - Attr not supported : Dmpu
2025-11-19 08:49:20,547 [ERROR] ConditionMgr:805 - Attr not supported : Dmpu
2025-11-19 08:49:20,548 [ERROR] ConditionMgr:805 - Attr not supported : Dmpu
2025-11-19 08:49:20,548 [ERROR] ConditionMgr:805 - Attr not supported : Dmpu
2025-11-19 08:49:20,548 [ERROR] ConditionMgr:805 - Attr not supported : Dmpu
2025-11-19 08:49:20,548 [ERROR] ConditionMgr:805 - Attr not supported : Dmpu
2025-11-19 08:49:20,548 [ERROR] ConditionMgr:805 - Attr not supported : Dmpu
2025-11-19 08:49:20,567 [WARN] PackLoader:240 - Cannot read IP mode file for STMicroelectronics.X-CUBE-WB05N.2.0.0
2025-11-19 08:49:20,590 [WARN] PackLoader:240 - Cannot read IP mode file for STMicroelectronics.X-CUBE-BLEMGR.3.0.0
2025-11-19 08:49:20,610 [ERROR] Engine:466 - C:\Users\RND1\.stm32cubemx\thirdparties\pdsc\STMicroelectronics.X-CUBE-TCPP.4.2.0.pdsc: PDSC version is not supported
2025-11-19 08:49:20,626 [INFO] WebApp:220 - Starting web application
2025-11-19 08:49:20,627 [INFO] WebApp:578 - Web application path used C:\ST\STM32CubeIDE_1.16.1\STM32CubeIDE\plugins\com.st.stm32cube.common.mx_6.12.1.202409122256\db\plugins\mcufinder\reactClient1\index.html
2025-11-19 08:49:20,632 [WARN] PackLoader:240 - Cannot read IP mode file for RealThread.X-CUBE-RT-Thread_Nano.4.1.1
2025-11-19 08:49:20,651 [WARN] PackLoader:240 - Cannot read IP mode file for STMicroelectronics.FP-ATR-SIGFOX1.3.2.0
2025-11-19 08:49:20,672 [WARN] ConditionMgr:438 - getConditionDescription Invalid condition id : Cortex-A Device cause : null
2025-11-19 08:49:20,704 [WARN] ConditionMgr:1039 - genDependencies : Invalid condition id : Cortex-A Device cause : null
2025-11-19 08:49:20,705 [WARN] ConditionMgr:1039 - genDependencies : Invalid condition id : Cortex-A Device cause : null
2025-11-19 08:49:20,705 [WARN] ConditionMgr:1039 - genDependencies : Invalid condition id : Cortex-A Device cause : null
2025-11-19 08:49:20,726 [WARN] PackLoader:240 - Cannot read IP mode file for STMicroelectronics.X-CUBE-EEPRMA1.5.1.0
2025-11-19 08:49:20,747 [ERROR] Engine:466 - C:\Users\RND1\.stm32cubemx\thirdparties\pdsc\STMicroelectronics.X-CUBE-ST67W61.1.0.0.pdsc: PDSC version is not supported
2025-11-19 08:49:20,768 [WARN] PackLoader:240 - Cannot read IP mode file for STMicroelectronics.X-CUBE-AI.10.2.0
2025-11-19 08:49:20,815 [WARN] PackLoader:240 - Cannot read IP mode file for SEGGER.I-CUBE-embOS.1.3.1
2025-11-19 08:49:20,898 [INFO] UserAuth:417 - Internet connection configuration mode: 1
2025-11-19 08:49:20,921 [WARN] PackLoader:240 - Cannot read IP mode file for STMicroelectronics.X-CUBE-ALGOBUILD.1.4.0
2025-11-19 08:49:21,011 [WARN] PackLoader:240 - Cannot read IP mode file for STMicroelectronics.X-CUBE-MEMS1.11.3.0
2025-11-19 08:49:21,211 [WARN] PackLoader:240 - Cannot read IP mode file for STMicroelectronics.X-CUBE-AI.9.1.0
2025-11-19 08:49:21,228 [WARN] PackLoader:240 - Cannot read IP mode file for STMicroelectronics.X-CUBE-PM33A1.1.0.0
2025-11-19 08:49:21,245 [WARN] PackLoader:240 - Cannot read IP mode file for STMicroelectronics.X-CUBE-GNSS1.6.0.0
2025-11-19 08:49:21,287 [WARN] PackLoader:240 - Cannot read IP mode file for STMicroelectronics.X-CUBE-AZRTOS-F4.1.1.0
2025-11-19 08:49:21,309 [WARN] PackLoader:240 - Cannot read IP mode file for wolfSSL.I-CUBE-wolfSSL.5.6.4
2025-11-19 08:49:21,322 [ERROR] Engine:466 - C:\Users\RND1\.stm32cubemx\thirdparties\pdsc\Avnet-IotConnect.X-CUBE-IoTC-DA16k-PMOD.1.0.0.pdsc: PDSC version is not supported
2025-11-19 08:49:21,337 [WARN] PackLoader:240 - Cannot read IP mode file for STMicroelectronics.X-CUBE-ISPU.2.1.0
2025-11-19 08:49:21,354 [ERROR] Engine:466 - C:\Users\RND1\.stm32cubemx\thirdparties\pdsc\STMicroelectronics.X-CUBE-IPS.3.2.0.pdsc: PDSC version is not supported
2025-11-19 08:49:21,370 [WARN] PackLoader:240 - Cannot read IP mode file for STMicroelectronics.X-CUBE-FREERTOS.1.2.0
2025-11-19 08:49:21,387 [WARN] PackLoader:240 - Cannot read IP mode file for STMicroelectronics.X-CUBE-NFC12.1.0.0
2025-11-19 08:49:21,417 [WARN] PackLoader:240 - Cannot read IP mode file for STMicroelectronics.X-CUBE-AZRTOS-L5.2.0.0
2025-11-19 08:49:21,437 [WARN] PackLoader:240 - Cannot read IP mode file for STMicroelectronics.X-CUBE-EEPRMA1.4.2.0
2025-11-19 08:49:21,462 [WARN] PackLoader:240 - Cannot read IP mode file for STMicroelectronics.X-CUBE-NFC6.3.1.0
2025-11-19 08:49:21,486 [WARN] PackLoader:240 - Cannot read IP mode file for ITTIA_DB.I-CUBE-ITTIADB.8.8.0
2025-11-19 08:49:21,502 [WARN] PackLoader:240 - Cannot read IP mode file for STMicroelectronics.X-CUBE-DPower.1.2.0
2025-11-19 08:49:21,516 [WARN] PackLoader:240 - Cannot read IP mode file for STMicroelectronics.X-CUBE-AI.9.0.0
2025-11-19 08:49:21,530 [WARN] PackLoader:240 - Cannot read IP mode file for STMicroelectronics.X-CUBE-FREERTOS.1.3.1
2025-11-19 08:49:21,541 [WARN] PackLoader:240 - Cannot read IP mode file for STMicroelectronics.X-CUBE-FREERTOS.1.3.0
2025-11-19 08:49:21,554 [WARN] PackLoader:240 - Cannot read IP mode file for STMicroelectronics.X-CUBE-NFC7.1.0.1
2025-11-19 08:49:21,567 [WARN] PackLoader:240 - Cannot read IP mode file for STMicroelectronics.X-CUBE-TOUCHGFX.4.26.0
2025-11-19 08:49:21,581 [WARN] PackLoader:240 - Cannot read IP mode file for STMicroelectronics.X-CUBE-NFC6.3.0.0
2025-11-19 08:49:21,594 [ERROR] Engine:466 - C:\Users\RND1\.stm32cubemx\thirdparties\pdsc\STMicroelectronics.FP-SNS-STAIOTCFT.1.0.0.pdsc: PDSC version is not supported
2025-11-19 08:49:21,607 [WARN] PackLoader:240 - Cannot read IP mode file for STMicroelectronics.X-CUBE-DPower.1.3.0
2025-11-19 08:49:21,621 [WARN] PackLoader:240 - Cannot read IP mode file for STMicroelectronics.X-CUBE-AI.8.1.0
2025-11-19 08:49:21,664 [WARN] ConditionMgr:438 - getConditionDescription Invalid condition id : LAN8742 Phy interface Condition cause : null
2025-11-19 08:49:21,664 [WARN] PackLoader:240 - Cannot read IP mode file for STMicroelectronics.X-CUBE-AZRTOS-L4.2.0.0
2025-11-19 08:49:21,666 [WARN] ConditionMgr:1039 - genDependencies : Invalid condition id : LAN8742 Phy interface Condition cause : null
2025-11-19 08:49:21,666 [WARN] ConditionMgr:1039 - genDependencies : Invalid condition id : LAN8742 Phy interface Condition cause : null
2025-11-19 08:49:21,667 [WARN] ConditionMgr:1039 - genDependencies : Invalid condition id : LAN8742 Phy interface Condition cause : null
2025-11-19 08:49:21,685 [WARN] PackLoader:240 - Cannot read IP mode file for STMicroelectronics.X-CUBE-SFXS2LP1.4.0.0
2025-11-19 08:49:21,717 [WARN] PackLoader:240 - Cannot read IP mode file for STMicroelectronics.X-CUBE-AZRTOS-H7.3.3.0
2025-11-19 08:49:21,739 [ERROR] Engine:466 - C:\Users\RND1\.stm32cubemx\thirdparties\pdsc\STMicroelectronics.X-CUBE-BLEMGR.4.1.0.pdsc: PDSC version is not supported
2025-11-19 08:49:21,766 [WARN] PackLoader:240 - Cannot read IP mode file for STMicroelectronics.X-CUBE-IPS.3.0.0
2025-11-19 08:49:21,802 [WARN] ConditionMgr:438 - getConditionDescription Invalid condition id : UX DEVICE CLASS RTOS Condition cause : null
2025-11-19 08:49:21,802 [WARN] ConditionMgr:438 - getConditionDescription Invalid condition id : UX DEVICE CLASS RTOS Condition cause : null
2025-11-19 08:49:21,803 [WARN] PackLoader:240 - Cannot read IP mode file for STMicroelectronics.X-CUBE-AZRTOS-WB.2.0.0
2025-11-19 08:49:21,804 [WARN] ConditionMgr:1039 - genDependencies : Invalid condition id : UX DEVICE CLASS RTOS Condition cause : null
2025-11-19 08:49:21,804 [WARN] ConditionMgr:1039 - genDependencies : Invalid condition id : UX DEVICE CLASS RTOS Condition cause : null
2025-11-19 08:49:21,804 [WARN] ConditionMgr:1039 - genDependencies : Invalid condition id : UX DEVICE CLASS RTOS Condition cause : null
2025-11-19 08:49:21,804 [WARN] ConditionMgr:1039 - genDependencies : Invalid condition id : UX DEVICE CLASS RTOS Condition cause : null
2025-11-19 08:49:21,804 [WARN] ConditionMgr:1039 - genDependencies : Invalid condition id : UX DEVICE CLASS RTOS Condition cause : null
2025-11-19 08:49:21,820 [WARN] PackLoader:240 - Cannot read IP mode file for STMicroelectronics.X-CUBE-GNSS1.7.0.0
2025-11-19 08:49:21,836 [WARN] PackLoader:240 - Cannot read IP mode file for STMicroelectronics.X-CUBE-GNSS1.7.0.1
2025-11-19 08:49:21,849 [WARN] PackLoader:240 - Cannot read IP mode file for STMicroelectronics.X-CUBE-TOUCHGFX.4.25.0
2025-11-19 08:49:21,867 [WARN] PackLoader:240 - Cannot read IP mode file for STMicroelectronics.FP-SNS-STBOX1.2.0.0
2025-11-19 08:49:21,892 [WARN] PackLoader:240 - Cannot read IP mode file for STMicroelectronics.X-CUBE-SUBG2.5.0.0
2025-11-19 08:49:21,933 [WARN] PackLoader:240 - Cannot read IP mode file for STMicroelectronics.X-CUBE-AZRTOS-H7RS.1.1.0
2025-11-19 08:49:21,970 [WARN] PackLoader:240 - Cannot read IP mode file for STMicroelectronics.X-CUBE-AZRTOS-G4.2.0.0
2025-11-19 08:49:22,012 [WARN] PackLoader:240 - Cannot read IP mode file for Infineon.AIROC-Wi-Fi-Bluetooth-STM32.1.5.1
2025-11-19 08:49:22,024 [WARN] PackLoader:240 - Cannot read IP mode file for STMicroelectronics.X-CUBE-NFC7.2.0.0
2025-11-19 08:49:22,035 [WARN] PackLoader:240 - Cannot read IP mode file for STMicroelectronics.FP-SNS-MOTENVWB1.1.3.1
2025-11-19 08:49:22,045 [WARN] PackLoader:240 - Cannot read IP mode file for STMicroelectronics.X-CUBE-ISPU.2.0.0
2025-11-19 08:49:22,056 [ERROR] Engine:466 - C:\Users\RND1\.stm32cubemx\thirdparties\pdsc\STMicroelectronics.X-CUBE-IPS.3.1.0.pdsc: PDSC version is not supported
2025-11-19 08:49:22,068 [WARN] PackLoader:240 - Cannot read IP mode file for STMicroelectronics.X-CUBE-ALS.1.0.2
2025-11-19 08:49:22,098 [WARN] PackLoader:240 - Cannot read IP mode file for STMicroelectronics.X-CUBE-MEMS1.10.0.0
2025-11-19 08:49:22,147 [WARN] PackLoader:240 - Cannot read IP mode file for STMicroelectronics.X-CUBE-FREERTOS.1.1.0
2025-11-19 08:49:22,159 [WARN] PackLoader:240 - Cannot read IP mode file for STMicroelectronics.X-CUBE-TOUCHGFX.4.24.0
2025-11-19 08:49:22,171 [WARN] PackLoader:240 - Cannot read IP mode file for STMicroelectronics.X-CUBE-TOUCHGFX.4.24.2
2025-11-19 08:49:22,183 [WARN] PackLoader:240 - Cannot read IP mode file for STMicroelectronics.X-CUBE-TOUCHGFX.4.24.1
2025-11-19 08:49:22,197 [WARN] PackLoader:240 - Cannot read IP mode file for STMicroelectronics.X-CUBE-STSE01.1.0.0
2025-11-19 08:49:22,210 [WARN] PackLoader:240 - Cannot read IP mode file for wolfSSL.I-CUBE-wolfTPM.3.4.0
2025-11-19 08:49:22,222 [WARN] PackLoader:240 - Cannot read IP mode file for portGmbH.I-Cube-SoM-uGOAL.1.1.0
2025-11-19 08:49:22,234 [WARN] PackLoader:240 - Cannot read IP mode file for STMicroelectronics.X-CUBE-ALS.1.0.1
2025-11-19 08:49:22,255 [WARN] PackLoader:240 - Cannot read IP mode file for STMicroelectronics.X-CUBE-AZRTOS-H7RS.1.0.0
2025-11-19 08:49:22,267 [WARN] PackLoader:240 - Cannot read IP mode file for STMicroelectronics.FP-ATR-ASTRA1.2.0.0
2025-11-19 08:49:22,284 [WARN] PackLoader:240 - Cannot read IP mode file for STMicroelectronics.X-CUBE-TOF1.3.4.2
2025-11-19 08:49:22,300 [ERROR] Engine:466 - C:\Users\RND1\.stm32cubemx\thirdparties\pdsc\STMicroelectronics.X-CUBE-TOF1.3.4.3.pdsc: PDSC version is not supported
2025-11-19 08:49:22,315 [WARN] PackLoader:240 - Cannot read IP mode file for STMicroelectronics.X-CUBE-TOF1.3.4.0
2025-11-19 08:49:22,334 [WARN] PackLoader:240 - Cannot read IP mode file for STMicroelectronics.X-CUBE-TOF1.3.4.1
2025-11-19 08:49:22,357 [WARN] PackLoader:240 - Cannot read IP mode file for STMicroelectronics.X-CUBE-AZRTOS-H7.3.2.0
2025-11-19 08:49:22,370 [WARN] PackLoader:240 - Cannot read IP mode file for wolfSSL.I-CUBE-wolfSSH.1.4.17
2025-11-19 08:49:22,371 [INFO] ThirdParty:978 - Integrity check success = true
2025-11-19 08:49:22,371 [INFO] IntegrityCheckThread:100 - exiting critical section [integrity check]
2025-11-19 08:49:22,371 [INFO] IntegrityCheckThread:103 - End integrity checks thread
2025-11-19 17:27:58,552 [ERROR] LogOutputStream:75 - [STDERR_REDIRECT] 
