2025-10-17 15:25:38,551 [INFO] Activator:176 - 


2025-10-17 15:25:38,556 [INFO] Activator:177 - !SESSION log4j initialized
2025-10-17 15:25:44,596 [INFO] LogOutputStream:77 - [STDOUT_REDIRECT] 
2025-10-17 15:25:50,326 [INFO] ApplicationProperties:184 - Using Application install path: C:\ST\STM32CubeIDE_1.16.1\STM32CubeIDE\plugins\com.st.stm32cube.common.mx_6.12.1.202409122256
2025-10-17 15:25:50,338 [INFO] DbMcusXml:78 - Set database path to: C:\ST\STM32CubeIDE_1.16.1\STM32CubeIDE\plugins\com.st.stm32cube.common.mx_6.12.1.202409122256\\db\/mcu/
2025-10-17 15:25:50,339 [INFO] ApiDb:274 - Set plugin database path to: C:\ST\STM32CubeIDE_1.16.1\STM32CubeIDE\plugins\com.st.stm32cube.common.mx_6.12.1.202409122256\\db\/plugins/boardmanager/
2025-10-17 15:25:50,339 [WARN] ApiDb:259 - Overriding images path with different value:  => C:\ST\STM32CubeIDE_1.16.1\STM32CubeIDE\plugins\com.st.stm32cube.common.mx_6.12.1.202409122256\\db\/plugins/mcufinder/images/
2025-10-17 15:25:50,354 [INFO] ApiDb:250 - Set database path to: C:\Users\RND1\.stmcufinder\plugins\mcufinder//mcu/
2025-10-17 15:25:50,355 [INFO] DbMcusAds:125 - Set database path to: C:\Users\RND1\.stmcufinder\plugins\mcufinder//mcu/
2025-10-17 15:25:50,359 [INFO] CrossReferenceDbSqlite:203 - Set database path to: C:\Users\RND1\.stmcufinder\plugins\mcufinder//mcu/cs/
2025-10-17 15:25:50,446 [INFO] RulesReader:64 - Compatibility file has been processed (297 Rules)
2025-10-17 15:25:50,517 [INFO] DbMcusXml:78 - Set database path to: C:\ST\STM32CubeIDE_1.16.1\STM32CubeIDE\plugins\com.st.stm32cube.common.mx_6.12.1.202409122256\\db\/mcu/
2025-10-17 15:25:50,517 [INFO] ApiDb:274 - Set plugin database path to: C:\ST\STM32CubeIDE_1.16.1\STM32CubeIDE\plugins\com.st.stm32cube.common.mx_6.12.1.202409122256\\db\/plugins/boardmanager/
2025-10-17 15:25:50,518 [INFO] ApiDb:261 - Set plugin images path to: C:\ST\STM32CubeIDE_1.16.1\STM32CubeIDE\plugins\com.st.stm32cube.common.mx_6.12.1.202409122256\\db\/plugins/mcufinder/images/
2025-10-17 15:25:50,518 [WARN] DbFile:41 - Overriding database path with different value: C:\Users\RND1\.stmcufinder\plugins\mcufinder/ => C:\Users\RND1\.stmcufinder\plugins\mcufinder
2025-10-17 15:25:50,518 [INFO] ApiDb:250 - Set database path to: C:\Users\RND1\.stmcufinder\plugins\mcufinder//mcu/
2025-10-17 15:25:50,518 [WARN] DbFile:41 - Overriding database path with different value: C:\Users\RND1\.stmcufinder\plugins\mcufinder/ => C:\Users\RND1\.stmcufinder\plugins\mcufinder
2025-10-17 15:25:50,518 [INFO] DbMcusAds:125 - Set database path to: C:\Users\RND1\.stmcufinder\plugins\mcufinder//mcu/
2025-10-17 15:25:50,518 [WARN] DbFile:41 - Overriding database path with different value: C:\Users\RND1\.stmcufinder\plugins\mcufinder/ => C:\Users\RND1\.stmcufinder\plugins\mcufinder
2025-10-17 15:25:50,518 [WARN] DbFile:41 - Overriding database path with different value: C:\Users\RND1\.stmcufinder\plugins\mcufinder/ => C:\Users\RND1\.stmcufinder\plugins\mcufinder
2025-10-17 15:25:50,518 [INFO] CrossReferenceDbSqlite:203 - Set database path to: C:\Users\RND1\.stmcufinder\plugins\mcufinder//mcu/cs/
2025-10-17 15:25:50,583 [INFO] MainPanel:268 - HeapMemory: 576716800
2025-10-17 15:25:50,654 [INFO] DbMcusXml:78 - Set database path to: C:\ST\STM32CubeIDE_1.16.1\STM32CubeIDE\plugins\com.st.stm32cube.common.mx_6.12.1.202409122256\\db\/mcu/
2025-10-17 15:25:50,654 [INFO] ApiDb:274 - Set plugin database path to: C:\ST\STM32CubeIDE_1.16.1\STM32CubeIDE\plugins\com.st.stm32cube.common.mx_6.12.1.202409122256\\db\/plugins/boardmanager/
2025-10-17 15:25:50,654 [INFO] ApiDb:261 - Set plugin images path to: C:\ST\STM32CubeIDE_1.16.1\STM32CubeIDE\plugins\com.st.stm32cube.common.mx_6.12.1.202409122256\\db\/plugins/mcufinder/images/
2025-10-17 15:25:50,654 [WARN] DbFile:41 - Overriding database path with different value: C:\Users\RND1\.stmcufinder\plugins\mcufinder/ => C:\Users\RND1\.stmcufinder\plugins\mcufinder
2025-10-17 15:25:50,654 [INFO] ApiDb:250 - Set database path to: C:\Users\RND1\.stmcufinder\plugins\mcufinder//mcu/
2025-10-17 15:25:50,654 [WARN] DbFile:41 - Overriding database path with different value: C:\Users\RND1\.stmcufinder\plugins\mcufinder/ => C:\Users\RND1\.stmcufinder\plugins\mcufinder
2025-10-17 15:25:50,654 [INFO] DbMcusAds:125 - Set database path to: C:\Users\RND1\.stmcufinder\plugins\mcufinder//mcu/
2025-10-17 15:25:50,654 [WARN] DbFile:41 - Overriding database path with different value: C:\Users\RND1\.stmcufinder\plugins\mcufinder/ => C:\Users\RND1\.stmcufinder\plugins\mcufinder
2025-10-17 15:25:50,654 [WARN] DbFile:41 - Overriding database path with different value: C:\Users\RND1\.stmcufinder\plugins\mcufinder/ => C:\Users\RND1\.stmcufinder\plugins\mcufinder
2025-10-17 15:25:50,655 [INFO] CrossReferenceDbSqlite:203 - Set database path to: C:\Users\RND1\.stmcufinder\plugins\mcufinder//mcu/cs/
2025-10-17 15:25:50,668 [INFO] ApplicationProperties:184 - Using Application install path: C:\ST\STM32CubeIDE_1.16.1\STM32CubeIDE\plugins\com.st.stm32cube.common.mx_6.12.1.202409122256
2025-10-17 15:25:50,669 [INFO] PluginManage:196 - Search for loadable plugins [exclusion list=, ]
2025-10-17 15:25:50,670 [INFO] PluginManage:310 - Check plugin analytics
2025-10-17 15:25:50,812 [INFO] AnalyticsPlugin:253 - Accepted Software Licenses: STM32CubeMX.6.10.0
2025-10-17 15:25:50,813 [INFO] AnalyticsPlugin:255 - Accepted CMSIS Pack Licenses: 
2025-10-17 15:25:50,813 [INFO] AnalyticsPlugin:257 - Accepted Firmware Licenses: FW.G4.1.5.0,FW.G4.1.6.0,FW.F4.1.28.0,FW.H7.1.11.0
2025-10-17 15:25:50,815 [INFO] PluginManage:359 - Loaded plugin analytics (category:tool,tabindex:-1)
2025-10-17 15:25:50,816 [INFO] PluginManage:310 - Check plugin cadmodel
2025-10-17 15:25:50,832 [INFO] CADModel:105 - Init CAD model plugin
2025-10-17 15:25:50,832 [INFO] PluginManage:359 - Loaded plugin cadmodel (category:power,tabindex:5)
2025-10-17 15:25:50,833 [INFO] PluginManage:310 - Check plugin clock
2025-10-17 15:25:50,852 [INFO] PluginManage:359 - Loaded plugin clock (category:base,tabindex:2)
2025-10-17 15:25:50,852 [INFO] PluginManage:310 - Check plugin ddr
2025-10-17 15:25:50,855 [INFO] PluginManage:359 - Loaded plugin ddr (category:tool,tabindex:6)
2025-10-17 15:25:50,855 [INFO] PluginManage:310 - Check plugin filemanager
2025-10-17 15:25:50,962 [INFO] PluginManage:359 - Loaded plugin filemanager (category:base,tabindex:10)
2025-10-17 15:25:50,962 [INFO] PluginManage:310 - Check plugin ipmanager
2025-10-17 15:25:50,971 [INFO] PluginManage:359 - Loaded plugin ipmanager (category:base,tabindex:5)
2025-10-17 15:25:50,971 [INFO] PluginManage:310 - Check plugin lpbam
2025-10-17 15:25:50,989 [INFO] PluginManage:359 - Loaded plugin lpbam (category:base,tabindex:0)
2025-10-17 15:25:50,989 [INFO] PluginManage:310 - Check plugin memorymap
2025-10-17 15:25:51,009 [INFO] PluginManage:359 - Loaded plugin memorymap (category:base,tabindex:4)
2025-10-17 15:25:51,009 [INFO] PluginManage:310 - Check plugin pinoutandconfiguration
2025-10-17 15:25:51,025 [INFO] PluginManage:359 - Loaded plugin pinoutandconfiguration (category:base,tabindex:1)
2025-10-17 15:25:51,026 [INFO] PluginManage:310 - Check plugin pinoutconfig
2025-10-17 15:25:51,096 [WARN] SupportedApi:132 - Cannot load RTOS API schema: s4s-elt-must-match.1: The content of 'definitions' must match (annotation?, (simpleType | complexType)?, (unique | key | keyref)*)). A problem was found starting at: attribute.
2025-10-17 15:25:51,216 [INFO] PluginManage:359 - Loaded plugin pinoutconfig (category:base,tabindex:0)
2025-10-17 15:25:51,217 [INFO] PluginManage:310 - Check plugin power
2025-10-17 15:25:51,235 [INFO] PluginManage:359 - Loaded plugin power (category:power,tabindex:4)
2025-10-17 15:25:51,236 [INFO] PluginManage:310 - Check plugin projectmanager
2025-10-17 15:25:51,248 [INFO] PluginManage:359 - Loaded plugin projectmanager (category:projectmanager,tabindex:4)
2025-10-17 15:25:51,248 [INFO] PluginManage:310 - Check plugin rif
2025-10-17 15:25:51,265 [INFO] PluginManage:359 - Loaded plugin rif (category:base,tabindex:3)
2025-10-17 15:25:51,265 [INFO] PluginManage:310 - Check plugin thirdparty
2025-10-17 15:25:51,510 [INFO] PluginManage:359 - Loaded plugin thirdparty (category:base,tabindex:-1)
2025-10-17 15:25:51,510 [WARN] IntegrityCheckThread:84 - waiting for thirdparty lock release [integrity check]
2025-10-17 15:25:51,510 [INFO] IntegrityCheckThread:86 - entering critical section [integrity check]
2025-10-17 15:25:51,510 [INFO] PluginManage:310 - Check plugin tools
2025-10-17 15:25:51,510 [INFO] ThirdPartyUpdaterWithRetryManager:70 - Updater plugin not ready yet. [1/15]
2025-10-17 15:25:51,540 [INFO] PluginManage:359 - Loaded plugin tools (category:base,tabindex:7)
2025-10-17 15:25:51,540 [INFO] PluginManage:310 - Check plugin tutovideos
2025-10-17 15:25:51,692 [INFO] PluginManage:359 - Loaded plugin tutovideos (category:base,tabindex:-1)
2025-10-17 15:25:51,693 [INFO] PluginManage:310 - Check plugin updater
2025-10-17 15:25:51,707 [INFO] PluginManage:359 - Loaded plugin updater (category:base,tabindex:12)
2025-10-17 15:25:51,707 [INFO] PluginManage:310 - Check plugin userauth
2025-10-17 15:25:51,712 [INFO] UserAuth:113 - Init User Auth plugin
2025-10-17 15:25:51,712 [INFO] PluginManage:359 - Loaded plugin userauth (category:base,tabindex:14)
2025-10-17 15:25:51,712 [INFO] PluginManage:283 - PluginManage : Loaded plugins [18]
2025-10-17 15:25:51,875 [INFO] PinOutPanel:1561 - setPackage(No Configuration,No Configuration)
2025-10-17 15:25:51,949 [INFO] CADModel:165 - CPN selected for project level
2025-10-17 15:25:51,949 [INFO] CADModel:114 - Register for checkConnection events
2025-10-17 15:25:51,973 [INFO] IPUIPlugin:80 - create IPUIPlugin
2025-10-17 15:25:51,973 [INFO] PluginManager:220 - loadIPPluginJar : add adc
2025-10-17 15:25:52,008 [INFO] IPUIPlugin:80 - create IPUIPlugin
2025-10-17 15:25:52,008 [INFO] PluginManager:220 - loadIPPluginJar : add aes
2025-10-17 15:25:52,049 [INFO] IPUIPlugin:80 - create IPUIPlugin
2025-10-17 15:25:52,049 [INFO] PluginManager:220 - loadIPPluginJar : add can
2025-10-17 15:25:52,073 [INFO] IPUIPlugin:80 - create IPUIPlugin
2025-10-17 15:25:52,073 [INFO] PluginManager:220 - loadIPPluginJar : add comp
2025-10-17 15:25:52,102 [INFO] IPUIPlugin:80 - create IPUIPlugin
2025-10-17 15:25:52,102 [INFO] PluginManager:220 - loadIPPluginJar : add cryp
2025-10-17 15:25:52,113 [INFO] IPUIPlugin:80 - create IPUIPlugin
2025-10-17 15:25:52,114 [INFO] PluginManager:220 - loadIPPluginJar : add ddr_ctrl_phy
2025-10-17 15:25:52,140 [INFO] IPUIPlugin:80 - create IPUIPlugin
2025-10-17 15:25:52,140 [INFO] PluginManager:220 - loadIPPluginJar : add dfsdm
2025-10-17 15:25:52,152 [INFO] IPUIPlugin:80 - create IPUIPlugin
2025-10-17 15:25:52,152 [INFO] PluginManager:220 - loadIPPluginJar : add dma
2025-10-17 15:25:52,188 [INFO] IPUIPlugin:80 - create IPUIPlugin
2025-10-17 15:25:52,189 [INFO] PluginManager:220 - loadIPPluginJar : add dma3
2025-10-17 15:25:52,223 [INFO] IPUIPlugin:80 - create IPUIPlugin
2025-10-17 15:25:52,223 [INFO] PluginManager:220 - loadIPPluginJar : add extmemmanager
2025-10-17 15:25:52,241 [INFO] IPUIPlugin:80 - create IPUIPlugin
2025-10-17 15:25:52,241 [INFO] PluginManager:220 - loadIPPluginJar : add fatfs
2025-10-17 15:25:52,278 [INFO] IPUIPlugin:80 - create IPUIPlugin
2025-10-17 15:25:52,278 [INFO] PluginManager:220 - loadIPPluginJar : add fmc
2025-10-17 15:25:52,291 [INFO] IPUIPlugin:80 - create IPUIPlugin
2025-10-17 15:25:52,292 [INFO] PluginManager:220 - loadIPPluginJar : add freertos
2025-10-17 15:25:52,310 [INFO] IPUIPlugin:80 - create IPUIPlugin
2025-10-17 15:25:52,310 [INFO] PluginManager:220 - loadIPPluginJar : add genericplugin
2025-10-17 15:25:52,380 [INFO] IPUIPlugin:80 - create IPUIPlugin
2025-10-17 15:25:52,380 [INFO] PluginManager:220 - loadIPPluginJar : add gfxmmu
2025-10-17 15:25:52,490 [INFO] IPUIPlugin:80 - create IPUIPlugin
2025-10-17 15:25:52,491 [INFO] PluginManager:220 - loadIPPluginJar : add gic
2025-10-17 15:25:52,502 [INFO] IPUIPlugin:80 - create IPUIPlugin
2025-10-17 15:25:52,502 [INFO] PluginManager:220 - loadIPPluginJar : add gpio
2025-10-17 15:25:52,571 [INFO] IPUIPlugin:80 - create IPUIPlugin
2025-10-17 15:25:52,571 [INFO] PluginManager:220 - loadIPPluginJar : add gtzc
2025-10-17 15:25:52,601 [INFO] IPUIPlugin:80 - create IPUIPlugin
2025-10-17 15:25:52,601 [INFO] PluginManager:220 - loadIPPluginJar : add hash
2025-10-17 15:25:52,645 [INFO] IPUIPlugin:80 - create IPUIPlugin
2025-10-17 15:25:52,645 [INFO] PluginManager:220 - loadIPPluginJar : add i2c
2025-10-17 15:25:52,679 [INFO] IPUIPlugin:80 - create IPUIPlugin
2025-10-17 15:25:52,680 [INFO] PluginManager:220 - loadIPPluginJar : add i2s
2025-10-17 15:25:52,713 [INFO] IPUIPlugin:80 - create IPUIPlugin
2025-10-17 15:25:52,714 [INFO] PluginManager:220 - loadIPPluginJar : add i3c
2025-10-17 15:25:52,793 [INFO] IPUIPlugin:80 - create IPUIPlugin
2025-10-17 15:25:52,793 [INFO] PluginManager:220 - loadIPPluginJar : add ipddr
2025-10-17 15:25:52,865 [INFO] IPUIPlugin:80 - create IPUIPlugin
2025-10-17 15:25:52,866 [INFO] PluginManager:220 - loadIPPluginJar : add linkedlist
2025-10-17 15:25:52,896 [INFO] IPUIPlugin:80 - create IPUIPlugin
2025-10-17 15:25:52,896 [INFO] PluginManager:220 - loadIPPluginJar : add lorawan
2025-10-17 15:25:52,927 [INFO] IPUIPlugin:80 - create IPUIPlugin
2025-10-17 15:25:52,928 [INFO] PluginManager:220 - loadIPPluginJar : add ltdc
2025-10-17 15:25:52,940 [INFO] IPUIPlugin:80 - create IPUIPlugin
2025-10-17 15:25:52,940 [INFO] PluginManager:220 - loadIPPluginJar : add mdma
2025-10-17 15:25:52,951 [INFO] IPUIPlugin:80 - create IPUIPlugin
2025-10-17 15:25:52,951 [INFO] PluginManager:220 - loadIPPluginJar : add nvic
2025-10-17 15:25:52,983 [INFO] IPUIPlugin:80 - create IPUIPlugin
2025-10-17 15:25:52,984 [INFO] PluginManager:220 - loadIPPluginJar : add opamp
2025-10-17 15:25:53,032 [INFO] IPUIPlugin:80 - create IPUIPlugin
2025-10-17 15:25:53,032 [INFO] PluginManager:220 - loadIPPluginJar : add openamp
2025-10-17 15:25:53,067 [INFO] IPUIPlugin:80 - create IPUIPlugin
2025-10-17 15:25:53,068 [INFO] PluginManager:220 - loadIPPluginJar : add pdm2pcm
2025-10-17 15:25:53,079 [INFO] IPUIPlugin:80 - create IPUIPlugin
2025-10-17 15:25:53,081 [INFO] PluginManager:220 - loadIPPluginJar : add plateformsettings
2025-10-17 15:25:53,102 [INFO] IPUIPlugin:80 - create IPUIPlugin
2025-10-17 15:25:53,102 [INFO] PluginManager:220 - loadIPPluginJar : add quadspi
2025-10-17 15:25:53,125 [INFO] IPUIPlugin:80 - create IPUIPlugin
2025-10-17 15:25:53,126 [INFO] PluginManager:220 - loadIPPluginJar : add radio
2025-10-17 15:25:53,137 [INFO] IPUIPlugin:80 - create IPUIPlugin
2025-10-17 15:25:53,138 [INFO] PluginManager:220 - loadIPPluginJar : add resmgrutility
2025-10-17 15:25:53,180 [INFO] IPUIPlugin:80 - create IPUIPlugin
2025-10-17 15:25:53,180 [INFO] PluginManager:220 - loadIPPluginJar : add sai
2025-10-17 15:25:53,213 [INFO] IPUIPlugin:80 - create IPUIPlugin
2025-10-17 15:25:53,213 [INFO] PluginManager:220 - loadIPPluginJar : add spi
2025-10-17 15:25:53,268 [INFO] IPUIPlugin:80 - create IPUIPlugin
2025-10-17 15:25:53,268 [INFO] PluginManager:220 - loadIPPluginJar : add stm32_wpan
2025-10-17 15:25:53,290 [INFO] IPUIPlugin:80 - create IPUIPlugin
2025-10-17 15:25:53,290 [INFO] PluginManager:220 - loadIPPluginJar : add tim
2025-10-17 15:25:53,339 [INFO] IPUIPlugin:80 - create IPUIPlugin
2025-10-17 15:25:53,339 [INFO] PluginManager:220 - loadIPPluginJar : add touchsensing
2025-10-17 15:25:53,358 [INFO] IPUIPlugin:80 - create IPUIPlugin
2025-10-17 15:25:53,358 [INFO] PluginManager:220 - loadIPPluginJar : add tracer_emb
2025-10-17 15:25:53,378 [INFO] IPUIPlugin:80 - create IPUIPlugin
2025-10-17 15:25:53,378 [INFO] PluginManager:220 - loadIPPluginJar : add ts
2025-10-17 15:25:53,400 [INFO] IPUIPlugin:80 - create IPUIPlugin
2025-10-17 15:25:53,400 [INFO] PluginManager:220 - loadIPPluginJar : add tsc
2025-10-17 15:25:53,421 [INFO] IPUIPlugin:80 - create IPUIPlugin
2025-10-17 15:25:53,421 [INFO] PluginManager:220 - loadIPPluginJar : add ucpd
2025-10-17 15:25:53,459 [INFO] IPUIPlugin:80 - create IPUIPlugin
2025-10-17 15:25:53,459 [INFO] PluginManager:220 - loadIPPluginJar : add usart
2025-10-17 15:25:53,495 [INFO] IPUIPlugin:80 - create IPUIPlugin
2025-10-17 15:25:53,495 [INFO] PluginManager:220 - loadIPPluginJar : add usbx
2025-10-17 15:25:53,608 [INFO] CADModel:165 - CPN selected for project level
2025-10-17 15:25:53,609 [INFO] CADModel:114 - Register for checkConnection events
2025-10-17 15:25:53,609 [FATAL] Updater:334 - Updater called before beeing initialized
2025-10-17 15:25:53,609 [ERROR] CADModel:125 - Updater not yet initialized, retry later 
2025-10-17 15:25:53,696 [INFO] CADModel:165 - CPN selected for project level
2025-10-17 15:25:53,696 [INFO] CADModel:114 - Register for checkConnection events
2025-10-17 15:25:53,696 [FATAL] Updater:334 - Updater called before beeing initialized
2025-10-17 15:25:53,696 [ERROR] CADModel:125 - Updater not yet initialized, retry later 
2025-10-17 15:25:53,698 [FATAL] Updater:334 - Updater called before beeing initialized
2025-10-17 15:25:53,777 [FATAL] Updater:334 - Updater called before beeing initialized
2025-10-17 15:25:53,786 [INFO] DbMcusAds:53 - JSON generation date=Tue Jul 08 17:14:27 KST 2025 (1751962467633)
2025-10-17 15:25:53,786 [FATAL] Updater:334 - Updater called before beeing initialized
2025-10-17 15:25:53,814 [WARN] DetailPanel:346 - Failed to get advertising image, set to default
2025-10-17 15:25:53,884 [FATAL] Updater:334 - Updater called before beeing initialized
2025-10-17 15:25:53,885 [FATAL] Updater:334 - Updater called before beeing initialized
2025-10-17 15:25:53,885 [FATAL] Updater:334 - Updater called before beeing initialized
2025-10-17 15:25:53,885 [WARN] DetailPanel:346 - Failed to get advertising image, set to default
2025-10-17 15:25:53,886 [FATAL] Updater:334 - Updater called before beeing initialized
2025-10-17 15:25:53,934 [ERROR] Updater:1164 - MainUpdater not yet initialized. External WinMGr cannot be set.
2025-10-17 15:25:53,944 [INFO] Updater:1100 - Updater Version found : 6.12.1
2025-10-17 15:25:53,959 [INFO] ApplicationProperties:184 - Using Application install path: C:\ST\STM32CubeIDE_1.16.1\STM32CubeIDE\plugins\com.st.stm32cube.common.mx_6.12.1.202409122256
2025-10-17 15:25:54,515 [INFO] ThirdPartyUpdaterWithRetryManager:70 - Updater plugin not ready yet. [2/15]
2025-10-17 15:25:54,742 [INFO] MainUpdater:2873 - connection check result : 10
2025-10-17 15:25:54,743 [INFO] MainUpdater:3567 - Updater definition file requires update
2025-10-17 15:25:54,743 [INFO] MainUpdater:290 - Updater Check For Update Now.
2025-10-17 15:25:54,743 [INFO] MicroXplorer:498 - Change Database Version : DB.6.0.121
2025-10-17 15:25:54,760 [INFO] McuFinderGlobals:63 - Set McuFinder mode to 2 (CubeIDE integrated)
2025-10-17 15:25:54,766 [INFO] UserAuth:417 - Internet connection configuration mode: 1
2025-10-17 15:25:54,790 [INFO] JxBrowserEngine:152 - Initiate JxBrowser Engine with user profile folder
2025-10-17 15:25:54,901 [INFO] ServerAccessManage:473 - Download File updaters.zip
2025-10-17 15:25:55,277 [INFO] FileExtend:240 - Unzip File : updaters.zip
2025-10-17 15:25:55,278 [INFO] FileExtend:255 - Standard Zip Deflate
2025-10-17 15:25:56,303 [INFO] ServerAccessManage:473 - Download File PacksControlFlags.xml
2025-10-17 15:25:56,624 [INFO] ServerAccessManage:473 - Download File cubemx.pidx
2025-10-17 15:25:57,512 [INFO] WebApp:167 - Instantiating new browser for Auth
2025-10-17 15:25:57,517 [WARN] MainUpdater:1194 - Updater busy. Cannot search thirdparties
2025-10-17 15:25:57,517 [INFO] ThirdPartyUpdaterWithRetryManager:96 - Updater plugin is busy. [1/15]
2025-10-17 15:25:58,063 [INFO] WebApp:448 - Apply proxy settings
2025-10-17 15:25:58,067 [INFO] WebApp:493 - Chromium authenticates against Manually configured proxy
2025-10-17 15:25:58,074 [INFO] WebApp:501 - Username used for proxy authentication: 
2025-10-17 15:25:58,099 [INFO] WebApp:869 - Register for checkConnection events
2025-10-17 15:25:58,099 [INFO] WebApp:448 - Apply proxy settings
2025-10-17 15:25:58,102 [INFO] WebApp:493 - Chromium authenticates against Manually configured proxy
2025-10-17 15:25:58,102 [INFO] WebApp:501 - Username used for proxy authentication: 
2025-10-17 15:25:58,234 [INFO] WebApp:220 - Starting web application
2025-10-17 15:25:58,234 [INFO] WebApp:578 - Web application path used C:\ST\STM32CubeIDE_1.16.1\STM32CubeIDE\plugins\com.st.stm32cube.common.mx_6.12.1.202409122256\db\plugins\mcufinder\reactClient1\index.html
2025-10-17 15:25:58,315 [INFO] ServerAccessManage:473 - Download File STMicroelectronics.X-CUBE-FREERTOS.pdsc
2025-10-17 15:25:58,349 [INFO] UserAuth:417 - Internet connection configuration mode: 1
2025-10-17 15:25:58,405 [INFO] WebApp:186 - Connection restablished
2025-10-17 15:26:00,518 [WARN] MainUpdater:1194 - Updater busy. Cannot search thirdparties
2025-10-17 15:26:00,518 [INFO] ThirdPartyUpdaterWithRetryManager:96 - Updater plugin is busy. [2/15]
2025-10-17 15:26:03,203 [INFO] ServerAccessManage:473 - Download File STMicroelectronics.X-CUBE-IPS.pdsc
2025-10-17 15:26:03,521 [WARN] MainUpdater:1194 - Updater busy. Cannot search thirdparties
2025-10-17 15:26:03,521 [INFO] ThirdPartyUpdaterWithRetryManager:96 - Updater plugin is busy. [3/15]
2025-10-17 15:26:04,613 [INFO] ServerAccessManage:473 - Download File STMicroelectronics.X-CUBE-ST60.pdsc
2025-10-17 15:26:05,494 [INFO] ServerAccessManage:473 - Download File STMicroelectronics.X-CUBE-ST67W61.pdsc
2025-10-17 15:26:06,170 [INFO] ServerAccessManage:473 - Download File STMicroelectronics.X-CUBE-TOUCHGFX.pdsc
2025-10-17 15:26:06,523 [WARN] MainUpdater:1194 - Updater busy. Cannot search thirdparties
2025-10-17 15:26:06,523 [INFO] ThirdPartyUpdaterWithRetryManager:96 - Updater plugin is busy. [4/15]
2025-10-17 15:26:09,524 [WARN] MainUpdater:1194 - Updater busy. Cannot search thirdparties
2025-10-17 15:26:09,524 [INFO] ThirdPartyUpdaterWithRetryManager:96 - Updater plugin is busy. [5/15]
2025-10-17 15:26:12,525 [WARN] MainUpdater:1194 - Updater busy. Cannot search thirdparties
2025-10-17 15:26:12,525 [INFO] ThirdPartyUpdaterWithRetryManager:96 - Updater plugin is busy. [6/15]
2025-10-17 15:26:14,046 [WARN] PackLoader:240 - Cannot read IP mode file for STMicroelectronics.X-CUBE-FREERTOS.1.3.1
2025-10-17 15:26:14,053 [WARN] PopulateThirdPartyThread:106 - Error when creating pack: C:/Users/RND1/.stm32cubemx/thirdparties/pdsc/STMicroelectronics.X-CUBE-IPS.pdsc
2025-10-17 15:26:14,055 [WARN] PopulateThirdPartyThread:106 - Error when creating pack: C:/Users/RND1/.stm32cubemx/thirdparties/pdsc/STMicroelectronics.X-CUBE-ST60.pdsc
2025-10-17 15:26:14,057 [WARN] PopulateThirdPartyThread:106 - Error when creating pack: C:/Users/RND1/.stm32cubemx/thirdparties/pdsc/STMicroelectronics.X-CUBE-ST67W61.pdsc
2025-10-17 15:26:14,062 [WARN] PackLoader:240 - Cannot read IP mode file for STMicroelectronics.X-CUBE-TOUCHGFX.4.26.0
2025-10-17 15:26:14,063 [INFO] PopulateThirdPartyThread:66 - Ending populate Thread
2025-10-17 15:26:14,064 [INFO] ThirdParty:1030 - CMSIS Pack Vendor :STMicroelectronics X-CUBE-FREERTOS 1.3.1
2025-10-17 15:26:14,064 [INFO] ThirdParty:1030 - CMSIS Pack Vendor :STMicroelectronics X-CUBE-TOUCHGFX 4.26.0
2025-10-17 15:26:14,064 [INFO] LoadServerUpdatesThread:375 - End of LoadServerUpdate Thread
2025-10-17 15:26:14,142 [INFO] CheckServerUpdateThread:120 - End of CheckServer Thread
2025-10-17 15:26:15,724 [WARN] PackLoader:240 - Cannot read IP mode file for STMicroelectronics.FP-SNS-MOTENVWB1.1.4.0
2025-10-17 15:26:15,730 [WARN] PackLoader:240 - Cannot read IP mode file for STMicroelectronics.FP-ATR-ASTRA1.2.0.2
2025-10-17 15:26:15,742 [WARN] PackLoader:240 - Cannot read IP mode file for STMicroelectronics.FP-ATR-ASTRA1.2.0.1
2025-10-17 15:26:15,755 [WARN] PackLoader:240 - Cannot read IP mode file for STMicroelectronics.X-CUBE-SMBUS.2.1.0
2025-10-17 15:26:15,768 [WARN] PackLoader:240 - Cannot read IP mode file for STMicroelectronics.X-CUBE-WB05N.1.1.0
2025-10-17 15:26:15,778 [ERROR] Engine:466 - C:\Users\RND1\.stm32cubemx\thirdparties\pdsc\STMicroelectronics.X-CUBE-ST60.1.0.0.pdsc: PDSC version is not supported
2025-10-17 15:26:15,790 [WARN] PackLoader:240 - Cannot read IP mode file for STMicroelectronics.X-CUBE-TOUCHGFX.4.23.0
2025-10-17 15:26:15,801 [WARN] PackLoader:240 - Cannot read IP mode file for STMicroelectronics.X-CUBE-TOUCHGFX.4.23.2
2025-10-17 15:26:15,823 [WARN] PackLoader:240 - Cannot read IP mode file for STMicroelectronics.X-CUBE-AZRTOS-F7.1.1.0
2025-10-17 15:26:15,839 [WARN] PackLoader:240 - Cannot read IP mode file for STMicroelectronics.FP-SNS-MOTENV1.4.3.2
2025-10-17 15:26:15,875 [WARN] PackLoader:240 - Cannot read IP mode file for STMicroelectronics.X-CUBE-MEMS1.11.0.0
2025-10-17 15:26:15,953 [WARN] PackLoader:240 - Cannot read IP mode file for STMicroelectronics.FP-SNS-FLIGHT1.5.0.2
2025-10-17 15:26:15,981 [WARN] PackLoader:240 - Cannot read IP mode file for STMicroelectronics.X-CUBE-AZRTOS-H7.3.4.0
2025-10-17 15:26:15,998 [WARN] PackLoader:240 - Cannot read IP mode file for STMicroelectronics.X-CUBE-DISPLAY.3.0.0
2025-10-17 15:26:16,013 [WARN] PackLoader:240 - Cannot read IP mode file for STMicroelectronics.X-CUBE-BLE1.7.0.0
2025-10-17 15:26:16,028 [WARN] PackLoader:240 - Cannot read IP mode file for STMicroelectronics.X-CUBE-NFC10.1.0.0
2025-10-17 15:26:16,045 [WARN] PackLoader:240 - Cannot read IP mode file for STMicroelectronics.X-CUBE-BLEMGR.4.0.0
2025-10-17 15:26:16,049 [ERROR] Engine:466 - C:\Users\RND1\.stm32cubemx\thirdparties\pdsc\STMicroelectronics.X-CUBE-ST60.1.1.0.pdsc: PDSC version is not supported
2025-10-17 15:26:16,063 [WARN] PackLoader:240 - Cannot read IP mode file for emotas.I-CUBE-CANOPEN.1.3.0
2025-10-17 15:26:16,080 [WARN] PackLoader:240 - Cannot read IP mode file for STMicroelectronics.X-CUBE-BLEMGR.3.1.0
2025-10-17 15:26:16,094 [WARN] PackLoader:240 - Cannot read IP mode file for STMicroelectronics.X-CUBE-AI.10.0.0
2025-10-17 15:26:16,108 [ERROR] Engine:466 - C:\Users\RND1\.stm32cubemx\thirdparties\pdsc\STMicroelectronics.FP-SNS-STBOX1.2.1.0.pdsc: PDSC version is not supported
2025-10-17 15:26:16,121 [WARN] PackLoader:240 - Cannot read IP mode file for STMicroelectronics.FP-SNS-SMARTAG2.1.2.0
2025-10-17 15:26:16,124 [ERROR] Engine:466 - C:\Users\RND1\.stm32cubemx\thirdparties\pdsc\STMicroelectronics.FP-SNS-FLIGHT1.5.1.0.pdsc: PDSC version is not supported
2025-10-17 15:26:16,169 [WARN] PackLoader:240 - Cannot read IP mode file for STMicroelectronics.X-CUBE-MEMS1.11.1.0
2025-10-17 15:26:16,248 [INFO] LogOutputStream:77 - [STDOUT_REDIRECT] 1 : Invalid condition id : UX_CORESTACK_Condition cause : null
2025-10-17 15:26:16,249 [INFO] LogOutputStream:77 - [STDOUT_REDIRECT] 1 : Invalid condition id : UX_CORESTACK_Condition cause : null
2025-10-17 15:26:16,250 [INFO] LogOutputStream:77 - [STDOUT_REDIRECT] 1 : Invalid condition id : UX_CORESTACK_Condition cause : null
2025-10-17 15:26:16,251 [INFO] LogOutputStream:77 - [STDOUT_REDIRECT] 1 : Invalid condition id : UX_CORESTACK_Condition cause : null
2025-10-17 15:26:16,252 [INFO] LogOutputStream:77 - [STDOUT_REDIRECT] 1 : Invalid condition id : UX_CORESTACK_Condition cause : null
2025-10-17 15:26:16,253 [WARN] PackLoader:240 - Cannot read IP mode file for STMicroelectronics.X-CUBE-AZRTOS-WL.2.0.0
2025-10-17 15:26:16,266 [WARN] PackLoader:240 - Cannot read IP mode file for STMicroelectronics.FP-SNS-MOTENV1.5.0.0
2025-10-17 15:26:16,271 [WARN] PackLoader:240 - Cannot read IP mode file for wolfSSL.I-CUBE-wolfMQTT.1.19.0
2025-10-17 15:26:16,284 [WARN] PackLoader:240 - Cannot read IP mode file for WES.I-CUBE-Cesium.1.3.0
2025-10-17 15:26:16,296 [WARN] PackLoader:240 - Cannot read IP mode file for STMicroelectronics.X-CUBE-BLE2.3.3.0
2025-10-17 15:26:16,310 [WARN] PackLoader:240 - Cannot read IP mode file for STMicroelectronics.X-CUBE-NFC9.1.0.0
2025-10-17 15:26:16,323 [WARN] PackLoader:240 - Cannot read IP mode file for STMicroelectronics.X-CUBE-BLE1.7.1.0
2025-10-17 15:26:16,336 [WARN] PackLoader:240 - Cannot read IP mode file for STMicroelectronics.X-CUBE-TCPP.4.1.0
2025-10-17 15:26:16,350 [WARN] PackLoader:240 - Cannot read IP mode file for STMicroelectronics.X-CUBE-EEPRMA1.5.2.0
2025-10-17 15:26:16,353 [ERROR] Engine:466 - C:\Users\RND1\.stm32cubemx\thirdparties\pdsc\STMicroelectronics.X-CUBE-ST67W61.1.1.0.pdsc: PDSC version is not supported
2025-10-17 15:26:16,364 [WARN] PackLoader:240 - Cannot read IP mode file for STMicroelectronics.X-CUBE-AI.10.1.0
2025-10-17 15:26:16,379 [WARN] PackLoader:240 - Cannot read IP mode file for STMicroelectronics.X-CUBE-ALGOBUILD.1.3.0
2025-10-17 15:26:16,414 [WARN] PackLoader:240 - Cannot read IP mode file for STMicroelectronics.X-CUBE-MEMS1.11.2.0
2025-10-17 15:26:16,479 [WARN] PackLoader:240 - Cannot read IP mode file for STMicroelectronics.X-CUBE-AZRTOS-G0.1.1.0
2025-10-17 15:26:16,493 [WARN] PackLoader:240 - Cannot read IP mode file for STMicroelectronics.X-CUBE-SAFEA1.1.2.2
2025-10-17 15:26:16,512 [WARN] PackLoader:240 - Cannot read IP mode file for STMicroelectronics.X-CUBE-NFC4.3.0.0
2025-10-17 15:26:16,523 [WARN] PackLoader:240 - Cannot read IP mode file for wolfSSL.I-CUBE-wolfMQTT.1.18.0
2025-10-17 15:26:16,540 [WARN] PackLoader:240 - Cannot read IP mode file for EmbeddedOffice.I-CUBE-FS-RTOS.1.0.1
2025-10-17 15:26:16,540 [ERROR] ConditionMgr:805 - Attr not supported : Dmpu
2025-10-17 15:26:16,540 [ERROR] ConditionMgr:805 - Attr not supported : Dmpu
2025-10-17 15:26:16,540 [ERROR] ConditionMgr:805 - Attr not supported : Dmpu
2025-10-17 15:26:16,540 [ERROR] ConditionMgr:805 - Attr not supported : Dmpu
2025-10-17 15:26:16,540 [ERROR] ConditionMgr:805 - Attr not supported : Dmpu
2025-10-17 15:26:16,540 [ERROR] ConditionMgr:805 - Attr not supported : Dmpu
2025-10-17 15:26:16,540 [ERROR] ConditionMgr:805 - Attr not supported : Dmpu
2025-10-17 15:26:16,540 [ERROR] ConditionMgr:805 - Attr not supported : Dmpu
2025-10-17 15:26:16,540 [ERROR] ConditionMgr:805 - Attr not supported : Dmpu
2025-10-17 15:26:16,540 [ERROR] ConditionMgr:805 - Attr not supported : Dmpu
2025-10-17 15:26:16,540 [ERROR] ConditionMgr:805 - Attr not supported : Dmpu
2025-10-17 15:26:16,540 [ERROR] ConditionMgr:805 - Attr not supported : Dmpu
2025-10-17 15:26:16,540 [ERROR] ConditionMgr:805 - Attr not supported : Dmpu
2025-10-17 15:26:16,540 [ERROR] ConditionMgr:805 - Attr not supported : Dmpu
2025-10-17 15:26:16,541 [ERROR] ConditionMgr:805 - Attr not supported : Dmpu
2025-10-17 15:26:16,541 [ERROR] ConditionMgr:805 - Attr not supported : Dmpu
2025-10-17 15:26:16,541 [ERROR] ConditionMgr:805 - Attr not supported : Dmpu
2025-10-17 15:26:16,541 [ERROR] ConditionMgr:805 - Attr not supported : Dmpu
2025-10-17 15:26:16,541 [ERROR] ConditionMgr:805 - Attr not supported : Dmpu
2025-10-17 15:26:16,541 [ERROR] ConditionMgr:805 - Attr not supported : Dmpu
2025-10-17 15:26:16,541 [ERROR] ConditionMgr:805 - Attr not supported : Dmpu
2025-10-17 15:26:16,541 [ERROR] ConditionMgr:805 - Attr not supported : Dmpu
2025-10-17 15:26:16,541 [ERROR] ConditionMgr:805 - Attr not supported : Dmpu
2025-10-17 15:26:16,541 [ERROR] ConditionMgr:805 - Attr not supported : Dmpu
2025-10-17 15:26:16,541 [ERROR] ConditionMgr:805 - Attr not supported : Dmpu
2025-10-17 15:26:16,541 [ERROR] ConditionMgr:805 - Attr not supported : Dmpu
2025-10-17 15:26:16,541 [ERROR] ConditionMgr:805 - Attr not supported : Dmpu
2025-10-17 15:26:16,541 [ERROR] ConditionMgr:805 - Attr not supported : Dmpu
2025-10-17 15:26:16,541 [ERROR] ConditionMgr:805 - Attr not supported : Dmpu
2025-10-17 15:26:16,541 [ERROR] ConditionMgr:805 - Attr not supported : Dmpu
2025-10-17 15:26:16,541 [ERROR] ConditionMgr:805 - Attr not supported : Dmpu
2025-10-17 15:26:16,541 [ERROR] ConditionMgr:805 - Attr not supported : Dmpu
2025-10-17 15:26:16,541 [ERROR] ConditionMgr:805 - Attr not supported : Dmpu
2025-10-17 15:26:16,541 [ERROR] ConditionMgr:805 - Attr not supported : Dmpu
2025-10-17 15:26:16,541 [ERROR] ConditionMgr:805 - Attr not supported : Dmpu
2025-10-17 15:26:16,541 [ERROR] ConditionMgr:805 - Attr not supported : Dmpu
2025-10-17 15:26:16,541 [ERROR] ConditionMgr:805 - Attr not supported : Dmpu
2025-10-17 15:26:16,541 [ERROR] ConditionMgr:805 - Attr not supported : Dmpu
2025-10-17 15:26:16,541 [ERROR] ConditionMgr:805 - Attr not supported : Dmpu
2025-10-17 15:26:16,541 [ERROR] ConditionMgr:805 - Attr not supported : Dmpu
2025-10-17 15:26:16,541 [ERROR] ConditionMgr:805 - Attr not supported : Dmpu
2025-10-17 15:26:16,541 [ERROR] ConditionMgr:805 - Attr not supported : Dmpu
2025-10-17 15:26:16,541 [ERROR] ConditionMgr:805 - Attr not supported : Dmpu
2025-10-17 15:26:16,541 [ERROR] ConditionMgr:805 - Attr not supported : Dmpu
2025-10-17 15:26:16,541 [ERROR] ConditionMgr:805 - Attr not supported : Dmpu
2025-10-17 15:26:16,542 [ERROR] ConditionMgr:805 - Attr not supported : Dmpu
2025-10-17 15:26:16,542 [ERROR] ConditionMgr:805 - Attr not supported : Dmpu
2025-10-17 15:26:16,542 [ERROR] ConditionMgr:805 - Attr not supported : Dmpu
2025-10-17 15:26:16,542 [ERROR] ConditionMgr:805 - Attr not supported : Dmpu
2025-10-17 15:26:16,542 [ERROR] ConditionMgr:805 - Attr not supported : Dmpu
2025-10-17 15:26:16,542 [ERROR] ConditionMgr:805 - Attr not supported : Dmpu
2025-10-17 15:26:16,542 [ERROR] ConditionMgr:805 - Attr not supported : Dmpu
2025-10-17 15:26:16,542 [ERROR] ConditionMgr:805 - Attr not supported : Dmpu
2025-10-17 15:26:16,542 [ERROR] ConditionMgr:805 - Attr not supported : Dmpu
2025-10-17 15:26:16,542 [ERROR] ConditionMgr:805 - Attr not supported : Dmpu
2025-10-17 15:26:16,542 [ERROR] ConditionMgr:805 - Attr not supported : Dmpu
2025-10-17 15:26:16,542 [ERROR] ConditionMgr:805 - Attr not supported : Dmpu
2025-10-17 15:26:16,542 [ERROR] ConditionMgr:805 - Attr not supported : Dmpu
2025-10-17 15:26:16,542 [ERROR] ConditionMgr:805 - Attr not supported : Dmpu
2025-10-17 15:26:16,542 [ERROR] ConditionMgr:805 - Attr not supported : Dmpu
2025-10-17 15:26:16,542 [ERROR] ConditionMgr:805 - Attr not supported : Dmpu
2025-10-17 15:26:16,542 [ERROR] ConditionMgr:805 - Attr not supported : Dmpu
2025-10-17 15:26:16,542 [ERROR] ConditionMgr:805 - Attr not supported : Dmpu
2025-10-17 15:26:16,542 [ERROR] ConditionMgr:805 - Attr not supported : Dmpu
2025-10-17 15:26:16,556 [WARN] PackLoader:240 - Cannot read IP mode file for STMicroelectronics.X-CUBE-WB05N.2.0.0
2025-10-17 15:26:16,571 [WARN] PackLoader:240 - Cannot read IP mode file for STMicroelectronics.X-CUBE-BLEMGR.3.0.0
2025-10-17 15:26:16,583 [ERROR] Engine:466 - C:\Users\RND1\.stm32cubemx\thirdparties\pdsc\STMicroelectronics.X-CUBE-TCPP.4.2.0.pdsc: PDSC version is not supported
2025-10-17 15:26:16,597 [WARN] PackLoader:240 - Cannot read IP mode file for RealThread.X-CUBE-RT-Thread_Nano.4.1.1
2025-10-17 15:26:16,601 [WARN] PackLoader:240 - Cannot read IP mode file for STMicroelectronics.FP-ATR-SIGFOX1.3.2.0
2025-10-17 15:26:16,605 [WARN] ConditionMgr:438 - getConditionDescription Invalid condition id : Cortex-A Device cause : null
2025-10-17 15:26:16,623 [WARN] ConditionMgr:1039 - genDependencies : Invalid condition id : Cortex-A Device cause : null
2025-10-17 15:26:16,624 [WARN] ConditionMgr:1039 - genDependencies : Invalid condition id : Cortex-A Device cause : null
2025-10-17 15:26:16,624 [WARN] ConditionMgr:1039 - genDependencies : Invalid condition id : Cortex-A Device cause : null
2025-10-17 15:26:16,637 [WARN] PackLoader:240 - Cannot read IP mode file for STMicroelectronics.X-CUBE-EEPRMA1.5.1.0
2025-10-17 15:26:16,665 [ERROR] Engine:466 - C:\Users\RND1\.stm32cubemx\thirdparties\pdsc\STMicroelectronics.X-CUBE-ST67W61.1.0.0.pdsc: PDSC version is not supported
2025-10-17 15:26:16,678 [WARN] PackLoader:240 - Cannot read IP mode file for STMicroelectronics.X-CUBE-AI.10.2.0
2025-10-17 15:26:16,705 [WARN] PackLoader:240 - Cannot read IP mode file for SEGGER.I-CUBE-embOS.1.3.1
2025-10-17 15:26:16,736 [WARN] PackLoader:240 - Cannot read IP mode file for STMicroelectronics.X-CUBE-ALGOBUILD.1.4.0
2025-10-17 15:26:16,773 [WARN] PackLoader:240 - Cannot read IP mode file for STMicroelectronics.X-CUBE-MEMS1.11.3.0
2025-10-17 15:26:16,830 [WARN] PackLoader:240 - Cannot read IP mode file for STMicroelectronics.X-CUBE-AI.9.1.0
2025-10-17 15:26:16,842 [WARN] PackLoader:240 - Cannot read IP mode file for STMicroelectronics.X-CUBE-PM33A1.1.0.0
2025-10-17 15:26:16,858 [WARN] PackLoader:240 - Cannot read IP mode file for STMicroelectronics.X-CUBE-GNSS1.6.0.0
2025-10-17 15:26:16,879 [WARN] PackLoader:240 - Cannot read IP mode file for STMicroelectronics.X-CUBE-AZRTOS-F4.1.1.0
2025-10-17 15:26:16,893 [WARN] PackLoader:240 - Cannot read IP mode file for wolfSSL.I-CUBE-wolfSSL.5.6.4
2025-10-17 15:26:16,902 [ERROR] Engine:466 - C:\Users\RND1\.stm32cubemx\thirdparties\pdsc\Avnet-IotConnect.X-CUBE-IoTC-DA16k-PMOD.1.0.0.pdsc: PDSC version is not supported
2025-10-17 15:26:16,913 [WARN] PackLoader:240 - Cannot read IP mode file for STMicroelectronics.X-CUBE-ISPU.2.1.0
2025-10-17 15:26:16,915 [ERROR] Engine:466 - C:\Users\RND1\.stm32cubemx\thirdparties\pdsc\STMicroelectronics.X-CUBE-IPS.3.2.0.pdsc: PDSC version is not supported
2025-10-17 15:26:16,926 [WARN] PackLoader:240 - Cannot read IP mode file for STMicroelectronics.X-CUBE-FREERTOS.1.2.0
2025-10-17 15:26:16,939 [WARN] PackLoader:240 - Cannot read IP mode file for STMicroelectronics.X-CUBE-NFC12.1.0.0
2025-10-17 15:26:16,964 [WARN] PackLoader:240 - Cannot read IP mode file for STMicroelectronics.X-CUBE-AZRTOS-L5.2.0.0
2025-10-17 15:26:16,978 [WARN] PackLoader:240 - Cannot read IP mode file for STMicroelectronics.X-CUBE-EEPRMA1.4.2.0
2025-10-17 15:26:16,991 [WARN] PackLoader:240 - Cannot read IP mode file for STMicroelectronics.X-CUBE-NFC6.3.1.0
2025-10-17 15:26:17,008 [WARN] PackLoader:240 - Cannot read IP mode file for ITTIA_DB.I-CUBE-ITTIADB.8.8.0
2025-10-17 15:26:17,021 [WARN] PackLoader:240 - Cannot read IP mode file for STMicroelectronics.X-CUBE-DPower.1.2.0
2025-10-17 15:26:17,033 [WARN] PackLoader:240 - Cannot read IP mode file for STMicroelectronics.X-CUBE-AI.9.0.0
2025-10-17 15:26:17,036 [WARN] PackLoader:240 - Cannot read IP mode file for STMicroelectronics.X-CUBE-FREERTOS.1.3.1
2025-10-17 15:26:17,048 [WARN] PackLoader:240 - Cannot read IP mode file for STMicroelectronics.X-CUBE-FREERTOS.1.3.0
2025-10-17 15:26:17,059 [WARN] PackLoader:240 - Cannot read IP mode file for STMicroelectronics.X-CUBE-NFC7.1.0.1
2025-10-17 15:26:17,061 [WARN] PackLoader:240 - Cannot read IP mode file for STMicroelectronics.X-CUBE-TOUCHGFX.4.26.0
2025-10-17 15:26:17,073 [WARN] PackLoader:240 - Cannot read IP mode file for STMicroelectronics.X-CUBE-NFC6.3.0.0
2025-10-17 15:26:17,084 [ERROR] Engine:466 - C:\Users\RND1\.stm32cubemx\thirdparties\pdsc\STMicroelectronics.FP-SNS-STAIOTCFT.1.0.0.pdsc: PDSC version is not supported
2025-10-17 15:26:17,096 [WARN] PackLoader:240 - Cannot read IP mode file for STMicroelectronics.X-CUBE-DPower.1.3.0
2025-10-17 15:26:17,108 [WARN] PackLoader:240 - Cannot read IP mode file for STMicroelectronics.X-CUBE-AI.8.1.0
2025-10-17 15:26:17,128 [WARN] ConditionMgr:438 - getConditionDescription Invalid condition id : LAN8742 Phy interface Condition cause : null
2025-10-17 15:26:17,129 [WARN] PackLoader:240 - Cannot read IP mode file for STMicroelectronics.X-CUBE-AZRTOS-L4.2.0.0
2025-10-17 15:26:17,129 [WARN] ConditionMgr:1039 - genDependencies : Invalid condition id : LAN8742 Phy interface Condition cause : null
2025-10-17 15:26:17,129 [WARN] ConditionMgr:1039 - genDependencies : Invalid condition id : LAN8742 Phy interface Condition cause : null
2025-10-17 15:26:17,129 [WARN] ConditionMgr:1039 - genDependencies : Invalid condition id : LAN8742 Phy interface Condition cause : null
2025-10-17 15:26:17,141 [WARN] PackLoader:240 - Cannot read IP mode file for STMicroelectronics.X-CUBE-SFXS2LP1.4.0.0
2025-10-17 15:26:17,161 [WARN] PackLoader:240 - Cannot read IP mode file for STMicroelectronics.X-CUBE-AZRTOS-H7.3.3.0
2025-10-17 15:26:17,173 [ERROR] Engine:466 - C:\Users\RND1\.stm32cubemx\thirdparties\pdsc\STMicroelectronics.X-CUBE-BLEMGR.4.1.0.pdsc: PDSC version is not supported
2025-10-17 15:26:17,187 [WARN] PackLoader:240 - Cannot read IP mode file for STMicroelectronics.X-CUBE-IPS.3.0.0
2025-10-17 15:26:17,205 [WARN] ConditionMgr:438 - getConditionDescription Invalid condition id : UX DEVICE CLASS RTOS Condition cause : null
2025-10-17 15:26:17,205 [WARN] ConditionMgr:438 - getConditionDescription Invalid condition id : UX DEVICE CLASS RTOS Condition cause : null
2025-10-17 15:26:17,206 [WARN] PackLoader:240 - Cannot read IP mode file for STMicroelectronics.X-CUBE-AZRTOS-WB.2.0.0
2025-10-17 15:26:17,206 [WARN] ConditionMgr:1039 - genDependencies : Invalid condition id : UX DEVICE CLASS RTOS Condition cause : null
2025-10-17 15:26:17,206 [WARN] ConditionMgr:1039 - genDependencies : Invalid condition id : UX DEVICE CLASS RTOS Condition cause : null
2025-10-17 15:26:17,206 [WARN] ConditionMgr:1039 - genDependencies : Invalid condition id : UX DEVICE CLASS RTOS Condition cause : null
2025-10-17 15:26:17,206 [WARN] ConditionMgr:1039 - genDependencies : Invalid condition id : UX DEVICE CLASS RTOS Condition cause : null
2025-10-17 15:26:17,207 [WARN] ConditionMgr:1039 - genDependencies : Invalid condition id : UX DEVICE CLASS RTOS Condition cause : null
2025-10-17 15:26:17,218 [WARN] PackLoader:240 - Cannot read IP mode file for STMicroelectronics.X-CUBE-GNSS1.7.0.0
2025-10-17 15:26:17,229 [WARN] PackLoader:240 - Cannot read IP mode file for STMicroelectronics.X-CUBE-GNSS1.7.0.1
2025-10-17 15:26:17,240 [WARN] PackLoader:240 - Cannot read IP mode file for STMicroelectronics.X-CUBE-TOUCHGFX.4.25.0
2025-10-17 15:26:17,252 [WARN] PackLoader:240 - Cannot read IP mode file for STMicroelectronics.FP-SNS-STBOX1.2.0.0
2025-10-17 15:26:17,267 [WARN] PackLoader:240 - Cannot read IP mode file for STMicroelectronics.X-CUBE-SUBG2.5.0.0
2025-10-17 15:26:17,287 [WARN] PackLoader:240 - Cannot read IP mode file for STMicroelectronics.X-CUBE-AZRTOS-H7RS.1.1.0
2025-10-17 15:26:17,307 [WARN] PackLoader:240 - Cannot read IP mode file for STMicroelectronics.X-CUBE-AZRTOS-G4.2.0.0
2025-10-17 15:26:17,325 [WARN] PackLoader:240 - Cannot read IP mode file for Infineon.AIROC-Wi-Fi-Bluetooth-STM32.1.5.1
2025-10-17 15:26:17,339 [WARN] PackLoader:240 - Cannot read IP mode file for STMicroelectronics.X-CUBE-NFC7.2.0.0
2025-10-17 15:26:17,349 [WARN] PackLoader:240 - Cannot read IP mode file for STMicroelectronics.FP-SNS-MOTENVWB1.1.3.1
2025-10-17 15:26:17,360 [WARN] PackLoader:240 - Cannot read IP mode file for STMicroelectronics.X-CUBE-ISPU.2.0.0
2025-10-17 15:26:17,370 [ERROR] Engine:466 - C:\Users\RND1\.stm32cubemx\thirdparties\pdsc\STMicroelectronics.X-CUBE-IPS.3.1.0.pdsc: PDSC version is not supported
2025-10-17 15:26:17,380 [WARN] PackLoader:240 - Cannot read IP mode file for STMicroelectronics.X-CUBE-ALS.1.0.2
2025-10-17 15:26:17,403 [WARN] PackLoader:240 - Cannot read IP mode file for STMicroelectronics.X-CUBE-MEMS1.10.0.0
2025-10-17 15:26:17,447 [WARN] PackLoader:240 - Cannot read IP mode file for STMicroelectronics.X-CUBE-FREERTOS.1.1.0
2025-10-17 15:26:17,459 [WARN] PackLoader:240 - Cannot read IP mode file for STMicroelectronics.X-CUBE-TOUCHGFX.4.24.0
2025-10-17 15:26:17,471 [WARN] PackLoader:240 - Cannot read IP mode file for STMicroelectronics.X-CUBE-TOUCHGFX.4.24.2
2025-10-17 15:26:17,482 [WARN] PackLoader:240 - Cannot read IP mode file for STMicroelectronics.X-CUBE-TOUCHGFX.4.24.1
2025-10-17 15:26:17,494 [WARN] PackLoader:240 - Cannot read IP mode file for STMicroelectronics.X-CUBE-STSE01.1.0.0
2025-10-17 15:26:17,498 [WARN] PackLoader:240 - Cannot read IP mode file for wolfSSL.I-CUBE-wolfTPM.3.4.0
2025-10-17 15:26:17,511 [WARN] PackLoader:240 - Cannot read IP mode file for portGmbH.I-Cube-SoM-uGOAL.1.1.0
2025-10-17 15:26:17,522 [WARN] PackLoader:240 - Cannot read IP mode file for STMicroelectronics.X-CUBE-ALS.1.0.1
2025-10-17 15:26:17,540 [WARN] PackLoader:240 - Cannot read IP mode file for STMicroelectronics.X-CUBE-AZRTOS-H7RS.1.0.0
2025-10-17 15:26:17,552 [WARN] PackLoader:240 - Cannot read IP mode file for STMicroelectronics.FP-ATR-ASTRA1.2.0.0
2025-10-17 15:26:17,566 [WARN] PackLoader:240 - Cannot read IP mode file for STMicroelectronics.X-CUBE-TOF1.3.4.2
2025-10-17 15:26:17,581 [ERROR] Engine:466 - C:\Users\RND1\.stm32cubemx\thirdparties\pdsc\STMicroelectronics.X-CUBE-TOF1.3.4.3.pdsc: PDSC version is not supported
2025-10-17 15:26:17,595 [WARN] PackLoader:240 - Cannot read IP mode file for STMicroelectronics.X-CUBE-TOF1.3.4.0
2025-10-17 15:26:17,612 [WARN] PackLoader:240 - Cannot read IP mode file for STMicroelectronics.X-CUBE-TOF1.3.4.1
2025-10-17 15:26:17,635 [WARN] PackLoader:240 - Cannot read IP mode file for STMicroelectronics.X-CUBE-AZRTOS-H7.3.2.0
2025-10-17 15:26:17,639 [WARN] PackLoader:240 - Cannot read IP mode file for wolfSSL.I-CUBE-wolfSSH.1.4.17
2025-10-17 15:26:17,640 [INFO] ThirdParty:978 - Integrity check success = true
2025-10-17 15:26:17,640 [INFO] IntegrityCheckThread:100 - exiting critical section [integrity check]
2025-10-17 15:26:17,640 [INFO] IntegrityCheckThread:103 - End integrity checks thread
2025-10-17 15:27:28,399 [ERROR] LogOutputStream:75 - [STDERR_REDIRECT] 
