2025-10-20 11:44:04,283 [INFO] Activator:176 - 


2025-10-20 11:44:04,288 [INFO] Activator:177 - !SESSION log4j initialized
2025-10-20 11:44:10,301 [INFO] LogOutputStream:77 - [STDOUT_REDIRECT] 
2025-10-20 11:44:17,035 [INFO] ApplicationProperties:184 - Using Application install path: C:\ST\STM32CubeIDE_1.16.1\STM32CubeIDE\plugins\com.st.stm32cube.common.mx_6.12.1.202409122256
2025-10-20 11:44:17,061 [INFO] DbMcusXml:78 - Set database path to: C:\ST\STM32CubeIDE_1.16.1\STM32CubeIDE\plugins\com.st.stm32cube.common.mx_6.12.1.202409122256\\db\/mcu/
2025-10-20 11:44:17,062 [INFO] ApiDb:274 - Set plugin database path to: C:\ST\STM32CubeIDE_1.16.1\STM32CubeIDE\plugins\com.st.stm32cube.common.mx_6.12.1.202409122256\\db\/plugins/boardmanager/
2025-10-20 11:44:17,062 [WARN] ApiDb:259 - Overriding images path with different value:  => C:\ST\STM32CubeIDE_1.16.1\STM32CubeIDE\plugins\com.st.stm32cube.common.mx_6.12.1.202409122256\\db\/plugins/mcufinder/images/
2025-10-20 11:44:17,083 [INFO] ApiDb:250 - Set database path to: C:\Users\RND1\.stmcufinder\plugins\mcufinder//mcu/
2025-10-20 11:44:17,085 [INFO] DbMcusAds:125 - Set database path to: C:\Users\RND1\.stmcufinder\plugins\mcufinder//mcu/
2025-10-20 11:44:17,089 [INFO] CrossReferenceDbSqlite:203 - Set database path to: C:\Users\RND1\.stmcufinder\plugins\mcufinder//mcu/cs/
2025-10-20 11:44:17,202 [INFO] RulesReader:64 - Compatibility file has been processed (297 Rules)
2025-10-20 11:44:17,282 [INFO] DbMcusXml:78 - Set database path to: C:\ST\STM32CubeIDE_1.16.1\STM32CubeIDE\plugins\com.st.stm32cube.common.mx_6.12.1.202409122256\\db\/mcu/
2025-10-20 11:44:17,282 [INFO] ApiDb:274 - Set plugin database path to: C:\ST\STM32CubeIDE_1.16.1\STM32CubeIDE\plugins\com.st.stm32cube.common.mx_6.12.1.202409122256\\db\/plugins/boardmanager/
2025-10-20 11:44:17,283 [INFO] ApiDb:261 - Set plugin images path to: C:\ST\STM32CubeIDE_1.16.1\STM32CubeIDE\plugins\com.st.stm32cube.common.mx_6.12.1.202409122256\\db\/plugins/mcufinder/images/
2025-10-20 11:44:17,283 [WARN] DbFile:41 - Overriding database path with different value: C:\Users\RND1\.stmcufinder\plugins\mcufinder/ => C:\Users\RND1\.stmcufinder\plugins\mcufinder
2025-10-20 11:44:17,283 [INFO] ApiDb:250 - Set database path to: C:\Users\RND1\.stmcufinder\plugins\mcufinder//mcu/
2025-10-20 11:44:17,283 [WARN] DbFile:41 - Overriding database path with different value: C:\Users\RND1\.stmcufinder\plugins\mcufinder/ => C:\Users\RND1\.stmcufinder\plugins\mcufinder
2025-10-20 11:44:17,283 [INFO] DbMcusAds:125 - Set database path to: C:\Users\RND1\.stmcufinder\plugins\mcufinder//mcu/
2025-10-20 11:44:17,283 [WARN] DbFile:41 - Overriding database path with different value: C:\Users\RND1\.stmcufinder\plugins\mcufinder/ => C:\Users\RND1\.stmcufinder\plugins\mcufinder
2025-10-20 11:44:17,283 [WARN] DbFile:41 - Overriding database path with different value: C:\Users\RND1\.stmcufinder\plugins\mcufinder/ => C:\Users\RND1\.stmcufinder\plugins\mcufinder
2025-10-20 11:44:17,283 [INFO] CrossReferenceDbSqlite:203 - Set database path to: C:\Users\RND1\.stmcufinder\plugins\mcufinder//mcu/cs/
2025-10-20 11:44:17,359 [INFO] MainPanel:268 - HeapMemory: 268435456
2025-10-20 11:44:17,455 [INFO] DbMcusXml:78 - Set database path to: C:\ST\STM32CubeIDE_1.16.1\STM32CubeIDE\plugins\com.st.stm32cube.common.mx_6.12.1.202409122256\\db\/mcu/
2025-10-20 11:44:17,455 [INFO] ApiDb:274 - Set plugin database path to: C:\ST\STM32CubeIDE_1.16.1\STM32CubeIDE\plugins\com.st.stm32cube.common.mx_6.12.1.202409122256\\db\/plugins/boardmanager/
2025-10-20 11:44:17,455 [INFO] ApiDb:261 - Set plugin images path to: C:\ST\STM32CubeIDE_1.16.1\STM32CubeIDE\plugins\com.st.stm32cube.common.mx_6.12.1.202409122256\\db\/plugins/mcufinder/images/
2025-10-20 11:44:17,455 [WARN] DbFile:41 - Overriding database path with different value: C:\Users\RND1\.stmcufinder\plugins\mcufinder/ => C:\Users\RND1\.stmcufinder\plugins\mcufinder
2025-10-20 11:44:17,455 [INFO] ApiDb:250 - Set database path to: C:\Users\RND1\.stmcufinder\plugins\mcufinder//mcu/
2025-10-20 11:44:17,455 [WARN] DbFile:41 - Overriding database path with different value: C:\Users\RND1\.stmcufinder\plugins\mcufinder/ => C:\Users\RND1\.stmcufinder\plugins\mcufinder
2025-10-20 11:44:17,455 [INFO] DbMcusAds:125 - Set database path to: C:\Users\RND1\.stmcufinder\plugins\mcufinder//mcu/
2025-10-20 11:44:17,455 [WARN] DbFile:41 - Overriding database path with different value: C:\Users\RND1\.stmcufinder\plugins\mcufinder/ => C:\Users\RND1\.stmcufinder\plugins\mcufinder
2025-10-20 11:44:17,455 [WARN] DbFile:41 - Overriding database path with different value: C:\Users\RND1\.stmcufinder\plugins\mcufinder/ => C:\Users\RND1\.stmcufinder\plugins\mcufinder
2025-10-20 11:44:17,455 [INFO] CrossReferenceDbSqlite:203 - Set database path to: C:\Users\RND1\.stmcufinder\plugins\mcufinder//mcu/cs/
2025-10-20 11:44:17,470 [INFO] ApplicationProperties:184 - Using Application install path: C:\ST\STM32CubeIDE_1.16.1\STM32CubeIDE\plugins\com.st.stm32cube.common.mx_6.12.1.202409122256
2025-10-20 11:44:17,471 [INFO] PluginManage:196 - Search for loadable plugins [exclusion list=, ]
2025-10-20 11:44:17,473 [INFO] PluginManage:310 - Check plugin analytics
2025-10-20 11:44:17,630 [INFO] AnalyticsPlugin:253 - Accepted Software Licenses: STM32CubeMX.6.10.0
2025-10-20 11:44:17,630 [INFO] AnalyticsPlugin:255 - Accepted CMSIS Pack Licenses: 
2025-10-20 11:44:17,630 [INFO] AnalyticsPlugin:257 - Accepted Firmware Licenses: FW.G4.1.5.0,FW.G4.1.6.0,FW.F4.1.28.0,FW.H7.1.11.0
2025-10-20 11:44:17,634 [INFO] PluginManage:359 - Loaded plugin analytics (category:tool,tabindex:-1)
2025-10-20 11:44:17,634 [INFO] PluginManage:310 - Check plugin cadmodel
2025-10-20 11:44:17,652 [INFO] CADModel:105 - Init CAD model plugin
2025-10-20 11:44:17,652 [INFO] PluginManage:359 - Loaded plugin cadmodel (category:power,tabindex:5)
2025-10-20 11:44:17,653 [INFO] PluginManage:310 - Check plugin clock
2025-10-20 11:44:17,677 [INFO] PluginManage:359 - Loaded plugin clock (category:base,tabindex:2)
2025-10-20 11:44:17,677 [INFO] PluginManage:310 - Check plugin ddr
2025-10-20 11:44:17,681 [INFO] PluginManage:359 - Loaded plugin ddr (category:tool,tabindex:6)
2025-10-20 11:44:17,682 [INFO] PluginManage:310 - Check plugin filemanager
2025-10-20 11:44:17,853 [INFO] PluginManage:359 - Loaded plugin filemanager (category:base,tabindex:10)
2025-10-20 11:44:17,853 [INFO] PluginManage:310 - Check plugin ipmanager
2025-10-20 11:44:17,861 [INFO] PluginManage:359 - Loaded plugin ipmanager (category:base,tabindex:5)
2025-10-20 11:44:17,862 [INFO] PluginManage:310 - Check plugin lpbam
2025-10-20 11:44:17,880 [INFO] PluginManage:359 - Loaded plugin lpbam (category:base,tabindex:0)
2025-10-20 11:44:17,880 [INFO] PluginManage:310 - Check plugin memorymap
2025-10-20 11:44:17,905 [INFO] PluginManage:359 - Loaded plugin memorymap (category:base,tabindex:4)
2025-10-20 11:44:17,906 [INFO] PluginManage:310 - Check plugin pinoutandconfiguration
2025-10-20 11:44:17,924 [INFO] PluginManage:359 - Loaded plugin pinoutandconfiguration (category:base,tabindex:1)
2025-10-20 11:44:17,924 [INFO] PluginManage:310 - Check plugin pinoutconfig
2025-10-20 11:44:18,013 [WARN] SupportedApi:132 - Cannot load RTOS API schema: s4s-elt-must-match.1: The content of 'definitions' must match (annotation?, (simpleType | complexType)?, (unique | key | keyref)*)). A problem was found starting at: attribute.
2025-10-20 11:44:18,145 [INFO] PluginManage:359 - Loaded plugin pinoutconfig (category:base,tabindex:0)
2025-10-20 11:44:18,145 [INFO] PluginManage:310 - Check plugin power
2025-10-20 11:44:18,165 [INFO] PluginManage:359 - Loaded plugin power (category:power,tabindex:4)
2025-10-20 11:44:18,165 [INFO] PluginManage:310 - Check plugin projectmanager
2025-10-20 11:44:18,177 [INFO] PluginManage:359 - Loaded plugin projectmanager (category:projectmanager,tabindex:4)
2025-10-20 11:44:18,177 [INFO] PluginManage:310 - Check plugin rif
2025-10-20 11:44:18,194 [INFO] PluginManage:359 - Loaded plugin rif (category:base,tabindex:3)
2025-10-20 11:44:18,194 [INFO] PluginManage:310 - Check plugin thirdparty
2025-10-20 11:44:18,464 [INFO] PluginManage:359 - Loaded plugin thirdparty (category:base,tabindex:-1)
2025-10-20 11:44:18,464 [WARN] IntegrityCheckThread:84 - waiting for thirdparty lock release [integrity check]
2025-10-20 11:44:18,464 [INFO] PluginManage:310 - Check plugin tools
2025-10-20 11:44:18,464 [INFO] IntegrityCheckThread:86 - entering critical section [integrity check]
2025-10-20 11:44:18,465 [INFO] ThirdPartyUpdaterWithRetryManager:70 - Updater plugin not ready yet. [1/15]
2025-10-20 11:44:18,503 [INFO] PluginManage:359 - Loaded plugin tools (category:base,tabindex:7)
2025-10-20 11:44:18,503 [INFO] PluginManage:310 - Check plugin tutovideos
2025-10-20 11:44:18,685 [INFO] PluginManage:359 - Loaded plugin tutovideos (category:base,tabindex:-1)
2025-10-20 11:44:18,685 [INFO] PluginManage:310 - Check plugin updater
2025-10-20 11:44:18,700 [INFO] PluginManage:359 - Loaded plugin updater (category:base,tabindex:12)
2025-10-20 11:44:18,700 [INFO] PluginManage:310 - Check plugin userauth
2025-10-20 11:44:18,705 [INFO] UserAuth:113 - Init User Auth plugin
2025-10-20 11:44:18,705 [INFO] PluginManage:359 - Loaded plugin userauth (category:base,tabindex:14)
2025-10-20 11:44:18,705 [INFO] PluginManage:283 - PluginManage : Loaded plugins [18]
2025-10-20 11:44:18,909 [INFO] PinOutPanel:1561 - setPackage(No Configuration,No Configuration)
2025-10-20 11:44:18,992 [INFO] CADModel:165 - CPN selected for project level
2025-10-20 11:44:18,992 [INFO] CADModel:114 - Register for checkConnection events
2025-10-20 11:44:19,018 [INFO] IPUIPlugin:80 - create IPUIPlugin
2025-10-20 11:44:19,019 [INFO] PluginManager:220 - loadIPPluginJar : add adc
2025-10-20 11:44:19,068 [INFO] IPUIPlugin:80 - create IPUIPlugin
2025-10-20 11:44:19,068 [INFO] PluginManager:220 - loadIPPluginJar : add aes
2025-10-20 11:44:19,122 [INFO] IPUIPlugin:80 - create IPUIPlugin
2025-10-20 11:44:19,122 [INFO] PluginManager:220 - loadIPPluginJar : add can
2025-10-20 11:44:19,152 [INFO] IPUIPlugin:80 - create IPUIPlugin
2025-10-20 11:44:19,153 [INFO] PluginManager:220 - loadIPPluginJar : add comp
2025-10-20 11:44:19,187 [INFO] IPUIPlugin:80 - create IPUIPlugin
2025-10-20 11:44:19,187 [INFO] PluginManager:220 - loadIPPluginJar : add cryp
2025-10-20 11:44:19,201 [INFO] IPUIPlugin:80 - create IPUIPlugin
2025-10-20 11:44:19,201 [INFO] PluginManager:220 - loadIPPluginJar : add ddr_ctrl_phy
2025-10-20 11:44:19,238 [INFO] IPUIPlugin:80 - create IPUIPlugin
2025-10-20 11:44:19,238 [INFO] PluginManager:220 - loadIPPluginJar : add dfsdm
2025-10-20 11:44:19,254 [INFO] IPUIPlugin:80 - create IPUIPlugin
2025-10-20 11:44:19,254 [INFO] PluginManager:220 - loadIPPluginJar : add dma
2025-10-20 11:44:19,313 [INFO] IPUIPlugin:80 - create IPUIPlugin
2025-10-20 11:44:19,313 [INFO] PluginManager:220 - loadIPPluginJar : add dma3
2025-10-20 11:44:19,360 [INFO] IPUIPlugin:80 - create IPUIPlugin
2025-10-20 11:44:19,360 [INFO] PluginManager:220 - loadIPPluginJar : add extmemmanager
2025-10-20 11:44:19,383 [INFO] IPUIPlugin:80 - create IPUIPlugin
2025-10-20 11:44:19,383 [INFO] PluginManager:220 - loadIPPluginJar : add fatfs
2025-10-20 11:44:19,430 [INFO] IPUIPlugin:80 - create IPUIPlugin
2025-10-20 11:44:19,431 [INFO] PluginManager:220 - loadIPPluginJar : add fmc
2025-10-20 11:44:19,445 [INFO] IPUIPlugin:80 - create IPUIPlugin
2025-10-20 11:44:19,446 [INFO] PluginManager:220 - loadIPPluginJar : add freertos
2025-10-20 11:44:19,472 [INFO] IPUIPlugin:80 - create IPUIPlugin
2025-10-20 11:44:19,472 [INFO] PluginManager:220 - loadIPPluginJar : add genericplugin
2025-10-20 11:44:19,567 [INFO] IPUIPlugin:80 - create IPUIPlugin
2025-10-20 11:44:19,567 [INFO] PluginManager:220 - loadIPPluginJar : add gfxmmu
2025-10-20 11:44:19,720 [INFO] IPUIPlugin:80 - create IPUIPlugin
2025-10-20 11:44:19,721 [INFO] PluginManager:220 - loadIPPluginJar : add gic
2025-10-20 11:44:19,734 [INFO] IPUIPlugin:80 - create IPUIPlugin
2025-10-20 11:44:19,734 [INFO] PluginManager:220 - loadIPPluginJar : add gpio
2025-10-20 11:44:19,827 [INFO] IPUIPlugin:80 - create IPUIPlugin
2025-10-20 11:44:19,827 [INFO] PluginManager:220 - loadIPPluginJar : add gtzc
2025-10-20 11:44:19,863 [INFO] IPUIPlugin:80 - create IPUIPlugin
2025-10-20 11:44:19,863 [INFO] PluginManager:220 - loadIPPluginJar : add hash
2025-10-20 11:44:19,917 [INFO] IPUIPlugin:80 - create IPUIPlugin
2025-10-20 11:44:19,918 [INFO] PluginManager:220 - loadIPPluginJar : add i2c
2025-10-20 11:44:19,965 [INFO] IPUIPlugin:80 - create IPUIPlugin
2025-10-20 11:44:19,965 [INFO] PluginManager:220 - loadIPPluginJar : add i2s
2025-10-20 11:44:20,017 [INFO] IPUIPlugin:80 - create IPUIPlugin
2025-10-20 11:44:20,017 [INFO] PluginManager:220 - loadIPPluginJar : add i3c
2025-10-20 11:44:20,129 [INFO] IPUIPlugin:80 - create IPUIPlugin
2025-10-20 11:44:20,130 [INFO] PluginManager:220 - loadIPPluginJar : add ipddr
2025-10-20 11:44:20,239 [INFO] IPUIPlugin:80 - create IPUIPlugin
2025-10-20 11:44:20,239 [INFO] PluginManager:220 - loadIPPluginJar : add linkedlist
2025-10-20 11:44:20,277 [INFO] IPUIPlugin:80 - create IPUIPlugin
2025-10-20 11:44:20,278 [INFO] PluginManager:220 - loadIPPluginJar : add lorawan
2025-10-20 11:44:20,321 [INFO] IPUIPlugin:80 - create IPUIPlugin
2025-10-20 11:44:20,321 [INFO] PluginManager:220 - loadIPPluginJar : add ltdc
2025-10-20 11:44:20,336 [INFO] IPUIPlugin:80 - create IPUIPlugin
2025-10-20 11:44:20,336 [INFO] PluginManager:220 - loadIPPluginJar : add mdma
2025-10-20 11:44:20,353 [INFO] IPUIPlugin:80 - create IPUIPlugin
2025-10-20 11:44:20,353 [INFO] PluginManager:220 - loadIPPluginJar : add nvic
2025-10-20 11:44:20,396 [INFO] IPUIPlugin:80 - create IPUIPlugin
2025-10-20 11:44:20,396 [INFO] PluginManager:220 - loadIPPluginJar : add opamp
2025-10-20 11:44:20,468 [INFO] IPUIPlugin:80 - create IPUIPlugin
2025-10-20 11:44:20,468 [INFO] PluginManager:220 - loadIPPluginJar : add openamp
2025-10-20 11:44:20,517 [INFO] IPUIPlugin:80 - create IPUIPlugin
2025-10-20 11:44:20,518 [INFO] PluginManager:220 - loadIPPluginJar : add pdm2pcm
2025-10-20 11:44:20,531 [INFO] IPUIPlugin:80 - create IPUIPlugin
2025-10-20 11:44:20,533 [INFO] PluginManager:220 - loadIPPluginJar : add plateformsettings
2025-10-20 11:44:20,560 [INFO] IPUIPlugin:80 - create IPUIPlugin
2025-10-20 11:44:20,560 [INFO] PluginManager:220 - loadIPPluginJar : add quadspi
2025-10-20 11:44:20,587 [INFO] IPUIPlugin:80 - create IPUIPlugin
2025-10-20 11:44:20,587 [INFO] PluginManager:220 - loadIPPluginJar : add radio
2025-10-20 11:44:20,601 [INFO] IPUIPlugin:80 - create IPUIPlugin
2025-10-20 11:44:20,601 [INFO] PluginManager:220 - loadIPPluginJar : add resmgrutility
2025-10-20 11:44:20,648 [INFO] IPUIPlugin:80 - create IPUIPlugin
2025-10-20 11:44:20,648 [INFO] PluginManager:220 - loadIPPluginJar : add sai
2025-10-20 11:44:20,686 [INFO] IPUIPlugin:80 - create IPUIPlugin
2025-10-20 11:44:20,686 [INFO] PluginManager:220 - loadIPPluginJar : add spi
2025-10-20 11:44:20,754 [INFO] IPUIPlugin:80 - create IPUIPlugin
2025-10-20 11:44:20,754 [INFO] PluginManager:220 - loadIPPluginJar : add stm32_wpan
2025-10-20 11:44:20,779 [INFO] IPUIPlugin:80 - create IPUIPlugin
2025-10-20 11:44:20,780 [INFO] PluginManager:220 - loadIPPluginJar : add tim
2025-10-20 11:44:20,843 [INFO] IPUIPlugin:80 - create IPUIPlugin
2025-10-20 11:44:20,843 [INFO] PluginManager:220 - loadIPPluginJar : add touchsensing
2025-10-20 11:44:20,869 [INFO] IPUIPlugin:80 - create IPUIPlugin
2025-10-20 11:44:20,870 [INFO] PluginManager:220 - loadIPPluginJar : add tracer_emb
2025-10-20 11:44:20,897 [INFO] IPUIPlugin:80 - create IPUIPlugin
2025-10-20 11:44:20,897 [INFO] PluginManager:220 - loadIPPluginJar : add ts
2025-10-20 11:44:20,923 [INFO] IPUIPlugin:80 - create IPUIPlugin
2025-10-20 11:44:20,923 [INFO] PluginManager:220 - loadIPPluginJar : add tsc
2025-10-20 11:44:20,949 [INFO] IPUIPlugin:80 - create IPUIPlugin
2025-10-20 11:44:20,950 [INFO] PluginManager:220 - loadIPPluginJar : add ucpd
2025-10-20 11:44:21,004 [INFO] IPUIPlugin:80 - create IPUIPlugin
2025-10-20 11:44:21,004 [INFO] PluginManager:220 - loadIPPluginJar : add usart
2025-10-20 11:44:21,055 [INFO] IPUIPlugin:80 - create IPUIPlugin
2025-10-20 11:44:21,055 [INFO] PluginManager:220 - loadIPPluginJar : add usbx
2025-10-20 11:44:21,177 [INFO] CADModel:165 - CPN selected for project level
2025-10-20 11:44:21,178 [INFO] CADModel:114 - Register for checkConnection events
2025-10-20 11:44:21,179 [FATAL] Updater:334 - Updater called before beeing initialized
2025-10-20 11:44:21,179 [ERROR] CADModel:125 - Updater not yet initialized, retry later 
2025-10-20 11:44:21,273 [INFO] CADModel:165 - CPN selected for project level
2025-10-20 11:44:21,274 [INFO] CADModel:114 - Register for checkConnection events
2025-10-20 11:44:21,274 [FATAL] Updater:334 - Updater called before beeing initialized
2025-10-20 11:44:21,274 [ERROR] CADModel:125 - Updater not yet initialized, retry later 
2025-10-20 11:44:21,276 [FATAL] Updater:334 - Updater called before beeing initialized
2025-10-20 11:44:21,362 [FATAL] Updater:334 - Updater called before beeing initialized
2025-10-20 11:44:21,372 [INFO] DbMcusAds:53 - JSON generation date=Tue Jul 08 17:14:27 KST 2025 (1751962467633)
2025-10-20 11:44:21,372 [FATAL] Updater:334 - Updater called before beeing initialized
2025-10-20 11:44:21,402 [WARN] DetailPanel:346 - Failed to get advertising image, set to default
2025-10-20 11:44:21,471 [FATAL] Updater:334 - Updater called before beeing initialized
2025-10-20 11:44:21,472 [INFO] ThirdPartyUpdaterWithRetryManager:70 - Updater plugin not ready yet. [2/15]
2025-10-20 11:44:21,473 [FATAL] Updater:334 - Updater called before beeing initialized
2025-10-20 11:44:21,473 [FATAL] Updater:334 - Updater called before beeing initialized
2025-10-20 11:44:21,473 [WARN] DetailPanel:346 - Failed to get advertising image, set to default
2025-10-20 11:44:21,474 [FATAL] Updater:334 - Updater called before beeing initialized
2025-10-20 11:44:21,529 [ERROR] Updater:1164 - MainUpdater not yet initialized. External WinMGr cannot be set.
2025-10-20 11:44:21,539 [INFO] Updater:1100 - Updater Version found : 6.12.1
2025-10-20 11:44:21,554 [INFO] ApplicationProperties:184 - Using Application install path: C:\ST\STM32CubeIDE_1.16.1\STM32CubeIDE\plugins\com.st.stm32cube.common.mx_6.12.1.202409122256
2025-10-20 11:44:22,400 [INFO] MainUpdater:2873 - connection check result : 10
2025-10-20 11:44:22,401 [INFO] MainUpdater:290 - Updater Check For Update Now.
2025-10-20 11:44:22,401 [INFO] MicroXplorer:498 - Change Database Version : DB.6.0.121
2025-10-20 11:44:22,420 [INFO] McuFinderGlobals:63 - Set McuFinder mode to 2 (CubeIDE integrated)
2025-10-20 11:44:22,429 [INFO] UserAuth:417 - Internet connection configuration mode: 1
2025-10-20 11:44:22,464 [INFO] JxBrowserEngine:152 - Initiate JxBrowser Engine with user profile folder
2025-10-20 11:44:22,604 [INFO] CheckServerUpdateThread:120 - End of CheckServer Thread
2025-10-20 11:44:24,911 [WARN] PackLoader:240 - Cannot read IP mode file for STMicroelectronics.FP-SNS-MOTENVWB1.1.4.0
2025-10-20 11:44:24,928 [WARN] PackLoader:240 - Cannot read IP mode file for STMicroelectronics.FP-ATR-ASTRA1.2.0.2
2025-10-20 11:44:24,941 [WARN] PackLoader:240 - Cannot read IP mode file for STMicroelectronics.FP-ATR-ASTRA1.2.0.1
2025-10-20 11:44:24,964 [WARN] PackLoader:240 - Cannot read IP mode file for STMicroelectronics.X-CUBE-SMBUS.2.1.0
2025-10-20 11:44:24,980 [WARN] PackLoader:240 - Cannot read IP mode file for STMicroelectronics.X-CUBE-WB05N.1.1.0
2025-10-20 11:44:24,983 [INFO] WebApp:167 - Instantiating new browser for Auth
2025-10-20 11:44:24,994 [ERROR] Engine:466 - C:\Users\RND1\.stm32cubemx\thirdparties\pdsc\STMicroelectronics.X-CUBE-ST60.1.0.0.pdsc: PDSC version is not supported
2025-10-20 11:44:25,014 [WARN] PackLoader:240 - Cannot read IP mode file for STMicroelectronics.X-CUBE-TOUCHGFX.4.23.0
2025-10-20 11:44:25,030 [WARN] PackLoader:240 - Cannot read IP mode file for STMicroelectronics.X-CUBE-TOUCHGFX.4.23.2
2025-10-20 11:44:25,063 [WARN] PackLoader:240 - Cannot read IP mode file for STMicroelectronics.X-CUBE-AZRTOS-F7.1.1.0
2025-10-20 11:44:25,080 [WARN] PackLoader:240 - Cannot read IP mode file for STMicroelectronics.FP-SNS-MOTENV1.4.3.2
2025-10-20 11:44:25,141 [WARN] PackLoader:240 - Cannot read IP mode file for STMicroelectronics.X-CUBE-MEMS1.11.0.0
2025-10-20 11:44:25,229 [WARN] PackLoader:240 - Cannot read IP mode file for STMicroelectronics.FP-SNS-FLIGHT1.5.0.2
2025-10-20 11:44:25,255 [WARN] PackLoader:240 - Cannot read IP mode file for STMicroelectronics.X-CUBE-AZRTOS-H7.3.4.0
2025-10-20 11:44:25,276 [WARN] PackLoader:240 - Cannot read IP mode file for STMicroelectronics.X-CUBE-DISPLAY.3.0.0
2025-10-20 11:44:25,290 [WARN] PackLoader:240 - Cannot read IP mode file for STMicroelectronics.X-CUBE-BLE1.7.0.0
2025-10-20 11:44:25,303 [WARN] PackLoader:240 - Cannot read IP mode file for STMicroelectronics.X-CUBE-NFC10.1.0.0
2025-10-20 11:44:25,320 [WARN] PackLoader:240 - Cannot read IP mode file for STMicroelectronics.X-CUBE-BLEMGR.4.0.0
2025-10-20 11:44:25,336 [ERROR] Engine:466 - C:\Users\RND1\.stm32cubemx\thirdparties\pdsc\STMicroelectronics.X-CUBE-ST60.1.1.0.pdsc: PDSC version is not supported
2025-10-20 11:44:25,353 [WARN] PackLoader:240 - Cannot read IP mode file for emotas.I-CUBE-CANOPEN.1.3.0
2025-10-20 11:44:25,369 [WARN] PackLoader:240 - Cannot read IP mode file for STMicroelectronics.X-CUBE-BLEMGR.3.1.0
2025-10-20 11:44:25,385 [WARN] PackLoader:240 - Cannot read IP mode file for STMicroelectronics.X-CUBE-AI.10.0.0
2025-10-20 11:44:25,402 [ERROR] Engine:466 - C:\Users\RND1\.stm32cubemx\thirdparties\pdsc\STMicroelectronics.FP-SNS-STBOX1.2.1.0.pdsc: PDSC version is not supported
2025-10-20 11:44:25,417 [WARN] PackLoader:240 - Cannot read IP mode file for STMicroelectronics.FP-SNS-SMARTAG2.1.2.0
2025-10-20 11:44:25,432 [ERROR] Engine:466 - C:\Users\RND1\.stm32cubemx\thirdparties\pdsc\STMicroelectronics.FP-SNS-FLIGHT1.5.1.0.pdsc: PDSC version is not supported
2025-10-20 11:44:25,473 [WARN] PackLoader:240 - Cannot read IP mode file for STMicroelectronics.X-CUBE-MEMS1.11.1.0
2025-10-20 11:44:25,562 [INFO] LogOutputStream:77 - [STDOUT_REDIRECT] 1 : Invalid condition id : UX_CORESTACK_Condition cause : null
2025-10-20 11:44:25,563 [INFO] LogOutputStream:77 - [STDOUT_REDIRECT] 1 : Invalid condition id : UX_CORESTACK_Condition cause : null
2025-10-20 11:44:25,564 [INFO] LogOutputStream:77 - [STDOUT_REDIRECT] 1 : Invalid condition id : UX_CORESTACK_Condition cause : null
2025-10-20 11:44:25,565 [INFO] LogOutputStream:77 - [STDOUT_REDIRECT] 1 : Invalid condition id : UX_CORESTACK_Condition cause : null
2025-10-20 11:44:25,566 [INFO] LogOutputStream:77 - [STDOUT_REDIRECT] 1 : Invalid condition id : UX_CORESTACK_Condition cause : null
2025-10-20 11:44:25,568 [WARN] PackLoader:240 - Cannot read IP mode file for STMicroelectronics.X-CUBE-AZRTOS-WL.2.0.0
2025-10-20 11:44:25,587 [WARN] PackLoader:240 - Cannot read IP mode file for STMicroelectronics.FP-SNS-MOTENV1.5.0.0
2025-10-20 11:44:25,608 [WARN] PackLoader:240 - Cannot read IP mode file for wolfSSL.I-CUBE-wolfMQTT.1.19.0
2025-10-20 11:44:25,631 [WARN] PackLoader:240 - Cannot read IP mode file for WES.I-CUBE-Cesium.1.3.0
2025-10-20 11:44:25,650 [WARN] PackLoader:240 - Cannot read IP mode file for STMicroelectronics.X-CUBE-BLE2.3.3.0
2025-10-20 11:44:25,672 [WARN] PackLoader:240 - Cannot read IP mode file for STMicroelectronics.X-CUBE-NFC9.1.0.0
2025-10-20 11:44:25,691 [WARN] PackLoader:240 - Cannot read IP mode file for STMicroelectronics.X-CUBE-BLE1.7.1.0
2025-10-20 11:44:25,711 [WARN] PackLoader:240 - Cannot read IP mode file for STMicroelectronics.X-CUBE-TCPP.4.1.0
2025-10-20 11:44:25,733 [WARN] PackLoader:240 - Cannot read IP mode file for STMicroelectronics.X-CUBE-EEPRMA1.5.2.0
2025-10-20 11:44:25,751 [ERROR] Engine:466 - C:\Users\RND1\.stm32cubemx\thirdparties\pdsc\STMicroelectronics.X-CUBE-ST67W61.1.1.0.pdsc: PDSC version is not supported
2025-10-20 11:44:25,764 [WARN] PackLoader:240 - Cannot read IP mode file for STMicroelectronics.X-CUBE-AI.10.1.0
2025-10-20 11:44:25,782 [WARN] PackLoader:240 - Cannot read IP mode file for STMicroelectronics.X-CUBE-ALGOBUILD.1.3.0
2025-10-20 11:44:25,821 [WARN] PackLoader:240 - Cannot read IP mode file for STMicroelectronics.X-CUBE-MEMS1.11.2.0
2025-10-20 11:44:25,909 [WARN] PackLoader:240 - Cannot read IP mode file for STMicroelectronics.X-CUBE-AZRTOS-G0.1.1.0
2025-10-20 11:44:25,937 [WARN] PackLoader:240 - Cannot read IP mode file for STMicroelectronics.X-CUBE-SAFEA1.1.2.2
2025-10-20 11:44:25,963 [WARN] PackLoader:240 - Cannot read IP mode file for STMicroelectronics.X-CUBE-NFC4.3.0.0
2025-10-20 11:44:25,999 [WARN] PackLoader:240 - Cannot read IP mode file for wolfSSL.I-CUBE-wolfMQTT.1.18.0
2025-10-20 11:44:26,025 [WARN] PackLoader:240 - Cannot read IP mode file for EmbeddedOffice.I-CUBE-FS-RTOS.1.0.1
2025-10-20 11:44:26,025 [ERROR] ConditionMgr:805 - Attr not supported : Dmpu
2025-10-20 11:44:26,026 [ERROR] ConditionMgr:805 - Attr not supported : Dmpu
2025-10-20 11:44:26,026 [ERROR] ConditionMgr:805 - Attr not supported : Dmpu
2025-10-20 11:44:26,026 [ERROR] ConditionMgr:805 - Attr not supported : Dmpu
2025-10-20 11:44:26,026 [ERROR] ConditionMgr:805 - Attr not supported : Dmpu
2025-10-20 11:44:26,026 [ERROR] ConditionMgr:805 - Attr not supported : Dmpu
2025-10-20 11:44:26,026 [ERROR] ConditionMgr:805 - Attr not supported : Dmpu
2025-10-20 11:44:26,026 [ERROR] ConditionMgr:805 - Attr not supported : Dmpu
2025-10-20 11:44:26,026 [ERROR] ConditionMgr:805 - Attr not supported : Dmpu
2025-10-20 11:44:26,026 [ERROR] ConditionMgr:805 - Attr not supported : Dmpu
2025-10-20 11:44:26,026 [ERROR] ConditionMgr:805 - Attr not supported : Dmpu
2025-10-20 11:44:26,026 [ERROR] ConditionMgr:805 - Attr not supported : Dmpu
2025-10-20 11:44:26,027 [ERROR] ConditionMgr:805 - Attr not supported : Dmpu
2025-10-20 11:44:26,027 [ERROR] ConditionMgr:805 - Attr not supported : Dmpu
2025-10-20 11:44:26,027 [ERROR] ConditionMgr:805 - Attr not supported : Dmpu
2025-10-20 11:44:26,027 [ERROR] ConditionMgr:805 - Attr not supported : Dmpu
2025-10-20 11:44:26,027 [ERROR] ConditionMgr:805 - Attr not supported : Dmpu
2025-10-20 11:44:26,027 [ERROR] ConditionMgr:805 - Attr not supported : Dmpu
2025-10-20 11:44:26,027 [ERROR] ConditionMgr:805 - Attr not supported : Dmpu
2025-10-20 11:44:26,027 [ERROR] ConditionMgr:805 - Attr not supported : Dmpu
2025-10-20 11:44:26,027 [ERROR] ConditionMgr:805 - Attr not supported : Dmpu
2025-10-20 11:44:26,027 [ERROR] ConditionMgr:805 - Attr not supported : Dmpu
2025-10-20 11:44:26,027 [ERROR] ConditionMgr:805 - Attr not supported : Dmpu
2025-10-20 11:44:26,027 [ERROR] ConditionMgr:805 - Attr not supported : Dmpu
2025-10-20 11:44:26,027 [ERROR] ConditionMgr:805 - Attr not supported : Dmpu
2025-10-20 11:44:26,028 [ERROR] ConditionMgr:805 - Attr not supported : Dmpu
2025-10-20 11:44:26,028 [ERROR] ConditionMgr:805 - Attr not supported : Dmpu
2025-10-20 11:44:26,028 [ERROR] ConditionMgr:805 - Attr not supported : Dmpu
2025-10-20 11:44:26,028 [ERROR] ConditionMgr:805 - Attr not supported : Dmpu
2025-10-20 11:44:26,028 [ERROR] ConditionMgr:805 - Attr not supported : Dmpu
2025-10-20 11:44:26,028 [ERROR] ConditionMgr:805 - Attr not supported : Dmpu
2025-10-20 11:44:26,028 [ERROR] ConditionMgr:805 - Attr not supported : Dmpu
2025-10-20 11:44:26,028 [ERROR] ConditionMgr:805 - Attr not supported : Dmpu
2025-10-20 11:44:26,028 [ERROR] ConditionMgr:805 - Attr not supported : Dmpu
2025-10-20 11:44:26,028 [ERROR] ConditionMgr:805 - Attr not supported : Dmpu
2025-10-20 11:44:26,028 [ERROR] ConditionMgr:805 - Attr not supported : Dmpu
2025-10-20 11:44:26,028 [ERROR] ConditionMgr:805 - Attr not supported : Dmpu
2025-10-20 11:44:26,028 [ERROR] ConditionMgr:805 - Attr not supported : Dmpu
2025-10-20 11:44:26,028 [ERROR] ConditionMgr:805 - Attr not supported : Dmpu
2025-10-20 11:44:26,028 [ERROR] ConditionMgr:805 - Attr not supported : Dmpu
2025-10-20 11:44:26,028 [ERROR] ConditionMgr:805 - Attr not supported : Dmpu
2025-10-20 11:44:26,028 [ERROR] ConditionMgr:805 - Attr not supported : Dmpu
2025-10-20 11:44:26,028 [ERROR] ConditionMgr:805 - Attr not supported : Dmpu
2025-10-20 11:44:26,028 [ERROR] ConditionMgr:805 - Attr not supported : Dmpu
2025-10-20 11:44:26,028 [ERROR] ConditionMgr:805 - Attr not supported : Dmpu
2025-10-20 11:44:26,028 [ERROR] ConditionMgr:805 - Attr not supported : Dmpu
2025-10-20 11:44:26,029 [ERROR] ConditionMgr:805 - Attr not supported : Dmpu
2025-10-20 11:44:26,029 [ERROR] ConditionMgr:805 - Attr not supported : Dmpu
2025-10-20 11:44:26,029 [ERROR] ConditionMgr:805 - Attr not supported : Dmpu
2025-10-20 11:44:26,029 [ERROR] ConditionMgr:805 - Attr not supported : Dmpu
2025-10-20 11:44:26,029 [ERROR] ConditionMgr:805 - Attr not supported : Dmpu
2025-10-20 11:44:26,029 [ERROR] ConditionMgr:805 - Attr not supported : Dmpu
2025-10-20 11:44:26,029 [ERROR] ConditionMgr:805 - Attr not supported : Dmpu
2025-10-20 11:44:26,029 [ERROR] ConditionMgr:805 - Attr not supported : Dmpu
2025-10-20 11:44:26,029 [ERROR] ConditionMgr:805 - Attr not supported : Dmpu
2025-10-20 11:44:26,029 [ERROR] ConditionMgr:805 - Attr not supported : Dmpu
2025-10-20 11:44:26,029 [ERROR] ConditionMgr:805 - Attr not supported : Dmpu
2025-10-20 11:44:26,029 [ERROR] ConditionMgr:805 - Attr not supported : Dmpu
2025-10-20 11:44:26,029 [ERROR] ConditionMgr:805 - Attr not supported : Dmpu
2025-10-20 11:44:26,029 [ERROR] ConditionMgr:805 - Attr not supported : Dmpu
2025-10-20 11:44:26,029 [ERROR] ConditionMgr:805 - Attr not supported : Dmpu
2025-10-20 11:44:26,029 [ERROR] ConditionMgr:805 - Attr not supported : Dmpu
2025-10-20 11:44:26,029 [ERROR] ConditionMgr:805 - Attr not supported : Dmpu
2025-10-20 11:44:26,029 [ERROR] ConditionMgr:805 - Attr not supported : Dmpu
2025-10-20 11:44:26,046 [WARN] PackLoader:240 - Cannot read IP mode file for STMicroelectronics.X-CUBE-WB05N.2.0.0
2025-10-20 11:44:26,064 [WARN] PackLoader:240 - Cannot read IP mode file for STMicroelectronics.X-CUBE-BLEMGR.3.0.0
2025-10-20 11:44:26,080 [ERROR] Engine:466 - C:\Users\RND1\.stm32cubemx\thirdparties\pdsc\STMicroelectronics.X-CUBE-TCPP.4.2.0.pdsc: PDSC version is not supported
2025-10-20 11:44:26,099 [WARN] PackLoader:240 - Cannot read IP mode file for RealThread.X-CUBE-RT-Thread_Nano.4.1.1
2025-10-20 11:44:26,118 [WARN] PackLoader:240 - Cannot read IP mode file for STMicroelectronics.FP-ATR-SIGFOX1.3.2.0
2025-10-20 11:44:26,135 [WARN] ConditionMgr:438 - getConditionDescription Invalid condition id : Cortex-A Device cause : null
2025-10-20 11:44:26,165 [WARN] ConditionMgr:1039 - genDependencies : Invalid condition id : Cortex-A Device cause : null
2025-10-20 11:44:26,165 [WARN] ConditionMgr:1039 - genDependencies : Invalid condition id : Cortex-A Device cause : null
2025-10-20 11:44:26,165 [WARN] ConditionMgr:1039 - genDependencies : Invalid condition id : Cortex-A Device cause : null
2025-10-20 11:44:26,181 [WARN] PackLoader:240 - Cannot read IP mode file for STMicroelectronics.X-CUBE-EEPRMA1.5.1.0
2025-10-20 11:44:26,195 [ERROR] Engine:466 - C:\Users\RND1\.stm32cubemx\thirdparties\pdsc\STMicroelectronics.X-CUBE-ST67W61.1.0.0.pdsc: PDSC version is not supported
2025-10-20 11:44:26,210 [WARN] PackLoader:240 - Cannot read IP mode file for STMicroelectronics.X-CUBE-AI.10.2.0
2025-10-20 11:44:26,237 [WARN] PackLoader:240 - Cannot read IP mode file for SEGGER.I-CUBE-embOS.1.3.1
2025-10-20 11:44:26,287 [WARN] PackLoader:240 - Cannot read IP mode file for STMicroelectronics.X-CUBE-ALGOBUILD.1.4.0
2025-10-20 11:44:26,350 [WARN] PackLoader:240 - Cannot read IP mode file for STMicroelectronics.X-CUBE-MEMS1.11.3.0
2025-10-20 11:44:26,474 [WARN] PackLoader:240 - Cannot read IP mode file for STMicroelectronics.X-CUBE-AI.9.1.0
2025-10-20 11:44:26,498 [WARN] PackLoader:240 - Cannot read IP mode file for STMicroelectronics.X-CUBE-PM33A1.1.0.0
2025-10-20 11:44:26,520 [WARN] PackLoader:240 - Cannot read IP mode file for STMicroelectronics.X-CUBE-GNSS1.6.0.0
2025-10-20 11:44:26,530 [INFO] WebApp:448 - Apply proxy settings
2025-10-20 11:44:26,539 [INFO] WebApp:493 - Chromium authenticates against Manually configured proxy
2025-10-20 11:44:26,555 [WARN] PackLoader:240 - Cannot read IP mode file for STMicroelectronics.X-CUBE-AZRTOS-F4.1.1.0
2025-10-20 11:44:26,556 [INFO] WebApp:501 - Username used for proxy authentication: 
2025-10-20 11:44:26,576 [WARN] PackLoader:240 - Cannot read IP mode file for wolfSSL.I-CUBE-wolfSSL.5.6.4
2025-10-20 11:44:26,595 [ERROR] Engine:466 - C:\Users\RND1\.stm32cubemx\thirdparties\pdsc\Avnet-IotConnect.X-CUBE-IoTC-DA16k-PMOD.1.0.0.pdsc: PDSC version is not supported
2025-10-20 11:44:26,603 [INFO] WebApp:869 - Register for checkConnection events
2025-10-20 11:44:26,603 [INFO] WebApp:448 - Apply proxy settings
2025-10-20 11:44:26,608 [INFO] WebApp:493 - Chromium authenticates against Manually configured proxy
2025-10-20 11:44:26,609 [INFO] WebApp:501 - Username used for proxy authentication: 
2025-10-20 11:44:26,615 [WARN] PackLoader:240 - Cannot read IP mode file for STMicroelectronics.X-CUBE-ISPU.2.1.0
2025-10-20 11:44:26,631 [ERROR] Engine:466 - C:\Users\RND1\.stm32cubemx\thirdparties\pdsc\STMicroelectronics.X-CUBE-IPS.3.2.0.pdsc: PDSC version is not supported
2025-10-20 11:44:26,646 [WARN] PackLoader:240 - Cannot read IP mode file for STMicroelectronics.X-CUBE-FREERTOS.1.2.0
2025-10-20 11:44:26,659 [WARN] PackLoader:240 - Cannot read IP mode file for STMicroelectronics.X-CUBE-NFC12.1.0.0
2025-10-20 11:44:26,680 [WARN] PackLoader:240 - Cannot read IP mode file for STMicroelectronics.X-CUBE-AZRTOS-L5.2.0.0
2025-10-20 11:44:26,693 [WARN] PackLoader:240 - Cannot read IP mode file for STMicroelectronics.X-CUBE-EEPRMA1.4.2.0
2025-10-20 11:44:26,706 [WARN] PackLoader:240 - Cannot read IP mode file for STMicroelectronics.X-CUBE-NFC6.3.1.0
2025-10-20 11:44:26,720 [WARN] PackLoader:240 - Cannot read IP mode file for ITTIA_DB.I-CUBE-ITTIADB.8.8.0
2025-10-20 11:44:26,733 [WARN] PackLoader:240 - Cannot read IP mode file for STMicroelectronics.X-CUBE-DPower.1.2.0
2025-10-20 11:44:26,744 [WARN] PackLoader:240 - Cannot read IP mode file for STMicroelectronics.X-CUBE-AI.9.0.0
2025-10-20 11:44:26,758 [WARN] PackLoader:240 - Cannot read IP mode file for STMicroelectronics.X-CUBE-FREERTOS.1.3.1
2025-10-20 11:44:26,771 [WARN] PackLoader:240 - Cannot read IP mode file for STMicroelectronics.X-CUBE-FREERTOS.1.3.0
2025-10-20 11:44:26,783 [WARN] PackLoader:240 - Cannot read IP mode file for STMicroelectronics.X-CUBE-NFC7.1.0.1
2025-10-20 11:44:26,798 [WARN] PackLoader:240 - Cannot read IP mode file for STMicroelectronics.X-CUBE-TOUCHGFX.4.26.0
2025-10-20 11:44:26,806 [INFO] WebApp:220 - Starting web application
2025-10-20 11:44:26,806 [INFO] WebApp:578 - Web application path used C:\ST\STM32CubeIDE_1.16.1\STM32CubeIDE\plugins\com.st.stm32cube.common.mx_6.12.1.202409122256\db\plugins\mcufinder\reactClient1\index.html
2025-10-20 11:44:26,814 [INFO] WebApp:186 - Connection restablished
2025-10-20 11:44:26,816 [WARN] PackLoader:240 - Cannot read IP mode file for STMicroelectronics.X-CUBE-NFC6.3.0.0
2025-10-20 11:44:26,833 [ERROR] Engine:466 - C:\Users\RND1\.stm32cubemx\thirdparties\pdsc\STMicroelectronics.FP-SNS-STAIOTCFT.1.0.0.pdsc: PDSC version is not supported
2025-10-20 11:44:26,848 [WARN] PackLoader:240 - Cannot read IP mode file for STMicroelectronics.X-CUBE-DPower.1.3.0
2025-10-20 11:44:26,862 [WARN] PackLoader:240 - Cannot read IP mode file for STMicroelectronics.X-CUBE-AI.8.1.0
2025-10-20 11:44:26,887 [WARN] ConditionMgr:438 - getConditionDescription Invalid condition id : LAN8742 Phy interface Condition cause : null
2025-10-20 11:44:26,888 [WARN] PackLoader:240 - Cannot read IP mode file for STMicroelectronics.X-CUBE-AZRTOS-L4.2.0.0
2025-10-20 11:44:26,888 [WARN] ConditionMgr:1039 - genDependencies : Invalid condition id : LAN8742 Phy interface Condition cause : null
2025-10-20 11:44:26,889 [WARN] ConditionMgr:1039 - genDependencies : Invalid condition id : LAN8742 Phy interface Condition cause : null
2025-10-20 11:44:26,889 [WARN] ConditionMgr:1039 - genDependencies : Invalid condition id : LAN8742 Phy interface Condition cause : null
2025-10-20 11:44:26,907 [WARN] PackLoader:240 - Cannot read IP mode file for STMicroelectronics.X-CUBE-SFXS2LP1.4.0.0
2025-10-20 11:44:26,933 [WARN] PackLoader:240 - Cannot read IP mode file for STMicroelectronics.X-CUBE-AZRTOS-H7.3.3.0
2025-10-20 11:44:26,949 [ERROR] Engine:466 - C:\Users\RND1\.stm32cubemx\thirdparties\pdsc\STMicroelectronics.X-CUBE-BLEMGR.4.1.0.pdsc: PDSC version is not supported
2025-10-20 11:44:26,955 [INFO] UserAuth:417 - Internet connection configuration mode: 1
2025-10-20 11:44:26,975 [WARN] PackLoader:240 - Cannot read IP mode file for STMicroelectronics.X-CUBE-IPS.3.0.0
2025-10-20 11:44:27,004 [WARN] ConditionMgr:438 - getConditionDescription Invalid condition id : UX DEVICE CLASS RTOS Condition cause : null
2025-10-20 11:44:27,005 [WARN] ConditionMgr:438 - getConditionDescription Invalid condition id : UX DEVICE CLASS RTOS Condition cause : null
2025-10-20 11:44:27,006 [WARN] PackLoader:240 - Cannot read IP mode file for STMicroelectronics.X-CUBE-AZRTOS-WB.2.0.0
2025-10-20 11:44:27,006 [WARN] ConditionMgr:1039 - genDependencies : Invalid condition id : UX DEVICE CLASS RTOS Condition cause : null
2025-10-20 11:44:27,006 [WARN] ConditionMgr:1039 - genDependencies : Invalid condition id : UX DEVICE CLASS RTOS Condition cause : null
2025-10-20 11:44:27,006 [WARN] ConditionMgr:1039 - genDependencies : Invalid condition id : UX DEVICE CLASS RTOS Condition cause : null
2025-10-20 11:44:27,007 [WARN] ConditionMgr:1039 - genDependencies : Invalid condition id : UX DEVICE CLASS RTOS Condition cause : null
2025-10-20 11:44:27,007 [WARN] ConditionMgr:1039 - genDependencies : Invalid condition id : UX DEVICE CLASS RTOS Condition cause : null
2025-10-20 11:44:27,026 [WARN] PackLoader:240 - Cannot read IP mode file for STMicroelectronics.X-CUBE-GNSS1.7.0.0
2025-10-20 11:44:27,043 [WARN] PackLoader:240 - Cannot read IP mode file for STMicroelectronics.X-CUBE-GNSS1.7.0.1
2025-10-20 11:44:27,064 [WARN] PackLoader:240 - Cannot read IP mode file for STMicroelectronics.X-CUBE-TOUCHGFX.4.25.0
2025-10-20 11:44:27,085 [WARN] PackLoader:240 - Cannot read IP mode file for STMicroelectronics.FP-SNS-STBOX1.2.0.0
2025-10-20 11:44:27,111 [WARN] PackLoader:240 - Cannot read IP mode file for STMicroelectronics.X-CUBE-SUBG2.5.0.0
2025-10-20 11:44:27,150 [WARN] PackLoader:240 - Cannot read IP mode file for STMicroelectronics.X-CUBE-AZRTOS-H7RS.1.1.0
2025-10-20 11:44:27,188 [WARN] PackLoader:240 - Cannot read IP mode file for STMicroelectronics.X-CUBE-AZRTOS-G4.2.0.0
2025-10-20 11:44:27,218 [WARN] PackLoader:240 - Cannot read IP mode file for Infineon.AIROC-Wi-Fi-Bluetooth-STM32.1.5.1
2025-10-20 11:44:27,241 [WARN] PackLoader:240 - Cannot read IP mode file for STMicroelectronics.X-CUBE-NFC7.2.0.0
2025-10-20 11:44:27,261 [WARN] PackLoader:240 - Cannot read IP mode file for STMicroelectronics.FP-SNS-MOTENVWB1.1.3.1
2025-10-20 11:44:27,281 [WARN] PackLoader:240 - Cannot read IP mode file for STMicroelectronics.X-CUBE-ISPU.2.0.0
2025-10-20 11:44:27,301 [ERROR] Engine:466 - C:\Users\RND1\.stm32cubemx\thirdparties\pdsc\STMicroelectronics.X-CUBE-IPS.3.1.0.pdsc: PDSC version is not supported
2025-10-20 11:44:27,313 [WARN] PackLoader:240 - Cannot read IP mode file for STMicroelectronics.X-CUBE-ALS.1.0.2
2025-10-20 11:44:27,345 [WARN] PackLoader:240 - Cannot read IP mode file for STMicroelectronics.X-CUBE-MEMS1.10.0.0
2025-10-20 11:44:27,421 [WARN] PackLoader:240 - Cannot read IP mode file for STMicroelectronics.X-CUBE-FREERTOS.1.1.0
2025-10-20 11:44:27,439 [WARN] PackLoader:240 - Cannot read IP mode file for STMicroelectronics.X-CUBE-TOUCHGFX.4.24.0
2025-10-20 11:44:27,463 [WARN] PackLoader:240 - Cannot read IP mode file for STMicroelectronics.X-CUBE-TOUCHGFX.4.24.2
2025-10-20 11:44:27,481 [WARN] PackLoader:240 - Cannot read IP mode file for STMicroelectronics.X-CUBE-TOUCHGFX.4.24.1
2025-10-20 11:44:27,498 [WARN] PackLoader:240 - Cannot read IP mode file for STMicroelectronics.X-CUBE-STSE01.1.0.0
2025-10-20 11:44:27,512 [WARN] PackLoader:240 - Cannot read IP mode file for wolfSSL.I-CUBE-wolfTPM.3.4.0
2025-10-20 11:44:27,528 [WARN] PackLoader:240 - Cannot read IP mode file for portGmbH.I-Cube-SoM-uGOAL.1.1.0
2025-10-20 11:44:27,541 [WARN] PackLoader:240 - Cannot read IP mode file for STMicroelectronics.X-CUBE-ALS.1.0.1
2025-10-20 11:44:27,570 [WARN] PackLoader:240 - Cannot read IP mode file for STMicroelectronics.X-CUBE-AZRTOS-H7RS.1.0.0
2025-10-20 11:44:27,586 [WARN] PackLoader:240 - Cannot read IP mode file for STMicroelectronics.FP-ATR-ASTRA1.2.0.0
2025-10-20 11:44:27,605 [WARN] PackLoader:240 - Cannot read IP mode file for STMicroelectronics.X-CUBE-TOF1.3.4.2
2025-10-20 11:44:27,629 [ERROR] Engine:466 - C:\Users\RND1\.stm32cubemx\thirdparties\pdsc\STMicroelectronics.X-CUBE-TOF1.3.4.3.pdsc: PDSC version is not supported
2025-10-20 11:44:27,644 [WARN] PackLoader:240 - Cannot read IP mode file for STMicroelectronics.X-CUBE-TOF1.3.4.0
2025-10-20 11:44:27,663 [WARN] PackLoader:240 - Cannot read IP mode file for STMicroelectronics.X-CUBE-TOF1.3.4.1
2025-10-20 11:44:27,690 [WARN] PackLoader:240 - Cannot read IP mode file for STMicroelectronics.X-CUBE-AZRTOS-H7.3.2.0
2025-10-20 11:44:27,703 [WARN] PackLoader:240 - Cannot read IP mode file for wolfSSL.I-CUBE-wolfSSH.1.4.17
2025-10-20 11:44:27,703 [INFO] ThirdParty:978 - Integrity check success = true
2025-10-20 11:44:27,703 [INFO] IntegrityCheckThread:100 - exiting critical section [integrity check]
2025-10-20 11:44:27,703 [INFO] IntegrityCheckThread:103 - End integrity checks thread
2025-10-20 11:46:53,360 [ERROR] LogOutputStream:75 - [STDERR_REDIRECT] 
