2026-02-10 10:39:26,343 [INFO] Activator:176 - 


2026-02-10 10:39:26,347 [INFO] Activator:177 - !SESSION log4j initialized
2026-02-10 10:39:32,391 [INFO] LogOutputStream:77 - [STDOUT_REDIRECT] 
2026-02-10 10:39:41,729 [INFO] ApplicationProperties:184 - Using Application install path: C:\ST\STM32CubeIDE_1.16.1\STM32CubeIDE\plugins\com.st.stm32cube.common.mx_6.12.1.202409122256
2026-02-10 10:39:41,744 [INFO] DbMcusXml:78 - Set database path to: C:\ST\STM32CubeIDE_1.16.1\STM32CubeIDE\plugins\com.st.stm32cube.common.mx_6.12.1.202409122256\\db\/mcu/
2026-02-10 10:39:41,744 [INFO] ApiDb:274 - Set plugin database path to: C:\ST\STM32CubeIDE_1.16.1\STM32CubeIDE\plugins\com.st.stm32cube.common.mx_6.12.1.202409122256\\db\/plugins/boardmanager/
2026-02-10 10:39:41,744 [WARN] ApiDb:259 - Overriding images path with different value:  => C:\ST\STM32CubeIDE_1.16.1\STM32CubeIDE\plugins\com.st.stm32cube.common.mx_6.12.1.202409122256\\db\/plugins/mcufinder/images/
2026-02-10 10:39:41,759 [INFO] ApiDb:250 - Set database path to: C:\Users\RND1\.stmcufinder\plugins\mcufinder//mcu/
2026-02-10 10:39:41,760 [INFO] DbMcusAds:125 - Set database path to: C:\Users\RND1\.stmcufinder\plugins\mcufinder//mcu/
2026-02-10 10:39:41,762 [INFO] CrossReferenceDbSqlite:203 - Set database path to: C:\Users\RND1\.stmcufinder\plugins\mcufinder//mcu/cs/
2026-02-10 10:39:41,869 [INFO] RulesReader:64 - Compatibility file has been processed (297 Rules)
2026-02-10 10:39:41,964 [INFO] DbMcusXml:78 - Set database path to: C:\ST\STM32CubeIDE_1.16.1\STM32CubeIDE\plugins\com.st.stm32cube.common.mx_6.12.1.202409122256\\db\/mcu/
2026-02-10 10:39:41,964 [INFO] ApiDb:274 - Set plugin database path to: C:\ST\STM32CubeIDE_1.16.1\STM32CubeIDE\plugins\com.st.stm32cube.common.mx_6.12.1.202409122256\\db\/plugins/boardmanager/
2026-02-10 10:39:41,965 [INFO] ApiDb:261 - Set plugin images path to: C:\ST\STM32CubeIDE_1.16.1\STM32CubeIDE\plugins\com.st.stm32cube.common.mx_6.12.1.202409122256\\db\/plugins/mcufinder/images/
2026-02-10 10:39:41,965 [WARN] DbFile:41 - Overriding database path with different value: C:\Users\RND1\.stmcufinder\plugins\mcufinder/ => C:\Users\RND1\.stmcufinder\plugins\mcufinder
2026-02-10 10:39:41,965 [INFO] ApiDb:250 - Set database path to: C:\Users\RND1\.stmcufinder\plugins\mcufinder//mcu/
2026-02-10 10:39:41,965 [WARN] DbFile:41 - Overriding database path with different value: C:\Users\RND1\.stmcufinder\plugins\mcufinder/ => C:\Users\RND1\.stmcufinder\plugins\mcufinder
2026-02-10 10:39:41,965 [INFO] DbMcusAds:125 - Set database path to: C:\Users\RND1\.stmcufinder\plugins\mcufinder//mcu/
2026-02-10 10:39:41,965 [WARN] DbFile:41 - Overriding database path with different value: C:\Users\RND1\.stmcufinder\plugins\mcufinder/ => C:\Users\RND1\.stmcufinder\plugins\mcufinder
2026-02-10 10:39:41,965 [WARN] DbFile:41 - Overriding database path with different value: C:\Users\RND1\.stmcufinder\plugins\mcufinder/ => C:\Users\RND1\.stmcufinder\plugins\mcufinder
2026-02-10 10:39:41,965 [INFO] CrossReferenceDbSqlite:203 - Set database path to: C:\Users\RND1\.stmcufinder\plugins\mcufinder//mcu/cs/
2026-02-10 10:39:42,035 [INFO] MainPanel:268 - HeapMemory: 268435456
2026-02-10 10:39:42,122 [INFO] DbMcusXml:78 - Set database path to: C:\ST\STM32CubeIDE_1.16.1\STM32CubeIDE\plugins\com.st.stm32cube.common.mx_6.12.1.202409122256\\db\/mcu/
2026-02-10 10:39:42,122 [INFO] ApiDb:274 - Set plugin database path to: C:\ST\STM32CubeIDE_1.16.1\STM32CubeIDE\plugins\com.st.stm32cube.common.mx_6.12.1.202409122256\\db\/plugins/boardmanager/
2026-02-10 10:39:42,122 [INFO] ApiDb:261 - Set plugin images path to: C:\ST\STM32CubeIDE_1.16.1\STM32CubeIDE\plugins\com.st.stm32cube.common.mx_6.12.1.202409122256\\db\/plugins/mcufinder/images/
2026-02-10 10:39:42,123 [WARN] DbFile:41 - Overriding database path with different value: C:\Users\RND1\.stmcufinder\plugins\mcufinder/ => C:\Users\RND1\.stmcufinder\plugins\mcufinder
2026-02-10 10:39:42,123 [INFO] ApiDb:250 - Set database path to: C:\Users\RND1\.stmcufinder\plugins\mcufinder//mcu/
2026-02-10 10:39:42,123 [WARN] DbFile:41 - Overriding database path with different value: C:\Users\RND1\.stmcufinder\plugins\mcufinder/ => C:\Users\RND1\.stmcufinder\plugins\mcufinder
2026-02-10 10:39:42,123 [INFO] DbMcusAds:125 - Set database path to: C:\Users\RND1\.stmcufinder\plugins\mcufinder//mcu/
2026-02-10 10:39:42,123 [WARN] DbFile:41 - Overriding database path with different value: C:\Users\RND1\.stmcufinder\plugins\mcufinder/ => C:\Users\RND1\.stmcufinder\plugins\mcufinder
2026-02-10 10:39:42,123 [WARN] DbFile:41 - Overriding database path with different value: C:\Users\RND1\.stmcufinder\plugins\mcufinder/ => C:\Users\RND1\.stmcufinder\plugins\mcufinder
2026-02-10 10:39:42,123 [INFO] CrossReferenceDbSqlite:203 - Set database path to: C:\Users\RND1\.stmcufinder\plugins\mcufinder//mcu/cs/
2026-02-10 10:39:42,140 [INFO] ApplicationProperties:184 - Using Application install path: C:\ST\STM32CubeIDE_1.16.1\STM32CubeIDE\plugins\com.st.stm32cube.common.mx_6.12.1.202409122256
2026-02-10 10:39:42,142 [INFO] PluginManage:196 - Search for loadable plugins [exclusion list=, ]
2026-02-10 10:39:42,144 [INFO] PluginManage:310 - Check plugin analytics
2026-02-10 10:39:42,307 [INFO] AnalyticsPlugin:253 - Accepted Software Licenses: STM32CubeMX.6.10.0
2026-02-10 10:39:42,308 [INFO] AnalyticsPlugin:255 - Accepted CMSIS Pack Licenses: 
2026-02-10 10:39:42,308 [INFO] AnalyticsPlugin:257 - Accepted Firmware Licenses: FW.G4.1.5.0,FW.G4.1.6.0,FW.F4.1.28.0,FW.H7.1.11.0,FW.H7.1.12.0
2026-02-10 10:39:42,311 [INFO] PluginManage:359 - Loaded plugin analytics (category:tool,tabindex:-1)
2026-02-10 10:39:42,312 [INFO] PluginManage:310 - Check plugin cadmodel
2026-02-10 10:39:42,330 [INFO] CADModel:105 - Init CAD model plugin
2026-02-10 10:39:42,330 [INFO] PluginManage:359 - Loaded plugin cadmodel (category:power,tabindex:5)
2026-02-10 10:39:42,330 [INFO] PluginManage:310 - Check plugin clock
2026-02-10 10:39:42,351 [INFO] PluginManage:359 - Loaded plugin clock (category:base,tabindex:2)
2026-02-10 10:39:42,351 [INFO] PluginManage:310 - Check plugin ddr
2026-02-10 10:39:42,354 [INFO] PluginManage:359 - Loaded plugin ddr (category:tool,tabindex:6)
2026-02-10 10:39:42,354 [INFO] PluginManage:310 - Check plugin filemanager
2026-02-10 10:39:42,489 [INFO] PluginManage:359 - Loaded plugin filemanager (category:base,tabindex:10)
2026-02-10 10:39:42,489 [INFO] PluginManage:310 - Check plugin ipmanager
2026-02-10 10:39:42,498 [INFO] PluginManage:359 - Loaded plugin ipmanager (category:base,tabindex:5)
2026-02-10 10:39:42,498 [INFO] PluginManage:310 - Check plugin lpbam
2026-02-10 10:39:42,516 [INFO] PluginManage:359 - Loaded plugin lpbam (category:base,tabindex:0)
2026-02-10 10:39:42,516 [INFO] PluginManage:310 - Check plugin memorymap
2026-02-10 10:39:42,541 [INFO] PluginManage:359 - Loaded plugin memorymap (category:base,tabindex:4)
2026-02-10 10:39:42,542 [INFO] PluginManage:310 - Check plugin pinoutandconfiguration
2026-02-10 10:39:42,561 [INFO] PluginManage:359 - Loaded plugin pinoutandconfiguration (category:base,tabindex:1)
2026-02-10 10:39:42,561 [INFO] PluginManage:310 - Check plugin pinoutconfig
2026-02-10 10:39:42,644 [WARN] SupportedApi:132 - Cannot load RTOS API schema: s4s-elt-must-match.1: The content of 'definitions' must match (annotation?, (simpleType | complexType)?, (unique | key | keyref)*)). A problem was found starting at: attribute.
2026-02-10 10:39:42,755 [INFO] PluginManage:359 - Loaded plugin pinoutconfig (category:base,tabindex:0)
2026-02-10 10:39:42,755 [INFO] PluginManage:310 - Check plugin power
2026-02-10 10:39:42,776 [INFO] PluginManage:359 - Loaded plugin power (category:power,tabindex:4)
2026-02-10 10:39:42,778 [INFO] PluginManage:310 - Check plugin projectmanager
2026-02-10 10:39:42,790 [INFO] PluginManage:359 - Loaded plugin projectmanager (category:projectmanager,tabindex:4)
2026-02-10 10:39:42,790 [INFO] PluginManage:310 - Check plugin rif
2026-02-10 10:39:42,808 [INFO] PluginManage:359 - Loaded plugin rif (category:base,tabindex:3)
2026-02-10 10:39:42,809 [INFO] PluginManage:310 - Check plugin thirdparty
2026-02-10 10:39:43,105 [INFO] PluginManage:359 - Loaded plugin thirdparty (category:base,tabindex:-1)
2026-02-10 10:39:43,105 [WARN] IntegrityCheckThread:84 - waiting for thirdparty lock release [integrity check]
2026-02-10 10:39:43,105 [INFO] PluginManage:310 - Check plugin tools
2026-02-10 10:39:43,105 [INFO] IntegrityCheckThread:86 - entering critical section [integrity check]
2026-02-10 10:39:43,105 [INFO] ThirdPartyUpdaterWithRetryManager:70 - Updater plugin not ready yet. [1/15]
2026-02-10 10:39:43,144 [INFO] PluginManage:359 - Loaded plugin tools (category:base,tabindex:7)
2026-02-10 10:39:43,144 [INFO] PluginManage:310 - Check plugin tutovideos
2026-02-10 10:39:43,298 [INFO] PluginManage:359 - Loaded plugin tutovideos (category:base,tabindex:-1)
2026-02-10 10:39:43,298 [INFO] PluginManage:310 - Check plugin updater
2026-02-10 10:39:43,313 [INFO] PluginManage:359 - Loaded plugin updater (category:base,tabindex:12)
2026-02-10 10:39:43,313 [INFO] PluginManage:310 - Check plugin userauth
2026-02-10 10:39:43,317 [INFO] UserAuth:113 - Init User Auth plugin
2026-02-10 10:39:43,317 [INFO] PluginManage:359 - Loaded plugin userauth (category:base,tabindex:14)
2026-02-10 10:39:43,317 [INFO] PluginManage:283 - PluginManage : Loaded plugins [18]
2026-02-10 10:39:43,482 [INFO] PinOutPanel:1561 - setPackage(No Configuration,No Configuration)
2026-02-10 10:39:43,569 [INFO] CADModel:165 - CPN selected for project level
2026-02-10 10:39:43,569 [INFO] CADModel:114 - Register for checkConnection events
2026-02-10 10:39:43,599 [INFO] IPUIPlugin:80 - create IPUIPlugin
2026-02-10 10:39:43,599 [INFO] PluginManager:220 - loadIPPluginJar : add adc
2026-02-10 10:39:43,637 [INFO] IPUIPlugin:80 - create IPUIPlugin
2026-02-10 10:39:43,637 [INFO] PluginManager:220 - loadIPPluginJar : add aes
2026-02-10 10:39:43,681 [INFO] IPUIPlugin:80 - create IPUIPlugin
2026-02-10 10:39:43,681 [INFO] PluginManager:220 - loadIPPluginJar : add can
2026-02-10 10:39:43,708 [INFO] IPUIPlugin:80 - create IPUIPlugin
2026-02-10 10:39:43,708 [INFO] PluginManager:220 - loadIPPluginJar : add comp
2026-02-10 10:39:43,764 [INFO] IPUIPlugin:80 - create IPUIPlugin
2026-02-10 10:39:43,764 [INFO] PluginManager:220 - loadIPPluginJar : add cryp
2026-02-10 10:39:43,782 [INFO] IPUIPlugin:80 - create IPUIPlugin
2026-02-10 10:39:43,782 [INFO] PluginManager:220 - loadIPPluginJar : add ddr_ctrl_phy
2026-02-10 10:39:43,814 [INFO] IPUIPlugin:80 - create IPUIPlugin
2026-02-10 10:39:43,814 [INFO] PluginManager:220 - loadIPPluginJar : add dfsdm
2026-02-10 10:39:43,828 [INFO] IPUIPlugin:80 - create IPUIPlugin
2026-02-10 10:39:43,828 [INFO] PluginManager:220 - loadIPPluginJar : add dma
2026-02-10 10:39:43,874 [INFO] IPUIPlugin:80 - create IPUIPlugin
2026-02-10 10:39:43,874 [INFO] PluginManager:220 - loadIPPluginJar : add dma3
2026-02-10 10:39:43,934 [INFO] IPUIPlugin:80 - create IPUIPlugin
2026-02-10 10:39:43,934 [INFO] PluginManager:220 - loadIPPluginJar : add extmemmanager
2026-02-10 10:39:43,959 [INFO] IPUIPlugin:80 - create IPUIPlugin
2026-02-10 10:39:43,959 [INFO] PluginManager:220 - loadIPPluginJar : add fatfs
2026-02-10 10:39:44,024 [INFO] IPUIPlugin:80 - create IPUIPlugin
2026-02-10 10:39:44,024 [INFO] PluginManager:220 - loadIPPluginJar : add fmc
2026-02-10 10:39:44,040 [INFO] IPUIPlugin:80 - create IPUIPlugin
2026-02-10 10:39:44,040 [INFO] PluginManager:220 - loadIPPluginJar : add freertos
2026-02-10 10:39:44,062 [INFO] IPUIPlugin:80 - create IPUIPlugin
2026-02-10 10:39:44,063 [INFO] PluginManager:220 - loadIPPluginJar : add genericplugin
2026-02-10 10:39:44,180 [INFO] IPUIPlugin:80 - create IPUIPlugin
2026-02-10 10:39:44,180 [INFO] PluginManager:220 - loadIPPluginJar : add gfxmmu
2026-02-10 10:39:44,386 [INFO] IPUIPlugin:80 - create IPUIPlugin
2026-02-10 10:39:44,386 [INFO] PluginManager:220 - loadIPPluginJar : add gic
2026-02-10 10:39:44,402 [INFO] IPUIPlugin:80 - create IPUIPlugin
2026-02-10 10:39:44,402 [INFO] PluginManager:220 - loadIPPluginJar : add gpio
2026-02-10 10:39:44,520 [INFO] IPUIPlugin:80 - create IPUIPlugin
2026-02-10 10:39:44,520 [INFO] PluginManager:220 - loadIPPluginJar : add gtzc
2026-02-10 10:39:44,565 [INFO] IPUIPlugin:80 - create IPUIPlugin
2026-02-10 10:39:44,565 [INFO] PluginManager:220 - loadIPPluginJar : add hash
2026-02-10 10:39:44,650 [INFO] IPUIPlugin:80 - create IPUIPlugin
2026-02-10 10:39:44,650 [INFO] PluginManager:220 - loadIPPluginJar : add i2c
2026-02-10 10:39:44,691 [INFO] IPUIPlugin:80 - create IPUIPlugin
2026-02-10 10:39:44,692 [INFO] PluginManager:220 - loadIPPluginJar : add i2s
2026-02-10 10:39:44,752 [INFO] IPUIPlugin:80 - create IPUIPlugin
2026-02-10 10:39:44,752 [INFO] PluginManager:220 - loadIPPluginJar : add i3c
2026-02-10 10:39:44,876 [INFO] IPUIPlugin:80 - create IPUIPlugin
2026-02-10 10:39:44,876 [INFO] PluginManager:220 - loadIPPluginJar : add ipddr
2026-02-10 10:39:44,989 [INFO] IPUIPlugin:80 - create IPUIPlugin
2026-02-10 10:39:44,989 [INFO] PluginManager:220 - loadIPPluginJar : add linkedlist
2026-02-10 10:39:45,022 [INFO] IPUIPlugin:80 - create IPUIPlugin
2026-02-10 10:39:45,023 [INFO] PluginManager:220 - loadIPPluginJar : add lorawan
2026-02-10 10:39:45,058 [INFO] IPUIPlugin:80 - create IPUIPlugin
2026-02-10 10:39:45,059 [INFO] PluginManager:220 - loadIPPluginJar : add ltdc
2026-02-10 10:39:45,072 [INFO] IPUIPlugin:80 - create IPUIPlugin
2026-02-10 10:39:45,072 [INFO] PluginManager:220 - loadIPPluginJar : add mdma
2026-02-10 10:39:45,086 [INFO] IPUIPlugin:80 - create IPUIPlugin
2026-02-10 10:39:45,086 [INFO] PluginManager:220 - loadIPPluginJar : add nvic
2026-02-10 10:39:45,124 [INFO] IPUIPlugin:80 - create IPUIPlugin
2026-02-10 10:39:45,124 [INFO] PluginManager:220 - loadIPPluginJar : add opamp
2026-02-10 10:39:45,206 [INFO] IPUIPlugin:80 - create IPUIPlugin
2026-02-10 10:39:45,206 [INFO] PluginManager:220 - loadIPPluginJar : add openamp
2026-02-10 10:39:45,247 [INFO] IPUIPlugin:80 - create IPUIPlugin
2026-02-10 10:39:45,247 [INFO] PluginManager:220 - loadIPPluginJar : add pdm2pcm
2026-02-10 10:39:45,260 [INFO] IPUIPlugin:80 - create IPUIPlugin
2026-02-10 10:39:45,261 [INFO] PluginManager:220 - loadIPPluginJar : add plateformsettings
2026-02-10 10:39:45,284 [INFO] IPUIPlugin:80 - create IPUIPlugin
2026-02-10 10:39:45,284 [INFO] PluginManager:220 - loadIPPluginJar : add quadspi
2026-02-10 10:39:45,321 [INFO] IPUIPlugin:80 - create IPUIPlugin
2026-02-10 10:39:45,322 [INFO] PluginManager:220 - loadIPPluginJar : add radio
2026-02-10 10:39:45,336 [INFO] IPUIPlugin:80 - create IPUIPlugin
2026-02-10 10:39:45,336 [INFO] PluginManager:220 - loadIPPluginJar : add resmgrutility
2026-02-10 10:39:45,383 [INFO] IPUIPlugin:80 - create IPUIPlugin
2026-02-10 10:39:45,383 [INFO] PluginManager:220 - loadIPPluginJar : add sai
2026-02-10 10:39:45,423 [INFO] IPUIPlugin:80 - create IPUIPlugin
2026-02-10 10:39:45,424 [INFO] PluginManager:220 - loadIPPluginJar : add spi
2026-02-10 10:39:45,506 [INFO] IPUIPlugin:80 - create IPUIPlugin
2026-02-10 10:39:45,506 [INFO] PluginManager:220 - loadIPPluginJar : add stm32_wpan
2026-02-10 10:39:45,537 [INFO] IPUIPlugin:80 - create IPUIPlugin
2026-02-10 10:39:45,537 [INFO] PluginManager:220 - loadIPPluginJar : add tim
2026-02-10 10:39:45,642 [INFO] IPUIPlugin:80 - create IPUIPlugin
2026-02-10 10:39:45,642 [INFO] PluginManager:220 - loadIPPluginJar : add touchsensing
2026-02-10 10:39:45,675 [INFO] IPUIPlugin:80 - create IPUIPlugin
2026-02-10 10:39:45,676 [INFO] PluginManager:220 - loadIPPluginJar : add tracer_emb
2026-02-10 10:39:45,700 [INFO] IPUIPlugin:80 - create IPUIPlugin
2026-02-10 10:39:45,700 [INFO] PluginManager:220 - loadIPPluginJar : add ts
2026-02-10 10:39:45,725 [INFO] IPUIPlugin:80 - create IPUIPlugin
2026-02-10 10:39:45,725 [INFO] PluginManager:220 - loadIPPluginJar : add tsc
2026-02-10 10:39:45,760 [INFO] IPUIPlugin:80 - create IPUIPlugin
2026-02-10 10:39:45,761 [INFO] PluginManager:220 - loadIPPluginJar : add ucpd
2026-02-10 10:39:45,821 [INFO] IPUIPlugin:80 - create IPUIPlugin
2026-02-10 10:39:45,821 [INFO] PluginManager:220 - loadIPPluginJar : add usart
2026-02-10 10:39:45,866 [INFO] IPUIPlugin:80 - create IPUIPlugin
2026-02-10 10:39:45,867 [INFO] PluginManager:220 - loadIPPluginJar : add usbx
2026-02-10 10:39:45,982 [INFO] CADModel:165 - CPN selected for project level
2026-02-10 10:39:45,983 [INFO] CADModel:114 - Register for checkConnection events
2026-02-10 10:39:45,983 [FATAL] Updater:334 - Updater called before beeing initialized
2026-02-10 10:39:45,983 [ERROR] CADModel:125 - Updater not yet initialized, retry later 
2026-02-10 10:39:46,087 [INFO] CADModel:165 - CPN selected for project level
2026-02-10 10:39:46,087 [INFO] CADModel:114 - Register for checkConnection events
2026-02-10 10:39:46,087 [FATAL] Updater:334 - Updater called before beeing initialized
2026-02-10 10:39:46,087 [ERROR] CADModel:125 - Updater not yet initialized, retry later 
2026-02-10 10:39:46,089 [FATAL] Updater:334 - Updater called before beeing initialized
2026-02-10 10:39:46,108 [INFO] ThirdPartyUpdaterWithRetryManager:70 - Updater plugin not ready yet. [2/15]
2026-02-10 10:39:46,192 [FATAL] Updater:334 - Updater called before beeing initialized
2026-02-10 10:39:46,205 [INFO] DbMcusAds:53 - JSON generation date=Fri Jan 09 00:56:32 KST 2026 (1767887792457)
2026-02-10 10:39:46,206 [FATAL] Updater:334 - Updater called before beeing initialized
2026-02-10 10:39:46,235 [WARN] DetailPanel:346 - Failed to get advertising image, set to default
2026-02-10 10:39:46,310 [FATAL] Updater:334 - Updater called before beeing initialized
2026-02-10 10:39:46,311 [FATAL] Updater:334 - Updater called before beeing initialized
2026-02-10 10:39:46,312 [FATAL] Updater:334 - Updater called before beeing initialized
2026-02-10 10:39:46,312 [WARN] DetailPanel:346 - Failed to get advertising image, set to default
2026-02-10 10:39:46,312 [FATAL] Updater:334 - Updater called before beeing initialized
2026-02-10 10:39:46,365 [ERROR] Updater:1164 - MainUpdater not yet initialized. External WinMGr cannot be set.
2026-02-10 10:39:46,376 [INFO] Updater:1100 - Updater Version found : 6.12.1
2026-02-10 10:39:46,391 [INFO] ApplicationProperties:184 - Using Application install path: C:\ST\STM32CubeIDE_1.16.1\STM32CubeIDE\plugins\com.st.stm32cube.common.mx_6.12.1.202409122256
2026-02-10 10:39:47,011 [INFO] MainUpdater:2873 - connection check result : 10
2026-02-10 10:39:47,011 [INFO] MainUpdater:3567 - Updater definition file requires update
2026-02-10 10:39:47,012 [INFO] MainUpdater:290 - Updater Check For Update Now.
2026-02-10 10:39:47,012 [INFO] MicroXplorer:498 - Change Database Version : DB.6.0.121
2026-02-10 10:39:47,031 [INFO] McuFinderGlobals:63 - Set McuFinder mode to 2 (CubeIDE integrated)
2026-02-10 10:39:47,040 [INFO] UserAuth:417 - Internet connection configuration mode: 1
2026-02-10 10:39:47,067 [INFO] JxBrowserEngine:152 - Initiate JxBrowser Engine with user profile folder
2026-02-10 10:39:47,103 [INFO] ServerAccessManage:473 - Download File updaters.zip
2026-02-10 10:39:47,314 [INFO] FileExtend:240 - Unzip File : updaters.zip
2026-02-10 10:39:47,314 [INFO] FileExtend:255 - Standard Zip Deflate
2026-02-10 10:39:48,641 [INFO] ServerAccessManage:473 - Download File PacksControlFlags.xml
2026-02-10 10:39:48,826 [INFO] ServerAccessManage:473 - Download File cubemx.pidx
2026-02-10 10:39:48,926 [INFO] LoadServerUpdatesThread:375 - End of LoadServerUpdate Thread
2026-02-10 10:39:49,107 [INFO] CheckServerUpdateThread:120 - End of CheckServer Thread
2026-02-10 10:39:49,474 [WARN] PackLoader:240 - Cannot read IP mode file for STMicroelectronics.FP-SNS-MOTENVWB1.1.4.0
2026-02-10 10:39:49,488 [WARN] PackLoader:240 - Cannot read IP mode file for STMicroelectronics.FP-ATR-ASTRA1.2.0.2
2026-02-10 10:39:49,501 [WARN] PackLoader:240 - Cannot read IP mode file for STMicroelectronics.FP-ATR-ASTRA1.2.0.1
2026-02-10 10:39:49,520 [WARN] PackLoader:240 - Cannot read IP mode file for STMicroelectronics.X-CUBE-SMBUS.2.1.0
2026-02-10 10:39:49,538 [WARN] PackLoader:240 - Cannot read IP mode file for STMicroelectronics.X-CUBE-WB05N.1.1.0
2026-02-10 10:39:49,555 [ERROR] Engine:466 - C:\Users\RND1\.stm32cubemx\thirdparties\pdsc\STMicroelectronics.X-CUBE-ST60.1.0.0.pdsc: PDSC version is not supported
2026-02-10 10:39:49,575 [WARN] PackLoader:240 - Cannot read IP mode file for STMicroelectronics.X-CUBE-TOUCHGFX.4.23.0
2026-02-10 10:39:49,588 [WARN] PackLoader:240 - Cannot read IP mode file for STMicroelectronics.X-CUBE-TOUCHGFX.4.23.2
2026-02-10 10:39:49,625 [WARN] PackLoader:240 - Cannot read IP mode file for STMicroelectronics.X-CUBE-AZRTOS-F7.1.1.0
2026-02-10 10:39:49,643 [WARN] PackLoader:240 - Cannot read IP mode file for STMicroelectronics.FP-SNS-MOTENV1.4.3.2
2026-02-10 10:39:49,683 [WARN] PackLoader:240 - Cannot read IP mode file for STMicroelectronics.X-CUBE-MEMS1.11.0.0
2026-02-10 10:39:49,804 [ERROR] Engine:466 - C:\Users\RND1\.stm32cubemx\thirdparties\pdsc\STMicroelectronics.FP-SNS-MOTENV1.5.1.0.pdsc: PDSC version is not supported
2026-02-10 10:39:49,821 [WARN] PackLoader:240 - Cannot read IP mode file for STMicroelectronics.FP-SNS-FLIGHT1.5.0.2
2026-02-10 10:39:49,850 [WARN] PackLoader:240 - Cannot read IP mode file for STMicroelectronics.X-CUBE-AZRTOS-H7.3.4.0
2026-02-10 10:39:49,870 [WARN] PackLoader:240 - Cannot read IP mode file for STMicroelectronics.X-CUBE-DISPLAY.3.0.0
2026-02-10 10:39:49,889 [WARN] PackLoader:240 - Cannot read IP mode file for STMicroelectronics.X-CUBE-BLE1.7.0.0
2026-02-10 10:39:49,905 [WARN] PackLoader:240 - Cannot read IP mode file for STMicroelectronics.X-CUBE-NFC10.1.0.0
2026-02-10 10:39:49,931 [WARN] PackLoader:240 - Cannot read IP mode file for STMicroelectronics.X-CUBE-BLEMGR.4.0.0
2026-02-10 10:39:49,947 [ERROR] Engine:466 - C:\Users\RND1\.stm32cubemx\thirdparties\pdsc\STMicroelectronics.X-CUBE-ST60.1.1.0.pdsc: PDSC version is not supported
2026-02-10 10:39:49,965 [WARN] PackLoader:240 - Cannot read IP mode file for emotas.I-CUBE-CANOPEN.1.3.0
2026-02-10 10:39:49,984 [WARN] PackLoader:240 - Cannot read IP mode file for STMicroelectronics.X-CUBE-GNSS1.7.1.0
2026-02-10 10:39:50,005 [WARN] PackLoader:240 - Cannot read IP mode file for STMicroelectronics.X-CUBE-BLEMGR.3.1.0
2026-02-10 10:39:50,026 [WARN] PackLoader:240 - Cannot read IP mode file for STMicroelectronics.X-CUBE-AI.10.0.0
2026-02-10 10:39:50,041 [ERROR] Engine:466 - C:\Users\RND1\.stm32cubemx\thirdparties\pdsc\STMicroelectronics.FP-SNS-STBOX1.2.1.0.pdsc: PDSC version is not supported
2026-02-10 10:39:50,055 [WARN] PackLoader:240 - Cannot read IP mode file for STMicroelectronics.FP-SNS-SMARTAG2.1.2.0
2026-02-10 10:39:50,069 [ERROR] Engine:466 - C:\Users\RND1\.stm32cubemx\thirdparties\pdsc\STMicroelectronics.FP-SNS-FLIGHT1.5.1.0.pdsc: PDSC version is not supported
2026-02-10 10:39:50,272 [WARN] PackLoader:240 - Cannot read IP mode file for STMicroelectronics.X-CUBE-MEMS1.11.1.0
2026-02-10 10:39:50,366 [INFO] LogOutputStream:77 - [STDOUT_REDIRECT] 1 : Invalid condition id : UX_CORESTACK_Condition cause : null
2026-02-10 10:39:50,367 [INFO] LogOutputStream:77 - [STDOUT_REDIRECT] 1 : Invalid condition id : UX_CORESTACK_Condition cause : null
2026-02-10 10:39:50,368 [INFO] LogOutputStream:77 - [STDOUT_REDIRECT] 1 : Invalid condition id : UX_CORESTACK_Condition cause : null
2026-02-10 10:39:50,369 [INFO] LogOutputStream:77 - [STDOUT_REDIRECT] 1 : Invalid condition id : UX_CORESTACK_Condition cause : null
2026-02-10 10:39:50,370 [INFO] LogOutputStream:77 - [STDOUT_REDIRECT] 1 : Invalid condition id : UX_CORESTACK_Condition cause : null
2026-02-10 10:39:50,371 [WARN] PackLoader:240 - Cannot read IP mode file for STMicroelectronics.X-CUBE-AZRTOS-WL.2.0.0
2026-02-10 10:39:50,386 [WARN] PackLoader:240 - Cannot read IP mode file for STMicroelectronics.FP-SNS-MOTENV1.5.0.0
2026-02-10 10:39:50,418 [WARN] PackLoader:240 - Cannot read IP mode file for STMicroelectronics.X-CUBE-AZRTOS-H7RS.1.2.0
2026-02-10 10:39:50,440 [WARN] PackLoader:240 - Cannot read IP mode file for wolfSSL.I-CUBE-wolfMQTT.1.19.0
2026-02-10 10:39:50,484 [WARN] PackLoader:240 - Cannot read IP mode file for WES.I-CUBE-Cesium.1.3.0
2026-02-10 10:39:50,512 [WARN] PackLoader:240 - Cannot read IP mode file for STMicroelectronics.X-CUBE-BLE2.3.3.0
2026-02-10 10:39:50,531 [ERROR] Engine:466 - C:\Users\RND1\.stm32cubemx\thirdparties\pdsc\Avnet-IOTCONNECT.X-CUBE-iotc-st67-sdk.1.0.0.pdsc: PDSC version is not supported
2026-02-10 10:39:50,550 [WARN] PackLoader:240 - Cannot read IP mode file for STMicroelectronics.X-CUBE-NFC9.1.0.0
2026-02-10 10:39:50,569 [WARN] PackLoader:240 - Cannot read IP mode file for STMicroelectronics.X-CUBE-BLE1.7.1.0
2026-02-10 10:39:50,586 [WARN] PackLoader:240 - Cannot read IP mode file for STMicroelectronics.X-CUBE-TCPP.4.1.0
2026-02-10 10:39:50,601 [ERROR] Engine:466 - C:\Users\RND1\.stm32cubemx\thirdparties\pdsc\STMicroelectronics.X-CUBE-FREERTOS.1.4.0.pdsc: PDSC version is not supported
2026-02-10 10:39:50,617 [WARN] PackLoader:240 - Cannot read IP mode file for STMicroelectronics.X-CUBE-EEPRMA1.5.2.0
2026-02-10 10:39:50,631 [ERROR] Engine:466 - C:\Users\RND1\.stm32cubemx\thirdparties\pdsc\STMicroelectronics.X-CUBE-ST67W61.1.1.0.pdsc: PDSC version is not supported
2026-02-10 10:39:50,644 [WARN] PackLoader:240 - Cannot read IP mode file for STMicroelectronics.X-CUBE-AI.10.1.0
2026-02-10 10:39:50,684 [WARN] PackLoader:240 - Cannot read IP mode file for STMicroelectronics.X-CUBE-MEMS1.12.0.0
2026-02-10 10:39:50,728 [WARN] PackLoader:240 - Cannot read IP mode file for STMicroelectronics.X-CUBE-ALGOBUILD.1.3.0
2026-02-10 10:39:50,771 [WARN] PackLoader:240 - Cannot read IP mode file for STMicroelectronics.X-CUBE-MEMS1.11.2.0
2026-02-10 10:39:50,796 [INFO] WebApp:167 - Instantiating new browser for Auth
2026-02-10 10:39:50,867 [WARN] PackLoader:240 - Cannot read IP mode file for STMicroelectronics.X-CUBE-AZRTOS-G0.1.1.0
2026-02-10 10:39:50,885 [WARN] PackLoader:240 - Cannot read IP mode file for STMicroelectronics.X-CUBE-SAFEA1.1.2.2
2026-02-10 10:39:50,902 [WARN] PackLoader:240 - Cannot read IP mode file for STMicroelectronics.X-CUBE-NFC4.3.0.0
2026-02-10 10:39:50,918 [WARN] PackLoader:240 - Cannot read IP mode file for wolfSSL.I-CUBE-wolfMQTT.1.18.0
2026-02-10 10:39:50,936 [WARN] PackLoader:240 - Cannot read IP mode file for EmbeddedOffice.I-CUBE-FS-RTOS.1.0.1
2026-02-10 10:39:50,936 [ERROR] ConditionMgr:805 - Attr not supported : Dmpu
2026-02-10 10:39:50,936 [ERROR] ConditionMgr:805 - Attr not supported : Dmpu
2026-02-10 10:39:50,936 [ERROR] ConditionMgr:805 - Attr not supported : Dmpu
2026-02-10 10:39:50,936 [ERROR] ConditionMgr:805 - Attr not supported : Dmpu
2026-02-10 10:39:50,936 [ERROR] ConditionMgr:805 - Attr not supported : Dmpu
2026-02-10 10:39:50,936 [ERROR] ConditionMgr:805 - Attr not supported : Dmpu
2026-02-10 10:39:50,936 [ERROR] ConditionMgr:805 - Attr not supported : Dmpu
2026-02-10 10:39:50,936 [ERROR] ConditionMgr:805 - Attr not supported : Dmpu
2026-02-10 10:39:50,936 [ERROR] ConditionMgr:805 - Attr not supported : Dmpu
2026-02-10 10:39:50,936 [ERROR] ConditionMgr:805 - Attr not supported : Dmpu
2026-02-10 10:39:50,936 [ERROR] ConditionMgr:805 - Attr not supported : Dmpu
2026-02-10 10:39:50,936 [ERROR] ConditionMgr:805 - Attr not supported : Dmpu
2026-02-10 10:39:50,937 [ERROR] ConditionMgr:805 - Attr not supported : Dmpu
2026-02-10 10:39:50,937 [ERROR] ConditionMgr:805 - Attr not supported : Dmpu
2026-02-10 10:39:50,937 [ERROR] ConditionMgr:805 - Attr not supported : Dmpu
2026-02-10 10:39:50,937 [ERROR] ConditionMgr:805 - Attr not supported : Dmpu
2026-02-10 10:39:50,937 [ERROR] ConditionMgr:805 - Attr not supported : Dmpu
2026-02-10 10:39:50,937 [ERROR] ConditionMgr:805 - Attr not supported : Dmpu
2026-02-10 10:39:50,937 [ERROR] ConditionMgr:805 - Attr not supported : Dmpu
2026-02-10 10:39:50,937 [ERROR] ConditionMgr:805 - Attr not supported : Dmpu
2026-02-10 10:39:50,937 [ERROR] ConditionMgr:805 - Attr not supported : Dmpu
2026-02-10 10:39:50,937 [ERROR] ConditionMgr:805 - Attr not supported : Dmpu
2026-02-10 10:39:50,937 [ERROR] ConditionMgr:805 - Attr not supported : Dmpu
2026-02-10 10:39:50,937 [ERROR] ConditionMgr:805 - Attr not supported : Dmpu
2026-02-10 10:39:50,937 [ERROR] ConditionMgr:805 - Attr not supported : Dmpu
2026-02-10 10:39:50,937 [ERROR] ConditionMgr:805 - Attr not supported : Dmpu
2026-02-10 10:39:50,937 [ERROR] ConditionMgr:805 - Attr not supported : Dmpu
2026-02-10 10:39:50,937 [ERROR] ConditionMgr:805 - Attr not supported : Dmpu
2026-02-10 10:39:50,937 [ERROR] ConditionMgr:805 - Attr not supported : Dmpu
2026-02-10 10:39:50,937 [ERROR] ConditionMgr:805 - Attr not supported : Dmpu
2026-02-10 10:39:50,937 [ERROR] ConditionMgr:805 - Attr not supported : Dmpu
2026-02-10 10:39:50,937 [ERROR] ConditionMgr:805 - Attr not supported : Dmpu
2026-02-10 10:39:50,937 [ERROR] ConditionMgr:805 - Attr not supported : Dmpu
2026-02-10 10:39:50,937 [ERROR] ConditionMgr:805 - Attr not supported : Dmpu
2026-02-10 10:39:50,937 [ERROR] ConditionMgr:805 - Attr not supported : Dmpu
2026-02-10 10:39:50,937 [ERROR] ConditionMgr:805 - Attr not supported : Dmpu
2026-02-10 10:39:50,937 [ERROR] ConditionMgr:805 - Attr not supported : Dmpu
2026-02-10 10:39:50,937 [ERROR] ConditionMgr:805 - Attr not supported : Dmpu
2026-02-10 10:39:50,937 [ERROR] ConditionMgr:805 - Attr not supported : Dmpu
2026-02-10 10:39:50,937 [ERROR] ConditionMgr:805 - Attr not supported : Dmpu
2026-02-10 10:39:50,937 [ERROR] ConditionMgr:805 - Attr not supported : Dmpu
2026-02-10 10:39:50,937 [ERROR] ConditionMgr:805 - Attr not supported : Dmpu
2026-02-10 10:39:50,937 [ERROR] ConditionMgr:805 - Attr not supported : Dmpu
2026-02-10 10:39:50,937 [ERROR] ConditionMgr:805 - Attr not supported : Dmpu
2026-02-10 10:39:50,937 [ERROR] ConditionMgr:805 - Attr not supported : Dmpu
2026-02-10 10:39:50,937 [ERROR] ConditionMgr:805 - Attr not supported : Dmpu
2026-02-10 10:39:50,938 [ERROR] ConditionMgr:805 - Attr not supported : Dmpu
2026-02-10 10:39:50,938 [ERROR] ConditionMgr:805 - Attr not supported : Dmpu
2026-02-10 10:39:50,938 [ERROR] ConditionMgr:805 - Attr not supported : Dmpu
2026-02-10 10:39:50,938 [ERROR] ConditionMgr:805 - Attr not supported : Dmpu
2026-02-10 10:39:50,938 [ERROR] ConditionMgr:805 - Attr not supported : Dmpu
2026-02-10 10:39:50,938 [ERROR] ConditionMgr:805 - Attr not supported : Dmpu
2026-02-10 10:39:50,938 [ERROR] ConditionMgr:805 - Attr not supported : Dmpu
2026-02-10 10:39:50,938 [ERROR] ConditionMgr:805 - Attr not supported : Dmpu
2026-02-10 10:39:50,938 [ERROR] ConditionMgr:805 - Attr not supported : Dmpu
2026-02-10 10:39:50,938 [ERROR] ConditionMgr:805 - Attr not supported : Dmpu
2026-02-10 10:39:50,938 [ERROR] ConditionMgr:805 - Attr not supported : Dmpu
2026-02-10 10:39:50,938 [ERROR] ConditionMgr:805 - Attr not supported : Dmpu
2026-02-10 10:39:50,938 [ERROR] ConditionMgr:805 - Attr not supported : Dmpu
2026-02-10 10:39:50,938 [ERROR] ConditionMgr:805 - Attr not supported : Dmpu
2026-02-10 10:39:50,938 [ERROR] ConditionMgr:805 - Attr not supported : Dmpu
2026-02-10 10:39:50,938 [ERROR] ConditionMgr:805 - Attr not supported : Dmpu
2026-02-10 10:39:50,938 [ERROR] ConditionMgr:805 - Attr not supported : Dmpu
2026-02-10 10:39:50,938 [ERROR] ConditionMgr:805 - Attr not supported : Dmpu
2026-02-10 10:39:50,953 [WARN] PackLoader:240 - Cannot read IP mode file for STMicroelectronics.X-CUBE-WB05N.2.0.0
2026-02-10 10:39:50,971 [WARN] PackLoader:240 - Cannot read IP mode file for STMicroelectronics.X-CUBE-BLEMGR.3.0.0
2026-02-10 10:39:50,985 [ERROR] Engine:466 - C:\Users\RND1\.stm32cubemx\thirdparties\pdsc\STMicroelectronics.X-CUBE-TCPP.4.2.0.pdsc: PDSC version is not supported
2026-02-10 10:39:50,998 [WARN] PackLoader:240 - Cannot read IP mode file for RealThread.X-CUBE-RT-Thread_Nano.4.1.1
2026-02-10 10:39:51,014 [WARN] PackLoader:240 - Cannot read IP mode file for STMicroelectronics.FP-ATR-SIGFOX1.3.2.0
2026-02-10 10:39:51,028 [WARN] ConditionMgr:438 - getConditionDescription Invalid condition id : Cortex-A Device cause : null
2026-02-10 10:39:51,047 [WARN] ConditionMgr:1039 - genDependencies : Invalid condition id : Cortex-A Device cause : null
2026-02-10 10:39:51,047 [WARN] ConditionMgr:1039 - genDependencies : Invalid condition id : Cortex-A Device cause : null
2026-02-10 10:39:51,047 [WARN] ConditionMgr:1039 - genDependencies : Invalid condition id : Cortex-A Device cause : null
2026-02-10 10:39:51,059 [WARN] PackLoader:240 - Cannot read IP mode file for STMicroelectronics.X-CUBE-EEPRMA1.5.1.0
2026-02-10 10:39:51,072 [WARN] PackLoader:240 - Cannot read IP mode file for STMicroelectronics.X-CUBE-NFC6.3.2.0
2026-02-10 10:39:51,085 [ERROR] Engine:466 - C:\Users\RND1\.stm32cubemx\thirdparties\pdsc\STMicroelectronics.X-CUBE-ST67W61.1.0.0.pdsc: PDSC version is not supported
2026-02-10 10:39:51,098 [WARN] PackLoader:240 - Cannot read IP mode file for STMicroelectronics.X-CUBE-AI.10.2.0
2026-02-10 10:39:51,124 [WARN] PackLoader:240 - Cannot read IP mode file for SEGGER.I-CUBE-embOS.1.3.1
2026-02-10 10:39:51,148 [WARN] PackLoader:240 - Cannot read IP mode file for STMicroelectronics.X-CUBE-ALGOBUILD.1.4.0
2026-02-10 10:39:51,191 [WARN] PackLoader:240 - Cannot read IP mode file for STMicroelectronics.X-CUBE-MEMS1.11.3.0
2026-02-10 10:39:51,264 [WARN] PackLoader:240 - Cannot read IP mode file for STMicroelectronics.X-CUBE-AI.9.1.0
2026-02-10 10:39:51,281 [WARN] PackLoader:240 - Cannot read IP mode file for STMicroelectronics.X-CUBE-PM33A1.1.0.0
2026-02-10 10:39:51,294 [WARN] PackLoader:240 - Cannot read IP mode file for STMicroelectronics.X-CUBE-GNSS1.6.0.0
2026-02-10 10:39:51,317 [WARN] PackLoader:240 - Cannot read IP mode file for STMicroelectronics.X-CUBE-AZRTOS-F4.1.1.0
2026-02-10 10:39:51,330 [WARN] PackLoader:240 - Cannot read IP mode file for wolfSSL.I-CUBE-wolfSSL.5.6.4
2026-02-10 10:39:51,342 [ERROR] Engine:466 - C:\Users\RND1\.stm32cubemx\thirdparties\pdsc\Avnet-IotConnect.X-CUBE-IoTC-DA16k-PMOD.1.0.0.pdsc: PDSC version is not supported
2026-02-10 10:39:51,354 [WARN] PackLoader:240 - Cannot read IP mode file for STMicroelectronics.X-CUBE-ISPU.2.1.0
2026-02-10 10:39:51,367 [ERROR] Engine:466 - C:\Users\RND1\.stm32cubemx\thirdparties\pdsc\STMicroelectronics.X-CUBE-IPS.3.2.0.pdsc: PDSC version is not supported
2026-02-10 10:39:51,380 [WARN] PackLoader:240 - Cannot read IP mode file for STMicroelectronics.X-CUBE-FREERTOS.1.2.0
2026-02-10 10:39:51,400 [WARN] PackLoader:240 - Cannot read IP mode file for STMicroelectronics.X-CUBE-NFC12.1.0.0
2026-02-10 10:39:51,441 [WARN] PackLoader:240 - Cannot read IP mode file for STMicroelectronics.X-CUBE-AZRTOS-L5.2.0.0
2026-02-10 10:39:51,463 [WARN] PackLoader:240 - Cannot read IP mode file for STMicroelectronics.X-CUBE-EEPRMA1.4.2.0
2026-02-10 10:39:51,478 [WARN] PackLoader:240 - Cannot read IP mode file for STMicroelectronics.X-CUBE-NFC6.3.1.0
2026-02-10 10:39:51,496 [WARN] PackLoader:240 - Cannot read IP mode file for ITTIA_DB.I-CUBE-ITTIADB.8.8.0
2026-02-10 10:39:51,513 [WARN] PackLoader:240 - Cannot read IP mode file for STMicroelectronics.X-CUBE-DPower.1.2.0
2026-02-10 10:39:51,531 [WARN] PackLoader:240 - Cannot read IP mode file for STMicroelectronics.X-CUBE-AI.9.0.0
2026-02-10 10:39:51,542 [INFO] WebApp:448 - Apply proxy settings
2026-02-10 10:39:51,548 [WARN] PackLoader:240 - Cannot read IP mode file for STMicroelectronics.X-CUBE-FREERTOS.1.3.1
2026-02-10 10:39:51,554 [INFO] WebApp:493 - Chromium authenticates against Manually configured proxy
2026-02-10 10:39:51,563 [WARN] PackLoader:240 - Cannot read IP mode file for STMicroelectronics.X-CUBE-FREERTOS.1.3.0
2026-02-10 10:39:51,563 [INFO] WebApp:501 - Username used for proxy authentication: 
2026-02-10 10:39:51,579 [WARN] PackLoader:240 - Cannot read IP mode file for STMicroelectronics.X-CUBE-NFC7.1.0.1
2026-02-10 10:39:51,595 [WARN] PackLoader:240 - Cannot read IP mode file for STMicroelectronics.X-CUBE-TOUCHGFX.4.26.0
2026-02-10 10:39:51,602 [INFO] WebApp:869 - Register for checkConnection events
2026-02-10 10:39:51,602 [INFO] WebApp:448 - Apply proxy settings
2026-02-10 10:39:51,605 [INFO] WebApp:493 - Chromium authenticates against Manually configured proxy
2026-02-10 10:39:51,608 [WARN] PackLoader:240 - Cannot read IP mode file for STMicroelectronics.X-CUBE-NFC6.3.0.0
2026-02-10 10:39:51,610 [INFO] WebApp:501 - Username used for proxy authentication: 
2026-02-10 10:39:51,621 [ERROR] Engine:466 - C:\Users\RND1\.stm32cubemx\thirdparties\pdsc\STMicroelectronics.FP-SNS-STAIOTCFT.1.0.0.pdsc: PDSC version is not supported
2026-02-10 10:39:51,635 [WARN] PackLoader:240 - Cannot read IP mode file for STMicroelectronics.X-CUBE-DPower.1.3.0
2026-02-10 10:39:51,648 [WARN] PackLoader:240 - Cannot read IP mode file for STMicroelectronics.X-CUBE-AI.8.1.0
2026-02-10 10:39:51,671 [WARN] ConditionMgr:438 - getConditionDescription Invalid condition id : LAN8742 Phy interface Condition cause : null
2026-02-10 10:39:51,672 [WARN] PackLoader:240 - Cannot read IP mode file for STMicroelectronics.X-CUBE-AZRTOS-L4.2.0.0
2026-02-10 10:39:51,672 [WARN] ConditionMgr:1039 - genDependencies : Invalid condition id : LAN8742 Phy interface Condition cause : null
2026-02-10 10:39:51,672 [WARN] ConditionMgr:1039 - genDependencies : Invalid condition id : LAN8742 Phy interface Condition cause : null
2026-02-10 10:39:51,673 [WARN] ConditionMgr:1039 - genDependencies : Invalid condition id : LAN8742 Phy interface Condition cause : null
2026-02-10 10:39:51,686 [WARN] PackLoader:240 - Cannot read IP mode file for STMicroelectronics.X-CUBE-SFXS2LP1.4.0.0
2026-02-10 10:39:51,697 [ERROR] Engine:466 - C:\Users\RND1\.stm32cubemx\thirdparties\pdsc\STMicroelectronics.X-CUBE-ST67W61.1.2.0.pdsc: PDSC version is not supported
2026-02-10 10:39:51,716 [WARN] PackLoader:240 - Cannot read IP mode file for STMicroelectronics.X-CUBE-AZRTOS-H7.3.3.0
2026-02-10 10:39:51,729 [ERROR] Engine:466 - C:\Users\RND1\.stm32cubemx\thirdparties\pdsc\STMicroelectronics.X-CUBE-BLEMGR.4.1.0.pdsc: PDSC version is not supported
2026-02-10 10:39:51,744 [WARN] PackLoader:240 - Cannot read IP mode file for STMicroelectronics.X-CUBE-IPS.3.0.0
2026-02-10 10:39:51,760 [INFO] WebApp:220 - Starting web application
2026-02-10 10:39:51,760 [INFO] WebApp:578 - Web application path used C:\ST\STM32CubeIDE_1.16.1\STM32CubeIDE\plugins\com.st.stm32cube.common.mx_6.12.1.202409122256\db\plugins\mcufinder\reactClient1\index.html
2026-02-10 10:39:51,766 [WARN] ConditionMgr:438 - getConditionDescription Invalid condition id : UX DEVICE CLASS RTOS Condition cause : null
2026-02-10 10:39:51,766 [WARN] ConditionMgr:438 - getConditionDescription Invalid condition id : UX DEVICE CLASS RTOS Condition cause : null
2026-02-10 10:39:51,767 [WARN] PackLoader:240 - Cannot read IP mode file for STMicroelectronics.X-CUBE-AZRTOS-WB.2.0.0
2026-02-10 10:39:51,767 [WARN] ConditionMgr:1039 - genDependencies : Invalid condition id : UX DEVICE CLASS RTOS Condition cause : null
2026-02-10 10:39:51,768 [WARN] ConditionMgr:1039 - genDependencies : Invalid condition id : UX DEVICE CLASS RTOS Condition cause : null
2026-02-10 10:39:51,768 [WARN] ConditionMgr:1039 - genDependencies : Invalid condition id : UX DEVICE CLASS RTOS Condition cause : null
2026-02-10 10:39:51,768 [WARN] ConditionMgr:1039 - genDependencies : Invalid condition id : UX DEVICE CLASS RTOS Condition cause : null
2026-02-10 10:39:51,768 [WARN] ConditionMgr:1039 - genDependencies : Invalid condition id : UX DEVICE CLASS RTOS Condition cause : null
2026-02-10 10:39:51,783 [WARN] PackLoader:240 - Cannot read IP mode file for STMicroelectronics.X-CUBE-GNSS1.7.0.0
2026-02-10 10:39:51,798 [WARN] PackLoader:240 - Cannot read IP mode file for STMicroelectronics.X-CUBE-GNSS1.7.0.1
2026-02-10 10:39:51,812 [WARN] PackLoader:240 - Cannot read IP mode file for STMicroelectronics.X-CUBE-TOUCHGFX.4.25.0
2026-02-10 10:39:51,830 [WARN] PackLoader:240 - Cannot read IP mode file for STMicroelectronics.FP-SNS-STBOX1.2.0.0
2026-02-10 10:39:51,846 [WARN] PackLoader:240 - Cannot read IP mode file for STMicroelectronics.X-CUBE-STSE01.2.0.0
2026-02-10 10:39:51,872 [WARN] PackLoader:240 - Cannot read IP mode file for STMicroelectronics.X-CUBE-SUBG2.5.0.0
2026-02-10 10:39:51,901 [WARN] PackLoader:240 - Cannot read IP mode file for STMicroelectronics.X-CUBE-AZRTOS-H7RS.1.1.0
2026-02-10 10:39:51,918 [INFO] UserAuth:417 - Internet connection configuration mode: 1
2026-02-10 10:39:51,933 [WARN] PackLoader:240 - Cannot read IP mode file for STMicroelectronics.X-CUBE-AZRTOS-G4.2.0.0
2026-02-10 10:39:51,958 [WARN] PackLoader:240 - Cannot read IP mode file for Infineon.AIROC-Wi-Fi-Bluetooth-STM32.1.5.1
2026-02-10 10:39:51,976 [INFO] WebApp:186 - Connection restablished
2026-02-10 10:39:51,977 [WARN] PackLoader:240 - Cannot read IP mode file for STMicroelectronics.X-CUBE-NFC7.2.0.0
2026-02-10 10:39:51,992 [WARN] PackLoader:240 - Cannot read IP mode file for STMicroelectronics.FP-SNS-MOTENVWB1.1.3.1
2026-02-10 10:39:52,009 [WARN] PackLoader:240 - Cannot read IP mode file for STMicroelectronics.X-CUBE-ISPU.2.0.0
2026-02-10 10:39:52,026 [ERROR] Engine:466 - C:\Users\RND1\.stm32cubemx\thirdparties\pdsc\STMicroelectronics.X-CUBE-IPS.3.1.0.pdsc: PDSC version is not supported
2026-02-10 10:39:52,046 [WARN] PackLoader:240 - Cannot read IP mode file for STMicroelectronics.X-CUBE-ALS.1.0.2
2026-02-10 10:39:52,085 [WARN] PackLoader:240 - Cannot read IP mode file for STMicroelectronics.X-CUBE-MEMS1.10.0.0
2026-02-10 10:39:52,174 [WARN] PackLoader:240 - Cannot read IP mode file for STMicroelectronics.X-CUBE-FREERTOS.1.1.0
2026-02-10 10:39:52,197 [WARN] PackLoader:240 - Cannot read IP mode file for STMicroelectronics.X-CUBE-TOUCHGFX.4.24.0
2026-02-10 10:39:52,213 [WARN] PackLoader:240 - Cannot read IP mode file for STMicroelectronics.X-CUBE-TOUCHGFX.4.24.2
2026-02-10 10:39:52,228 [WARN] PackLoader:240 - Cannot read IP mode file for STMicroelectronics.X-CUBE-TOUCHGFX.4.24.1
2026-02-10 10:39:52,242 [WARN] PackLoader:240 - Cannot read IP mode file for STMicroelectronics.X-CUBE-STSE01.1.0.0
2026-02-10 10:39:52,255 [WARN] PackLoader:240 - Cannot read IP mode file for wolfSSL.I-CUBE-wolfTPM.3.4.0
2026-02-10 10:39:52,272 [WARN] PackLoader:240 - Cannot read IP mode file for portGmbH.I-Cube-SoM-uGOAL.1.1.0
2026-02-10 10:39:52,284 [WARN] PackLoader:240 - Cannot read IP mode file for STMicroelectronics.X-CUBE-ALS.1.0.1
2026-02-10 10:39:52,309 [WARN] PackLoader:240 - Cannot read IP mode file for STMicroelectronics.X-CUBE-AZRTOS-H7RS.1.0.0
2026-02-10 10:39:52,326 [WARN] PackLoader:240 - Cannot read IP mode file for STMicroelectronics.FP-ATR-ASTRA1.2.0.0
2026-02-10 10:39:52,350 [WARN] PackLoader:240 - Cannot read IP mode file for STMicroelectronics.X-CUBE-TOF1.3.4.2
2026-02-10 10:39:52,372 [ERROR] Engine:466 - C:\Users\RND1\.stm32cubemx\thirdparties\pdsc\STMicroelectronics.X-CUBE-TOF1.3.4.3.pdsc: PDSC version is not supported
2026-02-10 10:39:52,393 [WARN] PackLoader:240 - Cannot read IP mode file for STMicroelectronics.X-CUBE-TOF1.3.4.0
2026-02-10 10:39:52,418 [WARN] PackLoader:240 - Cannot read IP mode file for STMicroelectronics.X-CUBE-TOF1.3.4.1
2026-02-10 10:39:52,452 [WARN] PackLoader:240 - Cannot read IP mode file for STMicroelectronics.X-CUBE-AZRTOS-H7.3.2.0
2026-02-10 10:39:52,495 [WARN] PackLoader:240 - Cannot read IP mode file for wolfSSL.I-CUBE-wolfSSH.1.4.17
2026-02-10 10:39:52,496 [INFO] ThirdParty:978 - Integrity check success = true
2026-02-10 10:39:52,496 [INFO] IntegrityCheckThread:100 - exiting critical section [integrity check]
2026-02-10 10:39:52,496 [INFO] IntegrityCheckThread:103 - End integrity checks thread
2026-02-10 17:30:14,990 [ERROR] LogOutputStream:75 - [STDERR_REDIRECT] 
