2026-01-08 10:48:10,036 [INFO] Activator:176 - 


2026-01-08 10:48:10,040 [INFO] Activator:177 - !SESSION log4j initialized
2026-01-08 10:48:16,424 [INFO] LogOutputStream:77 - [STDOUT_REDIRECT] 
2026-01-08 10:48:25,596 [INFO] ApplicationProperties:184 - Using Application install path: C:\ST\STM32CubeIDE_1.16.1\STM32CubeIDE\plugins\com.st.stm32cube.common.mx_6.12.1.202409122256
2026-01-08 10:48:25,612 [INFO] DbMcusXml:78 - Set database path to: C:\ST\STM32CubeIDE_1.16.1\STM32CubeIDE\plugins\com.st.stm32cube.common.mx_6.12.1.202409122256\\db\/mcu/
2026-01-08 10:48:25,612 [INFO] ApiDb:274 - Set plugin database path to: C:\ST\STM32CubeIDE_1.16.1\STM32CubeIDE\plugins\com.st.stm32cube.common.mx_6.12.1.202409122256\\db\/plugins/boardmanager/
2026-01-08 10:48:25,613 [WARN] ApiDb:259 - Overriding images path with different value:  => C:\ST\STM32CubeIDE_1.16.1\STM32CubeIDE\plugins\com.st.stm32cube.common.mx_6.12.1.202409122256\\db\/plugins/mcufinder/images/
2026-01-08 10:48:25,629 [INFO] ApiDb:250 - Set database path to: C:\Users\RND1\.stmcufinder\plugins\mcufinder//mcu/
2026-01-08 10:48:25,630 [INFO] DbMcusAds:125 - Set database path to: C:\Users\RND1\.stmcufinder\plugins\mcufinder//mcu/
2026-01-08 10:48:25,634 [INFO] CrossReferenceDbSqlite:203 - Set database path to: C:\Users\RND1\.stmcufinder\plugins\mcufinder//mcu/cs/
2026-01-08 10:48:25,733 [INFO] RulesReader:64 - Compatibility file has been processed (297 Rules)
2026-01-08 10:48:25,823 [INFO] DbMcusXml:78 - Set database path to: C:\ST\STM32CubeIDE_1.16.1\STM32CubeIDE\plugins\com.st.stm32cube.common.mx_6.12.1.202409122256\\db\/mcu/
2026-01-08 10:48:25,823 [INFO] ApiDb:274 - Set plugin database path to: C:\ST\STM32CubeIDE_1.16.1\STM32CubeIDE\plugins\com.st.stm32cube.common.mx_6.12.1.202409122256\\db\/plugins/boardmanager/
2026-01-08 10:48:25,823 [INFO] ApiDb:261 - Set plugin images path to: C:\ST\STM32CubeIDE_1.16.1\STM32CubeIDE\plugins\com.st.stm32cube.common.mx_6.12.1.202409122256\\db\/plugins/mcufinder/images/
2026-01-08 10:48:25,824 [WARN] DbFile:41 - Overriding database path with different value: C:\Users\RND1\.stmcufinder\plugins\mcufinder/ => C:\Users\RND1\.stmcufinder\plugins\mcufinder
2026-01-08 10:48:25,824 [INFO] ApiDb:250 - Set database path to: C:\Users\RND1\.stmcufinder\plugins\mcufinder//mcu/
2026-01-08 10:48:25,824 [WARN] DbFile:41 - Overriding database path with different value: C:\Users\RND1\.stmcufinder\plugins\mcufinder/ => C:\Users\RND1\.stmcufinder\plugins\mcufinder
2026-01-08 10:48:25,824 [INFO] DbMcusAds:125 - Set database path to: C:\Users\RND1\.stmcufinder\plugins\mcufinder//mcu/
2026-01-08 10:48:25,824 [WARN] DbFile:41 - Overriding database path with different value: C:\Users\RND1\.stmcufinder\plugins\mcufinder/ => C:\Users\RND1\.stmcufinder\plugins\mcufinder
2026-01-08 10:48:25,824 [WARN] DbFile:41 - Overriding database path with different value: C:\Users\RND1\.stmcufinder\plugins\mcufinder/ => C:\Users\RND1\.stmcufinder\plugins\mcufinder
2026-01-08 10:48:25,824 [INFO] CrossReferenceDbSqlite:203 - Set database path to: C:\Users\RND1\.stmcufinder\plugins\mcufinder//mcu/cs/
2026-01-08 10:48:25,915 [INFO] MainPanel:268 - HeapMemory: 268435456
2026-01-08 10:48:26,001 [INFO] DbMcusXml:78 - Set database path to: C:\ST\STM32CubeIDE_1.16.1\STM32CubeIDE\plugins\com.st.stm32cube.common.mx_6.12.1.202409122256\\db\/mcu/
2026-01-08 10:48:26,002 [INFO] ApiDb:274 - Set plugin database path to: C:\ST\STM32CubeIDE_1.16.1\STM32CubeIDE\plugins\com.st.stm32cube.common.mx_6.12.1.202409122256\\db\/plugins/boardmanager/
2026-01-08 10:48:26,002 [INFO] ApiDb:261 - Set plugin images path to: C:\ST\STM32CubeIDE_1.16.1\STM32CubeIDE\plugins\com.st.stm32cube.common.mx_6.12.1.202409122256\\db\/plugins/mcufinder/images/
2026-01-08 10:48:26,002 [WARN] DbFile:41 - Overriding database path with different value: C:\Users\RND1\.stmcufinder\plugins\mcufinder/ => C:\Users\RND1\.stmcufinder\plugins\mcufinder
2026-01-08 10:48:26,002 [INFO] ApiDb:250 - Set database path to: C:\Users\RND1\.stmcufinder\plugins\mcufinder//mcu/
2026-01-08 10:48:26,002 [WARN] DbFile:41 - Overriding database path with different value: C:\Users\RND1\.stmcufinder\plugins\mcufinder/ => C:\Users\RND1\.stmcufinder\plugins\mcufinder
2026-01-08 10:48:26,002 [INFO] DbMcusAds:125 - Set database path to: C:\Users\RND1\.stmcufinder\plugins\mcufinder//mcu/
2026-01-08 10:48:26,002 [WARN] DbFile:41 - Overriding database path with different value: C:\Users\RND1\.stmcufinder\plugins\mcufinder/ => C:\Users\RND1\.stmcufinder\plugins\mcufinder
2026-01-08 10:48:26,002 [WARN] DbFile:41 - Overriding database path with different value: C:\Users\RND1\.stmcufinder\plugins\mcufinder/ => C:\Users\RND1\.stmcufinder\plugins\mcufinder
2026-01-08 10:48:26,002 [INFO] CrossReferenceDbSqlite:203 - Set database path to: C:\Users\RND1\.stmcufinder\plugins\mcufinder//mcu/cs/
2026-01-08 10:48:26,018 [INFO] ApplicationProperties:184 - Using Application install path: C:\ST\STM32CubeIDE_1.16.1\STM32CubeIDE\plugins\com.st.stm32cube.common.mx_6.12.1.202409122256
2026-01-08 10:48:26,020 [INFO] PluginManage:196 - Search for loadable plugins [exclusion list=, ]
2026-01-08 10:48:26,022 [INFO] PluginManage:310 - Check plugin analytics
2026-01-08 10:48:26,174 [INFO] AnalyticsPlugin:253 - Accepted Software Licenses: STM32CubeMX.6.10.0
2026-01-08 10:48:26,174 [INFO] AnalyticsPlugin:255 - Accepted CMSIS Pack Licenses: 
2026-01-08 10:48:26,174 [INFO] AnalyticsPlugin:257 - Accepted Firmware Licenses: FW.G4.1.5.0,FW.G4.1.6.0,FW.F4.1.28.0,FW.H7.1.11.0
2026-01-08 10:48:26,177 [INFO] PluginManage:359 - Loaded plugin analytics (category:tool,tabindex:-1)
2026-01-08 10:48:26,178 [INFO] PluginManage:310 - Check plugin cadmodel
2026-01-08 10:48:26,199 [INFO] CADModel:105 - Init CAD model plugin
2026-01-08 10:48:26,199 [INFO] PluginManage:359 - Loaded plugin cadmodel (category:power,tabindex:5)
2026-01-08 10:48:26,199 [INFO] PluginManage:310 - Check plugin clock
2026-01-08 10:48:26,223 [INFO] PluginManage:359 - Loaded plugin clock (category:base,tabindex:2)
2026-01-08 10:48:26,224 [INFO] PluginManage:310 - Check plugin ddr
2026-01-08 10:48:26,226 [INFO] PluginManage:359 - Loaded plugin ddr (category:tool,tabindex:6)
2026-01-08 10:48:26,227 [INFO] PluginManage:310 - Check plugin filemanager
2026-01-08 10:48:26,373 [INFO] PluginManage:359 - Loaded plugin filemanager (category:base,tabindex:10)
2026-01-08 10:48:26,374 [INFO] PluginManage:310 - Check plugin ipmanager
2026-01-08 10:48:26,381 [INFO] PluginManage:359 - Loaded plugin ipmanager (category:base,tabindex:5)
2026-01-08 10:48:26,381 [INFO] PluginManage:310 - Check plugin lpbam
2026-01-08 10:48:26,399 [INFO] PluginManage:359 - Loaded plugin lpbam (category:base,tabindex:0)
2026-01-08 10:48:26,399 [INFO] PluginManage:310 - Check plugin memorymap
2026-01-08 10:48:26,425 [INFO] PluginManage:359 - Loaded plugin memorymap (category:base,tabindex:4)
2026-01-08 10:48:26,425 [INFO] PluginManage:310 - Check plugin pinoutandconfiguration
2026-01-08 10:48:26,444 [INFO] PluginManage:359 - Loaded plugin pinoutandconfiguration (category:base,tabindex:1)
2026-01-08 10:48:26,444 [INFO] PluginManage:310 - Check plugin pinoutconfig
2026-01-08 10:48:26,534 [WARN] SupportedApi:132 - Cannot load RTOS API schema: s4s-elt-must-match.1: The content of 'definitions' must match (annotation?, (simpleType | complexType)?, (unique | key | keyref)*)). A problem was found starting at: attribute.
2026-01-08 10:48:26,669 [INFO] PluginManage:359 - Loaded plugin pinoutconfig (category:base,tabindex:0)
2026-01-08 10:48:26,669 [INFO] PluginManage:310 - Check plugin power
2026-01-08 10:48:26,695 [INFO] PluginManage:359 - Loaded plugin power (category:power,tabindex:4)
2026-01-08 10:48:26,696 [INFO] PluginManage:310 - Check plugin projectmanager
2026-01-08 10:48:26,715 [INFO] PluginManage:359 - Loaded plugin projectmanager (category:projectmanager,tabindex:4)
2026-01-08 10:48:26,715 [INFO] PluginManage:310 - Check plugin rif
2026-01-08 10:48:26,736 [INFO] PluginManage:359 - Loaded plugin rif (category:base,tabindex:3)
2026-01-08 10:48:26,736 [INFO] PluginManage:310 - Check plugin thirdparty
2026-01-08 10:48:27,026 [INFO] PluginManage:359 - Loaded plugin thirdparty (category:base,tabindex:-1)
2026-01-08 10:48:27,026 [WARN] IntegrityCheckThread:84 - waiting for thirdparty lock release [integrity check]
2026-01-08 10:48:27,026 [INFO] PluginManage:310 - Check plugin tools
2026-01-08 10:48:27,026 [INFO] IntegrityCheckThread:86 - entering critical section [integrity check]
2026-01-08 10:48:27,026 [INFO] ThirdPartyUpdaterWithRetryManager:70 - Updater plugin not ready yet. [1/15]
2026-01-08 10:48:27,068 [INFO] PluginManage:359 - Loaded plugin tools (category:base,tabindex:7)
2026-01-08 10:48:27,068 [INFO] PluginManage:310 - Check plugin tutovideos
2026-01-08 10:48:27,295 [INFO] PluginManage:359 - Loaded plugin tutovideos (category:base,tabindex:-1)
2026-01-08 10:48:27,295 [INFO] PluginManage:310 - Check plugin updater
2026-01-08 10:48:27,327 [INFO] PluginManage:359 - Loaded plugin updater (category:base,tabindex:12)
2026-01-08 10:48:27,327 [INFO] PluginManage:310 - Check plugin userauth
2026-01-08 10:48:27,333 [INFO] UserAuth:113 - Init User Auth plugin
2026-01-08 10:48:27,333 [INFO] PluginManage:359 - Loaded plugin userauth (category:base,tabindex:14)
2026-01-08 10:48:27,334 [INFO] PluginManage:283 - PluginManage : Loaded plugins [18]
2026-01-08 10:48:27,534 [INFO] PinOutPanel:1561 - setPackage(No Configuration,No Configuration)
2026-01-08 10:48:27,617 [INFO] CADModel:165 - CPN selected for project level
2026-01-08 10:48:27,617 [INFO] CADModel:114 - Register for checkConnection events
2026-01-08 10:48:27,641 [INFO] IPUIPlugin:80 - create IPUIPlugin
2026-01-08 10:48:27,642 [INFO] PluginManager:220 - loadIPPluginJar : add adc
2026-01-08 10:48:27,680 [INFO] IPUIPlugin:80 - create IPUIPlugin
2026-01-08 10:48:27,680 [INFO] PluginManager:220 - loadIPPluginJar : add aes
2026-01-08 10:48:27,729 [INFO] IPUIPlugin:80 - create IPUIPlugin
2026-01-08 10:48:27,729 [INFO] PluginManager:220 - loadIPPluginJar : add can
2026-01-08 10:48:27,759 [INFO] IPUIPlugin:80 - create IPUIPlugin
2026-01-08 10:48:27,760 [INFO] PluginManager:220 - loadIPPluginJar : add comp
2026-01-08 10:48:27,796 [INFO] IPUIPlugin:80 - create IPUIPlugin
2026-01-08 10:48:27,797 [INFO] PluginManager:220 - loadIPPluginJar : add cryp
2026-01-08 10:48:27,809 [INFO] IPUIPlugin:80 - create IPUIPlugin
2026-01-08 10:48:27,809 [INFO] PluginManager:220 - loadIPPluginJar : add ddr_ctrl_phy
2026-01-08 10:48:27,840 [INFO] IPUIPlugin:80 - create IPUIPlugin
2026-01-08 10:48:27,840 [INFO] PluginManager:220 - loadIPPluginJar : add dfsdm
2026-01-08 10:48:27,855 [INFO] IPUIPlugin:80 - create IPUIPlugin
2026-01-08 10:48:27,856 [INFO] PluginManager:220 - loadIPPluginJar : add dma
2026-01-08 10:48:27,903 [INFO] IPUIPlugin:80 - create IPUIPlugin
2026-01-08 10:48:27,903 [INFO] PluginManager:220 - loadIPPluginJar : add dma3
2026-01-08 10:48:27,948 [INFO] IPUIPlugin:80 - create IPUIPlugin
2026-01-08 10:48:27,948 [INFO] PluginManager:220 - loadIPPluginJar : add extmemmanager
2026-01-08 10:48:27,970 [INFO] IPUIPlugin:80 - create IPUIPlugin
2026-01-08 10:48:27,971 [INFO] PluginManager:220 - loadIPPluginJar : add fatfs
2026-01-08 10:48:28,024 [INFO] IPUIPlugin:80 - create IPUIPlugin
2026-01-08 10:48:28,024 [INFO] PluginManager:220 - loadIPPluginJar : add fmc
2026-01-08 10:48:28,041 [INFO] IPUIPlugin:80 - create IPUIPlugin
2026-01-08 10:48:28,041 [INFO] PluginManager:220 - loadIPPluginJar : add freertos
2026-01-08 10:48:28,069 [INFO] IPUIPlugin:80 - create IPUIPlugin
2026-01-08 10:48:28,069 [INFO] PluginManager:220 - loadIPPluginJar : add genericplugin
2026-01-08 10:48:28,183 [INFO] IPUIPlugin:80 - create IPUIPlugin
2026-01-08 10:48:28,184 [INFO] PluginManager:220 - loadIPPluginJar : add gfxmmu
2026-01-08 10:48:28,346 [INFO] IPUIPlugin:80 - create IPUIPlugin
2026-01-08 10:48:28,346 [INFO] PluginManager:220 - loadIPPluginJar : add gic
2026-01-08 10:48:28,360 [INFO] IPUIPlugin:80 - create IPUIPlugin
2026-01-08 10:48:28,360 [INFO] PluginManager:220 - loadIPPluginJar : add gpio
2026-01-08 10:48:28,452 [INFO] IPUIPlugin:80 - create IPUIPlugin
2026-01-08 10:48:28,453 [INFO] PluginManager:220 - loadIPPluginJar : add gtzc
2026-01-08 10:48:28,489 [INFO] IPUIPlugin:80 - create IPUIPlugin
2026-01-08 10:48:28,489 [INFO] PluginManager:220 - loadIPPluginJar : add hash
2026-01-08 10:48:28,559 [INFO] IPUIPlugin:80 - create IPUIPlugin
2026-01-08 10:48:28,560 [INFO] PluginManager:220 - loadIPPluginJar : add i2c
2026-01-08 10:48:28,616 [INFO] IPUIPlugin:80 - create IPUIPlugin
2026-01-08 10:48:28,617 [INFO] PluginManager:220 - loadIPPluginJar : add i2s
2026-01-08 10:48:28,669 [INFO] IPUIPlugin:80 - create IPUIPlugin
2026-01-08 10:48:28,669 [INFO] PluginManager:220 - loadIPPluginJar : add i3c
2026-01-08 10:48:28,790 [INFO] IPUIPlugin:80 - create IPUIPlugin
2026-01-08 10:48:28,790 [INFO] PluginManager:220 - loadIPPluginJar : add ipddr
2026-01-08 10:48:28,893 [INFO] IPUIPlugin:80 - create IPUIPlugin
2026-01-08 10:48:28,893 [INFO] PluginManager:220 - loadIPPluginJar : add linkedlist
2026-01-08 10:48:28,936 [INFO] IPUIPlugin:80 - create IPUIPlugin
2026-01-08 10:48:28,936 [INFO] PluginManager:220 - loadIPPluginJar : add lorawan
2026-01-08 10:48:28,984 [INFO] IPUIPlugin:80 - create IPUIPlugin
2026-01-08 10:48:28,984 [INFO] PluginManager:220 - loadIPPluginJar : add ltdc
2026-01-08 10:48:28,999 [INFO] IPUIPlugin:80 - create IPUIPlugin
2026-01-08 10:48:28,999 [INFO] PluginManager:220 - loadIPPluginJar : add mdma
2026-01-08 10:48:29,013 [INFO] IPUIPlugin:80 - create IPUIPlugin
2026-01-08 10:48:29,013 [INFO] PluginManager:220 - loadIPPluginJar : add nvic
2026-01-08 10:48:29,056 [INFO] IPUIPlugin:80 - create IPUIPlugin
2026-01-08 10:48:29,056 [INFO] PluginManager:220 - loadIPPluginJar : add opamp
2026-01-08 10:48:29,127 [INFO] IPUIPlugin:80 - create IPUIPlugin
2026-01-08 10:48:29,127 [INFO] PluginManager:220 - loadIPPluginJar : add openamp
2026-01-08 10:48:29,183 [INFO] IPUIPlugin:80 - create IPUIPlugin
2026-01-08 10:48:29,183 [INFO] PluginManager:220 - loadIPPluginJar : add pdm2pcm
2026-01-08 10:48:29,202 [INFO] IPUIPlugin:80 - create IPUIPlugin
2026-01-08 10:48:29,204 [INFO] PluginManager:220 - loadIPPluginJar : add plateformsettings
2026-01-08 10:48:29,238 [INFO] IPUIPlugin:80 - create IPUIPlugin
2026-01-08 10:48:29,238 [INFO] PluginManager:220 - loadIPPluginJar : add quadspi
2026-01-08 10:48:29,275 [INFO] IPUIPlugin:80 - create IPUIPlugin
2026-01-08 10:48:29,276 [INFO] PluginManager:220 - loadIPPluginJar : add radio
2026-01-08 10:48:29,291 [INFO] IPUIPlugin:80 - create IPUIPlugin
2026-01-08 10:48:29,291 [INFO] PluginManager:220 - loadIPPluginJar : add resmgrutility
2026-01-08 10:48:29,349 [INFO] IPUIPlugin:80 - create IPUIPlugin
2026-01-08 10:48:29,349 [INFO] PluginManager:220 - loadIPPluginJar : add sai
2026-01-08 10:48:29,391 [INFO] IPUIPlugin:80 - create IPUIPlugin
2026-01-08 10:48:29,392 [INFO] PluginManager:220 - loadIPPluginJar : add spi
2026-01-08 10:48:29,460 [INFO] IPUIPlugin:80 - create IPUIPlugin
2026-01-08 10:48:29,460 [INFO] PluginManager:220 - loadIPPluginJar : add stm32_wpan
2026-01-08 10:48:29,489 [INFO] IPUIPlugin:80 - create IPUIPlugin
2026-01-08 10:48:29,489 [INFO] PluginManager:220 - loadIPPluginJar : add tim
2026-01-08 10:48:29,558 [INFO] IPUIPlugin:80 - create IPUIPlugin
2026-01-08 10:48:29,558 [INFO] PluginManager:220 - loadIPPluginJar : add touchsensing
2026-01-08 10:48:29,589 [INFO] IPUIPlugin:80 - create IPUIPlugin
2026-01-08 10:48:29,589 [INFO] PluginManager:220 - loadIPPluginJar : add tracer_emb
2026-01-08 10:48:29,621 [INFO] IPUIPlugin:80 - create IPUIPlugin
2026-01-08 10:48:29,621 [INFO] PluginManager:220 - loadIPPluginJar : add ts
2026-01-08 10:48:29,653 [INFO] IPUIPlugin:80 - create IPUIPlugin
2026-01-08 10:48:29,654 [INFO] PluginManager:220 - loadIPPluginJar : add tsc
2026-01-08 10:48:29,681 [INFO] IPUIPlugin:80 - create IPUIPlugin
2026-01-08 10:48:29,681 [INFO] PluginManager:220 - loadIPPluginJar : add ucpd
2026-01-08 10:48:29,738 [INFO] IPUIPlugin:80 - create IPUIPlugin
2026-01-08 10:48:29,738 [INFO] PluginManager:220 - loadIPPluginJar : add usart
2026-01-08 10:48:29,795 [INFO] IPUIPlugin:80 - create IPUIPlugin
2026-01-08 10:48:29,795 [INFO] PluginManager:220 - loadIPPluginJar : add usbx
2026-01-08 10:48:29,908 [INFO] CADModel:165 - CPN selected for project level
2026-01-08 10:48:29,908 [INFO] CADModel:114 - Register for checkConnection events
2026-01-08 10:48:29,908 [FATAL] Updater:334 - Updater called before beeing initialized
2026-01-08 10:48:29,908 [ERROR] CADModel:125 - Updater not yet initialized, retry later 
2026-01-08 10:48:30,000 [INFO] CADModel:165 - CPN selected for project level
2026-01-08 10:48:30,000 [INFO] CADModel:114 - Register for checkConnection events
2026-01-08 10:48:30,000 [FATAL] Updater:334 - Updater called before beeing initialized
2026-01-08 10:48:30,000 [ERROR] CADModel:125 - Updater not yet initialized, retry later 
2026-01-08 10:48:30,002 [FATAL] Updater:334 - Updater called before beeing initialized
2026-01-08 10:48:30,032 [INFO] ThirdPartyUpdaterWithRetryManager:70 - Updater plugin not ready yet. [2/15]
2026-01-08 10:48:30,096 [FATAL] Updater:334 - Updater called before beeing initialized
2026-01-08 10:48:30,108 [INFO] DbMcusAds:53 - JSON generation date=Tue Jul 08 17:14:27 KST 2025 (1751962467633)
2026-01-08 10:48:30,109 [FATAL] Updater:334 - Updater called before beeing initialized
2026-01-08 10:48:30,140 [WARN] DetailPanel:346 - Failed to get advertising image, set to default
2026-01-08 10:48:30,211 [FATAL] Updater:334 - Updater called before beeing initialized
2026-01-08 10:48:30,213 [FATAL] Updater:334 - Updater called before beeing initialized
2026-01-08 10:48:30,213 [FATAL] Updater:334 - Updater called before beeing initialized
2026-01-08 10:48:30,213 [WARN] DetailPanel:346 - Failed to get advertising image, set to default
2026-01-08 10:48:30,214 [FATAL] Updater:334 - Updater called before beeing initialized
2026-01-08 10:48:30,269 [ERROR] Updater:1164 - MainUpdater not yet initialized. External WinMGr cannot be set.
2026-01-08 10:48:30,281 [INFO] Updater:1100 - Updater Version found : 6.12.1
2026-01-08 10:48:30,298 [INFO] ApplicationProperties:184 - Using Application install path: C:\ST\STM32CubeIDE_1.16.1\STM32CubeIDE\plugins\com.st.stm32cube.common.mx_6.12.1.202409122256
2026-01-08 10:48:30,912 [INFO] MainUpdater:2873 - connection check result : 10
2026-01-08 10:48:30,913 [INFO] MainUpdater:290 - Updater Check For Update Now.
2026-01-08 10:48:30,913 [INFO] MicroXplorer:498 - Change Database Version : DB.6.0.121
2026-01-08 10:48:30,931 [INFO] McuFinderGlobals:63 - Set McuFinder mode to 2 (CubeIDE integrated)
2026-01-08 10:48:30,942 [INFO] UserAuth:417 - Internet connection configuration mode: 1
2026-01-08 10:48:30,987 [INFO] JxBrowserEngine:152 - Initiate JxBrowser Engine with user profile folder
2026-01-08 10:48:31,139 [INFO] CheckServerUpdateThread:120 - End of CheckServer Thread
2026-01-08 10:48:33,748 [WARN] PackLoader:240 - Cannot read IP mode file for STMicroelectronics.FP-SNS-MOTENVWB1.1.4.0
2026-01-08 10:48:33,772 [WARN] PackLoader:240 - Cannot read IP mode file for STMicroelectronics.FP-ATR-ASTRA1.2.0.2
2026-01-08 10:48:33,786 [WARN] PackLoader:240 - Cannot read IP mode file for STMicroelectronics.FP-ATR-ASTRA1.2.0.1
2026-01-08 10:48:33,808 [WARN] PackLoader:240 - Cannot read IP mode file for STMicroelectronics.X-CUBE-SMBUS.2.1.0
2026-01-08 10:48:33,837 [WARN] PackLoader:240 - Cannot read IP mode file for STMicroelectronics.X-CUBE-WB05N.1.1.0
2026-01-08 10:48:33,855 [ERROR] Engine:466 - C:\Users\RND1\.stm32cubemx\thirdparties\pdsc\STMicroelectronics.X-CUBE-ST60.1.0.0.pdsc: PDSC version is not supported
2026-01-08 10:48:33,874 [WARN] PackLoader:240 - Cannot read IP mode file for STMicroelectronics.X-CUBE-TOUCHGFX.4.23.0
2026-01-08 10:48:33,895 [WARN] PackLoader:240 - Cannot read IP mode file for STMicroelectronics.X-CUBE-TOUCHGFX.4.23.2
2026-01-08 10:48:33,940 [WARN] PackLoader:240 - Cannot read IP mode file for STMicroelectronics.X-CUBE-AZRTOS-F7.1.1.0
2026-01-08 10:48:33,967 [WARN] PackLoader:240 - Cannot read IP mode file for STMicroelectronics.FP-SNS-MOTENV1.4.3.2
2026-01-08 10:48:34,038 [WARN] PackLoader:240 - Cannot read IP mode file for STMicroelectronics.X-CUBE-MEMS1.11.0.0
2026-01-08 10:48:34,219 [INFO] WebApp:167 - Instantiating new browser for Auth
2026-01-08 10:48:34,220 [ERROR] Engine:466 - C:\Users\RND1\.stm32cubemx\thirdparties\pdsc\STMicroelectronics.FP-SNS-MOTENV1.5.1.0.pdsc: PDSC version is not supported
2026-01-08 10:48:34,241 [WARN] PackLoader:240 - Cannot read IP mode file for STMicroelectronics.FP-SNS-FLIGHT1.5.0.2
2026-01-08 10:48:34,286 [WARN] PackLoader:240 - Cannot read IP mode file for STMicroelectronics.X-CUBE-AZRTOS-H7.3.4.0
2026-01-08 10:48:34,309 [WARN] PackLoader:240 - Cannot read IP mode file for STMicroelectronics.X-CUBE-DISPLAY.3.0.0
2026-01-08 10:48:34,333 [WARN] PackLoader:240 - Cannot read IP mode file for STMicroelectronics.X-CUBE-BLE1.7.0.0
2026-01-08 10:48:34,353 [WARN] PackLoader:240 - Cannot read IP mode file for STMicroelectronics.X-CUBE-NFC10.1.0.0
2026-01-08 10:48:34,381 [WARN] PackLoader:240 - Cannot read IP mode file for STMicroelectronics.X-CUBE-BLEMGR.4.0.0
2026-01-08 10:48:34,404 [ERROR] Engine:466 - C:\Users\RND1\.stm32cubemx\thirdparties\pdsc\STMicroelectronics.X-CUBE-ST60.1.1.0.pdsc: PDSC version is not supported
2026-01-08 10:48:34,427 [WARN] PackLoader:240 - Cannot read IP mode file for emotas.I-CUBE-CANOPEN.1.3.0
2026-01-08 10:48:34,449 [WARN] PackLoader:240 - Cannot read IP mode file for STMicroelectronics.X-CUBE-GNSS1.7.1.0
2026-01-08 10:48:34,470 [WARN] PackLoader:240 - Cannot read IP mode file for STMicroelectronics.X-CUBE-BLEMGR.3.1.0
2026-01-08 10:48:34,488 [WARN] PackLoader:240 - Cannot read IP mode file for STMicroelectronics.X-CUBE-AI.10.0.0
2026-01-08 10:48:34,505 [ERROR] Engine:466 - C:\Users\RND1\.stm32cubemx\thirdparties\pdsc\STMicroelectronics.FP-SNS-STBOX1.2.1.0.pdsc: PDSC version is not supported
2026-01-08 10:48:34,523 [WARN] PackLoader:240 - Cannot read IP mode file for STMicroelectronics.FP-SNS-SMARTAG2.1.2.0
2026-01-08 10:48:34,537 [ERROR] Engine:466 - C:\Users\RND1\.stm32cubemx\thirdparties\pdsc\STMicroelectronics.FP-SNS-FLIGHT1.5.1.0.pdsc: PDSC version is not supported
2026-01-08 10:48:34,576 [WARN] PackLoader:240 - Cannot read IP mode file for STMicroelectronics.X-CUBE-MEMS1.11.1.0
2026-01-08 10:48:34,665 [INFO] LogOutputStream:77 - [STDOUT_REDIRECT] 1 : Invalid condition id : UX_CORESTACK_Condition cause : null
2026-01-08 10:48:34,673 [INFO] LogOutputStream:77 - [STDOUT_REDIRECT] 1 : Invalid condition id : UX_CORESTACK_Condition cause : null
2026-01-08 10:48:34,673 [INFO] LogOutputStream:77 - [STDOUT_REDIRECT] 1 : Invalid condition id : UX_CORESTACK_Condition cause : null
2026-01-08 10:48:34,675 [INFO] LogOutputStream:77 - [STDOUT_REDIRECT] 1 : Invalid condition id : UX_CORESTACK_Condition cause : null
2026-01-08 10:48:34,677 [INFO] LogOutputStream:77 - [STDOUT_REDIRECT] 1 : Invalid condition id : UX_CORESTACK_Condition cause : null
2026-01-08 10:48:34,681 [WARN] PackLoader:240 - Cannot read IP mode file for STMicroelectronics.X-CUBE-AZRTOS-WL.2.0.0
2026-01-08 10:48:34,710 [WARN] PackLoader:240 - Cannot read IP mode file for STMicroelectronics.FP-SNS-MOTENV1.5.0.0
2026-01-08 10:48:34,751 [WARN] PackLoader:240 - Cannot read IP mode file for STMicroelectronics.X-CUBE-AZRTOS-H7RS.1.2.0
2026-01-08 10:48:34,767 [WARN] PackLoader:240 - Cannot read IP mode file for wolfSSL.I-CUBE-wolfMQTT.1.19.0
2026-01-08 10:48:34,790 [WARN] PackLoader:240 - Cannot read IP mode file for WES.I-CUBE-Cesium.1.3.0
2026-01-08 10:48:34,811 [WARN] PackLoader:240 - Cannot read IP mode file for STMicroelectronics.X-CUBE-BLE2.3.3.0
2026-01-08 10:48:34,826 [ERROR] Engine:466 - C:\Users\RND1\.stm32cubemx\thirdparties\pdsc\Avnet-IOTCONNECT.X-CUBE-iotc-st67-sdk.1.0.0.pdsc: PDSC version is not supported
2026-01-08 10:48:34,842 [WARN] PackLoader:240 - Cannot read IP mode file for STMicroelectronics.X-CUBE-NFC9.1.0.0
2026-01-08 10:48:34,856 [WARN] PackLoader:240 - Cannot read IP mode file for STMicroelectronics.X-CUBE-BLE1.7.1.0
2026-01-08 10:48:34,871 [WARN] PackLoader:240 - Cannot read IP mode file for STMicroelectronics.X-CUBE-TCPP.4.1.0
2026-01-08 10:48:34,885 [ERROR] Engine:466 - C:\Users\RND1\.stm32cubemx\thirdparties\pdsc\STMicroelectronics.X-CUBE-FREERTOS.1.4.0.pdsc: PDSC version is not supported
2026-01-08 10:48:34,902 [WARN] PackLoader:240 - Cannot read IP mode file for STMicroelectronics.X-CUBE-EEPRMA1.5.2.0
2026-01-08 10:48:34,922 [ERROR] Engine:466 - C:\Users\RND1\.stm32cubemx\thirdparties\pdsc\STMicroelectronics.X-CUBE-ST67W61.1.1.0.pdsc: PDSC version is not supported
2026-01-08 10:48:34,938 [WARN] PackLoader:240 - Cannot read IP mode file for STMicroelectronics.X-CUBE-AI.10.1.0
2026-01-08 10:48:34,989 [WARN] PackLoader:240 - Cannot read IP mode file for STMicroelectronics.X-CUBE-MEMS1.12.0.0
2026-01-08 10:48:35,068 [WARN] PackLoader:240 - Cannot read IP mode file for STMicroelectronics.X-CUBE-ALGOBUILD.1.3.0
2026-01-08 10:48:35,120 [WARN] PackLoader:240 - Cannot read IP mode file for STMicroelectronics.X-CUBE-MEMS1.11.2.0
2026-01-08 10:48:35,230 [WARN] PackLoader:240 - Cannot read IP mode file for STMicroelectronics.X-CUBE-AZRTOS-G0.1.1.0
2026-01-08 10:48:35,251 [WARN] PackLoader:240 - Cannot read IP mode file for STMicroelectronics.X-CUBE-SAFEA1.1.2.2
2026-01-08 10:48:35,272 [WARN] PackLoader:240 - Cannot read IP mode file for STMicroelectronics.X-CUBE-NFC4.3.0.0
2026-01-08 10:48:35,292 [WARN] PackLoader:240 - Cannot read IP mode file for wolfSSL.I-CUBE-wolfMQTT.1.18.0
2026-01-08 10:48:35,320 [WARN] PackLoader:240 - Cannot read IP mode file for EmbeddedOffice.I-CUBE-FS-RTOS.1.0.1
2026-01-08 10:48:35,321 [ERROR] ConditionMgr:805 - Attr not supported : Dmpu
2026-01-08 10:48:35,321 [ERROR] ConditionMgr:805 - Attr not supported : Dmpu
2026-01-08 10:48:35,322 [ERROR] ConditionMgr:805 - Attr not supported : Dmpu
2026-01-08 10:48:35,322 [ERROR] ConditionMgr:805 - Attr not supported : Dmpu
2026-01-08 10:48:35,322 [ERROR] ConditionMgr:805 - Attr not supported : Dmpu
2026-01-08 10:48:35,322 [ERROR] ConditionMgr:805 - Attr not supported : Dmpu
2026-01-08 10:48:35,322 [ERROR] ConditionMgr:805 - Attr not supported : Dmpu
2026-01-08 10:48:35,322 [ERROR] ConditionMgr:805 - Attr not supported : Dmpu
2026-01-08 10:48:35,322 [ERROR] ConditionMgr:805 - Attr not supported : Dmpu
2026-01-08 10:48:35,322 [ERROR] ConditionMgr:805 - Attr not supported : Dmpu
2026-01-08 10:48:35,323 [ERROR] ConditionMgr:805 - Attr not supported : Dmpu
2026-01-08 10:48:35,323 [ERROR] ConditionMgr:805 - Attr not supported : Dmpu
2026-01-08 10:48:35,323 [ERROR] ConditionMgr:805 - Attr not supported : Dmpu
2026-01-08 10:48:35,323 [ERROR] ConditionMgr:805 - Attr not supported : Dmpu
2026-01-08 10:48:35,323 [ERROR] ConditionMgr:805 - Attr not supported : Dmpu
2026-01-08 10:48:35,323 [ERROR] ConditionMgr:805 - Attr not supported : Dmpu
2026-01-08 10:48:35,323 [ERROR] ConditionMgr:805 - Attr not supported : Dmpu
2026-01-08 10:48:35,323 [ERROR] ConditionMgr:805 - Attr not supported : Dmpu
2026-01-08 10:48:35,323 [ERROR] ConditionMgr:805 - Attr not supported : Dmpu
2026-01-08 10:48:35,324 [ERROR] ConditionMgr:805 - Attr not supported : Dmpu
2026-01-08 10:48:35,324 [ERROR] ConditionMgr:805 - Attr not supported : Dmpu
2026-01-08 10:48:35,324 [ERROR] ConditionMgr:805 - Attr not supported : Dmpu
2026-01-08 10:48:35,324 [ERROR] ConditionMgr:805 - Attr not supported : Dmpu
2026-01-08 10:48:35,324 [ERROR] ConditionMgr:805 - Attr not supported : Dmpu
2026-01-08 10:48:35,324 [ERROR] ConditionMgr:805 - Attr not supported : Dmpu
2026-01-08 10:48:35,324 [ERROR] ConditionMgr:805 - Attr not supported : Dmpu
2026-01-08 10:48:35,324 [ERROR] ConditionMgr:805 - Attr not supported : Dmpu
2026-01-08 10:48:35,324 [ERROR] ConditionMgr:805 - Attr not supported : Dmpu
2026-01-08 10:48:35,324 [ERROR] ConditionMgr:805 - Attr not supported : Dmpu
2026-01-08 10:48:35,324 [ERROR] ConditionMgr:805 - Attr not supported : Dmpu
2026-01-08 10:48:35,325 [ERROR] ConditionMgr:805 - Attr not supported : Dmpu
2026-01-08 10:48:35,325 [ERROR] ConditionMgr:805 - Attr not supported : Dmpu
2026-01-08 10:48:35,325 [ERROR] ConditionMgr:805 - Attr not supported : Dmpu
2026-01-08 10:48:35,325 [ERROR] ConditionMgr:805 - Attr not supported : Dmpu
2026-01-08 10:48:35,325 [ERROR] ConditionMgr:805 - Attr not supported : Dmpu
2026-01-08 10:48:35,325 [ERROR] ConditionMgr:805 - Attr not supported : Dmpu
2026-01-08 10:48:35,325 [ERROR] ConditionMgr:805 - Attr not supported : Dmpu
2026-01-08 10:48:35,325 [ERROR] ConditionMgr:805 - Attr not supported : Dmpu
2026-01-08 10:48:35,325 [ERROR] ConditionMgr:805 - Attr not supported : Dmpu
2026-01-08 10:48:35,326 [ERROR] ConditionMgr:805 - Attr not supported : Dmpu
2026-01-08 10:48:35,326 [ERROR] ConditionMgr:805 - Attr not supported : Dmpu
2026-01-08 10:48:35,326 [ERROR] ConditionMgr:805 - Attr not supported : Dmpu
2026-01-08 10:48:35,326 [ERROR] ConditionMgr:805 - Attr not supported : Dmpu
2026-01-08 10:48:35,326 [ERROR] ConditionMgr:805 - Attr not supported : Dmpu
2026-01-08 10:48:35,326 [ERROR] ConditionMgr:805 - Attr not supported : Dmpu
2026-01-08 10:48:35,327 [ERROR] ConditionMgr:805 - Attr not supported : Dmpu
2026-01-08 10:48:35,327 [ERROR] ConditionMgr:805 - Attr not supported : Dmpu
2026-01-08 10:48:35,327 [ERROR] ConditionMgr:805 - Attr not supported : Dmpu
2026-01-08 10:48:35,327 [ERROR] ConditionMgr:805 - Attr not supported : Dmpu
2026-01-08 10:48:35,327 [ERROR] ConditionMgr:805 - Attr not supported : Dmpu
2026-01-08 10:48:35,327 [ERROR] ConditionMgr:805 - Attr not supported : Dmpu
2026-01-08 10:48:35,327 [ERROR] ConditionMgr:805 - Attr not supported : Dmpu
2026-01-08 10:48:35,327 [ERROR] ConditionMgr:805 - Attr not supported : Dmpu
2026-01-08 10:48:35,327 [ERROR] ConditionMgr:805 - Attr not supported : Dmpu
2026-01-08 10:48:35,327 [ERROR] ConditionMgr:805 - Attr not supported : Dmpu
2026-01-08 10:48:35,328 [ERROR] ConditionMgr:805 - Attr not supported : Dmpu
2026-01-08 10:48:35,328 [ERROR] ConditionMgr:805 - Attr not supported : Dmpu
2026-01-08 10:48:35,328 [ERROR] ConditionMgr:805 - Attr not supported : Dmpu
2026-01-08 10:48:35,328 [ERROR] ConditionMgr:805 - Attr not supported : Dmpu
2026-01-08 10:48:35,328 [ERROR] ConditionMgr:805 - Attr not supported : Dmpu
2026-01-08 10:48:35,328 [ERROR] ConditionMgr:805 - Attr not supported : Dmpu
2026-01-08 10:48:35,328 [ERROR] ConditionMgr:805 - Attr not supported : Dmpu
2026-01-08 10:48:35,328 [ERROR] ConditionMgr:805 - Attr not supported : Dmpu
2026-01-08 10:48:35,328 [ERROR] ConditionMgr:805 - Attr not supported : Dmpu
2026-01-08 10:48:35,354 [WARN] PackLoader:240 - Cannot read IP mode file for STMicroelectronics.X-CUBE-WB05N.2.0.0
2026-01-08 10:48:35,380 [WARN] PackLoader:240 - Cannot read IP mode file for STMicroelectronics.X-CUBE-BLEMGR.3.0.0
2026-01-08 10:48:35,403 [ERROR] Engine:466 - C:\Users\RND1\.stm32cubemx\thirdparties\pdsc\STMicroelectronics.X-CUBE-TCPP.4.2.0.pdsc: PDSC version is not supported
2026-01-08 10:48:35,425 [WARN] PackLoader:240 - Cannot read IP mode file for RealThread.X-CUBE-RT-Thread_Nano.4.1.1
2026-01-08 10:48:35,449 [WARN] PackLoader:240 - Cannot read IP mode file for STMicroelectronics.FP-ATR-SIGFOX1.3.2.0
2026-01-08 10:48:35,470 [WARN] ConditionMgr:438 - getConditionDescription Invalid condition id : Cortex-A Device cause : null
2026-01-08 10:48:35,504 [WARN] ConditionMgr:1039 - genDependencies : Invalid condition id : Cortex-A Device cause : null
2026-01-08 10:48:35,504 [WARN] ConditionMgr:1039 - genDependencies : Invalid condition id : Cortex-A Device cause : null
2026-01-08 10:48:35,504 [WARN] ConditionMgr:1039 - genDependencies : Invalid condition id : Cortex-A Device cause : null
2026-01-08 10:48:35,525 [WARN] PackLoader:240 - Cannot read IP mode file for STMicroelectronics.X-CUBE-EEPRMA1.5.1.0
2026-01-08 10:48:35,549 [ERROR] Engine:466 - C:\Users\RND1\.stm32cubemx\thirdparties\pdsc\STMicroelectronics.X-CUBE-ST67W61.1.0.0.pdsc: PDSC version is not supported
2026-01-08 10:48:35,570 [WARN] PackLoader:240 - Cannot read IP mode file for STMicroelectronics.X-CUBE-AI.10.2.0
2026-01-08 10:48:35,576 [INFO] WebApp:448 - Apply proxy settings
2026-01-08 10:48:35,591 [INFO] WebApp:493 - Chromium authenticates against Manually configured proxy
2026-01-08 10:48:35,605 [INFO] WebApp:501 - Username used for proxy authentication: 
2026-01-08 10:48:35,606 [WARN] PackLoader:240 - Cannot read IP mode file for SEGGER.I-CUBE-embOS.1.3.1
2026-01-08 10:48:35,648 [WARN] PackLoader:240 - Cannot read IP mode file for STMicroelectronics.X-CUBE-ALGOBUILD.1.4.0
2026-01-08 10:48:35,673 [INFO] WebApp:869 - Register for checkConnection events
2026-01-08 10:48:35,674 [INFO] WebApp:448 - Apply proxy settings
2026-01-08 10:48:35,682 [INFO] WebApp:493 - Chromium authenticates against Manually configured proxy
2026-01-08 10:48:35,684 [INFO] WebApp:501 - Username used for proxy authentication: 
2026-01-08 10:48:35,709 [WARN] PackLoader:240 - Cannot read IP mode file for STMicroelectronics.X-CUBE-MEMS1.11.3.0
2026-01-08 10:48:35,844 [WARN] PackLoader:240 - Cannot read IP mode file for STMicroelectronics.X-CUBE-AI.9.1.0
2026-01-08 10:48:35,862 [WARN] PackLoader:240 - Cannot read IP mode file for STMicroelectronics.X-CUBE-PM33A1.1.0.0
2026-01-08 10:48:35,882 [WARN] PackLoader:240 - Cannot read IP mode file for STMicroelectronics.X-CUBE-GNSS1.6.0.0
2026-01-08 10:48:35,912 [WARN] PackLoader:240 - Cannot read IP mode file for STMicroelectronics.X-CUBE-AZRTOS-F4.1.1.0
2026-01-08 10:48:35,931 [WARN] PackLoader:240 - Cannot read IP mode file for wolfSSL.I-CUBE-wolfSSL.5.6.4
2026-01-08 10:48:35,948 [ERROR] Engine:466 - C:\Users\RND1\.stm32cubemx\thirdparties\pdsc\Avnet-IotConnect.X-CUBE-IoTC-DA16k-PMOD.1.0.0.pdsc: PDSC version is not supported
2026-01-08 10:48:35,968 [WARN] PackLoader:240 - Cannot read IP mode file for STMicroelectronics.X-CUBE-ISPU.2.1.0
2026-01-08 10:48:35,989 [ERROR] Engine:466 - C:\Users\RND1\.stm32cubemx\thirdparties\pdsc\STMicroelectronics.X-CUBE-IPS.3.2.0.pdsc: PDSC version is not supported
2026-01-08 10:48:36,004 [INFO] WebApp:220 - Starting web application
2026-01-08 10:48:36,004 [INFO] WebApp:578 - Web application path used C:\ST\STM32CubeIDE_1.16.1\STM32CubeIDE\plugins\com.st.stm32cube.common.mx_6.12.1.202409122256\db\plugins\mcufinder\reactClient1\index.html
2026-01-08 10:48:36,010 [WARN] PackLoader:240 - Cannot read IP mode file for STMicroelectronics.X-CUBE-FREERTOS.1.2.0
2026-01-08 10:48:36,039 [WARN] PackLoader:240 - Cannot read IP mode file for STMicroelectronics.X-CUBE-NFC12.1.0.0
2026-01-08 10:48:36,077 [WARN] PackLoader:240 - Cannot read IP mode file for STMicroelectronics.X-CUBE-AZRTOS-L5.2.0.0
2026-01-08 10:48:36,099 [WARN] PackLoader:240 - Cannot read IP mode file for STMicroelectronics.X-CUBE-EEPRMA1.4.2.0
2026-01-08 10:48:36,125 [WARN] PackLoader:240 - Cannot read IP mode file for STMicroelectronics.X-CUBE-NFC6.3.1.0
2026-01-08 10:48:36,148 [WARN] PackLoader:240 - Cannot read IP mode file for ITTIA_DB.I-CUBE-ITTIADB.8.8.0
2026-01-08 10:48:36,155 [INFO] WebApp:186 - Connection restablished
2026-01-08 10:48:36,170 [WARN] PackLoader:240 - Cannot read IP mode file for STMicroelectronics.X-CUBE-DPower.1.2.0
2026-01-08 10:48:36,191 [WARN] PackLoader:240 - Cannot read IP mode file for STMicroelectronics.X-CUBE-AI.9.0.0
2026-01-08 10:48:36,214 [WARN] PackLoader:240 - Cannot read IP mode file for STMicroelectronics.X-CUBE-FREERTOS.1.3.1
2026-01-08 10:48:36,234 [INFO] UserAuth:417 - Internet connection configuration mode: 1
2026-01-08 10:48:36,238 [WARN] PackLoader:240 - Cannot read IP mode file for STMicroelectronics.X-CUBE-FREERTOS.1.3.0
2026-01-08 10:48:36,261 [WARN] PackLoader:240 - Cannot read IP mode file for STMicroelectronics.X-CUBE-NFC7.1.0.1
2026-01-08 10:48:36,285 [WARN] PackLoader:240 - Cannot read IP mode file for STMicroelectronics.X-CUBE-TOUCHGFX.4.26.0
2026-01-08 10:48:36,308 [WARN] PackLoader:240 - Cannot read IP mode file for STMicroelectronics.X-CUBE-NFC6.3.0.0
2026-01-08 10:48:36,328 [ERROR] Engine:466 - C:\Users\RND1\.stm32cubemx\thirdparties\pdsc\STMicroelectronics.FP-SNS-STAIOTCFT.1.0.0.pdsc: PDSC version is not supported
2026-01-08 10:48:36,350 [WARN] PackLoader:240 - Cannot read IP mode file for STMicroelectronics.X-CUBE-DPower.1.3.0
2026-01-08 10:48:36,372 [WARN] PackLoader:240 - Cannot read IP mode file for STMicroelectronics.X-CUBE-AI.8.1.0
2026-01-08 10:48:36,408 [WARN] ConditionMgr:438 - getConditionDescription Invalid condition id : LAN8742 Phy interface Condition cause : null
2026-01-08 10:48:36,409 [WARN] PackLoader:240 - Cannot read IP mode file for STMicroelectronics.X-CUBE-AZRTOS-L4.2.0.0
2026-01-08 10:48:36,410 [WARN] ConditionMgr:1039 - genDependencies : Invalid condition id : LAN8742 Phy interface Condition cause : null
2026-01-08 10:48:36,410 [WARN] ConditionMgr:1039 - genDependencies : Invalid condition id : LAN8742 Phy interface Condition cause : null
2026-01-08 10:48:36,411 [WARN] ConditionMgr:1039 - genDependencies : Invalid condition id : LAN8742 Phy interface Condition cause : null
2026-01-08 10:48:36,434 [WARN] PackLoader:240 - Cannot read IP mode file for STMicroelectronics.X-CUBE-SFXS2LP1.4.0.0
2026-01-08 10:48:36,472 [WARN] PackLoader:240 - Cannot read IP mode file for STMicroelectronics.X-CUBE-AZRTOS-H7.3.3.0
2026-01-08 10:48:36,493 [ERROR] Engine:466 - C:\Users\RND1\.stm32cubemx\thirdparties\pdsc\STMicroelectronics.X-CUBE-BLEMGR.4.1.0.pdsc: PDSC version is not supported
2026-01-08 10:48:36,517 [WARN] PackLoader:240 - Cannot read IP mode file for STMicroelectronics.X-CUBE-IPS.3.0.0
2026-01-08 10:48:36,563 [WARN] ConditionMgr:438 - getConditionDescription Invalid condition id : UX DEVICE CLASS RTOS Condition cause : null
2026-01-08 10:48:36,563 [WARN] ConditionMgr:438 - getConditionDescription Invalid condition id : UX DEVICE CLASS RTOS Condition cause : null
2026-01-08 10:48:36,565 [WARN] PackLoader:240 - Cannot read IP mode file for STMicroelectronics.X-CUBE-AZRTOS-WB.2.0.0
2026-01-08 10:48:36,565 [WARN] ConditionMgr:1039 - genDependencies : Invalid condition id : UX DEVICE CLASS RTOS Condition cause : null
2026-01-08 10:48:36,566 [WARN] ConditionMgr:1039 - genDependencies : Invalid condition id : UX DEVICE CLASS RTOS Condition cause : null
2026-01-08 10:48:36,566 [WARN] ConditionMgr:1039 - genDependencies : Invalid condition id : UX DEVICE CLASS RTOS Condition cause : null
2026-01-08 10:48:36,566 [WARN] ConditionMgr:1039 - genDependencies : Invalid condition id : UX DEVICE CLASS RTOS Condition cause : null
2026-01-08 10:48:36,566 [WARN] ConditionMgr:1039 - genDependencies : Invalid condition id : UX DEVICE CLASS RTOS Condition cause : null
2026-01-08 10:48:36,587 [WARN] PackLoader:240 - Cannot read IP mode file for STMicroelectronics.X-CUBE-GNSS1.7.0.0
2026-01-08 10:48:36,607 [WARN] PackLoader:240 - Cannot read IP mode file for STMicroelectronics.X-CUBE-GNSS1.7.0.1
2026-01-08 10:48:36,626 [WARN] PackLoader:240 - Cannot read IP mode file for STMicroelectronics.X-CUBE-TOUCHGFX.4.25.0
2026-01-08 10:48:36,646 [WARN] PackLoader:240 - Cannot read IP mode file for STMicroelectronics.FP-SNS-STBOX1.2.0.0
2026-01-08 10:48:36,670 [WARN] PackLoader:240 - Cannot read IP mode file for STMicroelectronics.X-CUBE-SUBG2.5.0.0
2026-01-08 10:48:36,703 [WARN] PackLoader:240 - Cannot read IP mode file for STMicroelectronics.X-CUBE-AZRTOS-H7RS.1.1.0
2026-01-08 10:48:36,733 [WARN] PackLoader:240 - Cannot read IP mode file for STMicroelectronics.X-CUBE-AZRTOS-G4.2.0.0
2026-01-08 10:48:36,762 [WARN] PackLoader:240 - Cannot read IP mode file for Infineon.AIROC-Wi-Fi-Bluetooth-STM32.1.5.1
2026-01-08 10:48:36,784 [WARN] PackLoader:240 - Cannot read IP mode file for STMicroelectronics.X-CUBE-NFC7.2.0.0
2026-01-08 10:48:36,801 [WARN] PackLoader:240 - Cannot read IP mode file for STMicroelectronics.FP-SNS-MOTENVWB1.1.3.1
2026-01-08 10:48:36,819 [WARN] PackLoader:240 - Cannot read IP mode file for STMicroelectronics.X-CUBE-ISPU.2.0.0
2026-01-08 10:48:36,839 [ERROR] Engine:466 - C:\Users\RND1\.stm32cubemx\thirdparties\pdsc\STMicroelectronics.X-CUBE-IPS.3.1.0.pdsc: PDSC version is not supported
2026-01-08 10:48:36,856 [WARN] PackLoader:240 - Cannot read IP mode file for STMicroelectronics.X-CUBE-ALS.1.0.2
2026-01-08 10:48:36,895 [WARN] PackLoader:240 - Cannot read IP mode file for STMicroelectronics.X-CUBE-MEMS1.10.0.0
2026-01-08 10:48:36,963 [WARN] PackLoader:240 - Cannot read IP mode file for STMicroelectronics.X-CUBE-FREERTOS.1.1.0
2026-01-08 10:48:36,983 [WARN] PackLoader:240 - Cannot read IP mode file for STMicroelectronics.X-CUBE-TOUCHGFX.4.24.0
2026-01-08 10:48:37,002 [WARN] PackLoader:240 - Cannot read IP mode file for STMicroelectronics.X-CUBE-TOUCHGFX.4.24.2
2026-01-08 10:48:37,019 [WARN] PackLoader:240 - Cannot read IP mode file for STMicroelectronics.X-CUBE-TOUCHGFX.4.24.1
2026-01-08 10:48:37,038 [WARN] PackLoader:240 - Cannot read IP mode file for STMicroelectronics.X-CUBE-STSE01.1.0.0
2026-01-08 10:48:37,056 [WARN] PackLoader:240 - Cannot read IP mode file for wolfSSL.I-CUBE-wolfTPM.3.4.0
2026-01-08 10:48:37,072 [WARN] PackLoader:240 - Cannot read IP mode file for portGmbH.I-Cube-SoM-uGOAL.1.1.0
2026-01-08 10:48:37,088 [WARN] PackLoader:240 - Cannot read IP mode file for STMicroelectronics.X-CUBE-ALS.1.0.1
2026-01-08 10:48:37,114 [WARN] PackLoader:240 - Cannot read IP mode file for STMicroelectronics.X-CUBE-AZRTOS-H7RS.1.0.0
2026-01-08 10:48:37,129 [WARN] PackLoader:240 - Cannot read IP mode file for STMicroelectronics.FP-ATR-ASTRA1.2.0.0
2026-01-08 10:48:37,150 [WARN] PackLoader:240 - Cannot read IP mode file for STMicroelectronics.X-CUBE-TOF1.3.4.2
2026-01-08 10:48:37,172 [ERROR] Engine:466 - C:\Users\RND1\.stm32cubemx\thirdparties\pdsc\STMicroelectronics.X-CUBE-TOF1.3.4.3.pdsc: PDSC version is not supported
2026-01-08 10:48:37,191 [WARN] PackLoader:240 - Cannot read IP mode file for STMicroelectronics.X-CUBE-TOF1.3.4.0
2026-01-08 10:48:37,216 [WARN] PackLoader:240 - Cannot read IP mode file for STMicroelectronics.X-CUBE-TOF1.3.4.1
2026-01-08 10:48:37,250 [WARN] PackLoader:240 - Cannot read IP mode file for STMicroelectronics.X-CUBE-AZRTOS-H7.3.2.0
2026-01-08 10:48:37,274 [WARN] PackLoader:240 - Cannot read IP mode file for wolfSSL.I-CUBE-wolfSSH.1.4.17
2026-01-08 10:48:37,274 [INFO] ThirdParty:978 - Integrity check success = true
2026-01-08 10:48:37,275 [INFO] IntegrityCheckThread:100 - exiting critical section [integrity check]
2026-01-08 10:48:37,275 [INFO] IntegrityCheckThread:103 - End integrity checks thread
2026-01-08 15:03:50,107 [ERROR] ConfigurationRetriever:142 - IOException on connection: Read timed out
2026-01-08 15:37:41,744 [ERROR] ConfigurationRetriever:142 - IOException on connection: Read timed out
2026-01-08 17:30:11,728 [ERROR] LogOutputStream:75 - [STDERR_REDIRECT] 
