2026-01-07 14:56:08,584 [INFO] Activator:176 - 


2026-01-07 14:56:08,588 [INFO] Activator:177 - !SESSION log4j initialized
2026-01-07 14:56:14,923 [INFO] LogOutputStream:77 - [STDOUT_REDIRECT] 
2026-01-07 14:56:20,946 [INFO] ApplicationProperties:184 - Using Application install path: C:\ST\STM32CubeIDE_1.16.1\STM32CubeIDE\plugins\com.st.stm32cube.common.mx_6.12.1.202409122256
2026-01-07 14:56:20,969 [INFO] DbMcusXml:78 - Set database path to: C:\ST\STM32CubeIDE_1.16.1\STM32CubeIDE\plugins\com.st.stm32cube.common.mx_6.12.1.202409122256\\db\/mcu/
2026-01-07 14:56:20,969 [INFO] ApiDb:274 - Set plugin database path to: C:\ST\STM32CubeIDE_1.16.1\STM32CubeIDE\plugins\com.st.stm32cube.common.mx_6.12.1.202409122256\\db\/plugins/boardmanager/
2026-01-07 14:56:20,969 [WARN] ApiDb:259 - Overriding images path with different value:  => C:\ST\STM32CubeIDE_1.16.1\STM32CubeIDE\plugins\com.st.stm32cube.common.mx_6.12.1.202409122256\\db\/plugins/mcufinder/images/
2026-01-07 14:56:20,986 [INFO] ApiDb:250 - Set database path to: C:\Users\RND1\.stmcufinder\plugins\mcufinder//mcu/
2026-01-07 14:56:20,987 [INFO] DbMcusAds:125 - Set database path to: C:\Users\RND1\.stmcufinder\plugins\mcufinder//mcu/
2026-01-07 14:56:20,991 [INFO] CrossReferenceDbSqlite:203 - Set database path to: C:\Users\RND1\.stmcufinder\plugins\mcufinder//mcu/cs/
2026-01-07 14:56:21,098 [INFO] RulesReader:64 - Compatibility file has been processed (297 Rules)
2026-01-07 14:56:21,188 [INFO] DbMcusXml:78 - Set database path to: C:\ST\STM32CubeIDE_1.16.1\STM32CubeIDE\plugins\com.st.stm32cube.common.mx_6.12.1.202409122256\\db\/mcu/
2026-01-07 14:56:21,189 [INFO] ApiDb:274 - Set plugin database path to: C:\ST\STM32CubeIDE_1.16.1\STM32CubeIDE\plugins\com.st.stm32cube.common.mx_6.12.1.202409122256\\db\/plugins/boardmanager/
2026-01-07 14:56:21,189 [INFO] ApiDb:261 - Set plugin images path to: C:\ST\STM32CubeIDE_1.16.1\STM32CubeIDE\plugins\com.st.stm32cube.common.mx_6.12.1.202409122256\\db\/plugins/mcufinder/images/
2026-01-07 14:56:21,189 [WARN] DbFile:41 - Overriding database path with different value: C:\Users\RND1\.stmcufinder\plugins\mcufinder/ => C:\Users\RND1\.stmcufinder\plugins\mcufinder
2026-01-07 14:56:21,189 [INFO] ApiDb:250 - Set database path to: C:\Users\RND1\.stmcufinder\plugins\mcufinder//mcu/
2026-01-07 14:56:21,189 [WARN] DbFile:41 - Overriding database path with different value: C:\Users\RND1\.stmcufinder\plugins\mcufinder/ => C:\Users\RND1\.stmcufinder\plugins\mcufinder
2026-01-07 14:56:21,189 [INFO] DbMcusAds:125 - Set database path to: C:\Users\RND1\.stmcufinder\plugins\mcufinder//mcu/
2026-01-07 14:56:21,189 [WARN] DbFile:41 - Overriding database path with different value: C:\Users\RND1\.stmcufinder\plugins\mcufinder/ => C:\Users\RND1\.stmcufinder\plugins\mcufinder
2026-01-07 14:56:21,189 [WARN] DbFile:41 - Overriding database path with different value: C:\Users\RND1\.stmcufinder\plugins\mcufinder/ => C:\Users\RND1\.stmcufinder\plugins\mcufinder
2026-01-07 14:56:21,189 [INFO] CrossReferenceDbSqlite:203 - Set database path to: C:\Users\RND1\.stmcufinder\plugins\mcufinder//mcu/cs/
2026-01-07 14:56:21,263 [INFO] MainPanel:268 - HeapMemory: 268435456
2026-01-07 14:56:21,372 [INFO] DbMcusXml:78 - Set database path to: C:\ST\STM32CubeIDE_1.16.1\STM32CubeIDE\plugins\com.st.stm32cube.common.mx_6.12.1.202409122256\\db\/mcu/
2026-01-07 14:56:21,373 [INFO] ApiDb:274 - Set plugin database path to: C:\ST\STM32CubeIDE_1.16.1\STM32CubeIDE\plugins\com.st.stm32cube.common.mx_6.12.1.202409122256\\db\/plugins/boardmanager/
2026-01-07 14:56:21,373 [INFO] ApiDb:261 - Set plugin images path to: C:\ST\STM32CubeIDE_1.16.1\STM32CubeIDE\plugins\com.st.stm32cube.common.mx_6.12.1.202409122256\\db\/plugins/mcufinder/images/
2026-01-07 14:56:21,373 [WARN] DbFile:41 - Overriding database path with different value: C:\Users\RND1\.stmcufinder\plugins\mcufinder/ => C:\Users\RND1\.stmcufinder\plugins\mcufinder
2026-01-07 14:56:21,373 [INFO] ApiDb:250 - Set database path to: C:\Users\RND1\.stmcufinder\plugins\mcufinder//mcu/
2026-01-07 14:56:21,373 [WARN] DbFile:41 - Overriding database path with different value: C:\Users\RND1\.stmcufinder\plugins\mcufinder/ => C:\Users\RND1\.stmcufinder\plugins\mcufinder
2026-01-07 14:56:21,373 [INFO] DbMcusAds:125 - Set database path to: C:\Users\RND1\.stmcufinder\plugins\mcufinder//mcu/
2026-01-07 14:56:21,373 [WARN] DbFile:41 - Overriding database path with different value: C:\Users\RND1\.stmcufinder\plugins\mcufinder/ => C:\Users\RND1\.stmcufinder\plugins\mcufinder
2026-01-07 14:56:21,373 [WARN] DbFile:41 - Overriding database path with different value: C:\Users\RND1\.stmcufinder\plugins\mcufinder/ => C:\Users\RND1\.stmcufinder\plugins\mcufinder
2026-01-07 14:56:21,374 [INFO] CrossReferenceDbSqlite:203 - Set database path to: C:\Users\RND1\.stmcufinder\plugins\mcufinder//mcu/cs/
2026-01-07 14:56:21,390 [INFO] ApplicationProperties:184 - Using Application install path: C:\ST\STM32CubeIDE_1.16.1\STM32CubeIDE\plugins\com.st.stm32cube.common.mx_6.12.1.202409122256
2026-01-07 14:56:21,392 [INFO] PluginManage:196 - Search for loadable plugins [exclusion list=, ]
2026-01-07 14:56:21,393 [INFO] PluginManage:310 - Check plugin analytics
2026-01-07 14:56:21,556 [INFO] AnalyticsPlugin:253 - Accepted Software Licenses: STM32CubeMX.6.10.0
2026-01-07 14:56:21,557 [INFO] AnalyticsPlugin:255 - Accepted CMSIS Pack Licenses: 
2026-01-07 14:56:21,557 [INFO] AnalyticsPlugin:257 - Accepted Firmware Licenses: FW.G4.1.5.0,FW.G4.1.6.0,FW.F4.1.28.0,FW.H7.1.11.0
2026-01-07 14:56:21,559 [INFO] PluginManage:359 - Loaded plugin analytics (category:tool,tabindex:-1)
2026-01-07 14:56:21,559 [INFO] PluginManage:310 - Check plugin cadmodel
2026-01-07 14:56:21,579 [INFO] CADModel:105 - Init CAD model plugin
2026-01-07 14:56:21,579 [INFO] PluginManage:359 - Loaded plugin cadmodel (category:power,tabindex:5)
2026-01-07 14:56:21,579 [INFO] PluginManage:310 - Check plugin clock
2026-01-07 14:56:21,602 [INFO] PluginManage:359 - Loaded plugin clock (category:base,tabindex:2)
2026-01-07 14:56:21,602 [INFO] PluginManage:310 - Check plugin ddr
2026-01-07 14:56:21,605 [INFO] PluginManage:359 - Loaded plugin ddr (category:tool,tabindex:6)
2026-01-07 14:56:21,605 [INFO] PluginManage:310 - Check plugin filemanager
2026-01-07 14:56:21,742 [INFO] PluginManage:359 - Loaded plugin filemanager (category:base,tabindex:10)
2026-01-07 14:56:21,742 [INFO] PluginManage:310 - Check plugin ipmanager
2026-01-07 14:56:21,749 [INFO] PluginManage:359 - Loaded plugin ipmanager (category:base,tabindex:5)
2026-01-07 14:56:21,749 [INFO] PluginManage:310 - Check plugin lpbam
2026-01-07 14:56:21,767 [INFO] PluginManage:359 - Loaded plugin lpbam (category:base,tabindex:0)
2026-01-07 14:56:21,767 [INFO] PluginManage:310 - Check plugin memorymap
2026-01-07 14:56:21,789 [INFO] PluginManage:359 - Loaded plugin memorymap (category:base,tabindex:4)
2026-01-07 14:56:21,789 [INFO] PluginManage:310 - Check plugin pinoutandconfiguration
2026-01-07 14:56:21,807 [INFO] PluginManage:359 - Loaded plugin pinoutandconfiguration (category:base,tabindex:1)
2026-01-07 14:56:21,807 [INFO] PluginManage:310 - Check plugin pinoutconfig
2026-01-07 14:56:21,890 [WARN] SupportedApi:132 - Cannot load RTOS API schema: s4s-elt-must-match.1: The content of 'definitions' must match (annotation?, (simpleType | complexType)?, (unique | key | keyref)*)). A problem was found starting at: attribute.
2026-01-07 14:56:22,003 [INFO] PluginManage:359 - Loaded plugin pinoutconfig (category:base,tabindex:0)
2026-01-07 14:56:22,003 [INFO] PluginManage:310 - Check plugin power
2026-01-07 14:56:22,023 [INFO] PluginManage:359 - Loaded plugin power (category:power,tabindex:4)
2026-01-07 14:56:22,024 [INFO] PluginManage:310 - Check plugin projectmanager
2026-01-07 14:56:22,036 [INFO] PluginManage:359 - Loaded plugin projectmanager (category:projectmanager,tabindex:4)
2026-01-07 14:56:22,037 [INFO] PluginManage:310 - Check plugin rif
2026-01-07 14:56:22,057 [INFO] PluginManage:359 - Loaded plugin rif (category:base,tabindex:3)
2026-01-07 14:56:22,058 [INFO] PluginManage:310 - Check plugin thirdparty
2026-01-07 14:56:22,375 [INFO] PluginManage:359 - Loaded plugin thirdparty (category:base,tabindex:-1)
2026-01-07 14:56:22,375 [WARN] IntegrityCheckThread:84 - waiting for thirdparty lock release [integrity check]
2026-01-07 14:56:22,375 [INFO] PluginManage:310 - Check plugin tools
2026-01-07 14:56:22,375 [INFO] IntegrityCheckThread:86 - entering critical section [integrity check]
2026-01-07 14:56:22,375 [INFO] ThirdPartyUpdaterWithRetryManager:70 - Updater plugin not ready yet. [1/15]
2026-01-07 14:56:22,425 [INFO] PluginManage:359 - Loaded plugin tools (category:base,tabindex:7)
2026-01-07 14:56:22,425 [INFO] PluginManage:310 - Check plugin tutovideos
2026-01-07 14:56:22,605 [INFO] PluginManage:359 - Loaded plugin tutovideos (category:base,tabindex:-1)
2026-01-07 14:56:22,605 [INFO] PluginManage:310 - Check plugin updater
2026-01-07 14:56:22,619 [INFO] PluginManage:359 - Loaded plugin updater (category:base,tabindex:12)
2026-01-07 14:56:22,619 [INFO] PluginManage:310 - Check plugin userauth
2026-01-07 14:56:22,624 [INFO] UserAuth:113 - Init User Auth plugin
2026-01-07 14:56:22,624 [INFO] PluginManage:359 - Loaded plugin userauth (category:base,tabindex:14)
2026-01-07 14:56:22,625 [INFO] PluginManage:283 - PluginManage : Loaded plugins [18]
2026-01-07 14:56:22,799 [INFO] PinOutPanel:1561 - setPackage(No Configuration,No Configuration)
2026-01-07 14:56:22,877 [INFO] CADModel:165 - CPN selected for project level
2026-01-07 14:56:22,877 [INFO] CADModel:114 - Register for checkConnection events
2026-01-07 14:56:22,904 [INFO] IPUIPlugin:80 - create IPUIPlugin
2026-01-07 14:56:22,904 [INFO] PluginManager:220 - loadIPPluginJar : add adc
2026-01-07 14:56:22,955 [INFO] IPUIPlugin:80 - create IPUIPlugin
2026-01-07 14:56:22,955 [INFO] PluginManager:220 - loadIPPluginJar : add aes
2026-01-07 14:56:23,017 [INFO] IPUIPlugin:80 - create IPUIPlugin
2026-01-07 14:56:23,017 [INFO] PluginManager:220 - loadIPPluginJar : add can
2026-01-07 14:56:23,042 [INFO] IPUIPlugin:80 - create IPUIPlugin
2026-01-07 14:56:23,042 [INFO] PluginManager:220 - loadIPPluginJar : add comp
2026-01-07 14:56:23,087 [INFO] IPUIPlugin:80 - create IPUIPlugin
2026-01-07 14:56:23,087 [INFO] PluginManager:220 - loadIPPluginJar : add cryp
2026-01-07 14:56:23,103 [INFO] IPUIPlugin:80 - create IPUIPlugin
2026-01-07 14:56:23,103 [INFO] PluginManager:220 - loadIPPluginJar : add ddr_ctrl_phy
2026-01-07 14:56:23,145 [INFO] IPUIPlugin:80 - create IPUIPlugin
2026-01-07 14:56:23,146 [INFO] PluginManager:220 - loadIPPluginJar : add dfsdm
2026-01-07 14:56:23,160 [INFO] IPUIPlugin:80 - create IPUIPlugin
2026-01-07 14:56:23,160 [INFO] PluginManager:220 - loadIPPluginJar : add dma
2026-01-07 14:56:23,221 [INFO] IPUIPlugin:80 - create IPUIPlugin
2026-01-07 14:56:23,221 [INFO] PluginManager:220 - loadIPPluginJar : add dma3
2026-01-07 14:56:23,283 [INFO] IPUIPlugin:80 - create IPUIPlugin
2026-01-07 14:56:23,283 [INFO] PluginManager:220 - loadIPPluginJar : add extmemmanager
2026-01-07 14:56:23,314 [INFO] IPUIPlugin:80 - create IPUIPlugin
2026-01-07 14:56:23,314 [INFO] PluginManager:220 - loadIPPluginJar : add fatfs
2026-01-07 14:56:23,378 [INFO] IPUIPlugin:80 - create IPUIPlugin
2026-01-07 14:56:23,379 [INFO] PluginManager:220 - loadIPPluginJar : add fmc
2026-01-07 14:56:23,396 [INFO] IPUIPlugin:80 - create IPUIPlugin
2026-01-07 14:56:23,396 [INFO] PluginManager:220 - loadIPPluginJar : add freertos
2026-01-07 14:56:23,420 [INFO] IPUIPlugin:80 - create IPUIPlugin
2026-01-07 14:56:23,420 [INFO] PluginManager:220 - loadIPPluginJar : add genericplugin
2026-01-07 14:56:23,556 [INFO] IPUIPlugin:80 - create IPUIPlugin
2026-01-07 14:56:23,556 [INFO] PluginManager:220 - loadIPPluginJar : add gfxmmu
2026-01-07 14:56:23,668 [INFO] IPUIPlugin:80 - create IPUIPlugin
2026-01-07 14:56:23,668 [INFO] PluginManager:220 - loadIPPluginJar : add gic
2026-01-07 14:56:23,681 [INFO] IPUIPlugin:80 - create IPUIPlugin
2026-01-07 14:56:23,681 [INFO] PluginManager:220 - loadIPPluginJar : add gpio
2026-01-07 14:56:23,768 [INFO] IPUIPlugin:80 - create IPUIPlugin
2026-01-07 14:56:23,768 [INFO] PluginManager:220 - loadIPPluginJar : add gtzc
2026-01-07 14:56:23,800 [INFO] IPUIPlugin:80 - create IPUIPlugin
2026-01-07 14:56:23,800 [INFO] PluginManager:220 - loadIPPluginJar : add hash
2026-01-07 14:56:23,848 [INFO] IPUIPlugin:80 - create IPUIPlugin
2026-01-07 14:56:23,848 [INFO] PluginManager:220 - loadIPPluginJar : add i2c
2026-01-07 14:56:23,887 [INFO] IPUIPlugin:80 - create IPUIPlugin
2026-01-07 14:56:23,887 [INFO] PluginManager:220 - loadIPPluginJar : add i2s
2026-01-07 14:56:23,925 [INFO] IPUIPlugin:80 - create IPUIPlugin
2026-01-07 14:56:23,926 [INFO] PluginManager:220 - loadIPPluginJar : add i3c
2026-01-07 14:56:24,016 [INFO] IPUIPlugin:80 - create IPUIPlugin
2026-01-07 14:56:24,016 [INFO] PluginManager:220 - loadIPPluginJar : add ipddr
2026-01-07 14:56:24,133 [INFO] IPUIPlugin:80 - create IPUIPlugin
2026-01-07 14:56:24,133 [INFO] PluginManager:220 - loadIPPluginJar : add linkedlist
2026-01-07 14:56:24,183 [INFO] IPUIPlugin:80 - create IPUIPlugin
2026-01-07 14:56:24,183 [INFO] PluginManager:220 - loadIPPluginJar : add lorawan
2026-01-07 14:56:24,229 [INFO] IPUIPlugin:80 - create IPUIPlugin
2026-01-07 14:56:24,229 [INFO] PluginManager:220 - loadIPPluginJar : add ltdc
2026-01-07 14:56:24,248 [INFO] IPUIPlugin:80 - create IPUIPlugin
2026-01-07 14:56:24,249 [INFO] PluginManager:220 - loadIPPluginJar : add mdma
2026-01-07 14:56:24,262 [INFO] IPUIPlugin:80 - create IPUIPlugin
2026-01-07 14:56:24,262 [INFO] PluginManager:220 - loadIPPluginJar : add nvic
2026-01-07 14:56:24,304 [INFO] IPUIPlugin:80 - create IPUIPlugin
2026-01-07 14:56:24,304 [INFO] PluginManager:220 - loadIPPluginJar : add opamp
2026-01-07 14:56:24,360 [INFO] IPUIPlugin:80 - create IPUIPlugin
2026-01-07 14:56:24,360 [INFO] PluginManager:220 - loadIPPluginJar : add openamp
2026-01-07 14:56:24,402 [INFO] IPUIPlugin:80 - create IPUIPlugin
2026-01-07 14:56:24,402 [INFO] PluginManager:220 - loadIPPluginJar : add pdm2pcm
2026-01-07 14:56:24,415 [INFO] IPUIPlugin:80 - create IPUIPlugin
2026-01-07 14:56:24,417 [INFO] PluginManager:220 - loadIPPluginJar : add plateformsettings
2026-01-07 14:56:24,443 [INFO] IPUIPlugin:80 - create IPUIPlugin
2026-01-07 14:56:24,443 [INFO] PluginManager:220 - loadIPPluginJar : add quadspi
2026-01-07 14:56:24,468 [INFO] IPUIPlugin:80 - create IPUIPlugin
2026-01-07 14:56:24,469 [INFO] PluginManager:220 - loadIPPluginJar : add radio
2026-01-07 14:56:24,481 [INFO] IPUIPlugin:80 - create IPUIPlugin
2026-01-07 14:56:24,482 [INFO] PluginManager:220 - loadIPPluginJar : add resmgrutility
2026-01-07 14:56:24,521 [INFO] IPUIPlugin:80 - create IPUIPlugin
2026-01-07 14:56:24,521 [INFO] PluginManager:220 - loadIPPluginJar : add sai
2026-01-07 14:56:24,554 [INFO] IPUIPlugin:80 - create IPUIPlugin
2026-01-07 14:56:24,554 [INFO] PluginManager:220 - loadIPPluginJar : add spi
2026-01-07 14:56:24,621 [INFO] IPUIPlugin:80 - create IPUIPlugin
2026-01-07 14:56:24,621 [INFO] PluginManager:220 - loadIPPluginJar : add stm32_wpan
2026-01-07 14:56:24,649 [INFO] IPUIPlugin:80 - create IPUIPlugin
2026-01-07 14:56:24,649 [INFO] PluginManager:220 - loadIPPluginJar : add tim
2026-01-07 14:56:24,713 [INFO] IPUIPlugin:80 - create IPUIPlugin
2026-01-07 14:56:24,713 [INFO] PluginManager:220 - loadIPPluginJar : add touchsensing
2026-01-07 14:56:24,739 [INFO] IPUIPlugin:80 - create IPUIPlugin
2026-01-07 14:56:24,740 [INFO] PluginManager:220 - loadIPPluginJar : add tracer_emb
2026-01-07 14:56:24,767 [INFO] IPUIPlugin:80 - create IPUIPlugin
2026-01-07 14:56:24,767 [INFO] PluginManager:220 - loadIPPluginJar : add ts
2026-01-07 14:56:24,794 [INFO] IPUIPlugin:80 - create IPUIPlugin
2026-01-07 14:56:24,794 [INFO] PluginManager:220 - loadIPPluginJar : add tsc
2026-01-07 14:56:24,819 [INFO] IPUIPlugin:80 - create IPUIPlugin
2026-01-07 14:56:24,819 [INFO] PluginManager:220 - loadIPPluginJar : add ucpd
2026-01-07 14:56:24,868 [INFO] IPUIPlugin:80 - create IPUIPlugin
2026-01-07 14:56:24,868 [INFO] PluginManager:220 - loadIPPluginJar : add usart
2026-01-07 14:56:24,915 [INFO] IPUIPlugin:80 - create IPUIPlugin
2026-01-07 14:56:24,915 [INFO] PluginManager:220 - loadIPPluginJar : add usbx
2026-01-07 14:56:25,041 [INFO] CADModel:165 - CPN selected for project level
2026-01-07 14:56:25,041 [INFO] CADModel:114 - Register for checkConnection events
2026-01-07 14:56:25,041 [FATAL] Updater:334 - Updater called before beeing initialized
2026-01-07 14:56:25,041 [ERROR] CADModel:125 - Updater not yet initialized, retry later 
2026-01-07 14:56:25,174 [INFO] CADModel:165 - CPN selected for project level
2026-01-07 14:56:25,174 [INFO] CADModel:114 - Register for checkConnection events
2026-01-07 14:56:25,174 [FATAL] Updater:334 - Updater called before beeing initialized
2026-01-07 14:56:25,174 [ERROR] CADModel:125 - Updater not yet initialized, retry later 
2026-01-07 14:56:25,177 [FATAL] Updater:334 - Updater called before beeing initialized
2026-01-07 14:56:25,269 [FATAL] Updater:334 - Updater called before beeing initialized
2026-01-07 14:56:25,280 [INFO] DbMcusAds:53 - JSON generation date=Tue Jul 08 17:14:27 KST 2025 (1751962467633)
2026-01-07 14:56:25,280 [FATAL] Updater:334 - Updater called before beeing initialized
2026-01-07 14:56:25,315 [WARN] DetailPanel:346 - Failed to get advertising image, set to default
2026-01-07 14:56:25,377 [INFO] ThirdPartyUpdaterWithRetryManager:70 - Updater plugin not ready yet. [2/15]
2026-01-07 14:56:25,391 [FATAL] Updater:334 - Updater called before beeing initialized
2026-01-07 14:56:25,393 [FATAL] Updater:334 - Updater called before beeing initialized
2026-01-07 14:56:25,393 [FATAL] Updater:334 - Updater called before beeing initialized
2026-01-07 14:56:25,393 [WARN] DetailPanel:346 - Failed to get advertising image, set to default
2026-01-07 14:56:25,394 [FATAL] Updater:334 - Updater called before beeing initialized
2026-01-07 14:56:25,471 [ERROR] Updater:1164 - MainUpdater not yet initialized. External WinMGr cannot be set.
2026-01-07 14:56:25,483 [INFO] Updater:1100 - Updater Version found : 6.12.1
2026-01-07 14:56:25,498 [INFO] ApplicationProperties:184 - Using Application install path: C:\ST\STM32CubeIDE_1.16.1\STM32CubeIDE\plugins\com.st.stm32cube.common.mx_6.12.1.202409122256
2026-01-07 14:56:26,385 [INFO] MainUpdater:2873 - connection check result : 10
2026-01-07 14:56:26,385 [INFO] MainUpdater:3567 - Updater definition file requires update
2026-01-07 14:56:26,386 [INFO] MainUpdater:290 - Updater Check For Update Now.
2026-01-07 14:56:26,386 [INFO] MicroXplorer:498 - Change Database Version : DB.6.0.121
2026-01-07 14:56:26,403 [INFO] McuFinderGlobals:63 - Set McuFinder mode to 2 (CubeIDE integrated)
2026-01-07 14:56:26,409 [INFO] UserAuth:417 - Internet connection configuration mode: 1
2026-01-07 14:56:26,432 [INFO] JxBrowserEngine:152 - Initiate JxBrowser Engine with user profile folder
2026-01-07 14:56:26,809 [INFO] ServerAccessManage:473 - Download File updaters.zip
2026-01-07 14:56:27,226 [INFO] FileExtend:240 - Unzip File : updaters.zip
2026-01-07 14:56:27,226 [INFO] FileExtend:255 - Standard Zip Deflate
2026-01-07 14:56:28,086 [INFO] ServerAccessManage:473 - Download File PacksControlFlags.xml
2026-01-07 14:56:28,320 [INFO] ServerAccessManage:473 - Download File cubemx.pidx
2026-01-07 14:56:28,380 [WARN] MainUpdater:1194 - Updater busy. Cannot search thirdparties
2026-01-07 14:56:28,380 [INFO] ThirdPartyUpdaterWithRetryManager:96 - Updater plugin is busy. [1/15]
2026-01-07 14:56:28,440 [INFO] LoadServerUpdatesThread:375 - End of LoadServerUpdate Thread
2026-01-07 14:56:28,625 [INFO] CheckServerUpdateThread:120 - End of CheckServer Thread
2026-01-07 14:56:29,341 [INFO] WebApp:167 - Instantiating new browser for Auth
2026-01-07 14:56:30,067 [INFO] WebApp:448 - Apply proxy settings
2026-01-07 14:56:30,090 [INFO] WebApp:493 - Chromium authenticates against Manually configured proxy
2026-01-07 14:56:30,098 [INFO] WebApp:501 - Username used for proxy authentication: 
2026-01-07 14:56:30,128 [INFO] WebApp:869 - Register for checkConnection events
2026-01-07 14:56:30,128 [INFO] WebApp:448 - Apply proxy settings
2026-01-07 14:56:30,131 [INFO] WebApp:493 - Chromium authenticates against Manually configured proxy
2026-01-07 14:56:30,132 [INFO] WebApp:501 - Username used for proxy authentication: 
2026-01-07 14:56:30,280 [INFO] WebApp:220 - Starting web application
2026-01-07 14:56:30,281 [INFO] WebApp:578 - Web application path used C:\ST\STM32CubeIDE_1.16.1\STM32CubeIDE\plugins\com.st.stm32cube.common.mx_6.12.1.202409122256\db\plugins\mcufinder\reactClient1\index.html
2026-01-07 14:56:30,428 [INFO] UserAuth:417 - Internet connection configuration mode: 1
2026-01-07 14:56:30,450 [INFO] WebApp:186 - Connection restablished
2026-01-07 14:56:31,723 [WARN] PackLoader:240 - Cannot read IP mode file for STMicroelectronics.FP-SNS-MOTENVWB1.1.4.0
2026-01-07 14:56:31,737 [WARN] PackLoader:240 - Cannot read IP mode file for STMicroelectronics.FP-ATR-ASTRA1.2.0.2
2026-01-07 14:56:31,749 [WARN] PackLoader:240 - Cannot read IP mode file for STMicroelectronics.FP-ATR-ASTRA1.2.0.1
2026-01-07 14:56:31,763 [WARN] PackLoader:240 - Cannot read IP mode file for STMicroelectronics.X-CUBE-SMBUS.2.1.0
2026-01-07 14:56:31,777 [WARN] PackLoader:240 - Cannot read IP mode file for STMicroelectronics.X-CUBE-WB05N.1.1.0
2026-01-07 14:56:31,790 [ERROR] Engine:466 - C:\Users\RND1\.stm32cubemx\thirdparties\pdsc\STMicroelectronics.X-CUBE-ST60.1.0.0.pdsc: PDSC version is not supported
2026-01-07 14:56:31,803 [WARN] PackLoader:240 - Cannot read IP mode file for STMicroelectronics.X-CUBE-TOUCHGFX.4.23.0
2026-01-07 14:56:31,814 [WARN] PackLoader:240 - Cannot read IP mode file for STMicroelectronics.X-CUBE-TOUCHGFX.4.23.2
2026-01-07 14:56:31,845 [WARN] PackLoader:240 - Cannot read IP mode file for STMicroelectronics.X-CUBE-AZRTOS-F7.1.1.0
2026-01-07 14:56:31,864 [WARN] PackLoader:240 - Cannot read IP mode file for STMicroelectronics.FP-SNS-MOTENV1.4.3.2
2026-01-07 14:56:31,912 [WARN] PackLoader:240 - Cannot read IP mode file for STMicroelectronics.X-CUBE-MEMS1.11.0.0
2026-01-07 14:56:32,006 [ERROR] Engine:466 - C:\Users\RND1\.stm32cubemx\thirdparties\pdsc\STMicroelectronics.FP-SNS-MOTENV1.5.1.0.pdsc: PDSC version is not supported
2026-01-07 14:56:32,024 [WARN] PackLoader:240 - Cannot read IP mode file for STMicroelectronics.FP-SNS-FLIGHT1.5.0.2
2026-01-07 14:56:32,059 [WARN] PackLoader:240 - Cannot read IP mode file for STMicroelectronics.X-CUBE-AZRTOS-H7.3.4.0
2026-01-07 14:56:32,078 [WARN] PackLoader:240 - Cannot read IP mode file for STMicroelectronics.X-CUBE-DISPLAY.3.0.0
2026-01-07 14:56:32,102 [WARN] PackLoader:240 - Cannot read IP mode file for STMicroelectronics.X-CUBE-BLE1.7.0.0
2026-01-07 14:56:32,124 [WARN] PackLoader:240 - Cannot read IP mode file for STMicroelectronics.X-CUBE-NFC10.1.0.0
2026-01-07 14:56:32,144 [WARN] PackLoader:240 - Cannot read IP mode file for STMicroelectronics.X-CUBE-BLEMGR.4.0.0
2026-01-07 14:56:32,161 [ERROR] Engine:466 - C:\Users\RND1\.stm32cubemx\thirdparties\pdsc\STMicroelectronics.X-CUBE-ST60.1.1.0.pdsc: PDSC version is not supported
2026-01-07 14:56:32,182 [WARN] PackLoader:240 - Cannot read IP mode file for emotas.I-CUBE-CANOPEN.1.3.0
2026-01-07 14:56:32,199 [WARN] PackLoader:240 - Cannot read IP mode file for STMicroelectronics.X-CUBE-GNSS1.7.1.0
2026-01-07 14:56:32,224 [WARN] PackLoader:240 - Cannot read IP mode file for STMicroelectronics.X-CUBE-BLEMGR.3.1.0
2026-01-07 14:56:32,243 [WARN] PackLoader:240 - Cannot read IP mode file for STMicroelectronics.X-CUBE-AI.10.0.0
2026-01-07 14:56:32,260 [ERROR] Engine:466 - C:\Users\RND1\.stm32cubemx\thirdparties\pdsc\STMicroelectronics.FP-SNS-STBOX1.2.1.0.pdsc: PDSC version is not supported
2026-01-07 14:56:32,279 [WARN] PackLoader:240 - Cannot read IP mode file for STMicroelectronics.FP-SNS-SMARTAG2.1.2.0
2026-01-07 14:56:32,299 [ERROR] Engine:466 - C:\Users\RND1\.stm32cubemx\thirdparties\pdsc\STMicroelectronics.FP-SNS-FLIGHT1.5.1.0.pdsc: PDSC version is not supported
2026-01-07 14:56:32,345 [WARN] PackLoader:240 - Cannot read IP mode file for STMicroelectronics.X-CUBE-MEMS1.11.1.0
2026-01-07 14:56:32,435 [INFO] LogOutputStream:77 - [STDOUT_REDIRECT] 1 : Invalid condition id : UX_CORESTACK_Condition cause : null
2026-01-07 14:56:32,436 [INFO] LogOutputStream:77 - [STDOUT_REDIRECT] 1 : Invalid condition id : UX_CORESTACK_Condition cause : null
2026-01-07 14:56:32,437 [INFO] LogOutputStream:77 - [STDOUT_REDIRECT] 1 : Invalid condition id : UX_CORESTACK_Condition cause : null
2026-01-07 14:56:32,438 [INFO] LogOutputStream:77 - [STDOUT_REDIRECT] 1 : Invalid condition id : UX_CORESTACK_Condition cause : null
2026-01-07 14:56:32,439 [INFO] LogOutputStream:77 - [STDOUT_REDIRECT] 1 : Invalid condition id : UX_CORESTACK_Condition cause : null
2026-01-07 14:56:32,441 [WARN] PackLoader:240 - Cannot read IP mode file for STMicroelectronics.X-CUBE-AZRTOS-WL.2.0.0
2026-01-07 14:56:32,459 [WARN] PackLoader:240 - Cannot read IP mode file for STMicroelectronics.FP-SNS-MOTENV1.5.0.0
2026-01-07 14:56:32,494 [WARN] PackLoader:240 - Cannot read IP mode file for STMicroelectronics.X-CUBE-AZRTOS-H7RS.1.2.0
2026-01-07 14:56:32,513 [WARN] PackLoader:240 - Cannot read IP mode file for wolfSSL.I-CUBE-wolfMQTT.1.19.0
2026-01-07 14:56:32,532 [WARN] PackLoader:240 - Cannot read IP mode file for WES.I-CUBE-Cesium.1.3.0
2026-01-07 14:56:32,545 [WARN] PackLoader:240 - Cannot read IP mode file for STMicroelectronics.X-CUBE-BLE2.3.3.0
2026-01-07 14:56:32,560 [ERROR] Engine:466 - C:\Users\RND1\.stm32cubemx\thirdparties\pdsc\Avnet-IOTCONNECT.X-CUBE-iotc-st67-sdk.1.0.0.pdsc: PDSC version is not supported
2026-01-07 14:56:32,577 [WARN] PackLoader:240 - Cannot read IP mode file for STMicroelectronics.X-CUBE-NFC9.1.0.0
2026-01-07 14:56:32,594 [WARN] PackLoader:240 - Cannot read IP mode file for STMicroelectronics.X-CUBE-BLE1.7.1.0
2026-01-07 14:56:32,609 [WARN] PackLoader:240 - Cannot read IP mode file for STMicroelectronics.X-CUBE-TCPP.4.1.0
2026-01-07 14:56:32,622 [ERROR] Engine:466 - C:\Users\RND1\.stm32cubemx\thirdparties\pdsc\STMicroelectronics.X-CUBE-FREERTOS.1.4.0.pdsc: PDSC version is not supported
2026-01-07 14:56:32,636 [WARN] PackLoader:240 - Cannot read IP mode file for STMicroelectronics.X-CUBE-EEPRMA1.5.2.0
2026-01-07 14:56:32,649 [ERROR] Engine:466 - C:\Users\RND1\.stm32cubemx\thirdparties\pdsc\STMicroelectronics.X-CUBE-ST67W61.1.1.0.pdsc: PDSC version is not supported
2026-01-07 14:56:32,661 [WARN] PackLoader:240 - Cannot read IP mode file for STMicroelectronics.X-CUBE-AI.10.1.0
2026-01-07 14:56:32,696 [WARN] PackLoader:240 - Cannot read IP mode file for STMicroelectronics.X-CUBE-MEMS1.12.0.0
2026-01-07 14:56:32,739 [WARN] PackLoader:240 - Cannot read IP mode file for STMicroelectronics.X-CUBE-ALGOBUILD.1.3.0
2026-01-07 14:56:32,778 [WARN] PackLoader:240 - Cannot read IP mode file for STMicroelectronics.X-CUBE-MEMS1.11.2.0
2026-01-07 14:56:32,849 [WARN] PackLoader:240 - Cannot read IP mode file for STMicroelectronics.X-CUBE-AZRTOS-G0.1.1.0
2026-01-07 14:56:32,866 [WARN] PackLoader:240 - Cannot read IP mode file for STMicroelectronics.X-CUBE-SAFEA1.1.2.2
2026-01-07 14:56:32,885 [WARN] PackLoader:240 - Cannot read IP mode file for STMicroelectronics.X-CUBE-NFC4.3.0.0
2026-01-07 14:56:32,903 [WARN] PackLoader:240 - Cannot read IP mode file for wolfSSL.I-CUBE-wolfMQTT.1.18.0
2026-01-07 14:56:32,921 [WARN] PackLoader:240 - Cannot read IP mode file for EmbeddedOffice.I-CUBE-FS-RTOS.1.0.1
2026-01-07 14:56:32,921 [ERROR] ConditionMgr:805 - Attr not supported : Dmpu
2026-01-07 14:56:32,921 [ERROR] ConditionMgr:805 - Attr not supported : Dmpu
2026-01-07 14:56:32,921 [ERROR] ConditionMgr:805 - Attr not supported : Dmpu
2026-01-07 14:56:32,921 [ERROR] ConditionMgr:805 - Attr not supported : Dmpu
2026-01-07 14:56:32,921 [ERROR] ConditionMgr:805 - Attr not supported : Dmpu
2026-01-07 14:56:32,921 [ERROR] ConditionMgr:805 - Attr not supported : Dmpu
2026-01-07 14:56:32,921 [ERROR] ConditionMgr:805 - Attr not supported : Dmpu
2026-01-07 14:56:32,921 [ERROR] ConditionMgr:805 - Attr not supported : Dmpu
2026-01-07 14:56:32,921 [ERROR] ConditionMgr:805 - Attr not supported : Dmpu
2026-01-07 14:56:32,921 [ERROR] ConditionMgr:805 - Attr not supported : Dmpu
2026-01-07 14:56:32,921 [ERROR] ConditionMgr:805 - Attr not supported : Dmpu
2026-01-07 14:56:32,921 [ERROR] ConditionMgr:805 - Attr not supported : Dmpu
2026-01-07 14:56:32,921 [ERROR] ConditionMgr:805 - Attr not supported : Dmpu
2026-01-07 14:56:32,921 [ERROR] ConditionMgr:805 - Attr not supported : Dmpu
2026-01-07 14:56:32,921 [ERROR] ConditionMgr:805 - Attr not supported : Dmpu
2026-01-07 14:56:32,921 [ERROR] ConditionMgr:805 - Attr not supported : Dmpu
2026-01-07 14:56:32,921 [ERROR] ConditionMgr:805 - Attr not supported : Dmpu
2026-01-07 14:56:32,921 [ERROR] ConditionMgr:805 - Attr not supported : Dmpu
2026-01-07 14:56:32,921 [ERROR] ConditionMgr:805 - Attr not supported : Dmpu
2026-01-07 14:56:32,921 [ERROR] ConditionMgr:805 - Attr not supported : Dmpu
2026-01-07 14:56:32,922 [ERROR] ConditionMgr:805 - Attr not supported : Dmpu
2026-01-07 14:56:32,922 [ERROR] ConditionMgr:805 - Attr not supported : Dmpu
2026-01-07 14:56:32,922 [ERROR] ConditionMgr:805 - Attr not supported : Dmpu
2026-01-07 14:56:32,922 [ERROR] ConditionMgr:805 - Attr not supported : Dmpu
2026-01-07 14:56:32,922 [ERROR] ConditionMgr:805 - Attr not supported : Dmpu
2026-01-07 14:56:32,922 [ERROR] ConditionMgr:805 - Attr not supported : Dmpu
2026-01-07 14:56:32,922 [ERROR] ConditionMgr:805 - Attr not supported : Dmpu
2026-01-07 14:56:32,922 [ERROR] ConditionMgr:805 - Attr not supported : Dmpu
2026-01-07 14:56:32,922 [ERROR] ConditionMgr:805 - Attr not supported : Dmpu
2026-01-07 14:56:32,922 [ERROR] ConditionMgr:805 - Attr not supported : Dmpu
2026-01-07 14:56:32,922 [ERROR] ConditionMgr:805 - Attr not supported : Dmpu
2026-01-07 14:56:32,922 [ERROR] ConditionMgr:805 - Attr not supported : Dmpu
2026-01-07 14:56:32,922 [ERROR] ConditionMgr:805 - Attr not supported : Dmpu
2026-01-07 14:56:32,922 [ERROR] ConditionMgr:805 - Attr not supported : Dmpu
2026-01-07 14:56:32,922 [ERROR] ConditionMgr:805 - Attr not supported : Dmpu
2026-01-07 14:56:32,922 [ERROR] ConditionMgr:805 - Attr not supported : Dmpu
2026-01-07 14:56:32,922 [ERROR] ConditionMgr:805 - Attr not supported : Dmpu
2026-01-07 14:56:32,922 [ERROR] ConditionMgr:805 - Attr not supported : Dmpu
2026-01-07 14:56:32,922 [ERROR] ConditionMgr:805 - Attr not supported : Dmpu
2026-01-07 14:56:32,922 [ERROR] ConditionMgr:805 - Attr not supported : Dmpu
2026-01-07 14:56:32,922 [ERROR] ConditionMgr:805 - Attr not supported : Dmpu
2026-01-07 14:56:32,922 [ERROR] ConditionMgr:805 - Attr not supported : Dmpu
2026-01-07 14:56:32,922 [ERROR] ConditionMgr:805 - Attr not supported : Dmpu
2026-01-07 14:56:32,922 [ERROR] ConditionMgr:805 - Attr not supported : Dmpu
2026-01-07 14:56:32,922 [ERROR] ConditionMgr:805 - Attr not supported : Dmpu
2026-01-07 14:56:32,922 [ERROR] ConditionMgr:805 - Attr not supported : Dmpu
2026-01-07 14:56:32,922 [ERROR] ConditionMgr:805 - Attr not supported : Dmpu
2026-01-07 14:56:32,922 [ERROR] ConditionMgr:805 - Attr not supported : Dmpu
2026-01-07 14:56:32,922 [ERROR] ConditionMgr:805 - Attr not supported : Dmpu
2026-01-07 14:56:32,922 [ERROR] ConditionMgr:805 - Attr not supported : Dmpu
2026-01-07 14:56:32,923 [ERROR] ConditionMgr:805 - Attr not supported : Dmpu
2026-01-07 14:56:32,923 [ERROR] ConditionMgr:805 - Attr not supported : Dmpu
2026-01-07 14:56:32,923 [ERROR] ConditionMgr:805 - Attr not supported : Dmpu
2026-01-07 14:56:32,923 [ERROR] ConditionMgr:805 - Attr not supported : Dmpu
2026-01-07 14:56:32,923 [ERROR] ConditionMgr:805 - Attr not supported : Dmpu
2026-01-07 14:56:32,923 [ERROR] ConditionMgr:805 - Attr not supported : Dmpu
2026-01-07 14:56:32,923 [ERROR] ConditionMgr:805 - Attr not supported : Dmpu
2026-01-07 14:56:32,923 [ERROR] ConditionMgr:805 - Attr not supported : Dmpu
2026-01-07 14:56:32,923 [ERROR] ConditionMgr:805 - Attr not supported : Dmpu
2026-01-07 14:56:32,923 [ERROR] ConditionMgr:805 - Attr not supported : Dmpu
2026-01-07 14:56:32,923 [ERROR] ConditionMgr:805 - Attr not supported : Dmpu
2026-01-07 14:56:32,923 [ERROR] ConditionMgr:805 - Attr not supported : Dmpu
2026-01-07 14:56:32,923 [ERROR] ConditionMgr:805 - Attr not supported : Dmpu
2026-01-07 14:56:32,923 [ERROR] ConditionMgr:805 - Attr not supported : Dmpu
2026-01-07 14:56:32,940 [WARN] PackLoader:240 - Cannot read IP mode file for STMicroelectronics.X-CUBE-WB05N.2.0.0
2026-01-07 14:56:32,963 [WARN] PackLoader:240 - Cannot read IP mode file for STMicroelectronics.X-CUBE-BLEMGR.3.0.0
2026-01-07 14:56:32,980 [ERROR] Engine:466 - C:\Users\RND1\.stm32cubemx\thirdparties\pdsc\STMicroelectronics.X-CUBE-TCPP.4.2.0.pdsc: PDSC version is not supported
2026-01-07 14:56:33,002 [WARN] PackLoader:240 - Cannot read IP mode file for RealThread.X-CUBE-RT-Thread_Nano.4.1.1
2026-01-07 14:56:33,023 [WARN] PackLoader:240 - Cannot read IP mode file for STMicroelectronics.FP-ATR-SIGFOX1.3.2.0
2026-01-07 14:56:33,039 [WARN] ConditionMgr:438 - getConditionDescription Invalid condition id : Cortex-A Device cause : null
2026-01-07 14:56:33,062 [WARN] ConditionMgr:1039 - genDependencies : Invalid condition id : Cortex-A Device cause : null
2026-01-07 14:56:33,062 [WARN] ConditionMgr:1039 - genDependencies : Invalid condition id : Cortex-A Device cause : null
2026-01-07 14:56:33,062 [WARN] ConditionMgr:1039 - genDependencies : Invalid condition id : Cortex-A Device cause : null
2026-01-07 14:56:33,077 [WARN] PackLoader:240 - Cannot read IP mode file for STMicroelectronics.X-CUBE-EEPRMA1.5.1.0
2026-01-07 14:56:33,091 [ERROR] Engine:466 - C:\Users\RND1\.stm32cubemx\thirdparties\pdsc\STMicroelectronics.X-CUBE-ST67W61.1.0.0.pdsc: PDSC version is not supported
2026-01-07 14:56:33,108 [WARN] PackLoader:240 - Cannot read IP mode file for STMicroelectronics.X-CUBE-AI.10.2.0
2026-01-07 14:56:33,142 [WARN] PackLoader:240 - Cannot read IP mode file for SEGGER.I-CUBE-embOS.1.3.1
2026-01-07 14:56:33,182 [WARN] PackLoader:240 - Cannot read IP mode file for STMicroelectronics.X-CUBE-ALGOBUILD.1.4.0
2026-01-07 14:56:33,230 [WARN] PackLoader:240 - Cannot read IP mode file for STMicroelectronics.X-CUBE-MEMS1.11.3.0
2026-01-07 14:56:33,325 [WARN] PackLoader:240 - Cannot read IP mode file for STMicroelectronics.X-CUBE-AI.9.1.0
2026-01-07 14:56:33,342 [WARN] PackLoader:240 - Cannot read IP mode file for STMicroelectronics.X-CUBE-PM33A1.1.0.0
2026-01-07 14:56:33,357 [WARN] PackLoader:240 - Cannot read IP mode file for STMicroelectronics.X-CUBE-GNSS1.6.0.0
2026-01-07 14:56:33,390 [WARN] PackLoader:240 - Cannot read IP mode file for STMicroelectronics.X-CUBE-AZRTOS-F4.1.1.0
2026-01-07 14:56:33,408 [WARN] PackLoader:240 - Cannot read IP mode file for wolfSSL.I-CUBE-wolfSSL.5.6.4
2026-01-07 14:56:33,423 [ERROR] Engine:466 - C:\Users\RND1\.stm32cubemx\thirdparties\pdsc\Avnet-IotConnect.X-CUBE-IoTC-DA16k-PMOD.1.0.0.pdsc: PDSC version is not supported
2026-01-07 14:56:33,444 [WARN] PackLoader:240 - Cannot read IP mode file for STMicroelectronics.X-CUBE-ISPU.2.1.0
2026-01-07 14:56:33,462 [ERROR] Engine:466 - C:\Users\RND1\.stm32cubemx\thirdparties\pdsc\STMicroelectronics.X-CUBE-IPS.3.2.0.pdsc: PDSC version is not supported
2026-01-07 14:56:33,479 [WARN] PackLoader:240 - Cannot read IP mode file for STMicroelectronics.X-CUBE-FREERTOS.1.2.0
2026-01-07 14:56:33,500 [WARN] PackLoader:240 - Cannot read IP mode file for STMicroelectronics.X-CUBE-NFC12.1.0.0
2026-01-07 14:56:33,529 [WARN] PackLoader:240 - Cannot read IP mode file for STMicroelectronics.X-CUBE-AZRTOS-L5.2.0.0
2026-01-07 14:56:33,550 [WARN] PackLoader:240 - Cannot read IP mode file for STMicroelectronics.X-CUBE-EEPRMA1.4.2.0
2026-01-07 14:56:33,571 [WARN] PackLoader:240 - Cannot read IP mode file for STMicroelectronics.X-CUBE-NFC6.3.1.0
2026-01-07 14:56:33,587 [WARN] PackLoader:240 - Cannot read IP mode file for ITTIA_DB.I-CUBE-ITTIADB.8.8.0
2026-01-07 14:56:33,602 [WARN] PackLoader:240 - Cannot read IP mode file for STMicroelectronics.X-CUBE-DPower.1.2.0
2026-01-07 14:56:33,617 [WARN] PackLoader:240 - Cannot read IP mode file for STMicroelectronics.X-CUBE-AI.9.0.0
2026-01-07 14:56:33,634 [WARN] PackLoader:240 - Cannot read IP mode file for STMicroelectronics.X-CUBE-FREERTOS.1.3.1
2026-01-07 14:56:33,651 [WARN] PackLoader:240 - Cannot read IP mode file for STMicroelectronics.X-CUBE-FREERTOS.1.3.0
2026-01-07 14:56:33,668 [WARN] PackLoader:240 - Cannot read IP mode file for STMicroelectronics.X-CUBE-NFC7.1.0.1
2026-01-07 14:56:33,686 [WARN] PackLoader:240 - Cannot read IP mode file for STMicroelectronics.X-CUBE-TOUCHGFX.4.26.0
2026-01-07 14:56:33,704 [WARN] PackLoader:240 - Cannot read IP mode file for STMicroelectronics.X-CUBE-NFC6.3.0.0
2026-01-07 14:56:33,722 [ERROR] Engine:466 - C:\Users\RND1\.stm32cubemx\thirdparties\pdsc\STMicroelectronics.FP-SNS-STAIOTCFT.1.0.0.pdsc: PDSC version is not supported
2026-01-07 14:56:33,737 [WARN] PackLoader:240 - Cannot read IP mode file for STMicroelectronics.X-CUBE-DPower.1.3.0
2026-01-07 14:56:33,750 [WARN] PackLoader:240 - Cannot read IP mode file for STMicroelectronics.X-CUBE-AI.8.1.0
2026-01-07 14:56:33,771 [WARN] ConditionMgr:438 - getConditionDescription Invalid condition id : LAN8742 Phy interface Condition cause : null
2026-01-07 14:56:33,772 [WARN] PackLoader:240 - Cannot read IP mode file for STMicroelectronics.X-CUBE-AZRTOS-L4.2.0.0
2026-01-07 14:56:33,772 [WARN] ConditionMgr:1039 - genDependencies : Invalid condition id : LAN8742 Phy interface Condition cause : null
2026-01-07 14:56:33,772 [WARN] ConditionMgr:1039 - genDependencies : Invalid condition id : LAN8742 Phy interface Condition cause : null
2026-01-07 14:56:33,773 [WARN] ConditionMgr:1039 - genDependencies : Invalid condition id : LAN8742 Phy interface Condition cause : null
2026-01-07 14:56:33,790 [WARN] PackLoader:240 - Cannot read IP mode file for STMicroelectronics.X-CUBE-SFXS2LP1.4.0.0
2026-01-07 14:56:33,821 [WARN] PackLoader:240 - Cannot read IP mode file for STMicroelectronics.X-CUBE-AZRTOS-H7.3.3.0
2026-01-07 14:56:33,837 [ERROR] Engine:466 - C:\Users\RND1\.stm32cubemx\thirdparties\pdsc\STMicroelectronics.X-CUBE-BLEMGR.4.1.0.pdsc: PDSC version is not supported
2026-01-07 14:56:33,854 [WARN] PackLoader:240 - Cannot read IP mode file for STMicroelectronics.X-CUBE-IPS.3.0.0
2026-01-07 14:56:33,876 [WARN] ConditionMgr:438 - getConditionDescription Invalid condition id : UX DEVICE CLASS RTOS Condition cause : null
2026-01-07 14:56:33,876 [WARN] ConditionMgr:438 - getConditionDescription Invalid condition id : UX DEVICE CLASS RTOS Condition cause : null
2026-01-07 14:56:33,877 [WARN] PackLoader:240 - Cannot read IP mode file for STMicroelectronics.X-CUBE-AZRTOS-WB.2.0.0
2026-01-07 14:56:33,877 [WARN] ConditionMgr:1039 - genDependencies : Invalid condition id : UX DEVICE CLASS RTOS Condition cause : null
2026-01-07 14:56:33,877 [WARN] ConditionMgr:1039 - genDependencies : Invalid condition id : UX DEVICE CLASS RTOS Condition cause : null
2026-01-07 14:56:33,878 [WARN] ConditionMgr:1039 - genDependencies : Invalid condition id : UX DEVICE CLASS RTOS Condition cause : null
2026-01-07 14:56:33,878 [WARN] ConditionMgr:1039 - genDependencies : Invalid condition id : UX DEVICE CLASS RTOS Condition cause : null
2026-01-07 14:56:33,878 [WARN] ConditionMgr:1039 - genDependencies : Invalid condition id : UX DEVICE CLASS RTOS Condition cause : null
2026-01-07 14:56:33,892 [WARN] PackLoader:240 - Cannot read IP mode file for STMicroelectronics.X-CUBE-GNSS1.7.0.0
2026-01-07 14:56:33,905 [WARN] PackLoader:240 - Cannot read IP mode file for STMicroelectronics.X-CUBE-GNSS1.7.0.1
2026-01-07 14:56:33,919 [WARN] PackLoader:240 - Cannot read IP mode file for STMicroelectronics.X-CUBE-TOUCHGFX.4.25.0
2026-01-07 14:56:33,934 [WARN] PackLoader:240 - Cannot read IP mode file for STMicroelectronics.FP-SNS-STBOX1.2.0.0
2026-01-07 14:56:33,954 [WARN] PackLoader:240 - Cannot read IP mode file for STMicroelectronics.X-CUBE-SUBG2.5.0.0
2026-01-07 14:56:33,982 [WARN] PackLoader:240 - Cannot read IP mode file for STMicroelectronics.X-CUBE-AZRTOS-H7RS.1.1.0
2026-01-07 14:56:34,005 [WARN] PackLoader:240 - Cannot read IP mode file for STMicroelectronics.X-CUBE-AZRTOS-G4.2.0.0
2026-01-07 14:56:34,028 [WARN] PackLoader:240 - Cannot read IP mode file for Infineon.AIROC-Wi-Fi-Bluetooth-STM32.1.5.1
2026-01-07 14:56:34,045 [WARN] PackLoader:240 - Cannot read IP mode file for STMicroelectronics.X-CUBE-NFC7.2.0.0
2026-01-07 14:56:34,061 [WARN] PackLoader:240 - Cannot read IP mode file for STMicroelectronics.FP-SNS-MOTENVWB1.1.3.1
2026-01-07 14:56:34,075 [WARN] PackLoader:240 - Cannot read IP mode file for STMicroelectronics.X-CUBE-ISPU.2.0.0
2026-01-07 14:56:34,091 [ERROR] Engine:466 - C:\Users\RND1\.stm32cubemx\thirdparties\pdsc\STMicroelectronics.X-CUBE-IPS.3.1.0.pdsc: PDSC version is not supported
2026-01-07 14:56:34,106 [WARN] PackLoader:240 - Cannot read IP mode file for STMicroelectronics.X-CUBE-ALS.1.0.2
2026-01-07 14:56:34,135 [WARN] PackLoader:240 - Cannot read IP mode file for STMicroelectronics.X-CUBE-MEMS1.10.0.0
2026-01-07 14:56:34,192 [WARN] PackLoader:240 - Cannot read IP mode file for STMicroelectronics.X-CUBE-FREERTOS.1.1.0
2026-01-07 14:56:34,206 [WARN] PackLoader:240 - Cannot read IP mode file for STMicroelectronics.X-CUBE-TOUCHGFX.4.24.0
2026-01-07 14:56:34,219 [WARN] PackLoader:240 - Cannot read IP mode file for STMicroelectronics.X-CUBE-TOUCHGFX.4.24.2
2026-01-07 14:56:34,231 [WARN] PackLoader:240 - Cannot read IP mode file for STMicroelectronics.X-CUBE-TOUCHGFX.4.24.1
2026-01-07 14:56:34,243 [WARN] PackLoader:240 - Cannot read IP mode file for STMicroelectronics.X-CUBE-STSE01.1.0.0
2026-01-07 14:56:34,257 [WARN] PackLoader:240 - Cannot read IP mode file for wolfSSL.I-CUBE-wolfTPM.3.4.0
2026-01-07 14:56:34,271 [WARN] PackLoader:240 - Cannot read IP mode file for portGmbH.I-Cube-SoM-uGOAL.1.1.0
2026-01-07 14:56:34,283 [WARN] PackLoader:240 - Cannot read IP mode file for STMicroelectronics.X-CUBE-ALS.1.0.1
2026-01-07 14:56:34,305 [WARN] PackLoader:240 - Cannot read IP mode file for STMicroelectronics.X-CUBE-AZRTOS-H7RS.1.0.0
2026-01-07 14:56:34,320 [WARN] PackLoader:240 - Cannot read IP mode file for STMicroelectronics.FP-ATR-ASTRA1.2.0.0
2026-01-07 14:56:34,337 [WARN] PackLoader:240 - Cannot read IP mode file for STMicroelectronics.X-CUBE-TOF1.3.4.2
2026-01-07 14:56:34,359 [ERROR] Engine:466 - C:\Users\RND1\.stm32cubemx\thirdparties\pdsc\STMicroelectronics.X-CUBE-TOF1.3.4.3.pdsc: PDSC version is not supported
2026-01-07 14:56:34,377 [WARN] PackLoader:240 - Cannot read IP mode file for STMicroelectronics.X-CUBE-TOF1.3.4.0
2026-01-07 14:56:34,410 [WARN] PackLoader:240 - Cannot read IP mode file for STMicroelectronics.X-CUBE-TOF1.3.4.1
2026-01-07 14:56:34,439 [WARN] PackLoader:240 - Cannot read IP mode file for STMicroelectronics.X-CUBE-AZRTOS-H7.3.2.0
2026-01-07 14:56:34,452 [WARN] PackLoader:240 - Cannot read IP mode file for wolfSSL.I-CUBE-wolfSSH.1.4.17
2026-01-07 14:56:34,452 [INFO] ThirdParty:978 - Integrity check success = true
2026-01-07 14:56:34,452 [INFO] IntegrityCheckThread:100 - exiting critical section [integrity check]
2026-01-07 14:56:34,453 [INFO] IntegrityCheckThread:103 - End integrity checks thread
2026-01-07 17:29:28,359 [ERROR] LogOutputStream:75 - [STDERR_REDIRECT] 
