2026-02-04 08:39:19,699 [INFO] Activator:176 - 


2026-02-04 08:39:19,704 [INFO] Activator:177 - !SESSION log4j initialized
2026-02-04 08:39:26,145 [INFO] LogOutputStream:77 - [STDOUT_REDIRECT] 
2026-02-04 08:39:35,953 [INFO] ApplicationProperties:184 - Using Application install path: C:\ST\STM32CubeIDE_1.16.1\STM32CubeIDE\plugins\com.st.stm32cube.common.mx_6.12.1.202409122256
2026-02-04 08:39:35,968 [INFO] DbMcusXml:78 - Set database path to: C:\ST\STM32CubeIDE_1.16.1\STM32CubeIDE\plugins\com.st.stm32cube.common.mx_6.12.1.202409122256\\db\/mcu/
2026-02-04 08:39:35,968 [INFO] ApiDb:274 - Set plugin database path to: C:\ST\STM32CubeIDE_1.16.1\STM32CubeIDE\plugins\com.st.stm32cube.common.mx_6.12.1.202409122256\\db\/plugins/boardmanager/
2026-02-04 08:39:35,968 [WARN] ApiDb:259 - Overriding images path with different value:  => C:\ST\STM32CubeIDE_1.16.1\STM32CubeIDE\plugins\com.st.stm32cube.common.mx_6.12.1.202409122256\\db\/plugins/mcufinder/images/
2026-02-04 08:39:35,986 [INFO] ApiDb:250 - Set database path to: C:\Users\RND1\.stmcufinder\plugins\mcufinder//mcu/
2026-02-04 08:39:35,987 [INFO] DbMcusAds:125 - Set database path to: C:\Users\RND1\.stmcufinder\plugins\mcufinder//mcu/
2026-02-04 08:39:35,989 [INFO] CrossReferenceDbSqlite:203 - Set database path to: C:\Users\RND1\.stmcufinder\plugins\mcufinder//mcu/cs/
2026-02-04 08:39:36,095 [INFO] RulesReader:64 - Compatibility file has been processed (297 Rules)
2026-02-04 08:39:36,176 [INFO] DbMcusXml:78 - Set database path to: C:\ST\STM32CubeIDE_1.16.1\STM32CubeIDE\plugins\com.st.stm32cube.common.mx_6.12.1.202409122256\\db\/mcu/
2026-02-04 08:39:36,176 [INFO] ApiDb:274 - Set plugin database path to: C:\ST\STM32CubeIDE_1.16.1\STM32CubeIDE\plugins\com.st.stm32cube.common.mx_6.12.1.202409122256\\db\/plugins/boardmanager/
2026-02-04 08:39:36,176 [INFO] ApiDb:261 - Set plugin images path to: C:\ST\STM32CubeIDE_1.16.1\STM32CubeIDE\plugins\com.st.stm32cube.common.mx_6.12.1.202409122256\\db\/plugins/mcufinder/images/
2026-02-04 08:39:36,178 [WARN] DbFile:41 - Overriding database path with different value: C:\Users\RND1\.stmcufinder\plugins\mcufinder/ => C:\Users\RND1\.stmcufinder\plugins\mcufinder
2026-02-04 08:39:36,178 [INFO] ApiDb:250 - Set database path to: C:\Users\RND1\.stmcufinder\plugins\mcufinder//mcu/
2026-02-04 08:39:36,178 [WARN] DbFile:41 - Overriding database path with different value: C:\Users\RND1\.stmcufinder\plugins\mcufinder/ => C:\Users\RND1\.stmcufinder\plugins\mcufinder
2026-02-04 08:39:36,178 [INFO] DbMcusAds:125 - Set database path to: C:\Users\RND1\.stmcufinder\plugins\mcufinder//mcu/
2026-02-04 08:39:36,178 [WARN] DbFile:41 - Overriding database path with different value: C:\Users\RND1\.stmcufinder\plugins\mcufinder/ => C:\Users\RND1\.stmcufinder\plugins\mcufinder
2026-02-04 08:39:36,178 [WARN] DbFile:41 - Overriding database path with different value: C:\Users\RND1\.stmcufinder\plugins\mcufinder/ => C:\Users\RND1\.stmcufinder\plugins\mcufinder
2026-02-04 08:39:36,178 [INFO] CrossReferenceDbSqlite:203 - Set database path to: C:\Users\RND1\.stmcufinder\plugins\mcufinder//mcu/cs/
2026-02-04 08:39:36,247 [INFO] MainPanel:268 - HeapMemory: 268435456
2026-02-04 08:39:36,338 [INFO] DbMcusXml:78 - Set database path to: C:\ST\STM32CubeIDE_1.16.1\STM32CubeIDE\plugins\com.st.stm32cube.common.mx_6.12.1.202409122256\\db\/mcu/
2026-02-04 08:39:36,338 [INFO] ApiDb:274 - Set plugin database path to: C:\ST\STM32CubeIDE_1.16.1\STM32CubeIDE\plugins\com.st.stm32cube.common.mx_6.12.1.202409122256\\db\/plugins/boardmanager/
2026-02-04 08:39:36,338 [INFO] ApiDb:261 - Set plugin images path to: C:\ST\STM32CubeIDE_1.16.1\STM32CubeIDE\plugins\com.st.stm32cube.common.mx_6.12.1.202409122256\\db\/plugins/mcufinder/images/
2026-02-04 08:39:36,338 [WARN] DbFile:41 - Overriding database path with different value: C:\Users\RND1\.stmcufinder\plugins\mcufinder/ => C:\Users\RND1\.stmcufinder\plugins\mcufinder
2026-02-04 08:39:36,338 [INFO] ApiDb:250 - Set database path to: C:\Users\RND1\.stmcufinder\plugins\mcufinder//mcu/
2026-02-04 08:39:36,338 [WARN] DbFile:41 - Overriding database path with different value: C:\Users\RND1\.stmcufinder\plugins\mcufinder/ => C:\Users\RND1\.stmcufinder\plugins\mcufinder
2026-02-04 08:39:36,339 [INFO] DbMcusAds:125 - Set database path to: C:\Users\RND1\.stmcufinder\plugins\mcufinder//mcu/
2026-02-04 08:39:36,339 [WARN] DbFile:41 - Overriding database path with different value: C:\Users\RND1\.stmcufinder\plugins\mcufinder/ => C:\Users\RND1\.stmcufinder\plugins\mcufinder
2026-02-04 08:39:36,339 [WARN] DbFile:41 - Overriding database path with different value: C:\Users\RND1\.stmcufinder\plugins\mcufinder/ => C:\Users\RND1\.stmcufinder\plugins\mcufinder
2026-02-04 08:39:36,339 [INFO] CrossReferenceDbSqlite:203 - Set database path to: C:\Users\RND1\.stmcufinder\plugins\mcufinder//mcu/cs/
2026-02-04 08:39:36,355 [INFO] ApplicationProperties:184 - Using Application install path: C:\ST\STM32CubeIDE_1.16.1\STM32CubeIDE\plugins\com.st.stm32cube.common.mx_6.12.1.202409122256
2026-02-04 08:39:36,356 [INFO] PluginManage:196 - Search for loadable plugins [exclusion list=, ]
2026-02-04 08:39:36,359 [INFO] PluginManage:310 - Check plugin analytics
2026-02-04 08:39:36,594 [INFO] AnalyticsPlugin:253 - Accepted Software Licenses: STM32CubeMX.6.10.0
2026-02-04 08:39:36,595 [INFO] AnalyticsPlugin:255 - Accepted CMSIS Pack Licenses: 
2026-02-04 08:39:36,595 [INFO] AnalyticsPlugin:257 - Accepted Firmware Licenses: FW.G4.1.5.0,FW.G4.1.6.0,FW.F4.1.28.0,FW.H7.1.11.0,FW.H7.1.12.0
2026-02-04 08:39:36,598 [INFO] PluginManage:359 - Loaded plugin analytics (category:tool,tabindex:-1)
2026-02-04 08:39:36,598 [INFO] PluginManage:310 - Check plugin cadmodel
2026-02-04 08:39:36,617 [INFO] CADModel:105 - Init CAD model plugin
2026-02-04 08:39:36,617 [INFO] PluginManage:359 - Loaded plugin cadmodel (category:power,tabindex:5)
2026-02-04 08:39:36,617 [INFO] PluginManage:310 - Check plugin clock
2026-02-04 08:39:36,637 [INFO] PluginManage:359 - Loaded plugin clock (category:base,tabindex:2)
2026-02-04 08:39:36,638 [INFO] PluginManage:310 - Check plugin ddr
2026-02-04 08:39:36,641 [INFO] PluginManage:359 - Loaded plugin ddr (category:tool,tabindex:6)
2026-02-04 08:39:36,641 [INFO] PluginManage:310 - Check plugin filemanager
2026-02-04 08:39:36,759 [INFO] PluginManage:359 - Loaded plugin filemanager (category:base,tabindex:10)
2026-02-04 08:39:36,759 [INFO] PluginManage:310 - Check plugin ipmanager
2026-02-04 08:39:36,765 [INFO] PluginManage:359 - Loaded plugin ipmanager (category:base,tabindex:5)
2026-02-04 08:39:36,765 [INFO] PluginManage:310 - Check plugin lpbam
2026-02-04 08:39:36,784 [INFO] PluginManage:359 - Loaded plugin lpbam (category:base,tabindex:0)
2026-02-04 08:39:36,785 [INFO] PluginManage:310 - Check plugin memorymap
2026-02-04 08:39:36,806 [INFO] PluginManage:359 - Loaded plugin memorymap (category:base,tabindex:4)
2026-02-04 08:39:36,806 [INFO] PluginManage:310 - Check plugin pinoutandconfiguration
2026-02-04 08:39:36,824 [INFO] PluginManage:359 - Loaded plugin pinoutandconfiguration (category:base,tabindex:1)
2026-02-04 08:39:36,824 [INFO] PluginManage:310 - Check plugin pinoutconfig
2026-02-04 08:39:36,900 [WARN] SupportedApi:132 - Cannot load RTOS API schema: s4s-elt-must-match.1: The content of 'definitions' must match (annotation?, (simpleType | complexType)?, (unique | key | keyref)*)). A problem was found starting at: attribute.
2026-02-04 08:39:37,009 [INFO] PluginManage:359 - Loaded plugin pinoutconfig (category:base,tabindex:0)
2026-02-04 08:39:37,010 [INFO] PluginManage:310 - Check plugin power
2026-02-04 08:39:37,030 [INFO] PluginManage:359 - Loaded plugin power (category:power,tabindex:4)
2026-02-04 08:39:37,030 [INFO] PluginManage:310 - Check plugin projectmanager
2026-02-04 08:39:37,048 [INFO] PluginManage:359 - Loaded plugin projectmanager (category:projectmanager,tabindex:4)
2026-02-04 08:39:37,048 [INFO] PluginManage:310 - Check plugin rif
2026-02-04 08:39:37,065 [INFO] PluginManage:359 - Loaded plugin rif (category:base,tabindex:3)
2026-02-04 08:39:37,066 [INFO] PluginManage:310 - Check plugin thirdparty
2026-02-04 08:39:37,357 [INFO] PluginManage:359 - Loaded plugin thirdparty (category:base,tabindex:-1)
2026-02-04 08:39:37,357 [WARN] IntegrityCheckThread:84 - waiting for thirdparty lock release [integrity check]
2026-02-04 08:39:37,357 [INFO] PluginManage:310 - Check plugin tools
2026-02-04 08:39:37,357 [INFO] IntegrityCheckThread:86 - entering critical section [integrity check]
2026-02-04 08:39:37,357 [INFO] ThirdPartyUpdaterWithRetryManager:70 - Updater plugin not ready yet. [1/15]
2026-02-04 08:39:37,414 [INFO] PluginManage:359 - Loaded plugin tools (category:base,tabindex:7)
2026-02-04 08:39:37,414 [INFO] PluginManage:310 - Check plugin tutovideos
2026-02-04 08:39:37,671 [INFO] PluginManage:359 - Loaded plugin tutovideos (category:base,tabindex:-1)
2026-02-04 08:39:37,671 [INFO] PluginManage:310 - Check plugin updater
2026-02-04 08:39:37,686 [INFO] PluginManage:359 - Loaded plugin updater (category:base,tabindex:12)
2026-02-04 08:39:37,686 [INFO] PluginManage:310 - Check plugin userauth
2026-02-04 08:39:37,692 [INFO] UserAuth:113 - Init User Auth plugin
2026-02-04 08:39:37,692 [INFO] PluginManage:359 - Loaded plugin userauth (category:base,tabindex:14)
2026-02-04 08:39:37,692 [INFO] PluginManage:283 - PluginManage : Loaded plugins [18]
2026-02-04 08:39:37,864 [INFO] PinOutPanel:1561 - setPackage(No Configuration,No Configuration)
2026-02-04 08:39:37,942 [INFO] CADModel:165 - CPN selected for project level
2026-02-04 08:39:37,942 [INFO] CADModel:114 - Register for checkConnection events
2026-02-04 08:39:37,968 [INFO] IPUIPlugin:80 - create IPUIPlugin
2026-02-04 08:39:37,968 [INFO] PluginManager:220 - loadIPPluginJar : add adc
2026-02-04 08:39:38,023 [INFO] IPUIPlugin:80 - create IPUIPlugin
2026-02-04 08:39:38,024 [INFO] PluginManager:220 - loadIPPluginJar : add aes
2026-02-04 08:39:38,086 [INFO] IPUIPlugin:80 - create IPUIPlugin
2026-02-04 08:39:38,086 [INFO] PluginManager:220 - loadIPPluginJar : add can
2026-02-04 08:39:38,127 [INFO] IPUIPlugin:80 - create IPUIPlugin
2026-02-04 08:39:38,128 [INFO] PluginManager:220 - loadIPPluginJar : add comp
2026-02-04 08:39:38,181 [INFO] IPUIPlugin:80 - create IPUIPlugin
2026-02-04 08:39:38,182 [INFO] PluginManager:220 - loadIPPluginJar : add cryp
2026-02-04 08:39:38,202 [INFO] IPUIPlugin:80 - create IPUIPlugin
2026-02-04 08:39:38,202 [INFO] PluginManager:220 - loadIPPluginJar : add ddr_ctrl_phy
2026-02-04 08:39:38,253 [INFO] IPUIPlugin:80 - create IPUIPlugin
2026-02-04 08:39:38,254 [INFO] PluginManager:220 - loadIPPluginJar : add dfsdm
2026-02-04 08:39:38,269 [INFO] IPUIPlugin:80 - create IPUIPlugin
2026-02-04 08:39:38,270 [INFO] PluginManager:220 - loadIPPluginJar : add dma
2026-02-04 08:39:38,353 [INFO] IPUIPlugin:80 - create IPUIPlugin
2026-02-04 08:39:38,353 [INFO] PluginManager:220 - loadIPPluginJar : add dma3
2026-02-04 08:39:38,431 [INFO] IPUIPlugin:80 - create IPUIPlugin
2026-02-04 08:39:38,431 [INFO] PluginManager:220 - loadIPPluginJar : add extmemmanager
2026-02-04 08:39:38,457 [INFO] IPUIPlugin:80 - create IPUIPlugin
2026-02-04 08:39:38,457 [INFO] PluginManager:220 - loadIPPluginJar : add fatfs
2026-02-04 08:39:38,525 [INFO] IPUIPlugin:80 - create IPUIPlugin
2026-02-04 08:39:38,525 [INFO] PluginManager:220 - loadIPPluginJar : add fmc
2026-02-04 08:39:38,542 [INFO] IPUIPlugin:80 - create IPUIPlugin
2026-02-04 08:39:38,542 [INFO] PluginManager:220 - loadIPPluginJar : add freertos
2026-02-04 08:39:38,569 [INFO] IPUIPlugin:80 - create IPUIPlugin
2026-02-04 08:39:38,569 [INFO] PluginManager:220 - loadIPPluginJar : add genericplugin
2026-02-04 08:39:38,707 [INFO] IPUIPlugin:80 - create IPUIPlugin
2026-02-04 08:39:38,707 [INFO] PluginManager:220 - loadIPPluginJar : add gfxmmu
2026-02-04 08:39:38,909 [INFO] IPUIPlugin:80 - create IPUIPlugin
2026-02-04 08:39:38,909 [INFO] PluginManager:220 - loadIPPluginJar : add gic
2026-02-04 08:39:38,923 [INFO] IPUIPlugin:80 - create IPUIPlugin
2026-02-04 08:39:38,924 [INFO] PluginManager:220 - loadIPPluginJar : add gpio
2026-02-04 08:39:39,068 [INFO] IPUIPlugin:80 - create IPUIPlugin
2026-02-04 08:39:39,068 [INFO] PluginManager:220 - loadIPPluginJar : add gtzc
2026-02-04 08:39:39,119 [INFO] IPUIPlugin:80 - create IPUIPlugin
2026-02-04 08:39:39,119 [INFO] PluginManager:220 - loadIPPluginJar : add hash
2026-02-04 08:39:39,197 [INFO] IPUIPlugin:80 - create IPUIPlugin
2026-02-04 08:39:39,197 [INFO] PluginManager:220 - loadIPPluginJar : add i2c
2026-02-04 08:39:39,255 [INFO] IPUIPlugin:80 - create IPUIPlugin
2026-02-04 08:39:39,255 [INFO] PluginManager:220 - loadIPPluginJar : add i2s
2026-02-04 08:39:39,321 [INFO] IPUIPlugin:80 - create IPUIPlugin
2026-02-04 08:39:39,321 [INFO] PluginManager:220 - loadIPPluginJar : add i3c
2026-02-04 08:39:39,472 [INFO] IPUIPlugin:80 - create IPUIPlugin
2026-02-04 08:39:39,472 [INFO] PluginManager:220 - loadIPPluginJar : add ipddr
2026-02-04 08:39:39,693 [INFO] IPUIPlugin:80 - create IPUIPlugin
2026-02-04 08:39:39,694 [INFO] PluginManager:220 - loadIPPluginJar : add linkedlist
2026-02-04 08:39:39,754 [INFO] IPUIPlugin:80 - create IPUIPlugin
2026-02-04 08:39:39,754 [INFO] PluginManager:220 - loadIPPluginJar : add lorawan
2026-02-04 08:39:39,818 [INFO] IPUIPlugin:80 - create IPUIPlugin
2026-02-04 08:39:39,818 [INFO] PluginManager:220 - loadIPPluginJar : add ltdc
2026-02-04 08:39:39,832 [INFO] IPUIPlugin:80 - create IPUIPlugin
2026-02-04 08:39:39,832 [INFO] PluginManager:220 - loadIPPluginJar : add mdma
2026-02-04 08:39:39,844 [INFO] IPUIPlugin:80 - create IPUIPlugin
2026-02-04 08:39:39,844 [INFO] PluginManager:220 - loadIPPluginJar : add nvic
2026-02-04 08:39:39,895 [INFO] IPUIPlugin:80 - create IPUIPlugin
2026-02-04 08:39:39,896 [INFO] PluginManager:220 - loadIPPluginJar : add opamp
2026-02-04 08:39:39,986 [INFO] IPUIPlugin:80 - create IPUIPlugin
2026-02-04 08:39:39,986 [INFO] PluginManager:220 - loadIPPluginJar : add openamp
2026-02-04 08:39:40,054 [INFO] IPUIPlugin:80 - create IPUIPlugin
2026-02-04 08:39:40,054 [INFO] PluginManager:220 - loadIPPluginJar : add pdm2pcm
2026-02-04 08:39:40,070 [INFO] IPUIPlugin:80 - create IPUIPlugin
2026-02-04 08:39:40,072 [INFO] PluginManager:220 - loadIPPluginJar : add plateformsettings
2026-02-04 08:39:40,099 [INFO] IPUIPlugin:80 - create IPUIPlugin
2026-02-04 08:39:40,100 [INFO] PluginManager:220 - loadIPPluginJar : add quadspi
2026-02-04 08:39:40,139 [INFO] IPUIPlugin:80 - create IPUIPlugin
2026-02-04 08:39:40,140 [INFO] PluginManager:220 - loadIPPluginJar : add radio
2026-02-04 08:39:40,154 [INFO] IPUIPlugin:80 - create IPUIPlugin
2026-02-04 08:39:40,155 [INFO] PluginManager:220 - loadIPPluginJar : add resmgrutility
2026-02-04 08:39:40,227 [INFO] IPUIPlugin:80 - create IPUIPlugin
2026-02-04 08:39:40,227 [INFO] PluginManager:220 - loadIPPluginJar : add sai
2026-02-04 08:39:40,264 [INFO] IPUIPlugin:80 - create IPUIPlugin
2026-02-04 08:39:40,265 [INFO] PluginManager:220 - loadIPPluginJar : add spi
2026-02-04 08:39:40,355 [INFO] IPUIPlugin:80 - create IPUIPlugin
2026-02-04 08:39:40,355 [INFO] PluginManager:220 - loadIPPluginJar : add stm32_wpan
2026-02-04 08:39:40,358 [INFO] ThirdPartyUpdaterWithRetryManager:70 - Updater plugin not ready yet. [2/15]
2026-02-04 08:39:40,396 [INFO] IPUIPlugin:80 - create IPUIPlugin
2026-02-04 08:39:40,398 [INFO] PluginManager:220 - loadIPPluginJar : add tim
2026-02-04 08:39:40,491 [INFO] IPUIPlugin:80 - create IPUIPlugin
2026-02-04 08:39:40,491 [INFO] PluginManager:220 - loadIPPluginJar : add touchsensing
2026-02-04 08:39:40,525 [INFO] IPUIPlugin:80 - create IPUIPlugin
2026-02-04 08:39:40,526 [INFO] PluginManager:220 - loadIPPluginJar : add tracer_emb
2026-02-04 08:39:40,554 [INFO] IPUIPlugin:80 - create IPUIPlugin
2026-02-04 08:39:40,554 [INFO] PluginManager:220 - loadIPPluginJar : add ts
2026-02-04 08:39:40,590 [INFO] IPUIPlugin:80 - create IPUIPlugin
2026-02-04 08:39:40,591 [INFO] PluginManager:220 - loadIPPluginJar : add tsc
2026-02-04 08:39:40,611 [INFO] IPUIPlugin:80 - create IPUIPlugin
2026-02-04 08:39:40,612 [INFO] PluginManager:220 - loadIPPluginJar : add ucpd
2026-02-04 08:39:40,681 [INFO] IPUIPlugin:80 - create IPUIPlugin
2026-02-04 08:39:40,681 [INFO] PluginManager:220 - loadIPPluginJar : add usart
2026-02-04 08:39:40,720 [INFO] IPUIPlugin:80 - create IPUIPlugin
2026-02-04 08:39:40,721 [INFO] PluginManager:220 - loadIPPluginJar : add usbx
2026-02-04 08:39:40,830 [INFO] CADModel:165 - CPN selected for project level
2026-02-04 08:39:40,830 [INFO] CADModel:114 - Register for checkConnection events
2026-02-04 08:39:40,830 [FATAL] Updater:334 - Updater called before beeing initialized
2026-02-04 08:39:40,830 [ERROR] CADModel:125 - Updater not yet initialized, retry later 
2026-02-04 08:39:40,923 [INFO] CADModel:165 - CPN selected for project level
2026-02-04 08:39:40,923 [INFO] CADModel:114 - Register for checkConnection events
2026-02-04 08:39:40,923 [FATAL] Updater:334 - Updater called before beeing initialized
2026-02-04 08:39:40,923 [ERROR] CADModel:125 - Updater not yet initialized, retry later 
2026-02-04 08:39:40,926 [FATAL] Updater:334 - Updater called before beeing initialized
2026-02-04 08:39:41,009 [FATAL] Updater:334 - Updater called before beeing initialized
2026-02-04 08:39:41,023 [INFO] DbMcusAds:53 - JSON generation date=Fri Jan 09 00:56:32 KST 2026 (1767887792457)
2026-02-04 08:39:41,023 [FATAL] Updater:334 - Updater called before beeing initialized
2026-02-04 08:39:41,055 [WARN] DetailPanel:346 - Failed to get advertising image, set to default
2026-02-04 08:39:41,146 [FATAL] Updater:334 - Updater called before beeing initialized
2026-02-04 08:39:41,148 [FATAL] Updater:334 - Updater called before beeing initialized
2026-02-04 08:39:41,148 [FATAL] Updater:334 - Updater called before beeing initialized
2026-02-04 08:39:41,148 [WARN] DetailPanel:346 - Failed to get advertising image, set to default
2026-02-04 08:39:41,148 [FATAL] Updater:334 - Updater called before beeing initialized
2026-02-04 08:39:41,196 [ERROR] Updater:1164 - MainUpdater not yet initialized. External WinMGr cannot be set.
2026-02-04 08:39:41,206 [INFO] Updater:1100 - Updater Version found : 6.12.1
2026-02-04 08:39:41,219 [INFO] ApplicationProperties:184 - Using Application install path: C:\ST\STM32CubeIDE_1.16.1\STM32CubeIDE\plugins\com.st.stm32cube.common.mx_6.12.1.202409122256
2026-02-04 08:39:41,733 [INFO] MainUpdater:2873 - connection check result : 10
2026-02-04 08:39:41,733 [INFO] MainUpdater:3567 - Updater definition file requires update
2026-02-04 08:39:41,734 [INFO] MainUpdater:290 - Updater Check For Update Now.
2026-02-04 08:39:41,734 [INFO] MicroXplorer:498 - Change Database Version : DB.6.0.121
2026-02-04 08:39:41,750 [INFO] McuFinderGlobals:63 - Set McuFinder mode to 2 (CubeIDE integrated)
2026-02-04 08:39:41,756 [INFO] UserAuth:417 - Internet connection configuration mode: 1
2026-02-04 08:39:41,780 [INFO] JxBrowserEngine:152 - Initiate JxBrowser Engine with user profile folder
2026-02-04 08:39:41,873 [INFO] ServerAccessManage:473 - Download File updaters.zip
2026-02-04 08:39:42,005 [INFO] FileExtend:240 - Unzip File : updaters.zip
2026-02-04 08:39:42,005 [INFO] FileExtend:255 - Standard Zip Deflate
2026-02-04 08:39:42,540 [INFO] ServerAccessManage:473 - Download File PacksControlFlags.xml
2026-02-04 08:39:42,675 [INFO] ServerAccessManage:473 - Download File cubemx.pidx
2026-02-04 08:39:42,788 [INFO] LoadServerUpdatesThread:375 - End of LoadServerUpdate Thread
2026-02-04 08:39:42,965 [INFO] CheckServerUpdateThread:120 - End of CheckServer Thread
2026-02-04 08:39:43,591 [WARN] PackLoader:240 - Cannot read IP mode file for STMicroelectronics.FP-SNS-MOTENVWB1.1.4.0
2026-02-04 08:39:43,606 [WARN] PackLoader:240 - Cannot read IP mode file for STMicroelectronics.FP-ATR-ASTRA1.2.0.2
2026-02-04 08:39:43,621 [WARN] PackLoader:240 - Cannot read IP mode file for STMicroelectronics.FP-ATR-ASTRA1.2.0.1
2026-02-04 08:39:43,638 [WARN] PackLoader:240 - Cannot read IP mode file for STMicroelectronics.X-CUBE-SMBUS.2.1.0
2026-02-04 08:39:43,655 [WARN] PackLoader:240 - Cannot read IP mode file for STMicroelectronics.X-CUBE-WB05N.1.1.0
2026-02-04 08:39:43,665 [ERROR] Engine:466 - C:\Users\RND1\.stm32cubemx\thirdparties\pdsc\STMicroelectronics.X-CUBE-ST60.1.0.0.pdsc: PDSC version is not supported
2026-02-04 08:39:43,680 [WARN] PackLoader:240 - Cannot read IP mode file for STMicroelectronics.X-CUBE-TOUCHGFX.4.23.0
2026-02-04 08:39:43,691 [WARN] PackLoader:240 - Cannot read IP mode file for STMicroelectronics.X-CUBE-TOUCHGFX.4.23.2
2026-02-04 08:39:43,719 [WARN] PackLoader:240 - Cannot read IP mode file for STMicroelectronics.X-CUBE-AZRTOS-F7.1.1.0
2026-02-04 08:39:43,736 [WARN] PackLoader:240 - Cannot read IP mode file for STMicroelectronics.FP-SNS-MOTENV1.4.3.2
2026-02-04 08:39:43,781 [WARN] PackLoader:240 - Cannot read IP mode file for STMicroelectronics.X-CUBE-MEMS1.11.0.0
2026-02-04 08:39:43,867 [ERROR] Engine:466 - C:\Users\RND1\.stm32cubemx\thirdparties\pdsc\STMicroelectronics.FP-SNS-MOTENV1.5.1.0.pdsc: PDSC version is not supported
2026-02-04 08:39:43,885 [WARN] PackLoader:240 - Cannot read IP mode file for STMicroelectronics.FP-SNS-FLIGHT1.5.0.2
2026-02-04 08:39:43,917 [WARN] PackLoader:240 - Cannot read IP mode file for STMicroelectronics.X-CUBE-AZRTOS-H7.3.4.0
2026-02-04 08:39:43,939 [WARN] PackLoader:240 - Cannot read IP mode file for STMicroelectronics.X-CUBE-DISPLAY.3.0.0
2026-02-04 08:39:43,963 [WARN] PackLoader:240 - Cannot read IP mode file for STMicroelectronics.X-CUBE-BLE1.7.0.0
2026-02-04 08:39:43,986 [WARN] PackLoader:240 - Cannot read IP mode file for STMicroelectronics.X-CUBE-NFC10.1.0.0
2026-02-04 08:39:44,011 [WARN] PackLoader:240 - Cannot read IP mode file for STMicroelectronics.X-CUBE-BLEMGR.4.0.0
2026-02-04 08:39:44,030 [ERROR] Engine:466 - C:\Users\RND1\.stm32cubemx\thirdparties\pdsc\STMicroelectronics.X-CUBE-ST60.1.1.0.pdsc: PDSC version is not supported
2026-02-04 08:39:44,049 [WARN] PackLoader:240 - Cannot read IP mode file for emotas.I-CUBE-CANOPEN.1.3.0
2026-02-04 08:39:44,070 [WARN] PackLoader:240 - Cannot read IP mode file for STMicroelectronics.X-CUBE-GNSS1.7.1.0
2026-02-04 08:39:44,091 [WARN] PackLoader:240 - Cannot read IP mode file for STMicroelectronics.X-CUBE-BLEMGR.3.1.0
2026-02-04 08:39:44,107 [WARN] PackLoader:240 - Cannot read IP mode file for STMicroelectronics.X-CUBE-AI.10.0.0
2026-02-04 08:39:44,124 [ERROR] Engine:466 - C:\Users\RND1\.stm32cubemx\thirdparties\pdsc\STMicroelectronics.FP-SNS-STBOX1.2.1.0.pdsc: PDSC version is not supported
2026-02-04 08:39:44,142 [WARN] PackLoader:240 - Cannot read IP mode file for STMicroelectronics.FP-SNS-SMARTAG2.1.2.0
2026-02-04 08:39:44,156 [ERROR] Engine:466 - C:\Users\RND1\.stm32cubemx\thirdparties\pdsc\STMicroelectronics.FP-SNS-FLIGHT1.5.1.0.pdsc: PDSC version is not supported
2026-02-04 08:39:44,204 [WARN] PackLoader:240 - Cannot read IP mode file for STMicroelectronics.X-CUBE-MEMS1.11.1.0
2026-02-04 08:39:44,280 [INFO] LogOutputStream:77 - [STDOUT_REDIRECT] 1 : Invalid condition id : UX_CORESTACK_Condition cause : null
2026-02-04 08:39:44,281 [INFO] LogOutputStream:77 - [STDOUT_REDIRECT] 1 : Invalid condition id : UX_CORESTACK_Condition cause : null
2026-02-04 08:39:44,282 [INFO] LogOutputStream:77 - [STDOUT_REDIRECT] 1 : Invalid condition id : UX_CORESTACK_Condition cause : null
2026-02-04 08:39:44,283 [INFO] LogOutputStream:77 - [STDOUT_REDIRECT] 1 : Invalid condition id : UX_CORESTACK_Condition cause : null
2026-02-04 08:39:44,285 [INFO] LogOutputStream:77 - [STDOUT_REDIRECT] 1 : Invalid condition id : UX_CORESTACK_Condition cause : null
2026-02-04 08:39:44,286 [WARN] PackLoader:240 - Cannot read IP mode file for STMicroelectronics.X-CUBE-AZRTOS-WL.2.0.0
2026-02-04 08:39:44,304 [WARN] PackLoader:240 - Cannot read IP mode file for STMicroelectronics.FP-SNS-MOTENV1.5.0.0
2026-02-04 08:39:44,332 [WARN] PackLoader:240 - Cannot read IP mode file for STMicroelectronics.X-CUBE-AZRTOS-H7RS.1.2.0
2026-02-04 08:39:44,348 [WARN] PackLoader:240 - Cannot read IP mode file for wolfSSL.I-CUBE-wolfMQTT.1.19.0
2026-02-04 08:39:44,366 [WARN] PackLoader:240 - Cannot read IP mode file for WES.I-CUBE-Cesium.1.3.0
2026-02-04 08:39:44,383 [WARN] PackLoader:240 - Cannot read IP mode file for STMicroelectronics.X-CUBE-BLE2.3.3.0
2026-02-04 08:39:44,399 [ERROR] Engine:466 - C:\Users\RND1\.stm32cubemx\thirdparties\pdsc\Avnet-IOTCONNECT.X-CUBE-iotc-st67-sdk.1.0.0.pdsc: PDSC version is not supported
2026-02-04 08:39:44,417 [WARN] PackLoader:240 - Cannot read IP mode file for STMicroelectronics.X-CUBE-NFC9.1.0.0
2026-02-04 08:39:44,432 [WARN] PackLoader:240 - Cannot read IP mode file for STMicroelectronics.X-CUBE-BLE1.7.1.0
2026-02-04 08:39:44,451 [WARN] PackLoader:240 - Cannot read IP mode file for STMicroelectronics.X-CUBE-TCPP.4.1.0
2026-02-04 08:39:44,465 [ERROR] Engine:466 - C:\Users\RND1\.stm32cubemx\thirdparties\pdsc\STMicroelectronics.X-CUBE-FREERTOS.1.4.0.pdsc: PDSC version is not supported
2026-02-04 08:39:44,481 [WARN] PackLoader:240 - Cannot read IP mode file for STMicroelectronics.X-CUBE-EEPRMA1.5.2.0
2026-02-04 08:39:44,494 [ERROR] Engine:466 - C:\Users\RND1\.stm32cubemx\thirdparties\pdsc\STMicroelectronics.X-CUBE-ST67W61.1.1.0.pdsc: PDSC version is not supported
2026-02-04 08:39:44,511 [WARN] PackLoader:240 - Cannot read IP mode file for STMicroelectronics.X-CUBE-AI.10.1.0
2026-02-04 08:39:44,550 [WARN] PackLoader:240 - Cannot read IP mode file for STMicroelectronics.X-CUBE-MEMS1.12.0.0
2026-02-04 08:39:44,598 [WARN] PackLoader:240 - Cannot read IP mode file for STMicroelectronics.X-CUBE-ALGOBUILD.1.3.0
2026-02-04 08:39:44,638 [WARN] PackLoader:240 - Cannot read IP mode file for STMicroelectronics.X-CUBE-MEMS1.11.2.0
2026-02-04 08:39:44,722 [WARN] PackLoader:240 - Cannot read IP mode file for STMicroelectronics.X-CUBE-AZRTOS-G0.1.1.0
2026-02-04 08:39:44,745 [WARN] PackLoader:240 - Cannot read IP mode file for STMicroelectronics.X-CUBE-SAFEA1.1.2.2
2026-02-04 08:39:44,761 [WARN] PackLoader:240 - Cannot read IP mode file for STMicroelectronics.X-CUBE-NFC4.3.0.0
2026-02-04 08:39:44,772 [WARN] PackLoader:240 - Cannot read IP mode file for wolfSSL.I-CUBE-wolfMQTT.1.18.0
2026-02-04 08:39:44,827 [WARN] PackLoader:240 - Cannot read IP mode file for EmbeddedOffice.I-CUBE-FS-RTOS.1.0.1
2026-02-04 08:39:44,827 [ERROR] ConditionMgr:805 - Attr not supported : Dmpu
2026-02-04 08:39:44,828 [ERROR] ConditionMgr:805 - Attr not supported : Dmpu
2026-02-04 08:39:44,828 [ERROR] ConditionMgr:805 - Attr not supported : Dmpu
2026-02-04 08:39:44,828 [ERROR] ConditionMgr:805 - Attr not supported : Dmpu
2026-02-04 08:39:44,828 [ERROR] ConditionMgr:805 - Attr not supported : Dmpu
2026-02-04 08:39:44,828 [ERROR] ConditionMgr:805 - Attr not supported : Dmpu
2026-02-04 08:39:44,828 [ERROR] ConditionMgr:805 - Attr not supported : Dmpu
2026-02-04 08:39:44,828 [ERROR] ConditionMgr:805 - Attr not supported : Dmpu
2026-02-04 08:39:44,828 [ERROR] ConditionMgr:805 - Attr not supported : Dmpu
2026-02-04 08:39:44,829 [ERROR] ConditionMgr:805 - Attr not supported : Dmpu
2026-02-04 08:39:44,829 [ERROR] ConditionMgr:805 - Attr not supported : Dmpu
2026-02-04 08:39:44,829 [ERROR] ConditionMgr:805 - Attr not supported : Dmpu
2026-02-04 08:39:44,829 [ERROR] ConditionMgr:805 - Attr not supported : Dmpu
2026-02-04 08:39:44,829 [ERROR] ConditionMgr:805 - Attr not supported : Dmpu
2026-02-04 08:39:44,829 [ERROR] ConditionMgr:805 - Attr not supported : Dmpu
2026-02-04 08:39:44,829 [ERROR] ConditionMgr:805 - Attr not supported : Dmpu
2026-02-04 08:39:44,829 [ERROR] ConditionMgr:805 - Attr not supported : Dmpu
2026-02-04 08:39:44,830 [ERROR] ConditionMgr:805 - Attr not supported : Dmpu
2026-02-04 08:39:44,830 [ERROR] ConditionMgr:805 - Attr not supported : Dmpu
2026-02-04 08:39:44,830 [ERROR] ConditionMgr:805 - Attr not supported : Dmpu
2026-02-04 08:39:44,830 [ERROR] ConditionMgr:805 - Attr not supported : Dmpu
2026-02-04 08:39:44,830 [ERROR] ConditionMgr:805 - Attr not supported : Dmpu
2026-02-04 08:39:44,830 [ERROR] ConditionMgr:805 - Attr not supported : Dmpu
2026-02-04 08:39:44,830 [ERROR] ConditionMgr:805 - Attr not supported : Dmpu
2026-02-04 08:39:44,830 [ERROR] ConditionMgr:805 - Attr not supported : Dmpu
2026-02-04 08:39:44,830 [ERROR] ConditionMgr:805 - Attr not supported : Dmpu
2026-02-04 08:39:44,830 [ERROR] ConditionMgr:805 - Attr not supported : Dmpu
2026-02-04 08:39:44,830 [ERROR] ConditionMgr:805 - Attr not supported : Dmpu
2026-02-04 08:39:44,830 [ERROR] ConditionMgr:805 - Attr not supported : Dmpu
2026-02-04 08:39:44,831 [ERROR] ConditionMgr:805 - Attr not supported : Dmpu
2026-02-04 08:39:44,831 [ERROR] ConditionMgr:805 - Attr not supported : Dmpu
2026-02-04 08:39:44,831 [ERROR] ConditionMgr:805 - Attr not supported : Dmpu
2026-02-04 08:39:44,831 [ERROR] ConditionMgr:805 - Attr not supported : Dmpu
2026-02-04 08:39:44,831 [ERROR] ConditionMgr:805 - Attr not supported : Dmpu
2026-02-04 08:39:44,831 [ERROR] ConditionMgr:805 - Attr not supported : Dmpu
2026-02-04 08:39:44,831 [ERROR] ConditionMgr:805 - Attr not supported : Dmpu
2026-02-04 08:39:44,831 [ERROR] ConditionMgr:805 - Attr not supported : Dmpu
2026-02-04 08:39:44,832 [ERROR] ConditionMgr:805 - Attr not supported : Dmpu
2026-02-04 08:39:44,832 [ERROR] ConditionMgr:805 - Attr not supported : Dmpu
2026-02-04 08:39:44,832 [ERROR] ConditionMgr:805 - Attr not supported : Dmpu
2026-02-04 08:39:44,832 [ERROR] ConditionMgr:805 - Attr not supported : Dmpu
2026-02-04 08:39:44,832 [ERROR] ConditionMgr:805 - Attr not supported : Dmpu
2026-02-04 08:39:44,832 [ERROR] ConditionMgr:805 - Attr not supported : Dmpu
2026-02-04 08:39:44,832 [ERROR] ConditionMgr:805 - Attr not supported : Dmpu
2026-02-04 08:39:44,832 [ERROR] ConditionMgr:805 - Attr not supported : Dmpu
2026-02-04 08:39:44,832 [ERROR] ConditionMgr:805 - Attr not supported : Dmpu
2026-02-04 08:39:44,832 [ERROR] ConditionMgr:805 - Attr not supported : Dmpu
2026-02-04 08:39:44,832 [ERROR] ConditionMgr:805 - Attr not supported : Dmpu
2026-02-04 08:39:44,832 [ERROR] ConditionMgr:805 - Attr not supported : Dmpu
2026-02-04 08:39:44,832 [ERROR] ConditionMgr:805 - Attr not supported : Dmpu
2026-02-04 08:39:44,832 [ERROR] ConditionMgr:805 - Attr not supported : Dmpu
2026-02-04 08:39:44,833 [ERROR] ConditionMgr:805 - Attr not supported : Dmpu
2026-02-04 08:39:44,833 [ERROR] ConditionMgr:805 - Attr not supported : Dmpu
2026-02-04 08:39:44,833 [ERROR] ConditionMgr:805 - Attr not supported : Dmpu
2026-02-04 08:39:44,833 [ERROR] ConditionMgr:805 - Attr not supported : Dmpu
2026-02-04 08:39:44,833 [ERROR] ConditionMgr:805 - Attr not supported : Dmpu
2026-02-04 08:39:44,833 [ERROR] ConditionMgr:805 - Attr not supported : Dmpu
2026-02-04 08:39:44,833 [ERROR] ConditionMgr:805 - Attr not supported : Dmpu
2026-02-04 08:39:44,833 [ERROR] ConditionMgr:805 - Attr not supported : Dmpu
2026-02-04 08:39:44,833 [ERROR] ConditionMgr:805 - Attr not supported : Dmpu
2026-02-04 08:39:44,833 [ERROR] ConditionMgr:805 - Attr not supported : Dmpu
2026-02-04 08:39:44,833 [ERROR] ConditionMgr:805 - Attr not supported : Dmpu
2026-02-04 08:39:44,833 [ERROR] ConditionMgr:805 - Attr not supported : Dmpu
2026-02-04 08:39:44,833 [ERROR] ConditionMgr:805 - Attr not supported : Dmpu
2026-02-04 08:39:44,884 [WARN] PackLoader:240 - Cannot read IP mode file for STMicroelectronics.X-CUBE-WB05N.2.0.0
2026-02-04 08:39:44,904 [WARN] PackLoader:240 - Cannot read IP mode file for STMicroelectronics.X-CUBE-BLEMGR.3.0.0
2026-02-04 08:39:44,917 [ERROR] Engine:466 - C:\Users\RND1\.stm32cubemx\thirdparties\pdsc\STMicroelectronics.X-CUBE-TCPP.4.2.0.pdsc: PDSC version is not supported
2026-02-04 08:39:44,930 [WARN] PackLoader:240 - Cannot read IP mode file for RealThread.X-CUBE-RT-Thread_Nano.4.1.1
2026-02-04 08:39:44,945 [WARN] PackLoader:240 - Cannot read IP mode file for STMicroelectronics.FP-ATR-SIGFOX1.3.2.0
2026-02-04 08:39:44,999 [WARN] ConditionMgr:438 - getConditionDescription Invalid condition id : Cortex-A Device cause : null
2026-02-04 08:39:45,059 [WARN] ConditionMgr:1039 - genDependencies : Invalid condition id : Cortex-A Device cause : null
2026-02-04 08:39:45,060 [WARN] ConditionMgr:1039 - genDependencies : Invalid condition id : Cortex-A Device cause : null
2026-02-04 08:39:45,060 [WARN] ConditionMgr:1039 - genDependencies : Invalid condition id : Cortex-A Device cause : null
2026-02-04 08:39:45,127 [WARN] PackLoader:240 - Cannot read IP mode file for STMicroelectronics.X-CUBE-EEPRMA1.5.1.0
2026-02-04 08:39:45,176 [WARN] PackLoader:240 - Cannot read IP mode file for STMicroelectronics.X-CUBE-NFC6.3.2.0
2026-02-04 08:39:45,225 [ERROR] Engine:466 - C:\Users\RND1\.stm32cubemx\thirdparties\pdsc\STMicroelectronics.X-CUBE-ST67W61.1.0.0.pdsc: PDSC version is not supported
2026-02-04 08:39:45,259 [WARN] PackLoader:240 - Cannot read IP mode file for STMicroelectronics.X-CUBE-AI.10.2.0
2026-02-04 08:39:45,284 [WARN] PackLoader:240 - Cannot read IP mode file for SEGGER.I-CUBE-embOS.1.3.1
2026-02-04 08:39:45,334 [WARN] PackLoader:240 - Cannot read IP mode file for STMicroelectronics.X-CUBE-ALGOBUILD.1.4.0
2026-02-04 08:39:45,419 [WARN] PackLoader:240 - Cannot read IP mode file for STMicroelectronics.X-CUBE-MEMS1.11.3.0
2026-02-04 08:39:45,486 [WARN] PackLoader:240 - Cannot read IP mode file for STMicroelectronics.X-CUBE-AI.9.1.0
2026-02-04 08:39:45,499 [WARN] PackLoader:240 - Cannot read IP mode file for STMicroelectronics.X-CUBE-PM33A1.1.0.0
2026-02-04 08:39:45,515 [WARN] PackLoader:240 - Cannot read IP mode file for STMicroelectronics.X-CUBE-GNSS1.6.0.0
2026-02-04 08:39:45,538 [WARN] PackLoader:240 - Cannot read IP mode file for STMicroelectronics.X-CUBE-AZRTOS-F4.1.1.0
2026-02-04 08:39:45,553 [WARN] PackLoader:240 - Cannot read IP mode file for wolfSSL.I-CUBE-wolfSSL.5.6.4
2026-02-04 08:39:45,567 [ERROR] Engine:466 - C:\Users\RND1\.stm32cubemx\thirdparties\pdsc\Avnet-IotConnect.X-CUBE-IoTC-DA16k-PMOD.1.0.0.pdsc: PDSC version is not supported
2026-02-04 08:39:45,584 [WARN] PackLoader:240 - Cannot read IP mode file for STMicroelectronics.X-CUBE-ISPU.2.1.0
2026-02-04 08:39:45,601 [ERROR] Engine:466 - C:\Users\RND1\.stm32cubemx\thirdparties\pdsc\STMicroelectronics.X-CUBE-IPS.3.2.0.pdsc: PDSC version is not supported
2026-02-04 08:39:45,617 [WARN] PackLoader:240 - Cannot read IP mode file for STMicroelectronics.X-CUBE-FREERTOS.1.2.0
2026-02-04 08:39:45,623 [INFO] WebApp:167 - Instantiating new browser for Auth
2026-02-04 08:39:45,662 [WARN] PackLoader:240 - Cannot read IP mode file for STMicroelectronics.X-CUBE-NFC12.1.0.0
2026-02-04 08:39:45,695 [WARN] PackLoader:240 - Cannot read IP mode file for STMicroelectronics.X-CUBE-AZRTOS-L5.2.0.0
2026-02-04 08:39:45,711 [WARN] PackLoader:240 - Cannot read IP mode file for STMicroelectronics.X-CUBE-EEPRMA1.4.2.0
2026-02-04 08:39:45,730 [WARN] PackLoader:240 - Cannot read IP mode file for STMicroelectronics.X-CUBE-NFC6.3.1.0
2026-02-04 08:39:45,746 [WARN] PackLoader:240 - Cannot read IP mode file for ITTIA_DB.I-CUBE-ITTIADB.8.8.0
2026-02-04 08:39:45,760 [WARN] PackLoader:240 - Cannot read IP mode file for STMicroelectronics.X-CUBE-DPower.1.2.0
2026-02-04 08:39:45,776 [WARN] PackLoader:240 - Cannot read IP mode file for STMicroelectronics.X-CUBE-AI.9.0.0
2026-02-04 08:39:45,791 [WARN] PackLoader:240 - Cannot read IP mode file for STMicroelectronics.X-CUBE-FREERTOS.1.3.1
2026-02-04 08:39:45,805 [WARN] PackLoader:240 - Cannot read IP mode file for STMicroelectronics.X-CUBE-FREERTOS.1.3.0
2026-02-04 08:39:45,821 [WARN] PackLoader:240 - Cannot read IP mode file for STMicroelectronics.X-CUBE-NFC7.1.0.1
2026-02-04 08:39:45,834 [WARN] PackLoader:240 - Cannot read IP mode file for STMicroelectronics.X-CUBE-TOUCHGFX.4.26.0
2026-02-04 08:39:45,850 [WARN] PackLoader:240 - Cannot read IP mode file for STMicroelectronics.X-CUBE-NFC6.3.0.0
2026-02-04 08:39:45,864 [ERROR] Engine:466 - C:\Users\RND1\.stm32cubemx\thirdparties\pdsc\STMicroelectronics.FP-SNS-STAIOTCFT.1.0.0.pdsc: PDSC version is not supported
2026-02-04 08:39:45,878 [WARN] PackLoader:240 - Cannot read IP mode file for STMicroelectronics.X-CUBE-DPower.1.3.0
2026-02-04 08:39:45,890 [WARN] PackLoader:240 - Cannot read IP mode file for STMicroelectronics.X-CUBE-AI.8.1.0
2026-02-04 08:39:45,912 [WARN] ConditionMgr:438 - getConditionDescription Invalid condition id : LAN8742 Phy interface Condition cause : null
2026-02-04 08:39:45,912 [WARN] PackLoader:240 - Cannot read IP mode file for STMicroelectronics.X-CUBE-AZRTOS-L4.2.0.0
2026-02-04 08:39:45,913 [WARN] ConditionMgr:1039 - genDependencies : Invalid condition id : LAN8742 Phy interface Condition cause : null
2026-02-04 08:39:45,913 [WARN] ConditionMgr:1039 - genDependencies : Invalid condition id : LAN8742 Phy interface Condition cause : null
2026-02-04 08:39:45,913 [WARN] ConditionMgr:1039 - genDependencies : Invalid condition id : LAN8742 Phy interface Condition cause : null
2026-02-04 08:39:45,929 [WARN] PackLoader:240 - Cannot read IP mode file for STMicroelectronics.X-CUBE-SFXS2LP1.4.0.0
2026-02-04 08:39:45,940 [ERROR] Engine:466 - C:\Users\RND1\.stm32cubemx\thirdparties\pdsc\STMicroelectronics.X-CUBE-ST67W61.1.2.0.pdsc: PDSC version is not supported
2026-02-04 08:39:45,970 [WARN] PackLoader:240 - Cannot read IP mode file for STMicroelectronics.X-CUBE-AZRTOS-H7.3.3.0
2026-02-04 08:39:45,985 [ERROR] Engine:466 - C:\Users\RND1\.stm32cubemx\thirdparties\pdsc\STMicroelectronics.X-CUBE-BLEMGR.4.1.0.pdsc: PDSC version is not supported
2026-02-04 08:39:46,003 [WARN] PackLoader:240 - Cannot read IP mode file for STMicroelectronics.X-CUBE-IPS.3.0.0
2026-02-04 08:39:46,025 [WARN] ConditionMgr:438 - getConditionDescription Invalid condition id : UX DEVICE CLASS RTOS Condition cause : null
2026-02-04 08:39:46,025 [WARN] ConditionMgr:438 - getConditionDescription Invalid condition id : UX DEVICE CLASS RTOS Condition cause : null
2026-02-04 08:39:46,026 [WARN] PackLoader:240 - Cannot read IP mode file for STMicroelectronics.X-CUBE-AZRTOS-WB.2.0.0
2026-02-04 08:39:46,026 [WARN] ConditionMgr:1039 - genDependencies : Invalid condition id : UX DEVICE CLASS RTOS Condition cause : null
2026-02-04 08:39:46,026 [WARN] ConditionMgr:1039 - genDependencies : Invalid condition id : UX DEVICE CLASS RTOS Condition cause : null
2026-02-04 08:39:46,026 [WARN] ConditionMgr:1039 - genDependencies : Invalid condition id : UX DEVICE CLASS RTOS Condition cause : null
2026-02-04 08:39:46,026 [WARN] ConditionMgr:1039 - genDependencies : Invalid condition id : UX DEVICE CLASS RTOS Condition cause : null
2026-02-04 08:39:46,026 [WARN] ConditionMgr:1039 - genDependencies : Invalid condition id : UX DEVICE CLASS RTOS Condition cause : null
2026-02-04 08:39:46,038 [WARN] PackLoader:240 - Cannot read IP mode file for STMicroelectronics.X-CUBE-GNSS1.7.0.0
2026-02-04 08:39:46,054 [WARN] PackLoader:240 - Cannot read IP mode file for STMicroelectronics.X-CUBE-GNSS1.7.0.1
2026-02-04 08:39:46,072 [WARN] PackLoader:240 - Cannot read IP mode file for STMicroelectronics.X-CUBE-TOUCHGFX.4.25.0
2026-02-04 08:39:46,088 [WARN] PackLoader:240 - Cannot read IP mode file for STMicroelectronics.FP-SNS-STBOX1.2.0.0
2026-02-04 08:39:46,101 [WARN] PackLoader:240 - Cannot read IP mode file for STMicroelectronics.X-CUBE-STSE01.2.0.0
2026-02-04 08:39:46,118 [WARN] PackLoader:240 - Cannot read IP mode file for STMicroelectronics.X-CUBE-SUBG2.5.0.0
2026-02-04 08:39:46,155 [WARN] PackLoader:240 - Cannot read IP mode file for STMicroelectronics.X-CUBE-AZRTOS-H7RS.1.1.0
2026-02-04 08:39:46,187 [WARN] PackLoader:240 - Cannot read IP mode file for STMicroelectronics.X-CUBE-AZRTOS-G4.2.0.0
2026-02-04 08:39:46,218 [WARN] PackLoader:240 - Cannot read IP mode file for Infineon.AIROC-Wi-Fi-Bluetooth-STM32.1.5.1
2026-02-04 08:39:46,232 [WARN] PackLoader:240 - Cannot read IP mode file for STMicroelectronics.X-CUBE-NFC7.2.0.0
2026-02-04 08:39:46,246 [WARN] PackLoader:240 - Cannot read IP mode file for STMicroelectronics.FP-SNS-MOTENVWB1.1.3.1
2026-02-04 08:39:46,260 [INFO] WebApp:448 - Apply proxy settings
2026-02-04 08:39:46,260 [WARN] PackLoader:240 - Cannot read IP mode file for STMicroelectronics.X-CUBE-ISPU.2.0.0
2026-02-04 08:39:46,271 [INFO] WebApp:493 - Chromium authenticates against Manually configured proxy
2026-02-04 08:39:46,274 [ERROR] Engine:466 - C:\Users\RND1\.stm32cubemx\thirdparties\pdsc\STMicroelectronics.X-CUBE-IPS.3.1.0.pdsc: PDSC version is not supported
2026-02-04 08:39:46,277 [INFO] WebApp:501 - Username used for proxy authentication: 
2026-02-04 08:39:46,285 [WARN] PackLoader:240 - Cannot read IP mode file for STMicroelectronics.X-CUBE-ALS.1.0.2
2026-02-04 08:39:46,302 [INFO] WebApp:869 - Register for checkConnection events
2026-02-04 08:39:46,302 [INFO] WebApp:448 - Apply proxy settings
2026-02-04 08:39:46,305 [INFO] WebApp:493 - Chromium authenticates against Manually configured proxy
2026-02-04 08:39:46,305 [INFO] WebApp:501 - Username used for proxy authentication: 
2026-02-04 08:39:46,314 [WARN] PackLoader:240 - Cannot read IP mode file for STMicroelectronics.X-CUBE-MEMS1.10.0.0
2026-02-04 08:39:46,365 [WARN] PackLoader:240 - Cannot read IP mode file for STMicroelectronics.X-CUBE-FREERTOS.1.1.0
2026-02-04 08:39:46,378 [WARN] PackLoader:240 - Cannot read IP mode file for STMicroelectronics.X-CUBE-TOUCHGFX.4.24.0
2026-02-04 08:39:46,389 [WARN] PackLoader:240 - Cannot read IP mode file for STMicroelectronics.X-CUBE-TOUCHGFX.4.24.2
2026-02-04 08:39:46,404 [WARN] PackLoader:240 - Cannot read IP mode file for STMicroelectronics.X-CUBE-TOUCHGFX.4.24.1
2026-02-04 08:39:46,419 [WARN] PackLoader:240 - Cannot read IP mode file for STMicroelectronics.X-CUBE-STSE01.1.0.0
2026-02-04 08:39:46,433 [WARN] PackLoader:240 - Cannot read IP mode file for wolfSSL.I-CUBE-wolfTPM.3.4.0
2026-02-04 08:39:46,448 [WARN] PackLoader:240 - Cannot read IP mode file for portGmbH.I-Cube-SoM-uGOAL.1.1.0
2026-02-04 08:39:46,462 [WARN] PackLoader:240 - Cannot read IP mode file for STMicroelectronics.X-CUBE-ALS.1.0.1
2026-02-04 08:39:46,478 [INFO] WebApp:220 - Starting web application
2026-02-04 08:39:46,478 [INFO] WebApp:578 - Web application path used C:\ST\STM32CubeIDE_1.16.1\STM32CubeIDE\plugins\com.st.stm32cube.common.mx_6.12.1.202409122256\db\plugins\mcufinder\reactClient1\index.html
2026-02-04 08:39:46,487 [WARN] PackLoader:240 - Cannot read IP mode file for STMicroelectronics.X-CUBE-AZRTOS-H7RS.1.0.0
2026-02-04 08:39:46,506 [WARN] PackLoader:240 - Cannot read IP mode file for STMicroelectronics.FP-ATR-ASTRA1.2.0.0
2026-02-04 08:39:46,529 [WARN] PackLoader:240 - Cannot read IP mode file for STMicroelectronics.X-CUBE-TOF1.3.4.2
2026-02-04 08:39:46,551 [ERROR] Engine:466 - C:\Users\RND1\.stm32cubemx\thirdparties\pdsc\STMicroelectronics.X-CUBE-TOF1.3.4.3.pdsc: PDSC version is not supported
2026-02-04 08:39:46,570 [WARN] PackLoader:240 - Cannot read IP mode file for STMicroelectronics.X-CUBE-TOF1.3.4.0
2026-02-04 08:39:46,589 [INFO] WebApp:186 - Connection restablished
2026-02-04 08:39:46,596 [WARN] PackLoader:240 - Cannot read IP mode file for STMicroelectronics.X-CUBE-TOF1.3.4.1
2026-02-04 08:39:46,621 [INFO] UserAuth:417 - Internet connection configuration mode: 1
2026-02-04 08:39:46,635 [WARN] PackLoader:240 - Cannot read IP mode file for STMicroelectronics.X-CUBE-AZRTOS-H7.3.2.0
2026-02-04 08:39:46,653 [WARN] PackLoader:240 - Cannot read IP mode file for wolfSSL.I-CUBE-wolfSSH.1.4.17
2026-02-04 08:39:46,653 [INFO] ThirdParty:978 - Integrity check success = true
2026-02-04 08:39:46,653 [INFO] IntegrityCheckThread:100 - exiting critical section [integrity check]
2026-02-04 08:39:46,653 [INFO] IntegrityCheckThread:103 - End integrity checks thread
2026-02-04 17:30:22,740 [ERROR] LogOutputStream:75 - [STDERR_REDIRECT] 
