2025-09-26 09:23:31,528 [INFO] Activator:176 - 


2025-09-26 09:23:31,533 [INFO] Activator:177 - !SESSION log4j initialized
2025-09-26 09:23:38,532 [INFO] LogOutputStream:77 - [STDOUT_REDIRECT] 
2025-09-26 09:23:47,116 [INFO] ApplicationProperties:184 - Using Application install path: C:\ST\STM32CubeIDE_1.16.1\STM32CubeIDE\plugins\com.st.stm32cube.common.mx_6.12.1.202409122256
2025-09-26 09:23:47,134 [INFO] DbMcusXml:78 - Set database path to: C:\ST\STM32CubeIDE_1.16.1\STM32CubeIDE\plugins\com.st.stm32cube.common.mx_6.12.1.202409122256\\db\/mcu/
2025-09-26 09:23:47,134 [INFO] ApiDb:274 - Set plugin database path to: C:\ST\STM32CubeIDE_1.16.1\STM32CubeIDE\plugins\com.st.stm32cube.common.mx_6.12.1.202409122256\\db\/plugins/boardmanager/
2025-09-26 09:23:47,135 [WARN] ApiDb:259 - Overriding images path with different value:  => C:\ST\STM32CubeIDE_1.16.1\STM32CubeIDE\plugins\com.st.stm32cube.common.mx_6.12.1.202409122256\\db\/plugins/mcufinder/images/
2025-09-26 09:23:47,151 [INFO] ApiDb:250 - Set database path to: C:\Users\RND1\.stmcufinder\plugins\mcufinder//mcu/
2025-09-26 09:23:47,153 [INFO] DbMcusAds:125 - Set database path to: C:\Users\RND1\.stmcufinder\plugins\mcufinder//mcu/
2025-09-26 09:23:47,157 [INFO] CrossReferenceDbSqlite:203 - Set database path to: C:\Users\RND1\.stmcufinder\plugins\mcufinder//mcu/cs/
2025-09-26 09:23:47,257 [INFO] RulesReader:64 - Compatibility file has been processed (297 Rules)
2025-09-26 09:23:47,337 [INFO] DbMcusXml:78 - Set database path to: C:\ST\STM32CubeIDE_1.16.1\STM32CubeIDE\plugins\com.st.stm32cube.common.mx_6.12.1.202409122256\\db\/mcu/
2025-09-26 09:23:47,337 [INFO] ApiDb:274 - Set plugin database path to: C:\ST\STM32CubeIDE_1.16.1\STM32CubeIDE\plugins\com.st.stm32cube.common.mx_6.12.1.202409122256\\db\/plugins/boardmanager/
2025-09-26 09:23:47,337 [INFO] ApiDb:261 - Set plugin images path to: C:\ST\STM32CubeIDE_1.16.1\STM32CubeIDE\plugins\com.st.stm32cube.common.mx_6.12.1.202409122256\\db\/plugins/mcufinder/images/
2025-09-26 09:23:47,338 [WARN] DbFile:41 - Overriding database path with different value: C:\Users\RND1\.stmcufinder\plugins\mcufinder/ => C:\Users\RND1\.stmcufinder\plugins\mcufinder
2025-09-26 09:23:47,338 [INFO] ApiDb:250 - Set database path to: C:\Users\RND1\.stmcufinder\plugins\mcufinder//mcu/
2025-09-26 09:23:47,338 [WARN] DbFile:41 - Overriding database path with different value: C:\Users\RND1\.stmcufinder\plugins\mcufinder/ => C:\Users\RND1\.stmcufinder\plugins\mcufinder
2025-09-26 09:23:47,338 [INFO] DbMcusAds:125 - Set database path to: C:\Users\RND1\.stmcufinder\plugins\mcufinder//mcu/
2025-09-26 09:23:47,338 [WARN] DbFile:41 - Overriding database path with different value: C:\Users\RND1\.stmcufinder\plugins\mcufinder/ => C:\Users\RND1\.stmcufinder\plugins\mcufinder
2025-09-26 09:23:47,338 [WARN] DbFile:41 - Overriding database path with different value: C:\Users\RND1\.stmcufinder\plugins\mcufinder/ => C:\Users\RND1\.stmcufinder\plugins\mcufinder
2025-09-26 09:23:47,338 [INFO] CrossReferenceDbSqlite:203 - Set database path to: C:\Users\RND1\.stmcufinder\plugins\mcufinder//mcu/cs/
2025-09-26 09:23:47,408 [INFO] MainPanel:268 - HeapMemory: 268435456
2025-09-26 09:23:47,495 [INFO] DbMcusXml:78 - Set database path to: C:\ST\STM32CubeIDE_1.16.1\STM32CubeIDE\plugins\com.st.stm32cube.common.mx_6.12.1.202409122256\\db\/mcu/
2025-09-26 09:23:47,495 [INFO] ApiDb:274 - Set plugin database path to: C:\ST\STM32CubeIDE_1.16.1\STM32CubeIDE\plugins\com.st.stm32cube.common.mx_6.12.1.202409122256\\db\/plugins/boardmanager/
2025-09-26 09:23:47,495 [INFO] ApiDb:261 - Set plugin images path to: C:\ST\STM32CubeIDE_1.16.1\STM32CubeIDE\plugins\com.st.stm32cube.common.mx_6.12.1.202409122256\\db\/plugins/mcufinder/images/
2025-09-26 09:23:47,495 [WARN] DbFile:41 - Overriding database path with different value: C:\Users\RND1\.stmcufinder\plugins\mcufinder/ => C:\Users\RND1\.stmcufinder\plugins\mcufinder
2025-09-26 09:23:47,495 [INFO] ApiDb:250 - Set database path to: C:\Users\RND1\.stmcufinder\plugins\mcufinder//mcu/
2025-09-26 09:23:47,495 [WARN] DbFile:41 - Overriding database path with different value: C:\Users\RND1\.stmcufinder\plugins\mcufinder/ => C:\Users\RND1\.stmcufinder\plugins\mcufinder
2025-09-26 09:23:47,495 [INFO] DbMcusAds:125 - Set database path to: C:\Users\RND1\.stmcufinder\plugins\mcufinder//mcu/
2025-09-26 09:23:47,495 [WARN] DbFile:41 - Overriding database path with different value: C:\Users\RND1\.stmcufinder\plugins\mcufinder/ => C:\Users\RND1\.stmcufinder\plugins\mcufinder
2025-09-26 09:23:47,495 [WARN] DbFile:41 - Overriding database path with different value: C:\Users\RND1\.stmcufinder\plugins\mcufinder/ => C:\Users\RND1\.stmcufinder\plugins\mcufinder
2025-09-26 09:23:47,495 [INFO] CrossReferenceDbSqlite:203 - Set database path to: C:\Users\RND1\.stmcufinder\plugins\mcufinder//mcu/cs/
2025-09-26 09:23:47,511 [INFO] ApplicationProperties:184 - Using Application install path: C:\ST\STM32CubeIDE_1.16.1\STM32CubeIDE\plugins\com.st.stm32cube.common.mx_6.12.1.202409122256
2025-09-26 09:23:47,512 [INFO] PluginManage:196 - Search for loadable plugins [exclusion list=, ]
2025-09-26 09:23:47,514 [INFO] PluginManage:310 - Check plugin analytics
2025-09-26 09:23:47,702 [INFO] AnalyticsPlugin:253 - Accepted Software Licenses: STM32CubeMX.6.10.0
2025-09-26 09:23:47,702 [INFO] AnalyticsPlugin:255 - Accepted CMSIS Pack Licenses: 
2025-09-26 09:23:47,702 [INFO] AnalyticsPlugin:257 - Accepted Firmware Licenses: FW.G4.1.5.0,FW.G4.1.6.0,FW.F4.1.28.0,FW.H7.1.11.0
2025-09-26 09:23:47,705 [INFO] PluginManage:359 - Loaded plugin analytics (category:tool,tabindex:-1)
2025-09-26 09:23:47,706 [INFO] PluginManage:310 - Check plugin cadmodel
2025-09-26 09:23:47,727 [INFO] CADModel:105 - Init CAD model plugin
2025-09-26 09:23:47,727 [INFO] PluginManage:359 - Loaded plugin cadmodel (category:power,tabindex:5)
2025-09-26 09:23:47,727 [INFO] PluginManage:310 - Check plugin clock
2025-09-26 09:23:47,750 [INFO] PluginManage:359 - Loaded plugin clock (category:base,tabindex:2)
2025-09-26 09:23:47,750 [INFO] PluginManage:310 - Check plugin ddr
2025-09-26 09:23:47,752 [INFO] PluginManage:359 - Loaded plugin ddr (category:tool,tabindex:6)
2025-09-26 09:23:47,752 [INFO] PluginManage:310 - Check plugin filemanager
2025-09-26 09:23:47,896 [INFO] PluginManage:359 - Loaded plugin filemanager (category:base,tabindex:10)
2025-09-26 09:23:47,896 [INFO] PluginManage:310 - Check plugin ipmanager
2025-09-26 09:23:47,901 [INFO] PluginManage:359 - Loaded plugin ipmanager (category:base,tabindex:5)
2025-09-26 09:23:47,902 [INFO] PluginManage:310 - Check plugin lpbam
2025-09-26 09:23:47,920 [INFO] PluginManage:359 - Loaded plugin lpbam (category:base,tabindex:0)
2025-09-26 09:23:47,920 [INFO] PluginManage:310 - Check plugin memorymap
2025-09-26 09:23:47,948 [INFO] PluginManage:359 - Loaded plugin memorymap (category:base,tabindex:4)
2025-09-26 09:23:47,948 [INFO] PluginManage:310 - Check plugin pinoutandconfiguration
2025-09-26 09:23:47,966 [INFO] PluginManage:359 - Loaded plugin pinoutandconfiguration (category:base,tabindex:1)
2025-09-26 09:23:47,967 [INFO] PluginManage:310 - Check plugin pinoutconfig
2025-09-26 09:23:48,067 [WARN] SupportedApi:132 - Cannot load RTOS API schema: s4s-elt-must-match.1: The content of 'definitions' must match (annotation?, (simpleType | complexType)?, (unique | key | keyref)*)). A problem was found starting at: attribute.
2025-09-26 09:23:48,188 [INFO] PluginManage:359 - Loaded plugin pinoutconfig (category:base,tabindex:0)
2025-09-26 09:23:48,188 [INFO] PluginManage:310 - Check plugin power
2025-09-26 09:23:48,211 [INFO] PluginManage:359 - Loaded plugin power (category:power,tabindex:4)
2025-09-26 09:23:48,211 [INFO] PluginManage:310 - Check plugin projectmanager
2025-09-26 09:23:48,223 [INFO] PluginManage:359 - Loaded plugin projectmanager (category:projectmanager,tabindex:4)
2025-09-26 09:23:48,223 [INFO] PluginManage:310 - Check plugin rif
2025-09-26 09:23:48,240 [INFO] PluginManage:359 - Loaded plugin rif (category:base,tabindex:3)
2025-09-26 09:23:48,240 [INFO] PluginManage:310 - Check plugin thirdparty
2025-09-26 09:23:48,508 [INFO] PluginManage:359 - Loaded plugin thirdparty (category:base,tabindex:-1)
2025-09-26 09:23:48,508 [WARN] IntegrityCheckThread:84 - waiting for thirdparty lock release [integrity check]
2025-09-26 09:23:48,508 [INFO] PluginManage:310 - Check plugin tools
2025-09-26 09:23:48,508 [INFO] IntegrityCheckThread:86 - entering critical section [integrity check]
2025-09-26 09:23:48,509 [INFO] ThirdPartyUpdaterWithRetryManager:70 - Updater plugin not ready yet. [1/15]
2025-09-26 09:23:48,549 [INFO] PluginManage:359 - Loaded plugin tools (category:base,tabindex:7)
2025-09-26 09:23:48,549 [INFO] PluginManage:310 - Check plugin tutovideos
2025-09-26 09:23:48,722 [INFO] PluginManage:359 - Loaded plugin tutovideos (category:base,tabindex:-1)
2025-09-26 09:23:48,723 [INFO] PluginManage:310 - Check plugin updater
2025-09-26 09:23:48,736 [INFO] PluginManage:359 - Loaded plugin updater (category:base,tabindex:12)
2025-09-26 09:23:48,736 [INFO] PluginManage:310 - Check plugin userauth
2025-09-26 09:23:48,741 [INFO] UserAuth:113 - Init User Auth plugin
2025-09-26 09:23:48,741 [INFO] PluginManage:359 - Loaded plugin userauth (category:base,tabindex:14)
2025-09-26 09:23:48,742 [INFO] PluginManage:283 - PluginManage : Loaded plugins [18]
2025-09-26 09:23:48,911 [INFO] PinOutPanel:1561 - setPackage(No Configuration,No Configuration)
2025-09-26 09:23:49,001 [INFO] CADModel:165 - CPN selected for project level
2025-09-26 09:23:49,001 [INFO] CADModel:114 - Register for checkConnection events
2025-09-26 09:23:49,034 [INFO] IPUIPlugin:80 - create IPUIPlugin
2025-09-26 09:23:49,034 [INFO] PluginManager:220 - loadIPPluginJar : add adc
2025-09-26 09:23:49,077 [INFO] IPUIPlugin:80 - create IPUIPlugin
2025-09-26 09:23:49,077 [INFO] PluginManager:220 - loadIPPluginJar : add aes
2025-09-26 09:23:49,127 [INFO] IPUIPlugin:80 - create IPUIPlugin
2025-09-26 09:23:49,127 [INFO] PluginManager:220 - loadIPPluginJar : add can
2025-09-26 09:23:49,156 [INFO] IPUIPlugin:80 - create IPUIPlugin
2025-09-26 09:23:49,156 [INFO] PluginManager:220 - loadIPPluginJar : add comp
2025-09-26 09:23:49,189 [INFO] IPUIPlugin:80 - create IPUIPlugin
2025-09-26 09:23:49,190 [INFO] PluginManager:220 - loadIPPluginJar : add cryp
2025-09-26 09:23:49,202 [INFO] IPUIPlugin:80 - create IPUIPlugin
2025-09-26 09:23:49,203 [INFO] PluginManager:220 - loadIPPluginJar : add ddr_ctrl_phy
2025-09-26 09:23:49,238 [INFO] IPUIPlugin:80 - create IPUIPlugin
2025-09-26 09:23:49,238 [INFO] PluginManager:220 - loadIPPluginJar : add dfsdm
2025-09-26 09:23:49,252 [INFO] IPUIPlugin:80 - create IPUIPlugin
2025-09-26 09:23:49,252 [INFO] PluginManager:220 - loadIPPluginJar : add dma
2025-09-26 09:23:49,296 [INFO] IPUIPlugin:80 - create IPUIPlugin
2025-09-26 09:23:49,297 [INFO] PluginManager:220 - loadIPPluginJar : add dma3
2025-09-26 09:23:49,345 [INFO] IPUIPlugin:80 - create IPUIPlugin
2025-09-26 09:23:49,345 [INFO] PluginManager:220 - loadIPPluginJar : add extmemmanager
2025-09-26 09:23:49,368 [INFO] IPUIPlugin:80 - create IPUIPlugin
2025-09-26 09:23:49,369 [INFO] PluginManager:220 - loadIPPluginJar : add fatfs
2025-09-26 09:23:49,419 [INFO] IPUIPlugin:80 - create IPUIPlugin
2025-09-26 09:23:49,419 [INFO] PluginManager:220 - loadIPPluginJar : add fmc
2025-09-26 09:23:49,436 [INFO] IPUIPlugin:80 - create IPUIPlugin
2025-09-26 09:23:49,436 [INFO] PluginManager:220 - loadIPPluginJar : add freertos
2025-09-26 09:23:49,459 [INFO] IPUIPlugin:80 - create IPUIPlugin
2025-09-26 09:23:49,459 [INFO] PluginManager:220 - loadIPPluginJar : add genericplugin
2025-09-26 09:23:49,560 [INFO] IPUIPlugin:80 - create IPUIPlugin
2025-09-26 09:23:49,560 [INFO] PluginManager:220 - loadIPPluginJar : add gfxmmu
2025-09-26 09:23:49,704 [INFO] IPUIPlugin:80 - create IPUIPlugin
2025-09-26 09:23:49,704 [INFO] PluginManager:220 - loadIPPluginJar : add gic
2025-09-26 09:23:49,720 [INFO] IPUIPlugin:80 - create IPUIPlugin
2025-09-26 09:23:49,720 [INFO] PluginManager:220 - loadIPPluginJar : add gpio
2025-09-26 09:23:49,810 [INFO] IPUIPlugin:80 - create IPUIPlugin
2025-09-26 09:23:49,810 [INFO] PluginManager:220 - loadIPPluginJar : add gtzc
2025-09-26 09:23:49,844 [INFO] IPUIPlugin:80 - create IPUIPlugin
2025-09-26 09:23:49,844 [INFO] PluginManager:220 - loadIPPluginJar : add hash
2025-09-26 09:23:49,897 [INFO] IPUIPlugin:80 - create IPUIPlugin
2025-09-26 09:23:49,898 [INFO] PluginManager:220 - loadIPPluginJar : add i2c
2025-09-26 09:23:49,941 [INFO] IPUIPlugin:80 - create IPUIPlugin
2025-09-26 09:23:49,941 [INFO] PluginManager:220 - loadIPPluginJar : add i2s
2025-09-26 09:23:49,992 [INFO] IPUIPlugin:80 - create IPUIPlugin
2025-09-26 09:23:49,992 [INFO] PluginManager:220 - loadIPPluginJar : add i3c
2025-09-26 09:23:50,113 [INFO] IPUIPlugin:80 - create IPUIPlugin
2025-09-26 09:23:50,113 [INFO] PluginManager:220 - loadIPPluginJar : add ipddr
2025-09-26 09:23:50,216 [INFO] IPUIPlugin:80 - create IPUIPlugin
2025-09-26 09:23:50,216 [INFO] PluginManager:220 - loadIPPluginJar : add linkedlist
2025-09-26 09:23:50,254 [INFO] IPUIPlugin:80 - create IPUIPlugin
2025-09-26 09:23:50,254 [INFO] PluginManager:220 - loadIPPluginJar : add lorawan
2025-09-26 09:23:50,294 [INFO] IPUIPlugin:80 - create IPUIPlugin
2025-09-26 09:23:50,294 [INFO] PluginManager:220 - loadIPPluginJar : add ltdc
2025-09-26 09:23:50,308 [INFO] IPUIPlugin:80 - create IPUIPlugin
2025-09-26 09:23:50,308 [INFO] PluginManager:220 - loadIPPluginJar : add mdma
2025-09-26 09:23:50,320 [INFO] IPUIPlugin:80 - create IPUIPlugin
2025-09-26 09:23:50,321 [INFO] PluginManager:220 - loadIPPluginJar : add nvic
2025-09-26 09:23:50,361 [INFO] IPUIPlugin:80 - create IPUIPlugin
2025-09-26 09:23:50,361 [INFO] PluginManager:220 - loadIPPluginJar : add opamp
2025-09-26 09:23:50,422 [INFO] IPUIPlugin:80 - create IPUIPlugin
2025-09-26 09:23:50,423 [INFO] PluginManager:220 - loadIPPluginJar : add openamp
2025-09-26 09:23:50,473 [INFO] IPUIPlugin:80 - create IPUIPlugin
2025-09-26 09:23:50,473 [INFO] PluginManager:220 - loadIPPluginJar : add pdm2pcm
2025-09-26 09:23:50,488 [INFO] IPUIPlugin:80 - create IPUIPlugin
2025-09-26 09:23:50,491 [INFO] PluginManager:220 - loadIPPluginJar : add plateformsettings
2025-09-26 09:23:50,515 [INFO] IPUIPlugin:80 - create IPUIPlugin
2025-09-26 09:23:50,516 [INFO] PluginManager:220 - loadIPPluginJar : add quadspi
2025-09-26 09:23:50,546 [INFO] IPUIPlugin:80 - create IPUIPlugin
2025-09-26 09:23:50,547 [INFO] PluginManager:220 - loadIPPluginJar : add radio
2025-09-26 09:23:50,566 [INFO] IPUIPlugin:80 - create IPUIPlugin
2025-09-26 09:23:50,567 [INFO] PluginManager:220 - loadIPPluginJar : add resmgrutility
2025-09-26 09:23:50,623 [INFO] IPUIPlugin:80 - create IPUIPlugin
2025-09-26 09:23:50,623 [INFO] PluginManager:220 - loadIPPluginJar : add sai
2025-09-26 09:23:50,662 [INFO] IPUIPlugin:80 - create IPUIPlugin
2025-09-26 09:23:50,662 [INFO] PluginManager:220 - loadIPPluginJar : add spi
2025-09-26 09:23:50,728 [INFO] IPUIPlugin:80 - create IPUIPlugin
2025-09-26 09:23:50,729 [INFO] PluginManager:220 - loadIPPluginJar : add stm32_wpan
2025-09-26 09:23:50,758 [INFO] IPUIPlugin:80 - create IPUIPlugin
2025-09-26 09:23:50,759 [INFO] PluginManager:220 - loadIPPluginJar : add tim
2025-09-26 09:23:50,822 [INFO] IPUIPlugin:80 - create IPUIPlugin
2025-09-26 09:23:50,823 [INFO] PluginManager:220 - loadIPPluginJar : add touchsensing
2025-09-26 09:23:50,849 [INFO] IPUIPlugin:80 - create IPUIPlugin
2025-09-26 09:23:50,849 [INFO] PluginManager:220 - loadIPPluginJar : add tracer_emb
2025-09-26 09:23:50,875 [INFO] IPUIPlugin:80 - create IPUIPlugin
2025-09-26 09:23:50,875 [INFO] PluginManager:220 - loadIPPluginJar : add ts
2025-09-26 09:23:50,900 [INFO] IPUIPlugin:80 - create IPUIPlugin
2025-09-26 09:23:50,900 [INFO] PluginManager:220 - loadIPPluginJar : add tsc
2025-09-26 09:23:50,925 [INFO] IPUIPlugin:80 - create IPUIPlugin
2025-09-26 09:23:50,925 [INFO] PluginManager:220 - loadIPPluginJar : add ucpd
2025-09-26 09:23:50,977 [INFO] IPUIPlugin:80 - create IPUIPlugin
2025-09-26 09:23:50,977 [INFO] PluginManager:220 - loadIPPluginJar : add usart
2025-09-26 09:23:51,029 [INFO] IPUIPlugin:80 - create IPUIPlugin
2025-09-26 09:23:51,029 [INFO] PluginManager:220 - loadIPPluginJar : add usbx
2025-09-26 09:23:51,145 [INFO] CADModel:165 - CPN selected for project level
2025-09-26 09:23:51,145 [INFO] CADModel:114 - Register for checkConnection events
2025-09-26 09:23:51,145 [FATAL] Updater:334 - Updater called before beeing initialized
2025-09-26 09:23:51,145 [ERROR] CADModel:125 - Updater not yet initialized, retry later 
2025-09-26 09:23:51,244 [INFO] CADModel:165 - CPN selected for project level
2025-09-26 09:23:51,244 [INFO] CADModel:114 - Register for checkConnection events
2025-09-26 09:23:51,244 [FATAL] Updater:334 - Updater called before beeing initialized
2025-09-26 09:23:51,245 [ERROR] CADModel:125 - Updater not yet initialized, retry later 
2025-09-26 09:23:51,247 [FATAL] Updater:334 - Updater called before beeing initialized
2025-09-26 09:23:51,326 [FATAL] Updater:334 - Updater called before beeing initialized
2025-09-26 09:23:51,336 [INFO] DbMcusAds:53 - JSON generation date=Tue Jul 08 17:14:27 KST 2025 (1751962467633)
2025-09-26 09:23:51,336 [FATAL] Updater:334 - Updater called before beeing initialized
2025-09-26 09:23:51,367 [WARN] DetailPanel:346 - Failed to get advertising image, set to default
2025-09-26 09:23:51,462 [FATAL] Updater:334 - Updater called before beeing initialized
2025-09-26 09:23:51,463 [FATAL] Updater:334 - Updater called before beeing initialized
2025-09-26 09:23:51,464 [FATAL] Updater:334 - Updater called before beeing initialized
2025-09-26 09:23:51,464 [WARN] DetailPanel:346 - Failed to get advertising image, set to default
2025-09-26 09:23:51,464 [FATAL] Updater:334 - Updater called before beeing initialized
2025-09-26 09:23:51,510 [INFO] ThirdPartyUpdaterWithRetryManager:70 - Updater plugin not ready yet. [2/15]
2025-09-26 09:23:51,516 [ERROR] Updater:1164 - MainUpdater not yet initialized. External WinMGr cannot be set.
2025-09-26 09:23:51,528 [INFO] Updater:1100 - Updater Version found : 6.12.1
2025-09-26 09:23:51,544 [INFO] ApplicationProperties:184 - Using Application install path: C:\ST\STM32CubeIDE_1.16.1\STM32CubeIDE\plugins\com.st.stm32cube.common.mx_6.12.1.202409122256
2025-09-26 09:23:52,346 [INFO] MainUpdater:2873 - connection check result : 10
2025-09-26 09:23:52,346 [INFO] MainUpdater:290 - Updater Check For Update Now.
2025-09-26 09:23:52,346 [INFO] MicroXplorer:498 - Change Database Version : DB.6.0.121
2025-09-26 09:23:52,362 [INFO] McuFinderGlobals:63 - Set McuFinder mode to 2 (CubeIDE integrated)
2025-09-26 09:23:52,369 [INFO] UserAuth:417 - Internet connection configuration mode: 1
2025-09-26 09:23:52,403 [INFO] JxBrowserEngine:152 - Initiate JxBrowser Engine with user profile folder
2025-09-26 09:23:52,532 [INFO] CheckServerUpdateThread:120 - End of CheckServer Thread
2025-09-26 09:23:54,948 [WARN] PackLoader:240 - Cannot read IP mode file for STMicroelectronics.FP-SNS-MOTENVWB1.1.4.0
2025-09-26 09:23:54,968 [WARN] PackLoader:240 - Cannot read IP mode file for STMicroelectronics.FP-ATR-ASTRA1.2.0.2
2025-09-26 09:23:54,980 [INFO] WebApp:167 - Instantiating new browser for Auth
2025-09-26 09:23:54,986 [WARN] PackLoader:240 - Cannot read IP mode file for STMicroelectronics.FP-ATR-ASTRA1.2.0.1
2025-09-26 09:23:55,010 [WARN] PackLoader:240 - Cannot read IP mode file for STMicroelectronics.X-CUBE-SMBUS.2.1.0
2025-09-26 09:23:55,034 [WARN] PackLoader:240 - Cannot read IP mode file for STMicroelectronics.X-CUBE-WB05N.1.1.0
2025-09-26 09:23:55,051 [ERROR] Engine:466 - C:\Users\RND1\.stm32cubemx\thirdparties\pdsc\STMicroelectronics.X-CUBE-ST60.1.0.0.pdsc: PDSC version is not supported
2025-09-26 09:23:55,068 [WARN] PackLoader:240 - Cannot read IP mode file for STMicroelectronics.X-CUBE-TOUCHGFX.4.23.0
2025-09-26 09:23:55,083 [WARN] PackLoader:240 - Cannot read IP mode file for STMicroelectronics.X-CUBE-TOUCHGFX.4.23.2
2025-09-26 09:23:55,124 [WARN] PackLoader:240 - Cannot read IP mode file for STMicroelectronics.X-CUBE-AZRTOS-F7.1.1.0
2025-09-26 09:23:55,153 [WARN] PackLoader:240 - Cannot read IP mode file for STMicroelectronics.FP-SNS-MOTENV1.4.3.2
2025-09-26 09:23:55,217 [WARN] PackLoader:240 - Cannot read IP mode file for STMicroelectronics.X-CUBE-MEMS1.11.0.0
2025-09-26 09:23:55,340 [WARN] PackLoader:240 - Cannot read IP mode file for STMicroelectronics.FP-SNS-FLIGHT1.5.0.2
2025-09-26 09:23:55,387 [WARN] PackLoader:240 - Cannot read IP mode file for STMicroelectronics.X-CUBE-AZRTOS-H7.3.4.0
2025-09-26 09:23:55,409 [WARN] PackLoader:240 - Cannot read IP mode file for STMicroelectronics.X-CUBE-DISPLAY.3.0.0
2025-09-26 09:23:55,426 [WARN] PackLoader:240 - Cannot read IP mode file for STMicroelectronics.X-CUBE-BLE1.7.0.0
2025-09-26 09:23:55,440 [WARN] PackLoader:240 - Cannot read IP mode file for STMicroelectronics.X-CUBE-NFC10.1.0.0
2025-09-26 09:23:55,460 [WARN] PackLoader:240 - Cannot read IP mode file for STMicroelectronics.X-CUBE-BLEMGR.4.0.0
2025-09-26 09:23:55,478 [WARN] PackLoader:240 - Cannot read IP mode file for emotas.I-CUBE-CANOPEN.1.3.0
2025-09-26 09:23:55,495 [WARN] PackLoader:240 - Cannot read IP mode file for STMicroelectronics.X-CUBE-BLEMGR.3.1.0
2025-09-26 09:23:55,511 [WARN] PackLoader:240 - Cannot read IP mode file for STMicroelectronics.X-CUBE-AI.10.0.0
2025-09-26 09:23:55,524 [ERROR] Engine:466 - C:\Users\RND1\.stm32cubemx\thirdparties\pdsc\STMicroelectronics.FP-SNS-STBOX1.2.1.0.pdsc: PDSC version is not supported
2025-09-26 09:23:55,538 [WARN] PackLoader:240 - Cannot read IP mode file for STMicroelectronics.FP-SNS-SMARTAG2.1.2.0
2025-09-26 09:23:55,554 [ERROR] Engine:466 - C:\Users\RND1\.stm32cubemx\thirdparties\pdsc\STMicroelectronics.FP-SNS-FLIGHT1.5.1.0.pdsc: PDSC version is not supported
2025-09-26 09:23:55,615 [WARN] PackLoader:240 - Cannot read IP mode file for STMicroelectronics.X-CUBE-MEMS1.11.1.0
2025-09-26 09:23:55,705 [INFO] LogOutputStream:77 - [STDOUT_REDIRECT] 1 : Invalid condition id : UX_CORESTACK_Condition cause : null
2025-09-26 09:23:55,707 [INFO] LogOutputStream:77 - [STDOUT_REDIRECT] 1 : Invalid condition id : UX_CORESTACK_Condition cause : null
2025-09-26 09:23:55,708 [INFO] LogOutputStream:77 - [STDOUT_REDIRECT] 1 : Invalid condition id : UX_CORESTACK_Condition cause : null
2025-09-26 09:23:55,710 [INFO] LogOutputStream:77 - [STDOUT_REDIRECT] 1 : Invalid condition id : UX_CORESTACK_Condition cause : null
2025-09-26 09:23:55,711 [INFO] LogOutputStream:77 - [STDOUT_REDIRECT] 1 : Invalid condition id : UX_CORESTACK_Condition cause : null
2025-09-26 09:23:55,713 [WARN] PackLoader:240 - Cannot read IP mode file for STMicroelectronics.X-CUBE-AZRTOS-WL.2.0.0
2025-09-26 09:23:55,726 [WARN] PackLoader:240 - Cannot read IP mode file for STMicroelectronics.FP-SNS-MOTENV1.5.0.0
2025-09-26 09:23:55,742 [WARN] PackLoader:240 - Cannot read IP mode file for wolfSSL.I-CUBE-wolfMQTT.1.19.0
2025-09-26 09:23:55,762 [WARN] PackLoader:240 - Cannot read IP mode file for WES.I-CUBE-Cesium.1.3.0
2025-09-26 09:23:55,787 [WARN] PackLoader:240 - Cannot read IP mode file for STMicroelectronics.X-CUBE-BLE2.3.3.0
2025-09-26 09:23:55,810 [WARN] PackLoader:240 - Cannot read IP mode file for STMicroelectronics.X-CUBE-NFC9.1.0.0
2025-09-26 09:23:55,832 [WARN] PackLoader:240 - Cannot read IP mode file for STMicroelectronics.X-CUBE-BLE1.7.1.0
2025-09-26 09:23:55,853 [WARN] PackLoader:240 - Cannot read IP mode file for STMicroelectronics.X-CUBE-TCPP.4.1.0
2025-09-26 09:23:55,874 [WARN] PackLoader:240 - Cannot read IP mode file for STMicroelectronics.X-CUBE-EEPRMA1.5.2.0
2025-09-26 09:23:55,890 [WARN] PackLoader:240 - Cannot read IP mode file for STMicroelectronics.X-CUBE-AI.10.1.0
2025-09-26 09:23:55,909 [WARN] PackLoader:240 - Cannot read IP mode file for STMicroelectronics.X-CUBE-ALGOBUILD.1.3.0
2025-09-26 09:23:55,952 [WARN] PackLoader:240 - Cannot read IP mode file for STMicroelectronics.X-CUBE-MEMS1.11.2.0
2025-09-26 09:23:56,038 [WARN] PackLoader:240 - Cannot read IP mode file for STMicroelectronics.X-CUBE-AZRTOS-G0.1.1.0
2025-09-26 09:23:56,055 [WARN] PackLoader:240 - Cannot read IP mode file for STMicroelectronics.X-CUBE-SAFEA1.1.2.2
2025-09-26 09:23:56,072 [WARN] PackLoader:240 - Cannot read IP mode file for STMicroelectronics.X-CUBE-NFC4.3.0.0
2025-09-26 09:23:56,084 [WARN] PackLoader:240 - Cannot read IP mode file for wolfSSL.I-CUBE-wolfMQTT.1.18.0
2025-09-26 09:23:56,101 [WARN] PackLoader:240 - Cannot read IP mode file for EmbeddedOffice.I-CUBE-FS-RTOS.1.0.1
2025-09-26 09:23:56,101 [ERROR] ConditionMgr:805 - Attr not supported : Dmpu
2025-09-26 09:23:56,101 [ERROR] ConditionMgr:805 - Attr not supported : Dmpu
2025-09-26 09:23:56,101 [ERROR] ConditionMgr:805 - Attr not supported : Dmpu
2025-09-26 09:23:56,101 [ERROR] ConditionMgr:805 - Attr not supported : Dmpu
2025-09-26 09:23:56,101 [ERROR] ConditionMgr:805 - Attr not supported : Dmpu
2025-09-26 09:23:56,101 [ERROR] ConditionMgr:805 - Attr not supported : Dmpu
2025-09-26 09:23:56,101 [ERROR] ConditionMgr:805 - Attr not supported : Dmpu
2025-09-26 09:23:56,101 [ERROR] ConditionMgr:805 - Attr not supported : Dmpu
2025-09-26 09:23:56,101 [ERROR] ConditionMgr:805 - Attr not supported : Dmpu
2025-09-26 09:23:56,102 [ERROR] ConditionMgr:805 - Attr not supported : Dmpu
2025-09-26 09:23:56,102 [ERROR] ConditionMgr:805 - Attr not supported : Dmpu
2025-09-26 09:23:56,102 [ERROR] ConditionMgr:805 - Attr not supported : Dmpu
2025-09-26 09:23:56,102 [ERROR] ConditionMgr:805 - Attr not supported : Dmpu
2025-09-26 09:23:56,102 [ERROR] ConditionMgr:805 - Attr not supported : Dmpu
2025-09-26 09:23:56,102 [ERROR] ConditionMgr:805 - Attr not supported : Dmpu
2025-09-26 09:23:56,102 [ERROR] ConditionMgr:805 - Attr not supported : Dmpu
2025-09-26 09:23:56,102 [ERROR] ConditionMgr:805 - Attr not supported : Dmpu
2025-09-26 09:23:56,102 [ERROR] ConditionMgr:805 - Attr not supported : Dmpu
2025-09-26 09:23:56,102 [ERROR] ConditionMgr:805 - Attr not supported : Dmpu
2025-09-26 09:23:56,102 [ERROR] ConditionMgr:805 - Attr not supported : Dmpu
2025-09-26 09:23:56,102 [ERROR] ConditionMgr:805 - Attr not supported : Dmpu
2025-09-26 09:23:56,102 [ERROR] ConditionMgr:805 - Attr not supported : Dmpu
2025-09-26 09:23:56,102 [ERROR] ConditionMgr:805 - Attr not supported : Dmpu
2025-09-26 09:23:56,102 [ERROR] ConditionMgr:805 - Attr not supported : Dmpu
2025-09-26 09:23:56,102 [ERROR] ConditionMgr:805 - Attr not supported : Dmpu
2025-09-26 09:23:56,102 [ERROR] ConditionMgr:805 - Attr not supported : Dmpu
2025-09-26 09:23:56,102 [ERROR] ConditionMgr:805 - Attr not supported : Dmpu
2025-09-26 09:23:56,102 [ERROR] ConditionMgr:805 - Attr not supported : Dmpu
2025-09-26 09:23:56,102 [ERROR] ConditionMgr:805 - Attr not supported : Dmpu
2025-09-26 09:23:56,102 [ERROR] ConditionMgr:805 - Attr not supported : Dmpu
2025-09-26 09:23:56,102 [ERROR] ConditionMgr:805 - Attr not supported : Dmpu
2025-09-26 09:23:56,102 [ERROR] ConditionMgr:805 - Attr not supported : Dmpu
2025-09-26 09:23:56,102 [ERROR] ConditionMgr:805 - Attr not supported : Dmpu
2025-09-26 09:23:56,102 [ERROR] ConditionMgr:805 - Attr not supported : Dmpu
2025-09-26 09:23:56,102 [ERROR] ConditionMgr:805 - Attr not supported : Dmpu
2025-09-26 09:23:56,102 [ERROR] ConditionMgr:805 - Attr not supported : Dmpu
2025-09-26 09:23:56,102 [ERROR] ConditionMgr:805 - Attr not supported : Dmpu
2025-09-26 09:23:56,102 [ERROR] ConditionMgr:805 - Attr not supported : Dmpu
2025-09-26 09:23:56,102 [ERROR] ConditionMgr:805 - Attr not supported : Dmpu
2025-09-26 09:23:56,102 [ERROR] ConditionMgr:805 - Attr not supported : Dmpu
2025-09-26 09:23:56,102 [ERROR] ConditionMgr:805 - Attr not supported : Dmpu
2025-09-26 09:23:56,102 [ERROR] ConditionMgr:805 - Attr not supported : Dmpu
2025-09-26 09:23:56,103 [ERROR] ConditionMgr:805 - Attr not supported : Dmpu
2025-09-26 09:23:56,103 [ERROR] ConditionMgr:805 - Attr not supported : Dmpu
2025-09-26 09:23:56,103 [ERROR] ConditionMgr:805 - Attr not supported : Dmpu
2025-09-26 09:23:56,103 [ERROR] ConditionMgr:805 - Attr not supported : Dmpu
2025-09-26 09:23:56,103 [ERROR] ConditionMgr:805 - Attr not supported : Dmpu
2025-09-26 09:23:56,103 [ERROR] ConditionMgr:805 - Attr not supported : Dmpu
2025-09-26 09:23:56,103 [ERROR] ConditionMgr:805 - Attr not supported : Dmpu
2025-09-26 09:23:56,103 [ERROR] ConditionMgr:805 - Attr not supported : Dmpu
2025-09-26 09:23:56,103 [ERROR] ConditionMgr:805 - Attr not supported : Dmpu
2025-09-26 09:23:56,103 [ERROR] ConditionMgr:805 - Attr not supported : Dmpu
2025-09-26 09:23:56,103 [ERROR] ConditionMgr:805 - Attr not supported : Dmpu
2025-09-26 09:23:56,103 [ERROR] ConditionMgr:805 - Attr not supported : Dmpu
2025-09-26 09:23:56,103 [ERROR] ConditionMgr:805 - Attr not supported : Dmpu
2025-09-26 09:23:56,103 [ERROR] ConditionMgr:805 - Attr not supported : Dmpu
2025-09-26 09:23:56,103 [ERROR] ConditionMgr:805 - Attr not supported : Dmpu
2025-09-26 09:23:56,103 [ERROR] ConditionMgr:805 - Attr not supported : Dmpu
2025-09-26 09:23:56,103 [ERROR] ConditionMgr:805 - Attr not supported : Dmpu
2025-09-26 09:23:56,103 [ERROR] ConditionMgr:805 - Attr not supported : Dmpu
2025-09-26 09:23:56,103 [ERROR] ConditionMgr:805 - Attr not supported : Dmpu
2025-09-26 09:23:56,103 [ERROR] ConditionMgr:805 - Attr not supported : Dmpu
2025-09-26 09:23:56,103 [ERROR] ConditionMgr:805 - Attr not supported : Dmpu
2025-09-26 09:23:56,103 [ERROR] ConditionMgr:805 - Attr not supported : Dmpu
2025-09-26 09:23:56,121 [WARN] PackLoader:240 - Cannot read IP mode file for STMicroelectronics.X-CUBE-WB05N.2.0.0
2025-09-26 09:23:56,146 [WARN] PackLoader:240 - Cannot read IP mode file for STMicroelectronics.X-CUBE-BLEMGR.3.0.0
2025-09-26 09:23:56,164 [ERROR] Engine:466 - C:\Users\RND1\.stm32cubemx\thirdparties\pdsc\STMicroelectronics.X-CUBE-TCPP.4.2.0.pdsc: PDSC version is not supported
2025-09-26 09:23:56,179 [WARN] PackLoader:240 - Cannot read IP mode file for RealThread.X-CUBE-RT-Thread_Nano.4.1.1
2025-09-26 09:23:56,197 [WARN] PackLoader:240 - Cannot read IP mode file for STMicroelectronics.FP-ATR-SIGFOX1.3.2.0
2025-09-26 09:23:56,212 [WARN] ConditionMgr:438 - getConditionDescription Invalid condition id : Cortex-A Device cause : null
2025-09-26 09:23:56,236 [WARN] ConditionMgr:1039 - genDependencies : Invalid condition id : Cortex-A Device cause : null
2025-09-26 09:23:56,237 [WARN] ConditionMgr:1039 - genDependencies : Invalid condition id : Cortex-A Device cause : null
2025-09-26 09:23:56,237 [WARN] ConditionMgr:1039 - genDependencies : Invalid condition id : Cortex-A Device cause : null
2025-09-26 09:23:56,250 [WARN] PackLoader:240 - Cannot read IP mode file for STMicroelectronics.X-CUBE-EEPRMA1.5.1.0
2025-09-26 09:23:56,264 [ERROR] Engine:466 - C:\Users\RND1\.stm32cubemx\thirdparties\pdsc\STMicroelectronics.X-CUBE-ST67W61.1.0.0.pdsc: PDSC version is not supported
2025-09-26 09:23:56,278 [WARN] PackLoader:240 - Cannot read IP mode file for STMicroelectronics.X-CUBE-AI.10.2.0
2025-09-26 09:23:56,305 [WARN] PackLoader:240 - Cannot read IP mode file for SEGGER.I-CUBE-embOS.1.3.1
2025-09-26 09:23:56,352 [WARN] PackLoader:240 - Cannot read IP mode file for STMicroelectronics.X-CUBE-ALGOBUILD.1.4.0
2025-09-26 09:23:56,415 [WARN] PackLoader:240 - Cannot read IP mode file for STMicroelectronics.X-CUBE-MEMS1.11.3.0
2025-09-26 09:23:56,501 [WARN] PackLoader:240 - Cannot read IP mode file for STMicroelectronics.X-CUBE-AI.9.1.0
2025-09-26 09:23:56,526 [WARN] PackLoader:240 - Cannot read IP mode file for STMicroelectronics.X-CUBE-PM33A1.1.0.0
2025-09-26 09:23:56,531 [INFO] WebApp:448 - Apply proxy settings
2025-09-26 09:23:56,548 [WARN] PackLoader:240 - Cannot read IP mode file for STMicroelectronics.X-CUBE-GNSS1.6.0.0
2025-09-26 09:23:56,582 [WARN] PackLoader:240 - Cannot read IP mode file for STMicroelectronics.X-CUBE-AZRTOS-F4.1.1.0
2025-09-26 09:23:56,613 [WARN] PackLoader:240 - Cannot read IP mode file for wolfSSL.I-CUBE-wolfSSL.5.6.4
2025-09-26 09:23:56,629 [ERROR] Engine:466 - C:\Users\RND1\.stm32cubemx\thirdparties\pdsc\Avnet-IotConnect.X-CUBE-IoTC-DA16k-PMOD.1.0.0.pdsc: PDSC version is not supported
2025-09-26 09:23:56,649 [INFO] WebApp:493 - Chromium authenticates against Manually configured proxy
2025-09-26 09:23:56,650 [WARN] PackLoader:240 - Cannot read IP mode file for STMicroelectronics.X-CUBE-ISPU.2.1.0
2025-09-26 09:23:56,661 [INFO] WebApp:501 - Username used for proxy authentication: 
2025-09-26 09:23:56,670 [WARN] PackLoader:240 - Cannot read IP mode file for STMicroelectronics.X-CUBE-FREERTOS.1.2.0
2025-09-26 09:23:56,692 [WARN] PackLoader:240 - Cannot read IP mode file for STMicroelectronics.X-CUBE-NFC12.1.0.0
2025-09-26 09:23:56,710 [INFO] WebApp:869 - Register for checkConnection events
2025-09-26 09:23:56,711 [INFO] WebApp:448 - Apply proxy settings
2025-09-26 09:23:56,716 [INFO] WebApp:493 - Chromium authenticates against Manually configured proxy
2025-09-26 09:23:56,717 [INFO] WebApp:501 - Username used for proxy authentication: 
2025-09-26 09:23:56,727 [WARN] PackLoader:240 - Cannot read IP mode file for STMicroelectronics.X-CUBE-AZRTOS-L5.2.0.0
2025-09-26 09:23:56,744 [WARN] PackLoader:240 - Cannot read IP mode file for STMicroelectronics.X-CUBE-EEPRMA1.4.2.0
2025-09-26 09:23:56,763 [WARN] PackLoader:240 - Cannot read IP mode file for STMicroelectronics.X-CUBE-NFC6.3.1.0
2025-09-26 09:23:56,782 [WARN] PackLoader:240 - Cannot read IP mode file for ITTIA_DB.I-CUBE-ITTIADB.8.8.0
2025-09-26 09:23:56,799 [WARN] PackLoader:240 - Cannot read IP mode file for STMicroelectronics.X-CUBE-DPower.1.2.0
2025-09-26 09:23:56,815 [WARN] PackLoader:240 - Cannot read IP mode file for STMicroelectronics.X-CUBE-AI.9.0.0
2025-09-26 09:23:56,834 [WARN] PackLoader:240 - Cannot read IP mode file for STMicroelectronics.X-CUBE-FREERTOS.1.3.1
2025-09-26 09:23:56,849 [WARN] PackLoader:240 - Cannot read IP mode file for STMicroelectronics.X-CUBE-FREERTOS.1.3.0
2025-09-26 09:23:56,864 [WARN] PackLoader:240 - Cannot read IP mode file for STMicroelectronics.X-CUBE-NFC7.1.0.1
2025-09-26 09:23:56,881 [WARN] PackLoader:240 - Cannot read IP mode file for STMicroelectronics.X-CUBE-NFC6.3.0.0
2025-09-26 09:23:56,895 [ERROR] Engine:466 - C:\Users\RND1\.stm32cubemx\thirdparties\pdsc\STMicroelectronics.FP-SNS-STAIOTCFT.1.0.0.pdsc: PDSC version is not supported
2025-09-26 09:23:56,906 [WARN] PackLoader:240 - Cannot read IP mode file for STMicroelectronics.X-CUBE-DPower.1.3.0
2025-09-26 09:23:56,919 [WARN] PackLoader:240 - Cannot read IP mode file for STMicroelectronics.X-CUBE-AI.8.1.0
2025-09-26 09:23:56,939 [INFO] WebApp:220 - Starting web application
2025-09-26 09:23:56,939 [INFO] WebApp:578 - Web application path used C:\ST\STM32CubeIDE_1.16.1\STM32CubeIDE\plugins\com.st.stm32cube.common.mx_6.12.1.202409122256\db\plugins\mcufinder\reactClient1\index.html
2025-09-26 09:23:56,946 [WARN] ConditionMgr:438 - getConditionDescription Invalid condition id : LAN8742 Phy interface Condition cause : null
2025-09-26 09:23:56,947 [WARN] PackLoader:240 - Cannot read IP mode file for STMicroelectronics.X-CUBE-AZRTOS-L4.2.0.0
2025-09-26 09:23:56,948 [WARN] ConditionMgr:1039 - genDependencies : Invalid condition id : LAN8742 Phy interface Condition cause : null
2025-09-26 09:23:56,948 [WARN] ConditionMgr:1039 - genDependencies : Invalid condition id : LAN8742 Phy interface Condition cause : null
2025-09-26 09:23:56,948 [WARN] ConditionMgr:1039 - genDependencies : Invalid condition id : LAN8742 Phy interface Condition cause : null
2025-09-26 09:23:56,968 [WARN] PackLoader:240 - Cannot read IP mode file for STMicroelectronics.X-CUBE-SFXS2LP1.4.0.0
2025-09-26 09:23:57,015 [WARN] PackLoader:240 - Cannot read IP mode file for STMicroelectronics.X-CUBE-AZRTOS-H7.3.3.0
2025-09-26 09:23:57,031 [ERROR] Engine:466 - C:\Users\RND1\.stm32cubemx\thirdparties\pdsc\STMicroelectronics.X-CUBE-BLEMGR.4.1.0.pdsc: PDSC version is not supported
2025-09-26 09:23:57,053 [WARN] PackLoader:240 - Cannot read IP mode file for STMicroelectronics.X-CUBE-IPS.3.0.0
2025-09-26 09:23:57,085 [WARN] ConditionMgr:438 - getConditionDescription Invalid condition id : UX DEVICE CLASS RTOS Condition cause : null
2025-09-26 09:23:57,085 [WARN] ConditionMgr:438 - getConditionDescription Invalid condition id : UX DEVICE CLASS RTOS Condition cause : null
2025-09-26 09:23:57,087 [WARN] PackLoader:240 - Cannot read IP mode file for STMicroelectronics.X-CUBE-AZRTOS-WB.2.0.0
2025-09-26 09:23:57,088 [WARN] ConditionMgr:1039 - genDependencies : Invalid condition id : UX DEVICE CLASS RTOS Condition cause : null
2025-09-26 09:23:57,088 [WARN] ConditionMgr:1039 - genDependencies : Invalid condition id : UX DEVICE CLASS RTOS Condition cause : null
2025-09-26 09:23:57,089 [WARN] ConditionMgr:1039 - genDependencies : Invalid condition id : UX DEVICE CLASS RTOS Condition cause : null
2025-09-26 09:23:57,089 [WARN] ConditionMgr:1039 - genDependencies : Invalid condition id : UX DEVICE CLASS RTOS Condition cause : null
2025-09-26 09:23:57,089 [WARN] ConditionMgr:1039 - genDependencies : Invalid condition id : UX DEVICE CLASS RTOS Condition cause : null
2025-09-26 09:23:57,108 [WARN] PackLoader:240 - Cannot read IP mode file for STMicroelectronics.X-CUBE-GNSS1.7.0.0
2025-09-26 09:23:57,110 [INFO] UserAuth:417 - Internet connection configuration mode: 1
2025-09-26 09:23:57,128 [WARN] PackLoader:240 - Cannot read IP mode file for STMicroelectronics.X-CUBE-GNSS1.7.0.1
2025-09-26 09:23:57,148 [WARN] PackLoader:240 - Cannot read IP mode file for STMicroelectronics.X-CUBE-TOUCHGFX.4.25.0
2025-09-26 09:23:57,167 [WARN] PackLoader:240 - Cannot read IP mode file for STMicroelectronics.FP-SNS-STBOX1.2.0.0
2025-09-26 09:23:57,189 [WARN] PackLoader:240 - Cannot read IP mode file for STMicroelectronics.X-CUBE-SUBG2.5.0.0
2025-09-26 09:23:57,232 [WARN] PackLoader:240 - Cannot read IP mode file for STMicroelectronics.X-CUBE-AZRTOS-H7RS.1.1.0
2025-09-26 09:23:57,269 [WARN] PackLoader:240 - Cannot read IP mode file for STMicroelectronics.X-CUBE-AZRTOS-G4.2.0.0
2025-09-26 09:23:57,308 [WARN] PackLoader:240 - Cannot read IP mode file for Infineon.AIROC-Wi-Fi-Bluetooth-STM32.1.5.1
2025-09-26 09:23:57,333 [WARN] PackLoader:240 - Cannot read IP mode file for STMicroelectronics.X-CUBE-NFC7.2.0.0
2025-09-26 09:23:57,353 [WARN] PackLoader:240 - Cannot read IP mode file for STMicroelectronics.FP-SNS-MOTENVWB1.1.3.1
2025-09-26 09:23:57,355 [INFO] WebApp:186 - Connection restablished
2025-09-26 09:23:57,372 [WARN] PackLoader:240 - Cannot read IP mode file for STMicroelectronics.X-CUBE-ISPU.2.0.0
2025-09-26 09:23:57,393 [ERROR] Engine:466 - C:\Users\RND1\.stm32cubemx\thirdparties\pdsc\STMicroelectronics.X-CUBE-IPS.3.1.0.pdsc: PDSC version is not supported
2025-09-26 09:23:57,413 [WARN] PackLoader:240 - Cannot read IP mode file for STMicroelectronics.X-CUBE-ALS.1.0.2
2025-09-26 09:23:57,481 [WARN] PackLoader:240 - Cannot read IP mode file for STMicroelectronics.X-CUBE-MEMS1.10.0.0
2025-09-26 09:23:57,572 [WARN] PackLoader:240 - Cannot read IP mode file for STMicroelectronics.X-CUBE-FREERTOS.1.1.0
2025-09-26 09:23:57,588 [WARN] PackLoader:240 - Cannot read IP mode file for STMicroelectronics.X-CUBE-TOUCHGFX.4.24.0
2025-09-26 09:23:57,607 [WARN] PackLoader:240 - Cannot read IP mode file for STMicroelectronics.X-CUBE-TOUCHGFX.4.24.2
2025-09-26 09:23:57,621 [WARN] PackLoader:240 - Cannot read IP mode file for STMicroelectronics.X-CUBE-TOUCHGFX.4.24.1
2025-09-26 09:23:57,635 [WARN] PackLoader:240 - Cannot read IP mode file for STMicroelectronics.X-CUBE-STSE01.1.0.0
2025-09-26 09:23:57,653 [WARN] PackLoader:240 - Cannot read IP mode file for wolfSSL.I-CUBE-wolfTPM.3.4.0
2025-09-26 09:23:57,674 [WARN] PackLoader:240 - Cannot read IP mode file for portGmbH.I-Cube-SoM-uGOAL.1.1.0
2025-09-26 09:23:57,690 [WARN] PackLoader:240 - Cannot read IP mode file for STMicroelectronics.X-CUBE-ALS.1.0.1
2025-09-26 09:23:57,718 [WARN] PackLoader:240 - Cannot read IP mode file for STMicroelectronics.X-CUBE-AZRTOS-H7RS.1.0.0
2025-09-26 09:23:57,736 [WARN] PackLoader:240 - Cannot read IP mode file for STMicroelectronics.FP-ATR-ASTRA1.2.0.0
2025-09-26 09:23:57,756 [WARN] PackLoader:240 - Cannot read IP mode file for STMicroelectronics.X-CUBE-TOF1.3.4.2
2025-09-26 09:23:57,774 [ERROR] Engine:466 - C:\Users\RND1\.stm32cubemx\thirdparties\pdsc\STMicroelectronics.X-CUBE-TOF1.3.4.3.pdsc: PDSC version is not supported
2025-09-26 09:23:57,789 [WARN] PackLoader:240 - Cannot read IP mode file for STMicroelectronics.X-CUBE-TOF1.3.4.0
2025-09-26 09:23:57,813 [WARN] PackLoader:240 - Cannot read IP mode file for STMicroelectronics.X-CUBE-TOF1.3.4.1
2025-09-26 09:23:57,846 [WARN] PackLoader:240 - Cannot read IP mode file for STMicroelectronics.X-CUBE-AZRTOS-H7.3.2.0
2025-09-26 09:23:57,863 [WARN] PackLoader:240 - Cannot read IP mode file for wolfSSL.I-CUBE-wolfSSH.1.4.17
2025-09-26 09:23:57,863 [INFO] ThirdParty:978 - Integrity check success = true
2025-09-26 09:23:57,863 [INFO] IntegrityCheckThread:100 - exiting critical section [integrity check]
2025-09-26 09:23:57,863 [INFO] IntegrityCheckThread:103 - End integrity checks thread
2025-09-26 16:29:52,924 [ERROR] LogOutputStream:75 - [STDERR_REDIRECT] 
