../Core/Src/st7789.c:12:20:CS_Select	8	static
../Core/Src/st7789.c:13:20:CS_Unselect	8	static
../Core/Src/st7789.c:14:20:DC_Command	8	static
../Core/Src/st7789.c:15:20:DC_Data	8	static
../Core/Src/st7789.c:17:13:ST7789_Reset	8	static
../Core/Src/st7789.c:24:13:WriteCommand	16	static
../Core/Src/st7789.c:31:13:WriteData	16	static
../Core/Src/st7789.c:38:13:WriteData16	24	static
../Core/Src/st7789.c:43:13:SetAddrWindow	32	static
../Core/Src/st7789.c:59:6:ST7789_SetRotation	24	static
../Core/Src/st7789.c:72:6:ST7789_Init	16	static
../Core/Src/st7789.c:105:6:ST7789_DrawPixel	16	static
../Core/Src/st7789.c:111:6:ST7789_FillRect	296	static
../Core/Src/st7789.c:133:6:ST7789_DrawRect	32	static
../Core/Src/st7789.c:143:6:ST7789_FillScreen	24	static
../Core/Src/st7789.c:147:6:ST7789_DrawImage	296	static
