11:12:41 **** Incremental Build of configuration Debug for project f103_fw ****
make -j16 all 
arm-none-eabi-gcc "../Core/Src/driver/button.c" -mcpu=cortex-m3 -std=gnu11 -g3 -DDEBUG -DUSE_HAL_DRIVER -DSTM32F103xB -c -I../Core/Inc -I"C:/Users/RND1/STM32CubeIDE/workspace_1.16.1/f103_fw/Core/Src/driver" -I../Drivers/STM32F1xx_HAL_Driver/Inc -I../Drivers/STM32F1xx_HAL_Driver/Inc/Legacy -I../Drivers/CMSIS/Device/ST/STM32F1xx/Include -I../Drivers/CMSIS/Include -O0 -ffunction-sections -fdata-sections -Wall -fstack-usage -fcyclomatic-complexity -MMD -MP -MF"Core/Src/driver/button.d" -MT"Core/Src/driver/button.o" --specs=nano.specs -mfloat-abi=soft -mthumb -o "Core/Src/driver/button.o"
arm-none-eabi-gcc -o "f103_fw.elf" @"objects.list"   -mcpu=cortex-m3 -T"C:\Users\RND1\STM32CubeIDE\workspace_1.16.1\f103_fw\STM32F103C8TX_FLASH.ld" --specs=nosys.specs -Wl,-Map="f103_fw.map" -Wl,--gc-sections -static --specs=nano.specs -mfloat-abi=soft -mthumb -Wl,--start-group -lc -lm -Wl,--end-group
Finished building target: f103_fw.elf
 
arm-none-eabi-size  f103_fw.elf 
arm-none-eabi-objdump -h -S f103_fw.elf  > "f103_fw.list"
   text	   data	    bss	    dec	    hex	filename
  11256	     12	   1748	  13016	   32d8	f103_fw.elf
Finished building: default.size.stdout
 
Finished building: f103_fw.list
 

11:12:42 Build Finished. 0 errors, 0 warnings. (took 778ms)

