15:58:33 **** Build of configuration Debug for project f103_ssd1603 ****
make -j16 all 
arm-none-eabi-gcc "../Drivers/STM32F1xx_HAL_Driver/Src/stm32f1xx_hal.c" -mcpu=cortex-m3 -std=gnu11 -g3 -DDEBUG -DUSE_HAL_DRIVER -DSTM32F103xB -c -I../Core/Inc -I"C:/Users/RND1/STM32CubeIDE/workspace_1.16.1/f103_ssd1603/Core/driver" -I"C:/Users/RND1/STM32CubeIDE/workspace_1.16.1/f103_ssd1603/Core/driver" -I"C:/Users/RND1/STM32CubeIDE/workspace_1.16.1/f103_ssd1603/Drivers" -I../Drivers/STM32F1xx_HAL_Driver/Inc/Legacy -I../Drivers/STM32F1xx_HAL_Driver/Inc -I../Drivers/CMSIS/Device/ST/STM32F1xx/Include -I../Drivers/CMSIS/Include -O0 -ffunction-sections -fdata-sections -Wall -fstack-usage -fcyclomatic-complexity -MMD -MP -MF"Drivers/STM32F1xx_HAL_Driver/Src/stm32f1xx_hal.d" -MT"Drivers/STM32F1xx_HAL_Driver/Src/stm32f1xx_hal.o" --specs=nano.specs -mfloat-abi=soft -mthumb -o "Drivers/STM32F1xx_HAL_Driver/Src/stm32f1xx_hal.o"
arm-none-eabi-gcc "../Drivers/STM32F1xx_HAL_Driver/Src/stm32f1xx_hal_adc.c" -mcpu=cortex-m3 -std=gnu11 -g3 -DDEBUG -DUSE_HAL_DRIVER -DSTM32F103xB -c -I../Core/Inc -I"C:/Users/RND1/STM32CubeIDE/workspace_1.16.1/f103_ssd1603/Core/driver" -I"C:/Users/RND1/STM32CubeIDE/workspace_1.16.1/f103_ssd1603/Core/driver" -I"C:/Users/RND1/STM32CubeIDE/workspace_1.16.1/f103_ssd1603/Drivers" -I../Drivers/STM32F1xx_HAL_Driver/Inc/Legacy -I../Drivers/STM32F1xx_HAL_Driver/Inc -I../Drivers/CMSIS/Device/ST/STM32F1xx/Include -I../Drivers/CMSIS/Include -O0 -ffunction-sections -fdata-sections -Wall -fstack-usage -fcyclomatic-complexity -MMD -MP -MF"Drivers/STM32F1xx_HAL_Driver/Src/stm32f1xx_hal_adc.d" -MT"Drivers/STM32F1xx_HAL_Driver/Src/stm32f1xx_hal_adc.o" --specs=nano.specs -mfloat-abi=soft -mthumb -o "Drivers/STM32F1xx_HAL_Driver/Src/stm32f1xx_hal_adc.o"
arm-none-eabi-gcc "../Drivers/STM32F1xx_HAL_Driver/Src/stm32f1xx_hal_adc_ex.c" -mcpu=cortex-m3 -std=gnu11 -g3 -DDEBUG -DUSE_HAL_DRIVER -DSTM32F103xB -c -I../Core/Inc -I"C:/Users/RND1/STM32CubeIDE/workspace_1.16.1/f103_ssd1603/Core/driver" -I"C:/Users/RND1/STM32CubeIDE/workspace_1.16.1/f103_ssd1603/Core/driver" -I"C:/Users/RND1/STM32CubeIDE/workspace_1.16.1/f103_ssd1603/Drivers" -I../Drivers/STM32F1xx_HAL_Driver/Inc/Legacy -I../Drivers/STM32F1xx_HAL_Driver/Inc -I../Drivers/CMSIS/Device/ST/STM32F1xx/Include -I../Drivers/CMSIS/Include -O0 -ffunction-sections -fdata-sections -Wall -fstack-usage -fcyclomatic-complexity -MMD -MP -MF"Drivers/STM32F1xx_HAL_Driver/Src/stm32f1xx_hal_adc_ex.d" -MT"Drivers/STM32F1xx_HAL_Driver/Src/stm32f1xx_hal_adc_ex.o" --specs=nano.specs -mfloat-abi=soft -mthumb -o "Drivers/STM32F1xx_HAL_Driver/Src/stm32f1xx_hal_adc_ex.o"
arm-none-eabi-gcc "../Drivers/STM32F1xx_HAL_Driver/Src/stm32f1xx_hal_cortex.c" -mcpu=cortex-m3 -std=gnu11 -g3 -DDEBUG -DUSE_HAL_DRIVER -DSTM32F103xB -c -I../Core/Inc -I"C:/Users/RND1/STM32CubeIDE/workspace_1.16.1/f103_ssd1603/Core/driver" -I"C:/Users/RND1/STM32CubeIDE/workspace_1.16.1/f103_ssd1603/Core/driver" -I"C:/Users/RND1/STM32CubeIDE/workspace_1.16.1/f103_ssd1603/Drivers" -I../Drivers/STM32F1xx_HAL_Driver/Inc/Legacy -I../Drivers/STM32F1xx_HAL_Driver/Inc -I../Drivers/CMSIS/Device/ST/STM32F1xx/Include -I../Drivers/CMSIS/Include -O0 -ffunction-sections -fdata-sections -Wall -fstack-usage -fcyclomatic-complexity -MMD -MP -MF"Drivers/STM32F1xx_HAL_Driver/Src/stm32f1xx_hal_cortex.d" -MT"Drivers/STM32F1xx_HAL_Driver/Src/stm32f1xx_hal_cortex.o" --specs=nano.specs -mfloat-abi=soft -mthumb -o "Drivers/STM32F1xx_HAL_Driver/Src/stm32f1xx_hal_cortex.o"
arm-none-eabi-gcc "../Drivers/STM32F1xx_HAL_Driver/Src/stm32f1xx_hal_dma.c" -mcpu=cortex-m3 -std=gnu11 -g3 -DDEBUG -DUSE_HAL_DRIVER -DSTM32F103xB -c -I../Core/Inc -I"C:/Users/RND1/STM32CubeIDE/workspace_1.16.1/f103_ssd1603/Core/driver" -I"C:/Users/RND1/STM32CubeIDE/workspace_1.16.1/f103_ssd1603/Core/driver" -I"C:/Users/RND1/STM32CubeIDE/workspace_1.16.1/f103_ssd1603/Drivers" -I../Drivers/STM32F1xx_HAL_Driver/Inc/Legacy -I../Drivers/STM32F1xx_HAL_Driver/Inc -I../Drivers/CMSIS/Device/ST/STM32F1xx/Include -I../Drivers/CMSIS/Include -O0 -ffunction-sections -fdata-sections -Wall -fstack-usage -fcyclomatic-complexity -MMD -MP -MF"Drivers/STM32F1xx_HAL_Driver/Src/stm32f1xx_hal_dma.d" -MT"Drivers/STM32F1xx_HAL_Driver/Src/stm32f1xx_hal_dma.o" --specs=nano.specs -mfloat-abi=soft -mthumb -o "Drivers/STM32F1xx_HAL_Driver/Src/stm32f1xx_hal_dma.o"
arm-none-eabi-gcc "../Drivers/STM32F1xx_HAL_Driver/Src/stm32f1xx_hal_exti.c" -mcpu=cortex-m3 -std=gnu11 -g3 -DDEBUG -DUSE_HAL_DRIVER -DSTM32F103xB -c -I../Core/Inc -I"C:/Users/RND1/STM32CubeIDE/workspace_1.16.1/f103_ssd1603/Core/driver" -I"C:/Users/RND1/STM32CubeIDE/workspace_1.16.1/f103_ssd1603/Core/driver" -I"C:/Users/RND1/STM32CubeIDE/workspace_1.16.1/f103_ssd1603/Drivers" -I../Drivers/STM32F1xx_HAL_Driver/Inc/Legacy -I../Drivers/STM32F1xx_HAL_Driver/Inc -I../Drivers/CMSIS/Device/ST/STM32F1xx/Include -I../Drivers/CMSIS/Include -O0 -ffunction-sections -fdata-sections -Wall -fstack-usage -fcyclomatic-complexity -MMD -MP -MF"Drivers/STM32F1xx_HAL_Driver/Src/stm32f1xx_hal_exti.d" -MT"Drivers/STM32F1xx_HAL_Driver/Src/stm32f1xx_hal_exti.o" --specs=nano.specs -mfloat-abi=soft -mthumb -o "Drivers/STM32F1xx_HAL_Driver/Src/stm32f1xx_hal_exti.o"
arm-none-eabi-gcc "../Drivers/STM32F1xx_HAL_Driver/Src/stm32f1xx_hal_flash.c" -mcpu=cortex-m3 -std=gnu11 -g3 -DDEBUG -DUSE_HAL_DRIVER -DSTM32F103xB -c -I../Core/Inc -I"C:/Users/RND1/STM32CubeIDE/workspace_1.16.1/f103_ssd1603/Core/driver" -I"C:/Users/RND1/STM32CubeIDE/workspace_1.16.1/f103_ssd1603/Core/driver" -I"C:/Users/RND1/STM32CubeIDE/workspace_1.16.1/f103_ssd1603/Drivers" -I../Drivers/STM32F1xx_HAL_Driver/Inc/Legacy -I../Drivers/STM32F1xx_HAL_Driver/Inc -I../Drivers/CMSIS/Device/ST/STM32F1xx/Include -I../Drivers/CMSIS/Include -O0 -ffunction-sections -fdata-sections -Wall -fstack-usage -fcyclomatic-complexity -MMD -MP -MF"Drivers/STM32F1xx_HAL_Driver/Src/stm32f1xx_hal_flash.d" -MT"Drivers/STM32F1xx_HAL_Driver/Src/stm32f1xx_hal_flash.o" --specs=nano.specs -mfloat-abi=soft -mthumb -o "Drivers/STM32F1xx_HAL_Driver/Src/stm32f1xx_hal_flash.o"
arm-none-eabi-gcc "../Drivers/STM32F1xx_HAL_Driver/Src/stm32f1xx_hal_flash_ex.c" -mcpu=cortex-m3 -std=gnu11 -g3 -DDEBUG -DUSE_HAL_DRIVER -DSTM32F103xB -c -I../Core/Inc -I"C:/Users/RND1/STM32CubeIDE/workspace_1.16.1/f103_ssd1603/Core/driver" -I"C:/Users/RND1/STM32CubeIDE/workspace_1.16.1/f103_ssd1603/Core/driver" -I"C:/Users/RND1/STM32CubeIDE/workspace_1.16.1/f103_ssd1603/Drivers" -I../Drivers/STM32F1xx_HAL_Driver/Inc/Legacy -I../Drivers/STM32F1xx_HAL_Driver/Inc -I../Drivers/CMSIS/Device/ST/STM32F1xx/Include -I../Drivers/CMSIS/Include -O0 -ffunction-sections -fdata-sections -Wall -fstack-usage -fcyclomatic-complexity -MMD -MP -MF"Drivers/STM32F1xx_HAL_Driver/Src/stm32f1xx_hal_flash_ex.d" -MT"Drivers/STM32F1xx_HAL_Driver/Src/stm32f1xx_hal_flash_ex.o" --specs=nano.specs -mfloat-abi=soft -mthumb -o "Drivers/STM32F1xx_HAL_Driver/Src/stm32f1xx_hal_flash_ex.o"
arm-none-eabi-gcc "../Drivers/STM32F1xx_HAL_Driver/Src/stm32f1xx_hal_gpio.c" -mcpu=cortex-m3 -std=gnu11 -g3 -DDEBUG -DUSE_HAL_DRIVER -DSTM32F103xB -c -I../Core/Inc -I"C:/Users/RND1/STM32CubeIDE/workspace_1.16.1/f103_ssd1603/Core/driver" -I"C:/Users/RND1/STM32CubeIDE/workspace_1.16.1/f103_ssd1603/Core/driver" -I"C:/Users/RND1/STM32CubeIDE/workspace_1.16.1/f103_ssd1603/Drivers" -I../Drivers/STM32F1xx_HAL_Driver/Inc/Legacy -I../Drivers/STM32F1xx_HAL_Driver/Inc -I../Drivers/CMSIS/Device/ST/STM32F1xx/Include -I../Drivers/CMSIS/Include -O0 -ffunction-sections -fdata-sections -Wall -fstack-usage -fcyclomatic-complexity -MMD -MP -MF"Drivers/STM32F1xx_HAL_Driver/Src/stm32f1xx_hal_gpio.d" -MT"Drivers/STM32F1xx_HAL_Driver/Src/stm32f1xx_hal_gpio.o" --specs=nano.specs -mfloat-abi=soft -mthumb -o "Drivers/STM32F1xx_HAL_Driver/Src/stm32f1xx_hal_gpio.o"
arm-none-eabi-gcc "../Drivers/STM32F1xx_HAL_Driver/Src/stm32f1xx_hal_gpio_ex.c" -mcpu=cortex-m3 -std=gnu11 -g3 -DDEBUG -DUSE_HAL_DRIVER -DSTM32F103xB -c -I../Core/Inc -I"C:/Users/RND1/STM32CubeIDE/workspace_1.16.1/f103_ssd1603/Core/driver" -I"C:/Users/RND1/STM32CubeIDE/workspace_1.16.1/f103_ssd1603/Core/driver" -I"C:/Users/RND1/STM32CubeIDE/workspace_1.16.1/f103_ssd1603/Drivers" -I../Drivers/STM32F1xx_HAL_Driver/Inc/Legacy -I../Drivers/STM32F1xx_HAL_Driver/Inc -I../Drivers/CMSIS/Device/ST/STM32F1xx/Include -I../Drivers/CMSIS/Include -O0 -ffunction-sections -fdata-sections -Wall -fstack-usage -fcyclomatic-complexity -MMD -MP -MF"Drivers/STM32F1xx_HAL_Driver/Src/stm32f1xx_hal_gpio_ex.d" -MT"Drivers/STM32F1xx_HAL_Driver/Src/stm32f1xx_hal_gpio_ex.o" --specs=nano.specs -mfloat-abi=soft -mthumb -o "Drivers/STM32F1xx_HAL_Driver/Src/stm32f1xx_hal_gpio_ex.o"
arm-none-eabi-gcc "../Drivers/STM32F1xx_HAL_Driver/Src/stm32f1xx_hal_i2c.c" -mcpu=cortex-m3 -std=gnu11 -g3 -DDEBUG -DUSE_HAL_DRIVER -DSTM32F103xB -c -I../Core/Inc -I"C:/Users/RND1/STM32CubeIDE/workspace_1.16.1/f103_ssd1603/Core/driver" -I"C:/Users/RND1/STM32CubeIDE/workspace_1.16.1/f103_ssd1603/Core/driver" -I"C:/Users/RND1/STM32CubeIDE/workspace_1.16.1/f103_ssd1603/Drivers" -I../Drivers/STM32F1xx_HAL_Driver/Inc/Legacy -I../Drivers/STM32F1xx_HAL_Driver/Inc -I../Drivers/CMSIS/Device/ST/STM32F1xx/Include -I../Drivers/CMSIS/Include -O0 -ffunction-sections -fdata-sections -Wall -fstack-usage -fcyclomatic-complexity -MMD -MP -MF"Drivers/STM32F1xx_HAL_Driver/Src/stm32f1xx_hal_i2c.d" -MT"Drivers/STM32F1xx_HAL_Driver/Src/stm32f1xx_hal_i2c.o" --specs=nano.specs -mfloat-abi=soft -mthumb -o "Drivers/STM32F1xx_HAL_Driver/Src/stm32f1xx_hal_i2c.o"
arm-none-eabi-gcc "../Drivers/STM32F1xx_HAL_Driver/Src/stm32f1xx_hal_pwr.c" -mcpu=cortex-m3 -std=gnu11 -g3 -DDEBUG -DUSE_HAL_DRIVER -DSTM32F103xB -c -I../Core/Inc -I"C:/Users/RND1/STM32CubeIDE/workspace_1.16.1/f103_ssd1603/Core/driver" -I"C:/Users/RND1/STM32CubeIDE/workspace_1.16.1/f103_ssd1603/Core/driver" -I"C:/Users/RND1/STM32CubeIDE/workspace_1.16.1/f103_ssd1603/Drivers" -I../Drivers/STM32F1xx_HAL_Driver/Inc/Legacy -I../Drivers/STM32F1xx_HAL_Driver/Inc -I../Drivers/CMSIS/Device/ST/STM32F1xx/Include -I../Drivers/CMSIS/Include -O0 -ffunction-sections -fdata-sections -Wall -fstack-usage -fcyclomatic-complexity -MMD -MP -MF"Drivers/STM32F1xx_HAL_Driver/Src/stm32f1xx_hal_pwr.d" -MT"Drivers/STM32F1xx_HAL_Driver/Src/stm32f1xx_hal_pwr.o" --specs=nano.specs -mfloat-abi=soft -mthumb -o "Drivers/STM32F1xx_HAL_Driver/Src/stm32f1xx_hal_pwr.o"
arm-none-eabi-gcc "../Drivers/STM32F1xx_HAL_Driver/Src/stm32f1xx_hal_rcc.c" -mcpu=cortex-m3 -std=gnu11 -g3 -DDEBUG -DUSE_HAL_DRIVER -DSTM32F103xB -c -I../Core/Inc -I"C:/Users/RND1/STM32CubeIDE/workspace_1.16.1/f103_ssd1603/Core/driver" -I"C:/Users/RND1/STM32CubeIDE/workspace_1.16.1/f103_ssd1603/Core/driver" -I"C:/Users/RND1/STM32CubeIDE/workspace_1.16.1/f103_ssd1603/Drivers" -I../Drivers/STM32F1xx_HAL_Driver/Inc/Legacy -I../Drivers/STM32F1xx_HAL_Driver/Inc -I../Drivers/CMSIS/Device/ST/STM32F1xx/Include -I../Drivers/CMSIS/Include -O0 -ffunction-sections -fdata-sections -Wall -fstack-usage -fcyclomatic-complexity -MMD -MP -MF"Drivers/STM32F1xx_HAL_Driver/Src/stm32f1xx_hal_rcc.d" -MT"Drivers/STM32F1xx_HAL_Driver/Src/stm32f1xx_hal_rcc.o" --specs=nano.specs -mfloat-abi=soft -mthumb -o "Drivers/STM32F1xx_HAL_Driver/Src/stm32f1xx_hal_rcc.o"
arm-none-eabi-gcc "../Drivers/STM32F1xx_HAL_Driver/Src/stm32f1xx_hal_rcc_ex.c" -mcpu=cortex-m3 -std=gnu11 -g3 -DDEBUG -DUSE_HAL_DRIVER -DSTM32F103xB -c -I../Core/Inc -I"C:/Users/RND1/STM32CubeIDE/workspace_1.16.1/f103_ssd1603/Core/driver" -I"C:/Users/RND1/STM32CubeIDE/workspace_1.16.1/f103_ssd1603/Core/driver" -I"C:/Users/RND1/STM32CubeIDE/workspace_1.16.1/f103_ssd1603/Drivers" -I../Drivers/STM32F1xx_HAL_Driver/Inc/Legacy -I../Drivers/STM32F1xx_HAL_Driver/Inc -I../Drivers/CMSIS/Device/ST/STM32F1xx/Include -I../Drivers/CMSIS/Include -O0 -ffunction-sections -fdata-sections -Wall -fstack-usage -fcyclomatic-complexity -MMD -MP -MF"Drivers/STM32F1xx_HAL_Driver/Src/stm32f1xx_hal_rcc_ex.d" -MT"Drivers/STM32F1xx_HAL_Driver/Src/stm32f1xx_hal_rcc_ex.o" --specs=nano.specs -mfloat-abi=soft -mthumb -o "Drivers/STM32F1xx_HAL_Driver/Src/stm32f1xx_hal_rcc_ex.o"
arm-none-eabi-gcc "../Drivers/STM32F1xx_HAL_Driver/Src/stm32f1xx_hal_tim.c" -mcpu=cortex-m3 -std=gnu11 -g3 -DDEBUG -DUSE_HAL_DRIVER -DSTM32F103xB -c -I../Core/Inc -I"C:/Users/RND1/STM32CubeIDE/workspace_1.16.1/f103_ssd1603/Core/driver" -I"C:/Users/RND1/STM32CubeIDE/workspace_1.16.1/f103_ssd1603/Core/driver" -I"C:/Users/RND1/STM32CubeIDE/workspace_1.16.1/f103_ssd1603/Drivers" -I../Drivers/STM32F1xx_HAL_Driver/Inc/Legacy -I../Drivers/STM32F1xx_HAL_Driver/Inc -I../Drivers/CMSIS/Device/ST/STM32F1xx/Include -I../Drivers/CMSIS/Include -O0 -ffunction-sections -fdata-sections -Wall -fstack-usage -fcyclomatic-complexity -MMD -MP -MF"Drivers/STM32F1xx_HAL_Driver/Src/stm32f1xx_hal_tim.d" -MT"Drivers/STM32F1xx_HAL_Driver/Src/stm32f1xx_hal_tim.o" --specs=nano.specs -mfloat-abi=soft -mthumb -o "Drivers/STM32F1xx_HAL_Driver/Src/stm32f1xx_hal_tim.o"
arm-none-eabi-gcc "../Drivers/STM32F1xx_HAL_Driver/Src/stm32f1xx_hal_tim_ex.c" -mcpu=cortex-m3 -std=gnu11 -g3 -DDEBUG -DUSE_HAL_DRIVER -DSTM32F103xB -c -I../Core/Inc -I"C:/Users/RND1/STM32CubeIDE/workspace_1.16.1/f103_ssd1603/Core/driver" -I"C:/Users/RND1/STM32CubeIDE/workspace_1.16.1/f103_ssd1603/Core/driver" -I"C:/Users/RND1/STM32CubeIDE/workspace_1.16.1/f103_ssd1603/Drivers" -I../Drivers/STM32F1xx_HAL_Driver/Inc/Legacy -I../Drivers/STM32F1xx_HAL_Driver/Inc -I../Drivers/CMSIS/Device/ST/STM32F1xx/Include -I../Drivers/CMSIS/Include -O0 -ffunction-sections -fdata-sections -Wall -fstack-usage -fcyclomatic-complexity -MMD -MP -MF"Drivers/STM32F1xx_HAL_Driver/Src/stm32f1xx_hal_tim_ex.d" -MT"Drivers/STM32F1xx_HAL_Driver/Src/stm32f1xx_hal_tim_ex.o" --specs=nano.specs -mfloat-abi=soft -mthumb -o "Drivers/STM32F1xx_HAL_Driver/Src/stm32f1xx_hal_tim_ex.o"
arm-none-eabi-gcc "../Drivers/STM32F1xx_HAL_Driver/Src/stm32f1xx_hal_uart.c" -mcpu=cortex-m3 -std=gnu11 -g3 -DDEBUG -DUSE_HAL_DRIVER -DSTM32F103xB -c -I../Core/Inc -I"C:/Users/RND1/STM32CubeIDE/workspace_1.16.1/f103_ssd1603/Core/driver" -I"C:/Users/RND1/STM32CubeIDE/workspace_1.16.1/f103_ssd1603/Core/driver" -I"C:/Users/RND1/STM32CubeIDE/workspace_1.16.1/f103_ssd1603/Drivers" -I../Drivers/STM32F1xx_HAL_Driver/Inc/Legacy -I../Drivers/STM32F1xx_HAL_Driver/Inc -I../Drivers/CMSIS/Device/ST/STM32F1xx/Include -I../Drivers/CMSIS/Include -O0 -ffunction-sections -fdata-sections -Wall -fstack-usage -fcyclomatic-complexity -MMD -MP -MF"Drivers/STM32F1xx_HAL_Driver/Src/stm32f1xx_hal_uart.d" -MT"Drivers/STM32F1xx_HAL_Driver/Src/stm32f1xx_hal_uart.o" --specs=nano.specs -mfloat-abi=soft -mthumb -o "Drivers/STM32F1xx_HAL_Driver/Src/stm32f1xx_hal_uart.o"
arm-none-eabi-gcc "../Core/driver/bme280.c" -mcpu=cortex-m3 -std=gnu11 -g3 -DDEBUG -DUSE_HAL_DRIVER -DSTM32F103xB -c -I../Core/Inc -I"C:/Users/RND1/STM32CubeIDE/workspace_1.16.1/f103_ssd1603/Core/driver" -I"C:/Users/RND1/STM32CubeIDE/workspace_1.16.1/f103_ssd1603/Core/driver" -I"C:/Users/RND1/STM32CubeIDE/workspace_1.16.1/f103_ssd1603/Drivers" -I../Drivers/STM32F1xx_HAL_Driver/Inc/Legacy -I../Drivers/STM32F1xx_HAL_Driver/Inc -I../Drivers/CMSIS/Device/ST/STM32F1xx/Include -I../Drivers/CMSIS/Include -O0 -ffunction-sections -fdata-sections -Wall -fstack-usage -fcyclomatic-complexity -MMD -MP -MF"Core/driver/bme280.d" -MT"Core/driver/bme280.o" --specs=nano.specs -mfloat-abi=soft -mthumb -o "Core/driver/bme280.o"
arm-none-eabi-gcc "../Core/driver/button.c" -mcpu=cortex-m3 -std=gnu11 -g3 -DDEBUG -DUSE_HAL_DRIVER -DSTM32F103xB -c -I../Core/Inc -I"C:/Users/RND1/STM32CubeIDE/workspace_1.16.1/f103_ssd1603/Core/driver" -I"C:/Users/RND1/STM32CubeIDE/workspace_1.16.1/f103_ssd1603/Core/driver" -I"C:/Users/RND1/STM32CubeIDE/workspace_1.16.1/f103_ssd1603/Drivers" -I../Drivers/STM32F1xx_HAL_Driver/Inc/Legacy -I../Drivers/STM32F1xx_HAL_Driver/Inc -I../Drivers/CMSIS/Device/ST/STM32F1xx/Include -I../Drivers/CMSIS/Include -O0 -ffunction-sections -fdata-sections -Wall -fstack-usage -fcyclomatic-complexity -MMD -MP -MF"Core/driver/button.d" -MT"Core/driver/button.o" --specs=nano.specs -mfloat-abi=soft -mthumb -o "Core/driver/button.o"
arm-none-eabi-gcc "../Core/driver/hx711.c" -mcpu=cortex-m3 -std=gnu11 -g3 -DDEBUG -DUSE_HAL_DRIVER -DSTM32F103xB -c -I../Core/Inc -I"C:/Users/RND1/STM32CubeIDE/workspace_1.16.1/f103_ssd1603/Core/driver" -I"C:/Users/RND1/STM32CubeIDE/workspace_1.16.1/f103_ssd1603/Core/driver" -I"C:/Users/RND1/STM32CubeIDE/workspace_1.16.1/f103_ssd1603/Drivers" -I../Drivers/STM32F1xx_HAL_Driver/Inc/Legacy -I../Drivers/STM32F1xx_HAL_Driver/Inc -I../Drivers/CMSIS/Device/ST/STM32F1xx/Include -I../Drivers/CMSIS/Include -O0 -ffunction-sections -fdata-sections -Wall -fstack-usage -fcyclomatic-complexity -MMD -MP -MF"Core/driver/hx711.d" -MT"Core/driver/hx711.o" --specs=nano.specs -mfloat-abi=soft -mthumb -o "Core/driver/hx711.o"
arm-none-eabi-gcc "../Core/driver/ssd1306.c" -mcpu=cortex-m3 -std=gnu11 -g3 -DDEBUG -DUSE_HAL_DRIVER -DSTM32F103xB -c -I../Core/Inc -I"C:/Users/RND1/STM32CubeIDE/workspace_1.16.1/f103_ssd1603/Core/driver" -I"C:/Users/RND1/STM32CubeIDE/workspace_1.16.1/f103_ssd1603/Core/driver" -I"C:/Users/RND1/STM32CubeIDE/workspace_1.16.1/f103_ssd1603/Drivers" -I../Drivers/STM32F1xx_HAL_Driver/Inc/Legacy -I../Drivers/STM32F1xx_HAL_Driver/Inc -I../Drivers/CMSIS/Device/ST/STM32F1xx/Include -I../Drivers/CMSIS/Include -O0 -ffunction-sections -fdata-sections -Wall -fstack-usage -fcyclomatic-complexity -MMD -MP -MF"Core/driver/ssd1306.d" -MT"Core/driver/ssd1306.o" --specs=nano.specs -mfloat-abi=soft -mthumb -o "Core/driver/ssd1306.o"
arm-none-eabi-gcc "../Core/driver/ssd1306_font.c" -mcpu=cortex-m3 -std=gnu11 -g3 -DDEBUG -DUSE_HAL_DRIVER -DSTM32F103xB -c -I../Core/Inc -I"C:/Users/RND1/STM32CubeIDE/workspace_1.16.1/f103_ssd1603/Core/driver" -I"C:/Users/RND1/STM32CubeIDE/workspace_1.16.1/f103_ssd1603/Core/driver" -I"C:/Users/RND1/STM32CubeIDE/workspace_1.16.1/f103_ssd1603/Drivers" -I../Drivers/STM32F1xx_HAL_Driver/Inc/Legacy -I../Drivers/STM32F1xx_HAL_Driver/Inc -I../Drivers/CMSIS/Device/ST/STM32F1xx/Include -I../Drivers/CMSIS/Include -O0 -ffunction-sections -fdata-sections -Wall -fstack-usage -fcyclomatic-complexity -MMD -MP -MF"Core/driver/ssd1306_font.d" -MT"Core/driver/ssd1306_font.o" --specs=nano.specs -mfloat-abi=soft -mthumb -o "Core/driver/ssd1306_font.o"
arm-none-eabi-gcc "../Core/driver/stepmotor.c" -mcpu=cortex-m3 -std=gnu11 -g3 -DDEBUG -DUSE_HAL_DRIVER -DSTM32F103xB -c -I../Core/Inc -I"C:/Users/RND1/STM32CubeIDE/workspace_1.16.1/f103_ssd1603/Core/driver" -I"C:/Users/RND1/STM32CubeIDE/workspace_1.16.1/f103_ssd1603/Core/driver" -I"C:/Users/RND1/STM32CubeIDE/workspace_1.16.1/f103_ssd1603/Drivers" -I../Drivers/STM32F1xx_HAL_Driver/Inc/Legacy -I../Drivers/STM32F1xx_HAL_Driver/Inc -I../Drivers/CMSIS/Device/ST/STM32F1xx/Include -I../Drivers/CMSIS/Include -O0 -ffunction-sections -fdata-sections -Wall -fstack-usage -fcyclomatic-complexity -MMD -MP -MF"Core/driver/stepmotor.d" -MT"Core/driver/stepmotor.o" --specs=nano.specs -mfloat-abi=soft -mthumb -o "Core/driver/stepmotor.o"
arm-none-eabi-gcc -mcpu=cortex-m3 -g3 -DDEBUG -c -x assembler-with-cpp -MMD -MP -MF"Core/Startup/startup_stm32f103c8tx.d" -MT"Core/Startup/startup_stm32f103c8tx.o" --specs=nano.specs -mfloat-abi=soft -mthumb -o "Core/Startup/startup_stm32f103c8tx.o" "../Core/Startup/startup_stm32f103c8tx.s"
arm-none-eabi-gcc "../Core/Src/adc.c" -mcpu=cortex-m3 -std=gnu11 -g3 -DDEBUG -DUSE_HAL_DRIVER -DSTM32F103xB -c -I../Core/Inc -I"C:/Users/RND1/STM32CubeIDE/workspace_1.16.1/f103_ssd1603/Core/driver" -I"C:/Users/RND1/STM32CubeIDE/workspace_1.16.1/f103_ssd1603/Core/driver" -I"C:/Users/RND1/STM32CubeIDE/workspace_1.16.1/f103_ssd1603/Drivers" -I../Drivers/STM32F1xx_HAL_Driver/Inc/Legacy -I../Drivers/STM32F1xx_HAL_Driver/Inc -I../Drivers/CMSIS/Device/ST/STM32F1xx/Include -I../Drivers/CMSIS/Include -O0 -ffunction-sections -fdata-sections -Wall -fstack-usage -fcyclomatic-complexity -MMD -MP -MF"Core/Src/adc.d" -MT"Core/Src/adc.o" --specs=nano.specs -mfloat-abi=soft -mthumb -o "Core/Src/adc.o"
arm-none-eabi-gcc "../Core/Src/gpio.c" -mcpu=cortex-m3 -std=gnu11 -g3 -DDEBUG -DUSE_HAL_DRIVER -DSTM32F103xB -c -I../Core/Inc -I"C:/Users/RND1/STM32CubeIDE/workspace_1.16.1/f103_ssd1603/Core/driver" -I"C:/Users/RND1/STM32CubeIDE/workspace_1.16.1/f103_ssd1603/Core/driver" -I"C:/Users/RND1/STM32CubeIDE/workspace_1.16.1/f103_ssd1603/Drivers" -I../Drivers/STM32F1xx_HAL_Driver/Inc/Legacy -I../Drivers/STM32F1xx_HAL_Driver/Inc -I../Drivers/CMSIS/Device/ST/STM32F1xx/Include -I../Drivers/CMSIS/Include -O0 -ffunction-sections -fdata-sections -Wall -fstack-usage -fcyclomatic-complexity -MMD -MP -MF"Core/Src/gpio.d" -MT"Core/Src/gpio.o" --specs=nano.specs -mfloat-abi=soft -mthumb -o "Core/Src/gpio.o"
arm-none-eabi-gcc "../Core/Src/i2c.c" -mcpu=cortex-m3 -std=gnu11 -g3 -DDEBUG -DUSE_HAL_DRIVER -DSTM32F103xB -c -I../Core/Inc -I"C:/Users/RND1/STM32CubeIDE/workspace_1.16.1/f103_ssd1603/Core/driver" -I"C:/Users/RND1/STM32CubeIDE/workspace_1.16.1/f103_ssd1603/Core/driver" -I"C:/Users/RND1/STM32CubeIDE/workspace_1.16.1/f103_ssd1603/Drivers" -I../Drivers/STM32F1xx_HAL_Driver/Inc/Legacy -I../Drivers/STM32F1xx_HAL_Driver/Inc -I../Drivers/CMSIS/Device/ST/STM32F1xx/Include -I../Drivers/CMSIS/Include -O0 -ffunction-sections -fdata-sections -Wall -fstack-usage -fcyclomatic-complexity -MMD -MP -MF"Core/Src/i2c.d" -MT"Core/Src/i2c.o" --specs=nano.specs -mfloat-abi=soft -mthumb -o "Core/Src/i2c.o"
../Core/driver/ssd1306_font.c:415:31: warning: initialization discards 'const' qualifier from pointer target type [-Wdiscarded-qualifiers]
  415 | SSD1306_FONT font6x8 = {6, 8, font6x8_data};
      |                               ^~~~~~~~~~~~
../Core/driver/ssd1306_font.c:419:33: warning: initialization discards 'const' qualifier from pointer target type [-Wdiscarded-qualifiers]
  419 | SSD1306_FONT font7x10 = {7, 10, font7x10_data};
      |                                 ^~~~~~~~~~~~~
../Core/driver/ssd1306_font.c:423:35: warning: initialization discards 'const' qualifier from pointer target type [-Wdiscarded-qualifiers]
  423 | SSD1306_FONT font11x18 = {11, 18, font11x18_data};
      |                                   ^~~~~~~~~~~~~~
../Core/driver/ssd1306_font.c:427:35: warning: initialization discards 'const' qualifier from pointer target type [-Wdiscarded-qualifiers]
  427 | SSD1306_FONT font16x26 = {16, 26, font16x26_data};
      |                                   ^~~~~~~~~~~~~~
arm-none-eabi-gcc "../Core/Src/main.c" -mcpu=cortex-m3 -std=gnu11 -g3 -DDEBUG -DUSE_HAL_DRIVER -DSTM32F103xB -c -I../Core/Inc -I"C:/Users/RND1/STM32CubeIDE/workspace_1.16.1/f103_ssd1603/Core/driver" -I"C:/Users/RND1/STM32CubeIDE/workspace_1.16.1/f103_ssd1603/Core/driver" -I"C:/Users/RND1/STM32CubeIDE/workspace_1.16.1/f103_ssd1603/Drivers" -I../Drivers/STM32F1xx_HAL_Driver/Inc/Legacy -I../Drivers/STM32F1xx_HAL_Driver/Inc -I../Drivers/CMSIS/Device/ST/STM32F1xx/Include -I../Drivers/CMSIS/Include -O0 -ffunction-sections -fdata-sections -Wall -fstack-usage -fcyclomatic-complexity -MMD -MP -MF"Core/Src/main.d" -MT"Core/Src/main.o" --specs=nano.specs -mfloat-abi=soft -mthumb -o "Core/Src/main.o"
arm-none-eabi-gcc "../Core/Src/stm32f1xx_hal_msp.c" -mcpu=cortex-m3 -std=gnu11 -g3 -DDEBUG -DUSE_HAL_DRIVER -DSTM32F103xB -c -I../Core/Inc -I"C:/Users/RND1/STM32CubeIDE/workspace_1.16.1/f103_ssd1603/Core/driver" -I"C:/Users/RND1/STM32CubeIDE/workspace_1.16.1/f103_ssd1603/Core/driver" -I"C:/Users/RND1/STM32CubeIDE/workspace_1.16.1/f103_ssd1603/Drivers" -I../Drivers/STM32F1xx_HAL_Driver/Inc/Legacy -I../Drivers/STM32F1xx_HAL_Driver/Inc -I../Drivers/CMSIS/Device/ST/STM32F1xx/Include -I../Drivers/CMSIS/Include -O0 -ffunction-sections -fdata-sections -Wall -fstack-usage -fcyclomatic-complexity -MMD -MP -MF"Core/Src/stm32f1xx_hal_msp.d" -MT"Core/Src/stm32f1xx_hal_msp.o" --specs=nano.specs -mfloat-abi=soft -mthumb -o "Core/Src/stm32f1xx_hal_msp.o"
arm-none-eabi-gcc "../Core/Src/stm32f1xx_it.c" -mcpu=cortex-m3 -std=gnu11 -g3 -DDEBUG -DUSE_HAL_DRIVER -DSTM32F103xB -c -I../Core/Inc -I"C:/Users/RND1/STM32CubeIDE/workspace_1.16.1/f103_ssd1603/Core/driver" -I"C:/Users/RND1/STM32CubeIDE/workspace_1.16.1/f103_ssd1603/Core/driver" -I"C:/Users/RND1/STM32CubeIDE/workspace_1.16.1/f103_ssd1603/Drivers" -I../Drivers/STM32F1xx_HAL_Driver/Inc/Legacy -I../Drivers/STM32F1xx_HAL_Driver/Inc -I../Drivers/CMSIS/Device/ST/STM32F1xx/Include -I../Drivers/CMSIS/Include -O0 -ffunction-sections -fdata-sections -Wall -fstack-usage -fcyclomatic-complexity -MMD -MP -MF"Core/Src/stm32f1xx_it.d" -MT"Core/Src/stm32f1xx_it.o" --specs=nano.specs -mfloat-abi=soft -mthumb -o "Core/Src/stm32f1xx_it.o"
arm-none-eabi-gcc "../Core/Src/syscalls.c" -mcpu=cortex-m3 -std=gnu11 -g3 -DDEBUG -DUSE_HAL_DRIVER -DSTM32F103xB -c -I../Core/Inc -I"C:/Users/RND1/STM32CubeIDE/workspace_1.16.1/f103_ssd1603/Core/driver" -I"C:/Users/RND1/STM32CubeIDE/workspace_1.16.1/f103_ssd1603/Core/driver" -I"C:/Users/RND1/STM32CubeIDE/workspace_1.16.1/f103_ssd1603/Drivers" -I../Drivers/STM32F1xx_HAL_Driver/Inc/Legacy -I../Drivers/STM32F1xx_HAL_Driver/Inc -I../Drivers/CMSIS/Device/ST/STM32F1xx/Include -I../Drivers/CMSIS/Include -O0 -ffunction-sections -fdata-sections -Wall -fstack-usage -fcyclomatic-complexity -MMD -MP -MF"Core/Src/syscalls.d" -MT"Core/Src/syscalls.o" --specs=nano.specs -mfloat-abi=soft -mthumb -o "Core/Src/syscalls.o"
arm-none-eabi-gcc "../Core/Src/sysmem.c" -mcpu=cortex-m3 -std=gnu11 -g3 -DDEBUG -DUSE_HAL_DRIVER -DSTM32F103xB -c -I../Core/Inc -I"C:/Users/RND1/STM32CubeIDE/workspace_1.16.1/f103_ssd1603/Core/driver" -I"C:/Users/RND1/STM32CubeIDE/workspace_1.16.1/f103_ssd1603/Core/driver" -I"C:/Users/RND1/STM32CubeIDE/workspace_1.16.1/f103_ssd1603/Drivers" -I../Drivers/STM32F1xx_HAL_Driver/Inc/Legacy -I../Drivers/STM32F1xx_HAL_Driver/Inc -I../Drivers/CMSIS/Device/ST/STM32F1xx/Include -I../Drivers/CMSIS/Include -O0 -ffunction-sections -fdata-sections -Wall -fstack-usage -fcyclomatic-complexity -MMD -MP -MF"Core/Src/sysmem.d" -MT"Core/Src/sysmem.o" --specs=nano.specs -mfloat-abi=soft -mthumb -o "Core/Src/sysmem.o"
arm-none-eabi-gcc "../Core/Src/system_stm32f1xx.c" -mcpu=cortex-m3 -std=gnu11 -g3 -DDEBUG -DUSE_HAL_DRIVER -DSTM32F103xB -c -I../Core/Inc -I"C:/Users/RND1/STM32CubeIDE/workspace_1.16.1/f103_ssd1603/Core/driver" -I"C:/Users/RND1/STM32CubeIDE/workspace_1.16.1/f103_ssd1603/Core/driver" -I"C:/Users/RND1/STM32CubeIDE/workspace_1.16.1/f103_ssd1603/Drivers" -I../Drivers/STM32F1xx_HAL_Driver/Inc/Legacy -I../Drivers/STM32F1xx_HAL_Driver/Inc -I../Drivers/CMSIS/Device/ST/STM32F1xx/Include -I../Drivers/CMSIS/Include -O0 -ffunction-sections -fdata-sections -Wall -fstack-usage -fcyclomatic-complexity -MMD -MP -MF"Core/Src/system_stm32f1xx.d" -MT"Core/Src/system_stm32f1xx.o" --specs=nano.specs -mfloat-abi=soft -mthumb -o "Core/Src/system_stm32f1xx.o"
arm-none-eabi-gcc "../Core/Src/usart.c" -mcpu=cortex-m3 -std=gnu11 -g3 -DDEBUG -DUSE_HAL_DRIVER -DSTM32F103xB -c -I../Core/Inc -I"C:/Users/RND1/STM32CubeIDE/workspace_1.16.1/f103_ssd1603/Core/driver" -I"C:/Users/RND1/STM32CubeIDE/workspace_1.16.1/f103_ssd1603/Core/driver" -I"C:/Users/RND1/STM32CubeIDE/workspace_1.16.1/f103_ssd1603/Drivers" -I../Drivers/STM32F1xx_HAL_Driver/Inc/Legacy -I../Drivers/STM32F1xx_HAL_Driver/Inc -I../Drivers/CMSIS/Device/ST/STM32F1xx/Include -I../Drivers/CMSIS/Include -O0 -ffunction-sections -fdata-sections -Wall -fstack-usage -fcyclomatic-complexity -MMD -MP -MF"Core/Src/usart.d" -MT"Core/Src/usart.o" --specs=nano.specs -mfloat-abi=soft -mthumb -o "Core/Src/usart.o"
../Core/Src/main.c: In function 'main':
../Core/Src/main.c:144:9: warning: unused variable 'low' [-Wunused-variable]
  144 | int32_t low = 0;
      |         ^~~
arm-none-eabi-gcc -o "f103_ssd1603.elf" @"objects.list"   -mcpu=cortex-m3 -T"C:\Users\RND1\STM32CubeIDE\workspace_1.16.1\f103_ssd1603\STM32F103C8TX_FLASH.ld" --specs=nosys.specs -Wl,-Map="f103_ssd1603.map" -Wl,--gc-sections -static -u _printf_float --specs=nano.specs -mfloat-abi=soft -mthumb -Wl,--start-group -lc -lm -Wl,--end-group
Finished building target: f103_ssd1603.elf
 
arm-none-eabi-size  f103_ssd1603.elf 
arm-none-eabi-objdump -h -S f103_ssd1603.elf  > "f103_ssd1603.list"
   text	   data	    bss	    dec	    hex	filename
  45036	    484	   3260	  48780	   be8c	f103_ssd1603.elf
Finished building: default.size.stdout
 
Finished building: f103_ssd1603.list
 

15:58:36 Build Finished. 0 errors, 5 warnings. (took 2s.211ms)

