11:14:36 **** Build of configuration Debug for project f103_fw_ex ****
make -j16 all 
arm-none-eabi-gcc "../src/lib/f103_fw_ex/Drivers/STM32F1xx_HAL_Driver/Src/stm32f1xx_hal_gpio.c" -mcpu=cortex-m3 -std=gnu11 -g3 -DSTM32F103xB -c -I"C:/Users/RND1/STM32CubeIDE/workspace_1.16.1/f103_fw_ex/src/lib/f103_fw_ex/Core/Inc" -I"C:/Users/RND1/STM32CubeIDE/workspace_1.16.1/f103_fw_ex/src/lib/f103_fw_ex/Middlewares/ST/STM32_USB_Device_Library/Class/CDC/Inc" -I"C:/Users/RND1/STM32CubeIDE/workspace_1.16.1/f103_fw_ex/src/lib/f103_fw_ex/Middlewares/ST/STM32_USB_Device_Library/Core/Inc" -I"C:/Users/RND1/STM32CubeIDE/workspace_1.16.1/f103_fw_ex/src/lib/f103_fw_ex/USB_DEVICE/App" -I"C:/Users/RND1/STM32CubeIDE/workspace_1.16.1/f103_fw_ex/src/lib/f103_fw_ex/USB_DEVICE/Target" -I"C:/Users/RND1/STM32CubeIDE/workspace_1.16.1/f103_fw_ex/src/hw/include" -I"C:/Users/RND1/STM32CubeIDE/workspace_1.16.1/f103_fw_ex/src/lib/f103_fw_ex/Drivers/CMSIS/Device/ST/STM32F1xx/Include" -I"C:/Users/RND1/STM32CubeIDE/workspace_1.16.1/f103_fw_ex/src/lib/f103_fw_ex/Drivers/STM32F1xx_HAL_Driver/Inc" -I"C:/Users/RND1/STM32CubeIDE/workspace_1.16.1/f103_fw_ex/src/lib/f103_fw_ex/Drivers/CMSIS/Include" -I"C:/Users/RND1/STM32CubeIDE/workspace_1.16.1/f103_fw_ex/src" -I"C:/Users/RND1/STM32CubeIDE/workspace_1.16.1/f103_fw_ex/src/ap" -I"C:/Users/RND1/STM32CubeIDE/workspace_1.16.1/f103_fw_ex/src/bsp" -I"C:/Users/RND1/STM32CubeIDE/workspace_1.16.1/f103_fw_ex/src/common" -I"C:/Users/RND1/STM32CubeIDE/workspace_1.16.1/f103_fw_ex/src/hw" -I"C:/Users/RND1/STM32CubeIDE/workspace_1.16.1/f103_fw_ex/src/lib" -O0 -ffunction-sections -fdata-sections -Wall -fstack-usage -fcyclomatic-complexity -MMD -MP -MF"src/lib/f103_fw_ex/Drivers/STM32F1xx_HAL_Driver/Src/stm32f1xx_hal_gpio.d" -MT"src/lib/f103_fw_ex/Drivers/STM32F1xx_HAL_Driver/Src/stm32f1xx_hal_gpio.o" --specs=nano.specs -mfloat-abi=soft -mthumb -o "src/lib/f103_fw_ex/Drivers/STM32F1xx_HAL_Driver/Src/stm32f1xx_hal_gpio.o"
arm-none-eabi-gcc "../src/ap/ap.c" -mcpu=cortex-m3 -std=gnu11 -g3 -DSTM32F103xB -c -I"C:/Users/RND1/STM32CubeIDE/workspace_1.16.1/f103_fw_ex/src/lib/f103_fw_ex/Core/Inc" -I"C:/Users/RND1/STM32CubeIDE/workspace_1.16.1/f103_fw_ex/src/lib/f103_fw_ex/Middlewares/ST/STM32_USB_Device_Library/Class/CDC/Inc" -I"C:/Users/RND1/STM32CubeIDE/workspace_1.16.1/f103_fw_ex/src/lib/f103_fw_ex/Middlewares/ST/STM32_USB_Device_Library/Core/Inc" -I"C:/Users/RND1/STM32CubeIDE/workspace_1.16.1/f103_fw_ex/src/lib/f103_fw_ex/USB_DEVICE/App" -I"C:/Users/RND1/STM32CubeIDE/workspace_1.16.1/f103_fw_ex/src/lib/f103_fw_ex/USB_DEVICE/Target" -I"C:/Users/RND1/STM32CubeIDE/workspace_1.16.1/f103_fw_ex/src/hw/include" -I"C:/Users/RND1/STM32CubeIDE/workspace_1.16.1/f103_fw_ex/src/lib/f103_fw_ex/Drivers/CMSIS/Device/ST/STM32F1xx/Include" -I"C:/Users/RND1/STM32CubeIDE/workspace_1.16.1/f103_fw_ex/src/lib/f103_fw_ex/Drivers/STM32F1xx_HAL_Driver/Inc" -I"C:/Users/RND1/STM32CubeIDE/workspace_1.16.1/f103_fw_ex/src/lib/f103_fw_ex/Drivers/CMSIS/Include" -I"C:/Users/RND1/STM32CubeIDE/workspace_1.16.1/f103_fw_ex/src" -I"C:/Users/RND1/STM32CubeIDE/workspace_1.16.1/f103_fw_ex/src/ap" -I"C:/Users/RND1/STM32CubeIDE/workspace_1.16.1/f103_fw_ex/src/bsp" -I"C:/Users/RND1/STM32CubeIDE/workspace_1.16.1/f103_fw_ex/src/common" -I"C:/Users/RND1/STM32CubeIDE/workspace_1.16.1/f103_fw_ex/src/hw" -I"C:/Users/RND1/STM32CubeIDE/workspace_1.16.1/f103_fw_ex/src/lib" -O0 -ffunction-sections -fdata-sections -Wall -fstack-usage -fcyclomatic-complexity -MMD -MP -MF"src/ap/ap.d" -MT"src/ap/ap.o" --specs=nano.specs -mfloat-abi=soft -mthumb -o "src/ap/ap.o"
arm-none-eabi-gcc "../src/main.c" -mcpu=cortex-m3 -std=gnu11 -g3 -DSTM32F103xB -c -I"C:/Users/RND1/STM32CubeIDE/workspace_1.16.1/f103_fw_ex/src/lib/f103_fw_ex/Core/Inc" -I"C:/Users/RND1/STM32CubeIDE/workspace_1.16.1/f103_fw_ex/src/lib/f103_fw_ex/Middlewares/ST/STM32_USB_Device_Library/Class/CDC/Inc" -I"C:/Users/RND1/STM32CubeIDE/workspace_1.16.1/f103_fw_ex/src/lib/f103_fw_ex/Middlewares/ST/STM32_USB_Device_Library/Core/Inc" -I"C:/Users/RND1/STM32CubeIDE/workspace_1.16.1/f103_fw_ex/src/lib/f103_fw_ex/USB_DEVICE/App" -I"C:/Users/RND1/STM32CubeIDE/workspace_1.16.1/f103_fw_ex/src/lib/f103_fw_ex/USB_DEVICE/Target" -I"C:/Users/RND1/STM32CubeIDE/workspace_1.16.1/f103_fw_ex/src/hw/include" -I"C:/Users/RND1/STM32CubeIDE/workspace_1.16.1/f103_fw_ex/src/lib/f103_fw_ex/Drivers/CMSIS/Device/ST/STM32F1xx/Include" -I"C:/Users/RND1/STM32CubeIDE/workspace_1.16.1/f103_fw_ex/src/lib/f103_fw_ex/Drivers/STM32F1xx_HAL_Driver/Inc" -I"C:/Users/RND1/STM32CubeIDE/workspace_1.16.1/f103_fw_ex/src/lib/f103_fw_ex/Drivers/CMSIS/Include" -I"C:/Users/RND1/STM32CubeIDE/workspace_1.16.1/f103_fw_ex/src" -I"C:/Users/RND1/STM32CubeIDE/workspace_1.16.1/f103_fw_ex/src/ap" -I"C:/Users/RND1/STM32CubeIDE/workspace_1.16.1/f103_fw_ex/src/bsp" -I"C:/Users/RND1/STM32CubeIDE/workspace_1.16.1/f103_fw_ex/src/common" -I"C:/Users/RND1/STM32CubeIDE/workspace_1.16.1/f103_fw_ex/src/hw" -I"C:/Users/RND1/STM32CubeIDE/workspace_1.16.1/f103_fw_ex/src/lib" -O0 -ffunction-sections -fdata-sections -Wall -fstack-usage -fcyclomatic-complexity -MMD -MP -MF"src/main.d" -MT"src/main.o" --specs=nano.specs -mfloat-abi=soft -mthumb -o "src/main.o"
arm-none-eabi-gcc -o "f103_fw_ex.elf" @"objects.list"   -mcpu=cortex-m3 -T"C:\Users\RND1\STM32CubeIDE\workspace_1.16.1\f103_fw_ex\src\bsp\ldscript\STM32F103C8TX_FLASH.ld" --specs=nosys.specs -Wl,-Map="f103_fw_ex.map" -Wl,--gc-sections -static --specs=nano.specs -mfloat-abi=soft -mthumb -Wl,--start-group -lc -lm -Wl,--end-group
Finished building target: f103_fw_ex.elf
 
arm-none-eabi-size  f103_fw_ex.elf 
arm-none-eabi-objdump -h -S f103_fw_ex.elf  > "f103_fw_ex.list"
   text	   data	    bss	    dec	    hex	filename
  31120	    392	   5608	  37120	   9100	f103_fw_ex.elf
Finished building: default.size.stdout
 
Finished building: f103_fw_ex.list
 

11:14:37 Build Finished. 0 errors, 0 warnings. (took 1s.482ms)

