16:33:24 **** Build of configuration Debug for project stm32g431_fw ****
make -j16 all 
arm-none-eabi-gcc "../Drivers/STM32G4xx_HAL_Driver/Src/stm32g4xx_hal.c" -mcpu=cortex-m4 -std=gnu11 -g3 -DDEBUG -DUSE_HAL_DRIVER -DSTM32G431xx -c -I../Core/Inc -I"C:/Users/RND1/STM32CubeIDE/workspace_1.16.1/stm32g431_fw/Core/Src/driver/ssd1306" -I"C:/Users/RND1/STM32CubeIDE/workspace_1.16.1/stm32g431_fw/Core/Src/driver/ili9341" -I"C:/Users/RND1/STM32CubeIDE/workspace_1.16.1/stm32g431_fw/Core/Src/driver/st7789" -I../Drivers/STM32G4xx_HAL_Driver/Inc -I../Drivers/STM32G4xx_HAL_Driver/Inc/Legacy -I../Drivers/CMSIS/Device/ST/STM32G4xx/Include -I../Drivers/CMSIS/Include -O0 -ffunction-sections -fdata-sections -Wall -fstack-usage -fcyclomatic-complexity -MMD -MP -MF"Drivers/STM32G4xx_HAL_Driver/Src/stm32g4xx_hal.d" -MT"Drivers/STM32G4xx_HAL_Driver/Src/stm32g4xx_hal.o" --specs=nano.specs -mfpu=fpv4-sp-d16 -mfloat-abi=hard -mthumb -o "Drivers/STM32G4xx_HAL_Driver/Src/stm32g4xx_hal.o"
arm-none-eabi-gcc "../Drivers/STM32G4xx_HAL_Driver/Src/stm32g4xx_hal_cortex.c" -mcpu=cortex-m4 -std=gnu11 -g3 -DDEBUG -DUSE_HAL_DRIVER -DSTM32G431xx -c -I../Core/Inc -I"C:/Users/RND1/STM32CubeIDE/workspace_1.16.1/stm32g431_fw/Core/Src/driver/ssd1306" -I"C:/Users/RND1/STM32CubeIDE/workspace_1.16.1/stm32g431_fw/Core/Src/driver/ili9341" -I"C:/Users/RND1/STM32CubeIDE/workspace_1.16.1/stm32g431_fw/Core/Src/driver/st7789" -I../Drivers/STM32G4xx_HAL_Driver/Inc -I../Drivers/STM32G4xx_HAL_Driver/Inc/Legacy -I../Drivers/CMSIS/Device/ST/STM32G4xx/Include -I../Drivers/CMSIS/Include -O0 -ffunction-sections -fdata-sections -Wall -fstack-usage -fcyclomatic-complexity -MMD -MP -MF"Drivers/STM32G4xx_HAL_Driver/Src/stm32g4xx_hal_cortex.d" -MT"Drivers/STM32G4xx_HAL_Driver/Src/stm32g4xx_hal_cortex.o" --specs=nano.specs -mfpu=fpv4-sp-d16 -mfloat-abi=hard -mthumb -o "Drivers/STM32G4xx_HAL_Driver/Src/stm32g4xx_hal_cortex.o"
arm-none-eabi-gcc "../Drivers/STM32G4xx_HAL_Driver/Src/stm32g4xx_hal_dma.c" -mcpu=cortex-m4 -std=gnu11 -g3 -DDEBUG -DUSE_HAL_DRIVER -DSTM32G431xx -c -I../Core/Inc -I"C:/Users/RND1/STM32CubeIDE/workspace_1.16.1/stm32g431_fw/Core/Src/driver/ssd1306" -I"C:/Users/RND1/STM32CubeIDE/workspace_1.16.1/stm32g431_fw/Core/Src/driver/ili9341" -I"C:/Users/RND1/STM32CubeIDE/workspace_1.16.1/stm32g431_fw/Core/Src/driver/st7789" -I../Drivers/STM32G4xx_HAL_Driver/Inc -I../Drivers/STM32G4xx_HAL_Driver/Inc/Legacy -I../Drivers/CMSIS/Device/ST/STM32G4xx/Include -I../Drivers/CMSIS/Include -O0 -ffunction-sections -fdata-sections -Wall -fstack-usage -fcyclomatic-complexity -MMD -MP -MF"Drivers/STM32G4xx_HAL_Driver/Src/stm32g4xx_hal_dma.d" -MT"Drivers/STM32G4xx_HAL_Driver/Src/stm32g4xx_hal_dma.o" --specs=nano.specs -mfpu=fpv4-sp-d16 -mfloat-abi=hard -mthumb -o "Drivers/STM32G4xx_HAL_Driver/Src/stm32g4xx_hal_dma.o"
arm-none-eabi-gcc "../Drivers/STM32G4xx_HAL_Driver/Src/stm32g4xx_hal_dma_ex.c" -mcpu=cortex-m4 -std=gnu11 -g3 -DDEBUG -DUSE_HAL_DRIVER -DSTM32G431xx -c -I../Core/Inc -I"C:/Users/RND1/STM32CubeIDE/workspace_1.16.1/stm32g431_fw/Core/Src/driver/ssd1306" -I"C:/Users/RND1/STM32CubeIDE/workspace_1.16.1/stm32g431_fw/Core/Src/driver/ili9341" -I"C:/Users/RND1/STM32CubeIDE/workspace_1.16.1/stm32g431_fw/Core/Src/driver/st7789" -I../Drivers/STM32G4xx_HAL_Driver/Inc -I../Drivers/STM32G4xx_HAL_Driver/Inc/Legacy -I../Drivers/CMSIS/Device/ST/STM32G4xx/Include -I../Drivers/CMSIS/Include -O0 -ffunction-sections -fdata-sections -Wall -fstack-usage -fcyclomatic-complexity -MMD -MP -MF"Drivers/STM32G4xx_HAL_Driver/Src/stm32g4xx_hal_dma_ex.d" -MT"Drivers/STM32G4xx_HAL_Driver/Src/stm32g4xx_hal_dma_ex.o" --specs=nano.specs -mfpu=fpv4-sp-d16 -mfloat-abi=hard -mthumb -o "Drivers/STM32G4xx_HAL_Driver/Src/stm32g4xx_hal_dma_ex.o"
arm-none-eabi-gcc "../Drivers/STM32G4xx_HAL_Driver/Src/stm32g4xx_hal_exti.c" -mcpu=cortex-m4 -std=gnu11 -g3 -DDEBUG -DUSE_HAL_DRIVER -DSTM32G431xx -c -I../Core/Inc -I"C:/Users/RND1/STM32CubeIDE/workspace_1.16.1/stm32g431_fw/Core/Src/driver/ssd1306" -I"C:/Users/RND1/STM32CubeIDE/workspace_1.16.1/stm32g431_fw/Core/Src/driver/ili9341" -I"C:/Users/RND1/STM32CubeIDE/workspace_1.16.1/stm32g431_fw/Core/Src/driver/st7789" -I../Drivers/STM32G4xx_HAL_Driver/Inc -I../Drivers/STM32G4xx_HAL_Driver/Inc/Legacy -I../Drivers/CMSIS/Device/ST/STM32G4xx/Include -I../Drivers/CMSIS/Include -O0 -ffunction-sections -fdata-sections -Wall -fstack-usage -fcyclomatic-complexity -MMD -MP -MF"Drivers/STM32G4xx_HAL_Driver/Src/stm32g4xx_hal_exti.d" -MT"Drivers/STM32G4xx_HAL_Driver/Src/stm32g4xx_hal_exti.o" --specs=nano.specs -mfpu=fpv4-sp-d16 -mfloat-abi=hard -mthumb -o "Drivers/STM32G4xx_HAL_Driver/Src/stm32g4xx_hal_exti.o"
arm-none-eabi-gcc "../Drivers/STM32G4xx_HAL_Driver/Src/stm32g4xx_hal_flash.c" -mcpu=cortex-m4 -std=gnu11 -g3 -DDEBUG -DUSE_HAL_DRIVER -DSTM32G431xx -c -I../Core/Inc -I"C:/Users/RND1/STM32CubeIDE/workspace_1.16.1/stm32g431_fw/Core/Src/driver/ssd1306" -I"C:/Users/RND1/STM32CubeIDE/workspace_1.16.1/stm32g431_fw/Core/Src/driver/ili9341" -I"C:/Users/RND1/STM32CubeIDE/workspace_1.16.1/stm32g431_fw/Core/Src/driver/st7789" -I../Drivers/STM32G4xx_HAL_Driver/Inc -I../Drivers/STM32G4xx_HAL_Driver/Inc/Legacy -I../Drivers/CMSIS/Device/ST/STM32G4xx/Include -I../Drivers/CMSIS/Include -O0 -ffunction-sections -fdata-sections -Wall -fstack-usage -fcyclomatic-complexity -MMD -MP -MF"Drivers/STM32G4xx_HAL_Driver/Src/stm32g4xx_hal_flash.d" -MT"Drivers/STM32G4xx_HAL_Driver/Src/stm32g4xx_hal_flash.o" --specs=nano.specs -mfpu=fpv4-sp-d16 -mfloat-abi=hard -mthumb -o "Drivers/STM32G4xx_HAL_Driver/Src/stm32g4xx_hal_flash.o"
arm-none-eabi-gcc "../Drivers/STM32G4xx_HAL_Driver/Src/stm32g4xx_hal_flash_ex.c" -mcpu=cortex-m4 -std=gnu11 -g3 -DDEBUG -DUSE_HAL_DRIVER -DSTM32G431xx -c -I../Core/Inc -I"C:/Users/RND1/STM32CubeIDE/workspace_1.16.1/stm32g431_fw/Core/Src/driver/ssd1306" -I"C:/Users/RND1/STM32CubeIDE/workspace_1.16.1/stm32g431_fw/Core/Src/driver/ili9341" -I"C:/Users/RND1/STM32CubeIDE/workspace_1.16.1/stm32g431_fw/Core/Src/driver/st7789" -I../Drivers/STM32G4xx_HAL_Driver/Inc -I../Drivers/STM32G4xx_HAL_Driver/Inc/Legacy -I../Drivers/CMSIS/Device/ST/STM32G4xx/Include -I../Drivers/CMSIS/Include -O0 -ffunction-sections -fdata-sections -Wall -fstack-usage -fcyclomatic-complexity -MMD -MP -MF"Drivers/STM32G4xx_HAL_Driver/Src/stm32g4xx_hal_flash_ex.d" -MT"Drivers/STM32G4xx_HAL_Driver/Src/stm32g4xx_hal_flash_ex.o" --specs=nano.specs -mfpu=fpv4-sp-d16 -mfloat-abi=hard -mthumb -o "Drivers/STM32G4xx_HAL_Driver/Src/stm32g4xx_hal_flash_ex.o"
arm-none-eabi-gcc "../Drivers/STM32G4xx_HAL_Driver/Src/stm32g4xx_hal_flash_ramfunc.c" -mcpu=cortex-m4 -std=gnu11 -g3 -DDEBUG -DUSE_HAL_DRIVER -DSTM32G431xx -c -I../Core/Inc -I"C:/Users/RND1/STM32CubeIDE/workspace_1.16.1/stm32g431_fw/Core/Src/driver/ssd1306" -I"C:/Users/RND1/STM32CubeIDE/workspace_1.16.1/stm32g431_fw/Core/Src/driver/ili9341" -I"C:/Users/RND1/STM32CubeIDE/workspace_1.16.1/stm32g431_fw/Core/Src/driver/st7789" -I../Drivers/STM32G4xx_HAL_Driver/Inc -I../Drivers/STM32G4xx_HAL_Driver/Inc/Legacy -I../Drivers/CMSIS/Device/ST/STM32G4xx/Include -I../Drivers/CMSIS/Include -O0 -ffunction-sections -fdata-sections -Wall -fstack-usage -fcyclomatic-complexity -MMD -MP -MF"Drivers/STM32G4xx_HAL_Driver/Src/stm32g4xx_hal_flash_ramfunc.d" -MT"Drivers/STM32G4xx_HAL_Driver/Src/stm32g4xx_hal_flash_ramfunc.o" --specs=nano.specs -mfpu=fpv4-sp-d16 -mfloat-abi=hard -mthumb -o "Drivers/STM32G4xx_HAL_Driver/Src/stm32g4xx_hal_flash_ramfunc.o"
arm-none-eabi-gcc "../Drivers/STM32G4xx_HAL_Driver/Src/stm32g4xx_hal_gpio.c" -mcpu=cortex-m4 -std=gnu11 -g3 -DDEBUG -DUSE_HAL_DRIVER -DSTM32G431xx -c -I../Core/Inc -I"C:/Users/RND1/STM32CubeIDE/workspace_1.16.1/stm32g431_fw/Core/Src/driver/ssd1306" -I"C:/Users/RND1/STM32CubeIDE/workspace_1.16.1/stm32g431_fw/Core/Src/driver/ili9341" -I"C:/Users/RND1/STM32CubeIDE/workspace_1.16.1/stm32g431_fw/Core/Src/driver/st7789" -I../Drivers/STM32G4xx_HAL_Driver/Inc -I../Drivers/STM32G4xx_HAL_Driver/Inc/Legacy -I../Drivers/CMSIS/Device/ST/STM32G4xx/Include -I../Drivers/CMSIS/Include -O0 -ffunction-sections -fdata-sections -Wall -fstack-usage -fcyclomatic-complexity -MMD -MP -MF"Drivers/STM32G4xx_HAL_Driver/Src/stm32g4xx_hal_gpio.d" -MT"Drivers/STM32G4xx_HAL_Driver/Src/stm32g4xx_hal_gpio.o" --specs=nano.specs -mfpu=fpv4-sp-d16 -mfloat-abi=hard -mthumb -o "Drivers/STM32G4xx_HAL_Driver/Src/stm32g4xx_hal_gpio.o"
arm-none-eabi-gcc "../Drivers/STM32G4xx_HAL_Driver/Src/stm32g4xx_hal_i2c.c" -mcpu=cortex-m4 -std=gnu11 -g3 -DDEBUG -DUSE_HAL_DRIVER -DSTM32G431xx -c -I../Core/Inc -I"C:/Users/RND1/STM32CubeIDE/workspace_1.16.1/stm32g431_fw/Core/Src/driver/ssd1306" -I"C:/Users/RND1/STM32CubeIDE/workspace_1.16.1/stm32g431_fw/Core/Src/driver/ili9341" -I"C:/Users/RND1/STM32CubeIDE/workspace_1.16.1/stm32g431_fw/Core/Src/driver/st7789" -I../Drivers/STM32G4xx_HAL_Driver/Inc -I../Drivers/STM32G4xx_HAL_Driver/Inc/Legacy -I../Drivers/CMSIS/Device/ST/STM32G4xx/Include -I../Drivers/CMSIS/Include -O0 -ffunction-sections -fdata-sections -Wall -fstack-usage -fcyclomatic-complexity -MMD -MP -MF"Drivers/STM32G4xx_HAL_Driver/Src/stm32g4xx_hal_i2c.d" -MT"Drivers/STM32G4xx_HAL_Driver/Src/stm32g4xx_hal_i2c.o" --specs=nano.specs -mfpu=fpv4-sp-d16 -mfloat-abi=hard -mthumb -o "Drivers/STM32G4xx_HAL_Driver/Src/stm32g4xx_hal_i2c.o"
arm-none-eabi-gcc "../Drivers/STM32G4xx_HAL_Driver/Src/stm32g4xx_hal_i2c_ex.c" -mcpu=cortex-m4 -std=gnu11 -g3 -DDEBUG -DUSE_HAL_DRIVER -DSTM32G431xx -c -I../Core/Inc -I"C:/Users/RND1/STM32CubeIDE/workspace_1.16.1/stm32g431_fw/Core/Src/driver/ssd1306" -I"C:/Users/RND1/STM32CubeIDE/workspace_1.16.1/stm32g431_fw/Core/Src/driver/ili9341" -I"C:/Users/RND1/STM32CubeIDE/workspace_1.16.1/stm32g431_fw/Core/Src/driver/st7789" -I../Drivers/STM32G4xx_HAL_Driver/Inc -I../Drivers/STM32G4xx_HAL_Driver/Inc/Legacy -I../Drivers/CMSIS/Device/ST/STM32G4xx/Include -I../Drivers/CMSIS/Include -O0 -ffunction-sections -fdata-sections -Wall -fstack-usage -fcyclomatic-complexity -MMD -MP -MF"Drivers/STM32G4xx_HAL_Driver/Src/stm32g4xx_hal_i2c_ex.d" -MT"Drivers/STM32G4xx_HAL_Driver/Src/stm32g4xx_hal_i2c_ex.o" --specs=nano.specs -mfpu=fpv4-sp-d16 -mfloat-abi=hard -mthumb -o "Drivers/STM32G4xx_HAL_Driver/Src/stm32g4xx_hal_i2c_ex.o"
arm-none-eabi-gcc "../Drivers/STM32G4xx_HAL_Driver/Src/stm32g4xx_hal_pwr.c" -mcpu=cortex-m4 -std=gnu11 -g3 -DDEBUG -DUSE_HAL_DRIVER -DSTM32G431xx -c -I../Core/Inc -I"C:/Users/RND1/STM32CubeIDE/workspace_1.16.1/stm32g431_fw/Core/Src/driver/ssd1306" -I"C:/Users/RND1/STM32CubeIDE/workspace_1.16.1/stm32g431_fw/Core/Src/driver/ili9341" -I"C:/Users/RND1/STM32CubeIDE/workspace_1.16.1/stm32g431_fw/Core/Src/driver/st7789" -I../Drivers/STM32G4xx_HAL_Driver/Inc -I../Drivers/STM32G4xx_HAL_Driver/Inc/Legacy -I../Drivers/CMSIS/Device/ST/STM32G4xx/Include -I../Drivers/CMSIS/Include -O0 -ffunction-sections -fdata-sections -Wall -fstack-usage -fcyclomatic-complexity -MMD -MP -MF"Drivers/STM32G4xx_HAL_Driver/Src/stm32g4xx_hal_pwr.d" -MT"Drivers/STM32G4xx_HAL_Driver/Src/stm32g4xx_hal_pwr.o" --specs=nano.specs -mfpu=fpv4-sp-d16 -mfloat-abi=hard -mthumb -o "Drivers/STM32G4xx_HAL_Driver/Src/stm32g4xx_hal_pwr.o"
arm-none-eabi-gcc "../Drivers/STM32G4xx_HAL_Driver/Src/stm32g4xx_hal_pwr_ex.c" -mcpu=cortex-m4 -std=gnu11 -g3 -DDEBUG -DUSE_HAL_DRIVER -DSTM32G431xx -c -I../Core/Inc -I"C:/Users/RND1/STM32CubeIDE/workspace_1.16.1/stm32g431_fw/Core/Src/driver/ssd1306" -I"C:/Users/RND1/STM32CubeIDE/workspace_1.16.1/stm32g431_fw/Core/Src/driver/ili9341" -I"C:/Users/RND1/STM32CubeIDE/workspace_1.16.1/stm32g431_fw/Core/Src/driver/st7789" -I../Drivers/STM32G4xx_HAL_Driver/Inc -I../Drivers/STM32G4xx_HAL_Driver/Inc/Legacy -I../Drivers/CMSIS/Device/ST/STM32G4xx/Include -I../Drivers/CMSIS/Include -O0 -ffunction-sections -fdata-sections -Wall -fstack-usage -fcyclomatic-complexity -MMD -MP -MF"Drivers/STM32G4xx_HAL_Driver/Src/stm32g4xx_hal_pwr_ex.d" -MT"Drivers/STM32G4xx_HAL_Driver/Src/stm32g4xx_hal_pwr_ex.o" --specs=nano.specs -mfpu=fpv4-sp-d16 -mfloat-abi=hard -mthumb -o "Drivers/STM32G4xx_HAL_Driver/Src/stm32g4xx_hal_pwr_ex.o"
arm-none-eabi-gcc "../Drivers/STM32G4xx_HAL_Driver/Src/stm32g4xx_hal_rcc.c" -mcpu=cortex-m4 -std=gnu11 -g3 -DDEBUG -DUSE_HAL_DRIVER -DSTM32G431xx -c -I../Core/Inc -I"C:/Users/RND1/STM32CubeIDE/workspace_1.16.1/stm32g431_fw/Core/Src/driver/ssd1306" -I"C:/Users/RND1/STM32CubeIDE/workspace_1.16.1/stm32g431_fw/Core/Src/driver/ili9341" -I"C:/Users/RND1/STM32CubeIDE/workspace_1.16.1/stm32g431_fw/Core/Src/driver/st7789" -I../Drivers/STM32G4xx_HAL_Driver/Inc -I../Drivers/STM32G4xx_HAL_Driver/Inc/Legacy -I../Drivers/CMSIS/Device/ST/STM32G4xx/Include -I../Drivers/CMSIS/Include -O0 -ffunction-sections -fdata-sections -Wall -fstack-usage -fcyclomatic-complexity -MMD -MP -MF"Drivers/STM32G4xx_HAL_Driver/Src/stm32g4xx_hal_rcc.d" -MT"Drivers/STM32G4xx_HAL_Driver/Src/stm32g4xx_hal_rcc.o" --specs=nano.specs -mfpu=fpv4-sp-d16 -mfloat-abi=hard -mthumb -o "Drivers/STM32G4xx_HAL_Driver/Src/stm32g4xx_hal_rcc.o"
arm-none-eabi-gcc "../Drivers/STM32G4xx_HAL_Driver/Src/stm32g4xx_hal_rcc_ex.c" -mcpu=cortex-m4 -std=gnu11 -g3 -DDEBUG -DUSE_HAL_DRIVER -DSTM32G431xx -c -I../Core/Inc -I"C:/Users/RND1/STM32CubeIDE/workspace_1.16.1/stm32g431_fw/Core/Src/driver/ssd1306" -I"C:/Users/RND1/STM32CubeIDE/workspace_1.16.1/stm32g431_fw/Core/Src/driver/ili9341" -I"C:/Users/RND1/STM32CubeIDE/workspace_1.16.1/stm32g431_fw/Core/Src/driver/st7789" -I../Drivers/STM32G4xx_HAL_Driver/Inc -I../Drivers/STM32G4xx_HAL_Driver/Inc/Legacy -I../Drivers/CMSIS/Device/ST/STM32G4xx/Include -I../Drivers/CMSIS/Include -O0 -ffunction-sections -fdata-sections -Wall -fstack-usage -fcyclomatic-complexity -MMD -MP -MF"Drivers/STM32G4xx_HAL_Driver/Src/stm32g4xx_hal_rcc_ex.d" -MT"Drivers/STM32G4xx_HAL_Driver/Src/stm32g4xx_hal_rcc_ex.o" --specs=nano.specs -mfpu=fpv4-sp-d16 -mfloat-abi=hard -mthumb -o "Drivers/STM32G4xx_HAL_Driver/Src/stm32g4xx_hal_rcc_ex.o"
arm-none-eabi-gcc "../Drivers/STM32G4xx_HAL_Driver/Src/stm32g4xx_hal_spi.c" -mcpu=cortex-m4 -std=gnu11 -g3 -DDEBUG -DUSE_HAL_DRIVER -DSTM32G431xx -c -I../Core/Inc -I"C:/Users/RND1/STM32CubeIDE/workspace_1.16.1/stm32g431_fw/Core/Src/driver/ssd1306" -I"C:/Users/RND1/STM32CubeIDE/workspace_1.16.1/stm32g431_fw/Core/Src/driver/ili9341" -I"C:/Users/RND1/STM32CubeIDE/workspace_1.16.1/stm32g431_fw/Core/Src/driver/st7789" -I../Drivers/STM32G4xx_HAL_Driver/Inc -I../Drivers/STM32G4xx_HAL_Driver/Inc/Legacy -I../Drivers/CMSIS/Device/ST/STM32G4xx/Include -I../Drivers/CMSIS/Include -O0 -ffunction-sections -fdata-sections -Wall -fstack-usage -fcyclomatic-complexity -MMD -MP -MF"Drivers/STM32G4xx_HAL_Driver/Src/stm32g4xx_hal_spi.d" -MT"Drivers/STM32G4xx_HAL_Driver/Src/stm32g4xx_hal_spi.o" --specs=nano.specs -mfpu=fpv4-sp-d16 -mfloat-abi=hard -mthumb -o "Drivers/STM32G4xx_HAL_Driver/Src/stm32g4xx_hal_spi.o"
arm-none-eabi-gcc "../Drivers/STM32G4xx_HAL_Driver/Src/stm32g4xx_hal_spi_ex.c" -mcpu=cortex-m4 -std=gnu11 -g3 -DDEBUG -DUSE_HAL_DRIVER -DSTM32G431xx -c -I../Core/Inc -I"C:/Users/RND1/STM32CubeIDE/workspace_1.16.1/stm32g431_fw/Core/Src/driver/ssd1306" -I"C:/Users/RND1/STM32CubeIDE/workspace_1.16.1/stm32g431_fw/Core/Src/driver/ili9341" -I"C:/Users/RND1/STM32CubeIDE/workspace_1.16.1/stm32g431_fw/Core/Src/driver/st7789" -I../Drivers/STM32G4xx_HAL_Driver/Inc -I../Drivers/STM32G4xx_HAL_Driver/Inc/Legacy -I../Drivers/CMSIS/Device/ST/STM32G4xx/Include -I../Drivers/CMSIS/Include -O0 -ffunction-sections -fdata-sections -Wall -fstack-usage -fcyclomatic-complexity -MMD -MP -MF"Drivers/STM32G4xx_HAL_Driver/Src/stm32g4xx_hal_spi_ex.d" -MT"Drivers/STM32G4xx_HAL_Driver/Src/stm32g4xx_hal_spi_ex.o" --specs=nano.specs -mfpu=fpv4-sp-d16 -mfloat-abi=hard -mthumb -o "Drivers/STM32G4xx_HAL_Driver/Src/stm32g4xx_hal_spi_ex.o"
arm-none-eabi-gcc "../Drivers/STM32G4xx_HAL_Driver/Src/stm32g4xx_hal_tim.c" -mcpu=cortex-m4 -std=gnu11 -g3 -DDEBUG -DUSE_HAL_DRIVER -DSTM32G431xx -c -I../Core/Inc -I"C:/Users/RND1/STM32CubeIDE/workspace_1.16.1/stm32g431_fw/Core/Src/driver/ssd1306" -I"C:/Users/RND1/STM32CubeIDE/workspace_1.16.1/stm32g431_fw/Core/Src/driver/ili9341" -I"C:/Users/RND1/STM32CubeIDE/workspace_1.16.1/stm32g431_fw/Core/Src/driver/st7789" -I../Drivers/STM32G4xx_HAL_Driver/Inc -I../Drivers/STM32G4xx_HAL_Driver/Inc/Legacy -I../Drivers/CMSIS/Device/ST/STM32G4xx/Include -I../Drivers/CMSIS/Include -O0 -ffunction-sections -fdata-sections -Wall -fstack-usage -fcyclomatic-complexity -MMD -MP -MF"Drivers/STM32G4xx_HAL_Driver/Src/stm32g4xx_hal_tim.d" -MT"Drivers/STM32G4xx_HAL_Driver/Src/stm32g4xx_hal_tim.o" --specs=nano.specs -mfpu=fpv4-sp-d16 -mfloat-abi=hard -mthumb -o "Drivers/STM32G4xx_HAL_Driver/Src/stm32g4xx_hal_tim.o"
arm-none-eabi-gcc "../Drivers/STM32G4xx_HAL_Driver/Src/stm32g4xx_hal_tim_ex.c" -mcpu=cortex-m4 -std=gnu11 -g3 -DDEBUG -DUSE_HAL_DRIVER -DSTM32G431xx -c -I../Core/Inc -I"C:/Users/RND1/STM32CubeIDE/workspace_1.16.1/stm32g431_fw/Core/Src/driver/ssd1306" -I"C:/Users/RND1/STM32CubeIDE/workspace_1.16.1/stm32g431_fw/Core/Src/driver/ili9341" -I"C:/Users/RND1/STM32CubeIDE/workspace_1.16.1/stm32g431_fw/Core/Src/driver/st7789" -I../Drivers/STM32G4xx_HAL_Driver/Inc -I../Drivers/STM32G4xx_HAL_Driver/Inc/Legacy -I../Drivers/CMSIS/Device/ST/STM32G4xx/Include -I../Drivers/CMSIS/Include -O0 -ffunction-sections -fdata-sections -Wall -fstack-usage -fcyclomatic-complexity -MMD -MP -MF"Drivers/STM32G4xx_HAL_Driver/Src/stm32g4xx_hal_tim_ex.d" -MT"Drivers/STM32G4xx_HAL_Driver/Src/stm32g4xx_hal_tim_ex.o" --specs=nano.specs -mfpu=fpv4-sp-d16 -mfloat-abi=hard -mthumb -o "Drivers/STM32G4xx_HAL_Driver/Src/stm32g4xx_hal_tim_ex.o"
arm-none-eabi-gcc "../Drivers/STM32G4xx_HAL_Driver/Src/stm32g4xx_hal_uart.c" -mcpu=cortex-m4 -std=gnu11 -g3 -DDEBUG -DUSE_HAL_DRIVER -DSTM32G431xx -c -I../Core/Inc -I"C:/Users/RND1/STM32CubeIDE/workspace_1.16.1/stm32g431_fw/Core/Src/driver/ssd1306" -I"C:/Users/RND1/STM32CubeIDE/workspace_1.16.1/stm32g431_fw/Core/Src/driver/ili9341" -I"C:/Users/RND1/STM32CubeIDE/workspace_1.16.1/stm32g431_fw/Core/Src/driver/st7789" -I../Drivers/STM32G4xx_HAL_Driver/Inc -I../Drivers/STM32G4xx_HAL_Driver/Inc/Legacy -I../Drivers/CMSIS/Device/ST/STM32G4xx/Include -I../Drivers/CMSIS/Include -O0 -ffunction-sections -fdata-sections -Wall -fstack-usage -fcyclomatic-complexity -MMD -MP -MF"Drivers/STM32G4xx_HAL_Driver/Src/stm32g4xx_hal_uart.d" -MT"Drivers/STM32G4xx_HAL_Driver/Src/stm32g4xx_hal_uart.o" --specs=nano.specs -mfpu=fpv4-sp-d16 -mfloat-abi=hard -mthumb -o "Drivers/STM32G4xx_HAL_Driver/Src/stm32g4xx_hal_uart.o"
arm-none-eabi-gcc "../Drivers/STM32G4xx_HAL_Driver/Src/stm32g4xx_hal_uart_ex.c" -mcpu=cortex-m4 -std=gnu11 -g3 -DDEBUG -DUSE_HAL_DRIVER -DSTM32G431xx -c -I../Core/Inc -I"C:/Users/RND1/STM32CubeIDE/workspace_1.16.1/stm32g431_fw/Core/Src/driver/ssd1306" -I"C:/Users/RND1/STM32CubeIDE/workspace_1.16.1/stm32g431_fw/Core/Src/driver/ili9341" -I"C:/Users/RND1/STM32CubeIDE/workspace_1.16.1/stm32g431_fw/Core/Src/driver/st7789" -I../Drivers/STM32G4xx_HAL_Driver/Inc -I../Drivers/STM32G4xx_HAL_Driver/Inc/Legacy -I../Drivers/CMSIS/Device/ST/STM32G4xx/Include -I../Drivers/CMSIS/Include -O0 -ffunction-sections -fdata-sections -Wall -fstack-usage -fcyclomatic-complexity -MMD -MP -MF"Drivers/STM32G4xx_HAL_Driver/Src/stm32g4xx_hal_uart_ex.d" -MT"Drivers/STM32G4xx_HAL_Driver/Src/stm32g4xx_hal_uart_ex.o" --specs=nano.specs -mfpu=fpv4-sp-d16 -mfloat-abi=hard -mthumb -o "Drivers/STM32G4xx_HAL_Driver/Src/stm32g4xx_hal_uart_ex.o"
arm-none-eabi-gcc -mcpu=cortex-m4 -g3 -DDEBUG -c -x assembler-with-cpp -MMD -MP -MF"Core/Startup/startup_stm32g431cbux.d" -MT"Core/Startup/startup_stm32g431cbux.o" --specs=nano.specs -mfpu=fpv4-sp-d16 -mfloat-abi=hard -mthumb -o "Core/Startup/startup_stm32g431cbux.o" "../Core/Startup/startup_stm32g431cbux.s"
arm-none-eabi-gcc "../Core/Src/driver/st7789/st7789.c" -mcpu=cortex-m4 -std=gnu11 -g3 -DDEBUG -DUSE_HAL_DRIVER -DSTM32G431xx -c -I../Core/Inc -I"C:/Users/RND1/STM32CubeIDE/workspace_1.16.1/stm32g431_fw/Core/Src/driver/ssd1306" -I"C:/Users/RND1/STM32CubeIDE/workspace_1.16.1/stm32g431_fw/Core/Src/driver/ili9341" -I"C:/Users/RND1/STM32CubeIDE/workspace_1.16.1/stm32g431_fw/Core/Src/driver/st7789" -I../Drivers/STM32G4xx_HAL_Driver/Inc -I../Drivers/STM32G4xx_HAL_Driver/Inc/Legacy -I../Drivers/CMSIS/Device/ST/STM32G4xx/Include -I../Drivers/CMSIS/Include -O0 -ffunction-sections -fdata-sections -Wall -fstack-usage -fcyclomatic-complexity -MMD -MP -MF"Core/Src/driver/st7789/st7789.d" -MT"Core/Src/driver/st7789/st7789.o" --specs=nano.specs -mfpu=fpv4-sp-d16 -mfloat-abi=hard -mthumb -o "Core/Src/driver/st7789/st7789.o"
arm-none-eabi-gcc "../Core/Src/driver/ssd1306/ssd1306.c" -mcpu=cortex-m4 -std=gnu11 -g3 -DDEBUG -DUSE_HAL_DRIVER -DSTM32G431xx -c -I../Core/Inc -I"C:/Users/RND1/STM32CubeIDE/workspace_1.16.1/stm32g431_fw/Core/Src/driver/ssd1306" -I"C:/Users/RND1/STM32CubeIDE/workspace_1.16.1/stm32g431_fw/Core/Src/driver/ili9341" -I"C:/Users/RND1/STM32CubeIDE/workspace_1.16.1/stm32g431_fw/Core/Src/driver/st7789" -I../Drivers/STM32G4xx_HAL_Driver/Inc -I../Drivers/STM32G4xx_HAL_Driver/Inc/Legacy -I../Drivers/CMSIS/Device/ST/STM32G4xx/Include -I../Drivers/CMSIS/Include -O0 -ffunction-sections -fdata-sections -Wall -fstack-usage -fcyclomatic-complexity -MMD -MP -MF"Core/Src/driver/ssd1306/ssd1306.d" -MT"Core/Src/driver/ssd1306/ssd1306.o" --specs=nano.specs -mfpu=fpv4-sp-d16 -mfloat-abi=hard -mthumb -o "Core/Src/driver/ssd1306/ssd1306.o"
arm-none-eabi-gcc "../Core/Src/driver/ssd1306/ssd1306_font.c" -mcpu=cortex-m4 -std=gnu11 -g3 -DDEBUG -DUSE_HAL_DRIVER -DSTM32G431xx -c -I../Core/Inc -I"C:/Users/RND1/STM32CubeIDE/workspace_1.16.1/stm32g431_fw/Core/Src/driver/ssd1306" -I"C:/Users/RND1/STM32CubeIDE/workspace_1.16.1/stm32g431_fw/Core/Src/driver/ili9341" -I"C:/Users/RND1/STM32CubeIDE/workspace_1.16.1/stm32g431_fw/Core/Src/driver/st7789" -I../Drivers/STM32G4xx_HAL_Driver/Inc -I../Drivers/STM32G4xx_HAL_Driver/Inc/Legacy -I../Drivers/CMSIS/Device/ST/STM32G4xx/Include -I../Drivers/CMSIS/Include -O0 -ffunction-sections -fdata-sections -Wall -fstack-usage -fcyclomatic-complexity -MMD -MP -MF"Core/Src/driver/ssd1306/ssd1306_font.d" -MT"Core/Src/driver/ssd1306/ssd1306_font.o" --specs=nano.specs -mfpu=fpv4-sp-d16 -mfloat-abi=hard -mthumb -o "Core/Src/driver/ssd1306/ssd1306_font.o"
arm-none-eabi-gcc "../Core/Src/driver/ili9341/ili9341_GFX.c" -mcpu=cortex-m4 -std=gnu11 -g3 -DDEBUG -DUSE_HAL_DRIVER -DSTM32G431xx -c -I../Core/Inc -I"C:/Users/RND1/STM32CubeIDE/workspace_1.16.1/stm32g431_fw/Core/Src/driver/ssd1306" -I"C:/Users/RND1/STM32CubeIDE/workspace_1.16.1/stm32g431_fw/Core/Src/driver/ili9341" -I"C:/Users/RND1/STM32CubeIDE/workspace_1.16.1/stm32g431_fw/Core/Src/driver/st7789" -I../Drivers/STM32G4xx_HAL_Driver/Inc -I../Drivers/STM32G4xx_HAL_Driver/Inc/Legacy -I../Drivers/CMSIS/Device/ST/STM32G4xx/Include -I../Drivers/CMSIS/Include -O0 -ffunction-sections -fdata-sections -Wall -fstack-usage -fcyclomatic-complexity -MMD -MP -MF"Core/Src/driver/ili9341/ili9341_GFX.d" -MT"Core/Src/driver/ili9341/ili9341_GFX.o" --specs=nano.specs -mfpu=fpv4-sp-d16 -mfloat-abi=hard -mthumb -o "Core/Src/driver/ili9341/ili9341_GFX.o"
arm-none-eabi-gcc "../Core/Src/driver/ili9341/ili9341_STM32_Driver.c" -mcpu=cortex-m4 -std=gnu11 -g3 -DDEBUG -DUSE_HAL_DRIVER -DSTM32G431xx -c -I../Core/Inc -I"C:/Users/RND1/STM32CubeIDE/workspace_1.16.1/stm32g431_fw/Core/Src/driver/ssd1306" -I"C:/Users/RND1/STM32CubeIDE/workspace_1.16.1/stm32g431_fw/Core/Src/driver/ili9341" -I"C:/Users/RND1/STM32CubeIDE/workspace_1.16.1/stm32g431_fw/Core/Src/driver/st7789" -I../Drivers/STM32G4xx_HAL_Driver/Inc -I../Drivers/STM32G4xx_HAL_Driver/Inc/Legacy -I../Drivers/CMSIS/Device/ST/STM32G4xx/Include -I../Drivers/CMSIS/Include -O0 -ffunction-sections -fdata-sections -Wall -fstack-usage -fcyclomatic-complexity -MMD -MP -MF"Core/Src/driver/ili9341/ili9341_STM32_Driver.d" -MT"Core/Src/driver/ili9341/ili9341_STM32_Driver.o" --specs=nano.specs -mfpu=fpv4-sp-d16 -mfloat-abi=hard -mthumb -o "Core/Src/driver/ili9341/ili9341_STM32_Driver.o"
arm-none-eabi-gcc "../Core/Src/gpio.c" -mcpu=cortex-m4 -std=gnu11 -g3 -DDEBUG -DUSE_HAL_DRIVER -DSTM32G431xx -c -I../Core/Inc -I"C:/Users/RND1/STM32CubeIDE/workspace_1.16.1/stm32g431_fw/Core/Src/driver/ssd1306" -I"C:/Users/RND1/STM32CubeIDE/workspace_1.16.1/stm32g431_fw/Core/Src/driver/ili9341" -I"C:/Users/RND1/STM32CubeIDE/workspace_1.16.1/stm32g431_fw/Core/Src/driver/st7789" -I../Drivers/STM32G4xx_HAL_Driver/Inc -I../Drivers/STM32G4xx_HAL_Driver/Inc/Legacy -I../Drivers/CMSIS/Device/ST/STM32G4xx/Include -I../Drivers/CMSIS/Include -O0 -ffunction-sections -fdata-sections -Wall -fstack-usage -fcyclomatic-complexity -MMD -MP -MF"Core/Src/gpio.d" -MT"Core/Src/gpio.o" --specs=nano.specs -mfpu=fpv4-sp-d16 -mfloat-abi=hard -mthumb -o "Core/Src/gpio.o"
arm-none-eabi-gcc "../Core/Src/i2c.c" -mcpu=cortex-m4 -std=gnu11 -g3 -DDEBUG -DUSE_HAL_DRIVER -DSTM32G431xx -c -I../Core/Inc -I"C:/Users/RND1/STM32CubeIDE/workspace_1.16.1/stm32g431_fw/Core/Src/driver/ssd1306" -I"C:/Users/RND1/STM32CubeIDE/workspace_1.16.1/stm32g431_fw/Core/Src/driver/ili9341" -I"C:/Users/RND1/STM32CubeIDE/workspace_1.16.1/stm32g431_fw/Core/Src/driver/st7789" -I../Drivers/STM32G4xx_HAL_Driver/Inc -I../Drivers/STM32G4xx_HAL_Driver/Inc/Legacy -I../Drivers/CMSIS/Device/ST/STM32G4xx/Include -I../Drivers/CMSIS/Include -O0 -ffunction-sections -fdata-sections -Wall -fstack-usage -fcyclomatic-complexity -MMD -MP -MF"Core/Src/i2c.d" -MT"Core/Src/i2c.o" --specs=nano.specs -mfpu=fpv4-sp-d16 -mfloat-abi=hard -mthumb -o "Core/Src/i2c.o"
../Core/Src/driver/ssd1306/ssd1306_font.c:415:31: warning: initialization discards 'const' qualifier from pointer target type [-Wdiscarded-qualifiers]
arm-none-eabi-gcc "../Core/Src/main.c" -mcpu=cortex-m4 -std=gnu11 -g3 -DDEBUG -DUSE_HAL_DRIVER -DSTM32G431xx -c -I../Core/Inc -I"C:/Users/RND1/STM32CubeIDE/workspace_1.16.1/stm32g431_fw/Core/Src/driver/ssd1306" -I"C:/Users/RND1/STM32CubeIDE/workspace_1.16.1/stm32g431_fw/Core/Src/driver/ili9341" -I"C:/Users/RND1/STM32CubeIDE/workspace_1.16.1/stm32g431_fw/Core/Src/driver/st7789" -I../Drivers/STM32G4xx_HAL_Driver/Inc -I../Drivers/STM32G4xx_HAL_Driver/Inc/Legacy -I../Drivers/CMSIS/Device/ST/STM32G4xx/Include -I../Drivers/CMSIS/Include -O0 -ffunction-sections -fdata-sections -Wall -fstack-usage -fcyclomatic-complexity -MMD -MP -MF"Core/Src/main.d" -MT"Core/Src/main.o" --specs=nano.specs -mfpu=fpv4-sp-d16 -mfloat-abi=hard -mthumb -o "Core/Src/main.o"
  415 | SSD1306_FONT font6x8 = {6, 8, font6x8_data};
      |                               ^~~~~~~~~~~~
../Core/Src/driver/ssd1306/ssd1306_font.c:419:33: warning: initialization discards 'const' qualifier from pointer target type [-Wdiscarded-qualifiers]
  419 | SSD1306_FONT font7x10 = {7, 10, font7x10_data};
      |                                 ^~~~~~~~~~~~~
../Core/Src/driver/ssd1306/ssd1306_font.c:423:35: warning: initialization discards 'const' qualifier from pointer target type [-Wdiscarded-qualifiers]
  423 | SSD1306_FONT font11x18 = {11, 18, font11x18_data};
      |                                   ^~~~~~~~~~~~~~
../Core/Src/driver/ssd1306/ssd1306_font.c:427:35: warning: initialization discards 'const' qualifier from pointer target type [-Wdiscarded-qualifiers]
  427 | SSD1306_FONT font16x26 = {16, 26, font16x26_data};
      |                                   ^~~~~~~~~~~~~~
arm-none-eabi-gcc "../Core/Src/spi.c" -mcpu=cortex-m4 -std=gnu11 -g3 -DDEBUG -DUSE_HAL_DRIVER -DSTM32G431xx -c -I../Core/Inc -I"C:/Users/RND1/STM32CubeIDE/workspace_1.16.1/stm32g431_fw/Core/Src/driver/ssd1306" -I"C:/Users/RND1/STM32CubeIDE/workspace_1.16.1/stm32g431_fw/Core/Src/driver/ili9341" -I"C:/Users/RND1/STM32CubeIDE/workspace_1.16.1/stm32g431_fw/Core/Src/driver/st7789" -I../Drivers/STM32G4xx_HAL_Driver/Inc -I../Drivers/STM32G4xx_HAL_Driver/Inc/Legacy -I../Drivers/CMSIS/Device/ST/STM32G4xx/Include -I../Drivers/CMSIS/Include -O0 -ffunction-sections -fdata-sections -Wall -fstack-usage -fcyclomatic-complexity -MMD -MP -MF"Core/Src/spi.d" -MT"Core/Src/spi.o" --specs=nano.specs -mfpu=fpv4-sp-d16 -mfloat-abi=hard -mthumb -o "Core/Src/spi.o"
arm-none-eabi-gcc "../Core/Src/stm32g4xx_hal_msp.c" -mcpu=cortex-m4 -std=gnu11 -g3 -DDEBUG -DUSE_HAL_DRIVER -DSTM32G431xx -c -I../Core/Inc -I"C:/Users/RND1/STM32CubeIDE/workspace_1.16.1/stm32g431_fw/Core/Src/driver/ssd1306" -I"C:/Users/RND1/STM32CubeIDE/workspace_1.16.1/stm32g431_fw/Core/Src/driver/ili9341" -I"C:/Users/RND1/STM32CubeIDE/workspace_1.16.1/stm32g431_fw/Core/Src/driver/st7789" -I../Drivers/STM32G4xx_HAL_Driver/Inc -I../Drivers/STM32G4xx_HAL_Driver/Inc/Legacy -I../Drivers/CMSIS/Device/ST/STM32G4xx/Include -I../Drivers/CMSIS/Include -O0 -ffunction-sections -fdata-sections -Wall -fstack-usage -fcyclomatic-complexity -MMD -MP -MF"Core/Src/stm32g4xx_hal_msp.d" -MT"Core/Src/stm32g4xx_hal_msp.o" --specs=nano.specs -mfpu=fpv4-sp-d16 -mfloat-abi=hard -mthumb -o "Core/Src/stm32g4xx_hal_msp.o"
arm-none-eabi-gcc "../Core/Src/stm32g4xx_it.c" -mcpu=cortex-m4 -std=gnu11 -g3 -DDEBUG -DUSE_HAL_DRIVER -DSTM32G431xx -c -I../Core/Inc -I"C:/Users/RND1/STM32CubeIDE/workspace_1.16.1/stm32g431_fw/Core/Src/driver/ssd1306" -I"C:/Users/RND1/STM32CubeIDE/workspace_1.16.1/stm32g431_fw/Core/Src/driver/ili9341" -I"C:/Users/RND1/STM32CubeIDE/workspace_1.16.1/stm32g431_fw/Core/Src/driver/st7789" -I../Drivers/STM32G4xx_HAL_Driver/Inc -I../Drivers/STM32G4xx_HAL_Driver/Inc/Legacy -I../Drivers/CMSIS/Device/ST/STM32G4xx/Include -I../Drivers/CMSIS/Include -O0 -ffunction-sections -fdata-sections -Wall -fstack-usage -fcyclomatic-complexity -MMD -MP -MF"Core/Src/stm32g4xx_it.d" -MT"Core/Src/stm32g4xx_it.o" --specs=nano.specs -mfpu=fpv4-sp-d16 -mfloat-abi=hard -mthumb -o "Core/Src/stm32g4xx_it.o"
arm-none-eabi-gcc "../Core/Src/syscalls.c" -mcpu=cortex-m4 -std=gnu11 -g3 -DDEBUG -DUSE_HAL_DRIVER -DSTM32G431xx -c -I../Core/Inc -I"C:/Users/RND1/STM32CubeIDE/workspace_1.16.1/stm32g431_fw/Core/Src/driver/ssd1306" -I"C:/Users/RND1/STM32CubeIDE/workspace_1.16.1/stm32g431_fw/Core/Src/driver/ili9341" -I"C:/Users/RND1/STM32CubeIDE/workspace_1.16.1/stm32g431_fw/Core/Src/driver/st7789" -I../Drivers/STM32G4xx_HAL_Driver/Inc -I../Drivers/STM32G4xx_HAL_Driver/Inc/Legacy -I../Drivers/CMSIS/Device/ST/STM32G4xx/Include -I../Drivers/CMSIS/Include -O0 -ffunction-sections -fdata-sections -Wall -fstack-usage -fcyclomatic-complexity -MMD -MP -MF"Core/Src/syscalls.d" -MT"Core/Src/syscalls.o" --specs=nano.specs -mfpu=fpv4-sp-d16 -mfloat-abi=hard -mthumb -o "Core/Src/syscalls.o"
arm-none-eabi-gcc "../Core/Src/sysmem.c" -mcpu=cortex-m4 -std=gnu11 -g3 -DDEBUG -DUSE_HAL_DRIVER -DSTM32G431xx -c -I../Core/Inc -I"C:/Users/RND1/STM32CubeIDE/workspace_1.16.1/stm32g431_fw/Core/Src/driver/ssd1306" -I"C:/Users/RND1/STM32CubeIDE/workspace_1.16.1/stm32g431_fw/Core/Src/driver/ili9341" -I"C:/Users/RND1/STM32CubeIDE/workspace_1.16.1/stm32g431_fw/Core/Src/driver/st7789" -I../Drivers/STM32G4xx_HAL_Driver/Inc -I../Drivers/STM32G4xx_HAL_Driver/Inc/Legacy -I../Drivers/CMSIS/Device/ST/STM32G4xx/Include -I../Drivers/CMSIS/Include -O0 -ffunction-sections -fdata-sections -Wall -fstack-usage -fcyclomatic-complexity -MMD -MP -MF"Core/Src/sysmem.d" -MT"Core/Src/sysmem.o" --specs=nano.specs -mfpu=fpv4-sp-d16 -mfloat-abi=hard -mthumb -o "Core/Src/sysmem.o"
arm-none-eabi-gcc "../Core/Src/system_stm32g4xx.c" -mcpu=cortex-m4 -std=gnu11 -g3 -DDEBUG -DUSE_HAL_DRIVER -DSTM32G431xx -c -I../Core/Inc -I"C:/Users/RND1/STM32CubeIDE/workspace_1.16.1/stm32g431_fw/Core/Src/driver/ssd1306" -I"C:/Users/RND1/STM32CubeIDE/workspace_1.16.1/stm32g431_fw/Core/Src/driver/ili9341" -I"C:/Users/RND1/STM32CubeIDE/workspace_1.16.1/stm32g431_fw/Core/Src/driver/st7789" -I../Drivers/STM32G4xx_HAL_Driver/Inc -I../Drivers/STM32G4xx_HAL_Driver/Inc/Legacy -I../Drivers/CMSIS/Device/ST/STM32G4xx/Include -I../Drivers/CMSIS/Include -O0 -ffunction-sections -fdata-sections -Wall -fstack-usage -fcyclomatic-complexity -MMD -MP -MF"Core/Src/system_stm32g4xx.d" -MT"Core/Src/system_stm32g4xx.o" --specs=nano.specs -mfpu=fpv4-sp-d16 -mfloat-abi=hard -mthumb -o "Core/Src/system_stm32g4xx.o"
arm-none-eabi-gcc "../Core/Src/usart.c" -mcpu=cortex-m4 -std=gnu11 -g3 -DDEBUG -DUSE_HAL_DRIVER -DSTM32G431xx -c -I../Core/Inc -I"C:/Users/RND1/STM32CubeIDE/workspace_1.16.1/stm32g431_fw/Core/Src/driver/ssd1306" -I"C:/Users/RND1/STM32CubeIDE/workspace_1.16.1/stm32g431_fw/Core/Src/driver/ili9341" -I"C:/Users/RND1/STM32CubeIDE/workspace_1.16.1/stm32g431_fw/Core/Src/driver/st7789" -I../Drivers/STM32G4xx_HAL_Driver/Inc -I../Drivers/STM32G4xx_HAL_Driver/Inc/Legacy -I../Drivers/CMSIS/Device/ST/STM32G4xx/Include -I../Drivers/CMSIS/Include -O0 -ffunction-sections -fdata-sections -Wall -fstack-usage -fcyclomatic-complexity -MMD -MP -MF"Core/Src/usart.d" -MT"Core/Src/usart.o" --specs=nano.specs -mfpu=fpv4-sp-d16 -mfloat-abi=hard -mthumb -o "Core/Src/usart.o"
arm-none-eabi-gcc -o "stm32g431_fw.elf" @"objects.list"   -mcpu=cortex-m4 -T"C:\Users\RND1\STM32CubeIDE\workspace_1.16.1\stm32g431_fw\STM32G431CBUX_FLASH.ld" --specs=nosys.specs -Wl,-Map="stm32g431_fw.map" -Wl,--gc-sections -static --specs=nano.specs -mfpu=fpv4-sp-d16 -mfloat-abi=hard -mthumb -Wl,--start-group -lc -lm -Wl,--end-group
Finished building target: stm32g431_fw.elf
 
arm-none-eabi-size  stm32g431_fw.elf 
arm-none-eabi-objdump -h -S stm32g431_fw.elf  > "stm32g431_fw.list"
   text	   data	    bss	    dec	    hex	filename
  15520	     12	   1908	  17440	   4420	stm32g431_fw.elf
Finished building: default.size.stdout
 
Finished building: stm32g431_fw.list
 
16:33:44 **** Incremental Build of configuration Debug for project stm32g431_fw ****
make -j16 all 
arm-none-eabi-size  stm32g431_fw.elf 
   text	   data	    bss	    dec	    hex	filename
  15520	     12	   1908	  17440	   4420	stm32g431_fw.elf
Finished building: default.size.stdout
 
