11:50:28 **** Build of configuration Debug for project ledex ****
make -j16 all 
arm-none-eabi-gcc -mcpu=cortex-m7 -g3 -DDEBUG -c -x assembler-with-cpp -MMD -MP -MF"Startup/startup_stm32h723zgtx.d" -MT"Startup/startup_stm32h723zgtx.o" --specs=nano.specs -mfpu=fpv5-d16 -mfloat-abi=hard -mthumb -o "Startup/startup_stm32h723zgtx.o" "../Startup/startup_stm32h723zgtx.s"
arm-none-eabi-gcc "../Src/main.c" -mcpu=cortex-m7 -std=gnu11 -g3 -c -I../Inc -I"C:/Users/RND1/STM32CubeIDE/workspace_1.16.1/ledex/Inc" -I"C:/Users/RND1/STM32CubeIDE/workspace_1.16.1/ledex/Startup" -I"C:/Users/RND1/STM32CubeIDE/workspace_1.16.1/ledex/Src" -O0 -ffunction-sections -fdata-sections -Wall -fstack-usage -fcyclomatic-complexity -MMD -MP -MF"Src/main.d" -MT"Src/main.o" --specs=nano.specs -mfpu=fpv5-d16 -mfloat-abi=hard -mthumb -o "Src/main.o"
arm-none-eabi-gcc "../Src/syscalls.c" -mcpu=cortex-m7 -std=gnu11 -g3 -c -I../Inc -I"C:/Users/RND1/STM32CubeIDE/workspace_1.16.1/ledex/Inc" -I"C:/Users/RND1/STM32CubeIDE/workspace_1.16.1/ledex/Startup" -I"C:/Users/RND1/STM32CubeIDE/workspace_1.16.1/ledex/Src" -O0 -ffunction-sections -fdata-sections -Wall -fstack-usage -fcyclomatic-complexity -MMD -MP -MF"Src/syscalls.d" -MT"Src/syscalls.o" --specs=nano.specs -mfpu=fpv5-d16 -mfloat-abi=hard -mthumb -o "Src/syscalls.o"
arm-none-eabi-gcc "../Src/sysmem.c" -mcpu=cortex-m7 -std=gnu11 -g3 -c -I../Inc -I"C:/Users/RND1/STM32CubeIDE/workspace_1.16.1/ledex/Inc" -I"C:/Users/RND1/STM32CubeIDE/workspace_1.16.1/ledex/Startup" -I"C:/Users/RND1/STM32CubeIDE/workspace_1.16.1/ledex/Src" -O0 -ffunction-sections -fdata-sections -Wall -fstack-usage -fcyclomatic-complexity -MMD -MP -MF"Src/sysmem.d" -MT"Src/sysmem.o" --specs=nano.specs -mfpu=fpv5-d16 -mfloat-abi=hard -mthumb -o "Src/sysmem.o"
../Src/main.c:22:4: warning: #warning "FPU is not initialized, but the project is compiling for an FPU. Please initialize the FPU before use." [-Wcpp]
   22 |   #warning "FPU is not initialized, but the project is compiling for an FPU. Please initialize the FPU before use."
      |    ^~~~~~~
arm-none-eabi-gcc -o "ledex.elf" @"objects.list"   -mcpu=cortex-m7 -T"C:\Users\RND1\STM32CubeIDE\workspace_1.16.1\ledex\STM32H723ZGTX_FLASH.ld" --specs=nosys.specs -Wl,-Map="ledex.map" -Wl,--gc-sections -static --specs=nano.specs -mfpu=fpv5-d16 -mfloat-abi=hard -mthumb -Wl,--start-group -lc -lm -Wl,--end-group
Finished building target: ledex.elf
 
arm-none-eabi-size  ledex.elf 
arm-none-eabi-objdump -h -S ledex.elf  > "ledex.list"
   text	   data	    bss	    dec	    hex	filename
    976	      0	   1568	   2544	    9f0	ledex.elf
Finished building: default.size.stdout
 
Finished building: ledex.list
 

11:50:29 Build Finished. 0 errors, 1 warnings. (took 902ms)

